199.36.240.17 - - [08/Feb/2013:00:00:26 +0700] "GET /data/images/imageForArticle/images653173_IMG_4081.jpg HTTP/1.1" 304 0 "-" "Mozilla/5.0 (compatible; YandexImages/3.0; +http://yandex.com/bots)"
199.36.240.17 - - [08/Feb/2013:00:01:18 +0700] "GET /webskins/plugins/TinySlideshow/thumbnails/4.jpg HTTP/1.1" 304 0 "-" "Mozilla/5.0 (compatible; YandexImages/3.0; +http://yandex.com/bots)"
199.36.240.17 - - [08/Feb/2013:00:18:08 +0700] "GET /data/images/imageForArticle/images648877_images447437_sinh-vien.jpg HTTP/1.1" 304 0 "-" "Mozilla/5.0 (compatible; YandexImages/3.0; +http://yandex.com/bots)"
199.36.240.17 - - [08/Feb/2013:00:33:33 +0700] "GET /data/images/thumb/images653793_image005.jpg HTTP/1.1" 304 0 "-" "Mozilla/5.0 (compatible; YandexImages/3.0; +http://yandex.com/bots)"
199.36.240.17 - - [08/Feb/2013:00:49:07 +0700] "GET /data/images/imageForArticle/images650050_Huychuong.jpg HTTP/1.1" 304 0 "-" "Mozilla/5.0 (compatible; YandexImages/3.0; +http://yandex.com/bots)"
199.36.240.17 - - [08/Feb/2013:01:02:05 +0700] "GET /data/images/thumb/images654676_anh1,quangngai,xaydungtruongchuanquocgia.jpg HTTP/1.1" 304 0 "-" "Mozilla/5.0 (compatible; YandexImages/3.0; +http://yandex.com/bots)"
199.36.240.17 - - [08/Feb/2013:01:04:31 +0700] "GET /data/images/imageForArticle/images649121_IMG_5132.jpg HTTP/1.1" 304 0 "-" "Mozilla/5.0 (compatible; YandexImages/3.0; +http://yandex.com/bots)"
173.199.120.171 - - [08/Feb/2013:01:11:13 +0700] "GET /?portal=mc_web&page=articleDetail&id=598 HTTP/1.1" 200 23650 "-" "Mozilla/5.0 (compatible; AhrefsBot/4.0; +http://ahrefs.com/robot/)"
199.36.240.17 - - [08/Feb/2013:01:19:44 +0700] "GET /data/images/thumb/images654114_1.jpg HTTP/1.1" 304 0 "-" "Mozilla/5.0 (compatible; YandexImages/3.0; +http://yandex.com/bots)"
199.36.240.17 - - [08/Feb/2013:01:38:18 +0700] "GET /data/images/thumb/images654450_1.jpg HTTP/1.1" 304 0 "-" "Mozilla/5.0 (compatible; YandexImages/3.0; +http://yandex.com/bots)"
180.76.5.12 - - [08/Feb/2013:01:43:37 +0700] "GET /?portal=mc_web&page=articleDetail&id=239 HTTP/1.1" 200 23951 "-" "Mozilla/5.0 (compatible; Baiduspider/2.0; +http://www.baidu.com/search/spider.html)"
199.36.240.17 - - [08/Feb/2013:01:56:21 +0700] "GET /data/images/thumb/images652101_IMG_3497.jpg HTTP/1.1" 304 0 "-" "Mozilla/5.0 (compatible; YandexImages/3.0; +http://yandex.com/bots)"
199.36.240.17 - - [08/Feb/2013:02:06:44 +0700] "GET /webskins/plugins/TinySlideshow/thumbnails/5.jpg HTTP/1.1" 304 0 "-" "Mozilla/5.0 (compatible; YandexImages/3.0; +http://yandex.com/bots)"
208.115.113.89 - - [08/Feb/2013:02:13:30 +0700] "GET /robots.txt HTTP/1.1" 404 274 "-" "Mozilla/5.0 (compatible; Ezooms/1.0; ezooms.bot@gmail.com)"
199.36.240.17 - - [08/Feb/2013:02:14:46 +0700] "GET /data/images/imageForArticle/images649865_images646130_images407213_IMG_7925.jpg HTTP/1.1" 304 0 "-" "Mozilla/5.0 (compatible; YandexImages/3.0; +http://yandex.com/bots)"
180.76.5.16 - - [08/Feb/2013:02:34:38 +0700] "GET /?portal=mc_web&page=DocDetail&id=126 HTTP/1.1" 200 23199 "-" "Mozilla/5.0 (compatible; Baiduspider/2.0; +http://www.baidu.com/search/spider.html)"
199.36.240.17 - - [08/Feb/2013:02:35:29 +0700] "GET /data/images/imageForArticle/images653170_1.jpg HTTP/1.1" 304 0 "-" "Mozilla/5.0 (compatible; YandexImages/3.0; +http://yandex.com/bots)"
199.36.240.17 - - [08/Feb/2013:02:54:36 +0700] "GET /data/images/imageForArticle/images653798_1.jpg HTTP/1.1" 304 0 "-" "Mozilla/5.0 (compatible; YandexImages/3.0; +http://yandex.com/bots)"
199.36.240.17 - - [08/Feb/2013:03:10:24 +0700] "GET /data/images/thumb/images654450_1.jpg HTTP/1.1" 304 0 "-" "Mozilla/5.0 (compatible; YandexImages/3.0; +http://yandex.com/bots)"
199.36.240.17 - - [08/Feb/2013:03:14:03 +0700] "GET /webskins/plugins/TinySlideshow/thumbnails/3.jpg HTTP/1.1" 304 0 "-" "Mozilla/5.0 (compatible; YandexImages/3.0; +http://yandex.com/bots)"
199.36.240.17 - - [08/Feb/2013:03:29:34 +0700] "GET /data/images/imageForArticle/images651193_2.jpg HTTP/1.1" 304 0 "-" "Mozilla/5.0 (compatible; YandexImages/3.0; +http://yandex.com/bots)"
199.36.240.17 - - [08/Feb/2013:03:47:28 +0700] "GET /data/images/imageForArticle/images651312_images647454_t408379.jpg HTTP/1.1" 304 0 "-" "Mozilla/5.0 (compatible; YandexImages/3.0; +http://yandex.com/bots)"
199.36.240.17 - - [08/Feb/2013:04:04:51 +0700] "GET /data/images/imageForArticle/images651314_2.jpg HTTP/1.1" 304 0 "-" "Mozilla/5.0 (compatible; YandexImages/3.0; +http://yandex.com/bots)"
199.36.240.17 - - [08/Feb/2013:04:25:06 +0700] "GET /data/images/imageForArticle/images648203_1.jpg HTTP/1.1" 304 0 "-" "Mozilla/5.0 (compatible; YandexImages/3.0; +http://yandex.com/bots)"
199.36.240.17 - - [08/Feb/2013:04:28:01 +0700] "GET /data/images/thumb/admin_1344704125.jpg HTTP/1.1" 304 0 "-" "Mozilla/5.0 (compatible; YandexImages/3.0; +http://yandex.com/bots)"
173.199.120.171 - - [08/Feb/2013:04:35:00 +0700] "GET /?portal=mc_web&page=DocOfClass&classID=12&cateID=3 HTTP/1.1" 200 17224 "-" "Mozilla/5.0 (compatible; AhrefsBot/4.0; +http://ahrefs.com/robot/)"
199.36.240.17 - - [08/Feb/2013:04:45:07 +0700] "GET /data/images/imageForArticle/images650249_3.jpg HTTP/1.1" 304 0 "-" "Mozilla/5.0 (compatible; YandexImages/3.0; +http://yandex.com/bots)"
199.36.240.17 - - [08/Feb/2013:05:02:36 +0700] "GET /data/images/imageForArticle/images649972_anh3,lemittinhvaraquan(1).jpg HTTP/1.1" 304 0 "-" "Mozilla/5.0 (compatible; YandexImages/3.0; +http://yandex.com/bots)"
180.76.5.17 - - [08/Feb/2013:05:02:48 +0700] "GET /?portal=mc_web&page=DocDetail&id=144 HTTP/1.1" 200 23199 "-" "Mozilla/5.0 (compatible; Baiduspider/2.0; +http://www.baidu.com/search/spider.html)"
199.36.240.17 - - [08/Feb/2013:05:20:32 +0700] "GET /data/images/imageForArticle/images648323_image002.jpg HTTP/1.1" 304 0 "-" "Mozilla/5.0 (compatible; YandexImages/3.0; +http://yandex.com/bots)"
199.36.240.17 - - [08/Feb/2013:05:38:56 +0700] "GET /data/images/imageForArticle/images651177_nss_1290064554.jpg HTTP/1.1" 304 0 "-" "Mozilla/5.0 (compatible; YandexImages/3.0; +http://yandex.com/bots)"
199.36.240.17 - - [08/Feb/2013:05:40:12 +0700] "GET /data/images/thumb/images653798_1.jpg HTTP/1.1" 304 0 "-" "Mozilla/5.0 (compatible; YandexImages/3.0; +http://yandex.com/bots)"
199.36.240.17 - - [08/Feb/2013:05:54:24 +0700] "GET /data/images/imageForArticle/images648317_image001.gif HTTP/1.1" 304 0 "-" "Mozilla/5.0 (compatible; YandexImages/3.0; +http://yandex.com/bots)"
208.115.113.89 - - [08/Feb/2013:06:07:46 +0700] "GET /robots.txt HTTP/1.1" 404 274 "-" "Mozilla/5.0 (compatible; Ezooms/1.0; ezooms.bot@gmail.com)"
208.115.113.89 - - [08/Feb/2013:06:07:46 +0700] "GET /robots.txt HTTP/1.1" 404 278 "-" "Mozilla/5.0 (compatible; Ezooms/1.0; ezooms.bot@gmail.com)"
199.36.240.17 - - [08/Feb/2013:06:12:48 +0700] "GET /data/images/imageForArticle/images653448_3.jpg HTTP/1.1" 304 0 "-" "Mozilla/5.0 (compatible; YandexImages/3.0; +http://yandex.com/bots)"
199.36.240.17 - - [08/Feb/2013:06:30:18 +0700] "GET /data/images/imageForArticle/images650321_IMG_02.jpg HTTP/1.1" 304 0 "-" "Mozilla/5.0 (compatible; YandexImages/3.0; +http://yandex.com/bots)"
199.36.240.17 - - [08/Feb/2013:06:47:45 +0700] "GET /data/images/imageForArticle/images651316_3.jpg HTTP/1.1" 304 0 "-" "Mozilla/5.0 (compatible; YandexImages/3.0; +http://yandex.com/bots)"
199.36.240.17 - - [08/Feb/2013:06:50:05 +0700] "GET /webskins/plugins/TinySlideshow/thumbnails/1.jpg HTTP/1.1" 304 0 "-" "Mozilla/5.0 (compatible; YandexImages/3.0; +http://yandex.com/bots)"
199.36.240.17 - - [08/Feb/2013:07:03:48 +0700] "GET /data/images/imageForArticle/images650718_Picture093.jpg HTTP/1.1" 304 0 "-" "Mozilla/5.0 (compatible; YandexImages/3.0; +http://yandex.com/bots)"
199.36.240.17 - - [08/Feb/2013:07:22:29 +0700] "GET /data/images/imageForArticle/images651210_ttga.jpg HTTP/1.1" 304 0 "-" "Mozilla/5.0 (compatible; YandexImages/3.0; +http://yandex.com/bots)"
180.76.5.180 - - [08/Feb/2013:07:24:03 +0700] "GET /?portal=mc_web&page=articleDetail&id=516 HTTP/1.1" 200 21796 "-" "Mozilla/5.0 (compatible; Baiduspider/2.0; +http://www.baidu.com/search/spider.html)"
199.36.240.17 - - [08/Feb/2013:07:43:24 +0700] "GET /data/images/imageForArticle/images650394_IMG_01.jpg HTTP/1.1" 304 0 "-" "Mozilla/5.0 (compatible; YandexImages/3.0; +http://yandex.com/bots)"
173.199.120.171 - - [08/Feb/2013:07:52:49 +0700] "GET /?portal=mc_web&page=NewDoc&page_no=2 HTTP/1.1" 200 22126 "-" "Mozilla/5.0 (compatible; AhrefsBot/4.0; +http://ahrefs.com/robot/)"
199.36.240.17 - - [08/Feb/2013:08:04:30 +0700] "GET /webskins/plugins/TinySlideshow/thumbnails/6.jpg HTTP/1.1" 304 0 "-" "Mozilla/5.0 (compatible; YandexImages/3.0; +http://yandex.com/bots)"
199.36.240.17 - - [08/Feb/2013:08:07:12 +0700] "GET /data/images/thumb/images654335_3hontre.jpg HTTP/1.1" 304 0 "-" "Mozilla/5.0 (compatible; YandexImages/3.0; +http://yandex.com/bots)"
208.115.111.73 - - [08/Feb/2013:08:10:01 +0700] "GET /robots.txt HTTP/1.1" 404 274 "-" "Mozilla/5.0 (compatible; Ezooms/1.0; ezooms.bot@gmail.com)"
208.115.111.73 - - [08/Feb/2013:08:10:01 +0700] "GET /robots.txt HTTP/1.1" 404 278 "-" "Mozilla/5.0 (compatible; Ezooms/1.0; ezooms.bot@gmail.com)"
180.76.6.35 - - [08/Feb/2013:08:12:45 +0700] "GET /?portal=mc_web&page=DocOfClass&classID=12&cateID=2 HTTP/1.1" 200 17612 "-" "Mozilla/5.0 (compatible; Baiduspider/2.0; +http://www.baidu.com/search/spider.html)"
199.36.240.17 - - [08/Feb/2013:08:30:18 +0700] "GET /data/images/imageForArticle/images651947_9.jpg HTTP/1.1" 304 0 "-" "Mozilla/5.0 (compatible; YandexImages/3.0; +http://yandex.com/bots)"
199.36.240.17 - - [08/Feb/2013:08:53:21 +0700] "GET /data/images/imageForArticle/images654120_1.jpg HTTP/1.1" 304 0 "-" "Mozilla/5.0 (compatible; YandexImages/3.0; +http://yandex.com/bots)"
199.36.240.17 - - [08/Feb/2013:09:15:28 +0700] "GET /data/images/imageForArticle/images648230_IMG_5167.jpg HTTP/1.1" 304 0 "-" "Mozilla/5.0 (compatible; YandexImages/3.0; +http://yandex.com/bots)"
118.70.248.17 - - [08/Feb/2013:09:19:07 +0700] "GET /data/images/thumb//images656664_y.jpg HTTP/1.1" 304 0 "-" "Mozilla/4.0 (compatible;)"
199.36.240.17 - - [08/Feb/2013:09:30:17 +0700] "GET /webskins/plugins/TinySlideshow/thumbnails/5.jpg HTTP/1.1" 304 0 "-" "Mozilla/5.0 (compatible; YandexImages/3.0; +http://yandex.com/bots)"
118.70.248.17 - - [08/Feb/2013:09:32:32 +0700] "GET / HTTP/1.1" 200 19486 "-" "Mozilla/5.0 (Windows NT 5.1; rv:18.0) Gecko/20100101 Firefox/18.0 AlexaToolbar/alxf-2.17"
118.70.248.17 - - [08/Feb/2013:09:32:33 +0700] "GET /webskins/skins/default/main/styles/common.css HTTP/1.1" 200 45652 "http://www.trungtamtoan.com/" "Mozilla/5.0 (Windows NT 5.1; rv:18.0) Gecko/20100101 Firefox/18.0 AlexaToolbar/alxf-2.17"
118.70.248.17 - - [08/Feb/2013:09:32:33 +0700] "GET /webskins/skins/platform/jquery.alerts/jquery.alerts.css HTTP/1.1" 200 1329 "http://www.trungtamtoan.com/" "Mozilla/5.0 (Windows NT 5.1; rv:18.0) Gecko/20100101 Firefox/18.0 AlexaToolbar/alxf-2.17"
118.70.248.17 - - [08/Feb/2013:09:32:33 +0700] "GET /modules/default/frontend/DefaultHeader.js HTTP/1.1" 200 581 "http://www.trungtamtoan.com/" "Mozilla/5.0 (Windows NT 5.1; rv:18.0) Gecko/20100101 Firefox/18.0 AlexaToolbar/alxf-2.17"
118.70.248.17 - - [08/Feb/2013:09:32:33 +0700] "GET /webskins/plugins/formValidator.2.2/css/validationEngine.jquery.css HTTP/1.1" 200 2320 "http://www.trungtamtoan.com/" "Mozilla/5.0 (Windows NT 5.1; rv:18.0) Gecko/20100101 Firefox/18.0 AlexaToolbar/alxf-2.17"
118.70.248.17 - - [08/Feb/2013:09:32:33 +0700] "GET /webskins/plugins/TinySlideshow/compressed.js HTTP/1.1" 200 4970 "http://www.trungtamtoan.com/" "Mozilla/5.0 (Windows NT 5.1; rv:18.0) Gecko/20100101 Firefox/18.0 AlexaToolbar/alxf-2.17"
118.70.248.17 - - [08/Feb/2013:09:32:33 +0700] "GET /webskins/plugins/TinySlideshow/style.css HTTP/1.1" 200 1622 "http://www.trungtamtoan.com/" "Mozilla/5.0 (Windows NT 5.1; rv:18.0) Gecko/20100101 Firefox/18.0 AlexaToolbar/alxf-2.17"
118.70.248.17 - - [08/Feb/2013:09:32:33 +0700] "GET /modules/mcweb/MCboard.js HTTP/1.1" 200 74 "http://www.trungtamtoan.com/" "Mozilla/5.0 (Windows NT 5.1; rv:18.0) Gecko/20100101 Firefox/18.0 AlexaToolbar/alxf-2.17"
118.70.248.17 - - [08/Feb/2013:09:32:33 +0700] "GET /data/avatar/mathlogo.gif HTTP/1.1" 200 7928 "http://www.trungtamtoan.com/" "Mozilla/5.0 (Windows NT 5.1; rv:18.0) Gecko/20100101 Firefox/18.0 AlexaToolbar/alxf-2.17"
118.70.248.17 - - [08/Feb/2013:09:32:33 +0700] "GET /data/avatar/new.gif HTTP/1.1" 200 2954 "http://www.trungtamtoan.com/" "Mozilla/5.0 (Windows NT 5.1; rv:18.0) Gecko/20100101 Firefox/18.0 AlexaToolbar/alxf-2.17"
118.70.248.17 - - [08/Feb/2013:09:32:33 +0700] "GET /webskins/plugins/TinySlideshow/thumbnails/3.jpg HTTP/1.1" 200 28442 "http://www.trungtamtoan.com/" "Mozilla/5.0 (Windows NT 5.1; rv:18.0) Gecko/20100101 Firefox/18.0 AlexaToolbar/alxf-2.17"
118.70.248.17 - - [08/Feb/2013:09:32:33 +0700] "GET /webskins/plugins/TinySlideshow/thumbnails/1.jpg HTTP/1.1" 200 7531 "http://www.trungtamtoan.com/" "Mozilla/5.0 (Windows NT 5.1; rv:18.0) Gecko/20100101 Firefox/18.0 AlexaToolbar/alxf-2.17"
118.70.248.17 - - [08/Feb/2013:09:32:33 +0700] "GET /webskins/plugins/TinySlideshow/thumbnails/6.jpg HTTP/1.1" 200 28405 "http://www.trungtamtoan.com/" "Mozilla/5.0 (Windows NT 5.1; rv:18.0) Gecko/20100101 Firefox/18.0 AlexaToolbar/alxf-2.17"
118.70.248.17 - - [08/Feb/2013:09:32:33 +0700] "GET /webskins/plugins/TinySlideshow/thumbnails/5.jpg HTTP/1.1" 200 8452 "http://www.trungtamtoan.com/" "Mozilla/5.0 (Windows NT 5.1; rv:18.0) Gecko/20100101 Firefox/18.0 AlexaToolbar/alxf-2.17"
118.70.248.17 - - [08/Feb/2013:09:32:33 +0700] "GET /data/images/thumb//admin_1344704125.jpg HTTP/1.1" 200 3737 "http://www.trungtamtoan.com/" "Mozilla/5.0 (Windows NT 5.1; rv:18.0) Gecko/20100101 Firefox/18.0 AlexaToolbar/alxf-2.17"
118.70.248.17 - - [08/Feb/2013:09:32:33 +0700] "GET /data/avatar/thumb/arrow_right.gif HTTP/1.1" 200 824 "http://www.trungtamtoan.com/" "Mozilla/5.0 (Windows NT 5.1; rv:18.0) Gecko/20100101 Firefox/18.0 AlexaToolbar/alxf-2.17"
118.70.248.17 - - [08/Feb/2013:09:32:33 +0700] "GET /data/images/thumb//images656682_IMG_02.jpg HTTP/1.1" 200 3139 "http://www.trungtamtoan.com/" "Mozilla/5.0 (Windows NT 5.1; rv:18.0) Gecko/20100101 Firefox/18.0 AlexaToolbar/alxf-2.17"
118.70.248.17 - - [08/Feb/2013:09:32:33 +0700] "GET /data/images/thumb//admin_1344704443.png HTTP/1.1" 200 2394 "http://www.trungtamtoan.com/" "Mozilla/5.0 (Windows NT 5.1; rv:18.0) Gecko/20100101 Firefox/18.0 AlexaToolbar/alxf-2.17"
118.70.248.17 - - [08/Feb/2013:09:32:33 +0700] "GET /data/images/promotion/khamphabian.png HTTP/1.1" 200 12131 "http://www.trungtamtoan.com/" "Mozilla/5.0 (Windows NT 5.1; rv:18.0) Gecko/20100101 Firefox/18.0 AlexaToolbar/alxf-2.17"
118.70.248.17 - - [08/Feb/2013:09:32:33 +0700] "GET /data/images/thumb//admin_1346932141.jpg HTTP/1.1" 200 4793 "http://www.trungtamtoan.com/" "Mozilla/5.0 (Windows NT 5.1; rv:18.0) Gecko/20100101 Firefox/18.0 AlexaToolbar/alxf-2.17"
118.70.248.17 - - [08/Feb/2013:09:32:33 +0700] "GET /data/images/thumb//admin_1344779425.gif HTTP/1.1" 200 2595 "http://www.trungtamtoan.com/" "Mozilla/5.0 (Windows NT 5.1; rv:18.0) Gecko/20100101 Firefox/18.0 AlexaToolbar/alxf-2.17"
118.70.248.17 - - [08/Feb/2013:09:32:33 +0700] "GET /data/images/thumb//admin_1344779656.jpg HTTP/1.1" 200 4316 "http://www.trungtamtoan.com/" "Mozilla/5.0 (Windows NT 5.1; rv:18.0) Gecko/20100101 Firefox/18.0 AlexaToolbar/alxf-2.17"
118.70.248.17 - - [08/Feb/2013:09:32:33 +0700] "GET /webskins/js/jquery.alerts.js HTTP/1.1" 200 6875 "http://www.trungtamtoan.com/" "Mozilla/5.0 (Windows NT 5.1; rv:18.0) Gecko/20100101 Firefox/18.0 AlexaToolbar/alxf-2.17"
118.70.248.17 - - [08/Feb/2013:09:32:33 +0700] "GET /data/images/thumb//admin_1344779539.jpg HTTP/1.1" 200 3272 "http://www.trungtamtoan.com/" "Mozilla/5.0 (Windows NT 5.1; rv:18.0) Gecko/20100101 Firefox/18.0 AlexaToolbar/alxf-2.17"
118.70.248.17 - - [08/Feb/2013:09:32:33 +0700] "GET /webskins/plugins/formValidator.2.2/js/languages/jquery.validationEngine-vi2.js HTTP/1.1" 200 8408 "http://www.trungtamtoan.com/" "Mozilla/5.0 (Windows NT 5.1; rv:18.0) Gecko/20100101 Firefox/18.0 AlexaToolbar/alxf-2.17"
118.70.248.17 - - [08/Feb/2013:09:32:33 +0700] "GET /webskins/js/jquery-1.7.2.js HTTP/1.1" 200 252881 "http://www.trungtamtoan.com/" "Mozilla/5.0 (Windows NT 5.1; rv:18.0) Gecko/20100101 Firefox/18.0 AlexaToolbar/alxf-2.17"
118.70.248.17 - - [08/Feb/2013:09:32:33 +0700] "GET /webskins/plugins/formValidator.2.2/js/jquery.validationEngine.js HTTP/1.1" 200 48957 "http://www.trungtamtoan.com/" "Mozilla/5.0 (Windows NT 5.1; rv:18.0) Gecko/20100101 Firefox/18.0 AlexaToolbar/alxf-2.17"
118.70.248.17 - - [08/Feb/2013:09:32:33 +0700] "GET /webskins/skins/default/main/images/box-btm.png HTTP/1.1" 200 941 "http://www.trungtamtoan.com/webskins/skins/default/main/styles/common.css" "Mozilla/5.0 (Windows NT 5.1; rv:18.0) Gecko/20100101 Firefox/18.0 AlexaToolbar/alxf-2.17"
118.70.248.17 - - [08/Feb/2013:09:32:33 +0700] "GET /webskins/skins/default/main/images/arrow_right.gif HTTP/1.1" 200 824 "http://www.trungtamtoan.com/webskins/skins/default/main/styles/common.css" "Mozilla/5.0 (Windows NT 5.1; rv:18.0) Gecko/20100101 Firefox/18.0 AlexaToolbar/alxf-2.17"
118.70.248.17 - - [08/Feb/2013:09:32:33 +0700] "GET /webskins/skins/default/main/images/sidebar.png HTTP/1.1" 200 989 "http://www.trungtamtoan.com/webskins/skins/default/main/styles/common.css" "Mozilla/5.0 (Windows NT 5.1; rv:18.0) Gecko/20100101 Firefox/18.0 AlexaToolbar/alxf-2.17"
118.70.248.17 - - [08/Feb/2013:09:32:33 +0700] "GET /webskins/skins/system/images/favicon.ico HTTP/1.1" 200 3971 "-" "Mozilla/5.0 (Windows NT 5.1; rv:18.0) Gecko/20100101 Firefox/18.0 AlexaToolbar/alxf-2.17"
118.70.248.17 - - [08/Feb/2013:09:32:33 +0700] "GET /webskins/plugins/TinySlideshow/images/scroll-right.gif HTTP/1.1" 200 84 "http://www.trungtamtoan.com/webskins/plugins/TinySlideshow/style.css" "Mozilla/5.0 (Windows NT 5.1; rv:18.0) Gecko/20100101 Firefox/18.0 AlexaToolbar/alxf-2.17"
118.70.248.17 - - [08/Feb/2013:09:32:33 +0700] "GET /webskins/plugins/TinySlideshow/images/scroll-left.gif HTTP/1.1" 200 81 "http://www.trungtamtoan.com/webskins/plugins/TinySlideshow/style.css" "Mozilla/5.0 (Windows NT 5.1; rv:18.0) Gecko/20100101 Firefox/18.0 AlexaToolbar/alxf-2.17"
118.70.248.17 - - [08/Feb/2013:09:32:33 +0700] "GET /webskins/plugins/TinySlideshow/images/left.gif HTTP/1.1" 200 167 "http://www.trungtamtoan.com/webskins/plugins/TinySlideshow/style.css" "Mozilla/5.0 (Windows NT 5.1; rv:18.0) Gecko/20100101 Firefox/18.0 AlexaToolbar/alxf-2.17"
118.70.248.17 - - [08/Feb/2013:09:32:33 +0700] "GET /webskins/plugins/TinySlideshow/images/right.gif HTTP/1.1" 200 166 "http://www.trungtamtoan.com/webskins/plugins/TinySlideshow/style.css" "Mozilla/5.0 (Windows NT 5.1; rv:18.0) Gecko/20100101 Firefox/18.0 AlexaToolbar/alxf-2.17"
118.70.248.17 - - [08/Feb/2013:09:32:33 +0700] "GET /webskins/skins/default/main/images/bg-footer.jpg HTTP/1.1" 200 8781 "http://www.trungtamtoan.com/webskins/skins/default/main/styles/common.css" "Mozilla/5.0 (Windows NT 5.1; rv:18.0) Gecko/20100101 Firefox/18.0 AlexaToolbar/alxf-2.17"
118.70.248.17 - - [08/Feb/2013:09:32:38 +0700] "GET /webskins/plugins/TinySlideshow/photos/2.jpg HTTP/1.1" 200 132630 "http://www.trungtamtoan.com/" "Mozilla/5.0 (Windows NT 5.1; rv:18.0) Gecko/20100101 Firefox/18.0 AlexaToolbar/alxf-2.17"
118.70.248.17 - - [08/Feb/2013:09:32:43 +0700] "GET /webskins/plugins/TinySlideshow/photos/3.jpg HTTP/1.1" 200 170176 "http://www.trungtamtoan.com/" "Mozilla/5.0 (Windows NT 5.1; rv:18.0) Gecko/20100101 Firefox/18.0 AlexaToolbar/alxf-2.17"
118.70.248.17 - - [08/Feb/2013:09:32:48 +0700] "GET /webskins/plugins/TinySlideshow/photos/4.jpg HTTP/1.1" 200 141622 "http://www.trungtamtoan.com/" "Mozilla/5.0 (Windows NT 5.1; rv:18.0) Gecko/20100101 Firefox/18.0 AlexaToolbar/alxf-2.17"
118.70.248.17 - - [08/Feb/2013:09:32:53 +0700] "GET /webskins/plugins/TinySlideshow/photos/5.jpg HTTP/1.1" 200 159357 "http://www.trungtamtoan.com/" "Mozilla/5.0 (Windows NT 5.1; rv:18.0) Gecko/20100101 Firefox/18.0 AlexaToolbar/alxf-2.17"
118.70.248.17 - - [08/Feb/2013:09:32:59 +0700] "GET /webskins/plugins/TinySlideshow/photos/6.jpg HTTP/1.1" 200 176947 "http://www.trungtamtoan.com/" "Mozilla/5.0 (Windows NT 5.1; rv:18.0) Gecko/20100101 Firefox/18.0 AlexaToolbar/alxf-2.17"
199.36.240.17 - - [08/Feb/2013:09:33:50 +0700] "GET /data/images/imageForArticle/images648204_2.jpg HTTP/1.1" 304 0 "-" "Mozilla/5.0 (compatible; YandexImages/3.0; +http://yandex.com/bots)"
118.70.248.17 - - [08/Feb/2013:09:42:56 +0700] "GET /webskins/plugins/TinySlideshow/images/link.gif HTTP/1.1" 200 234 "http://www.trungtamtoan.com/webskins/plugins/TinySlideshow/style.css" "Mozilla/5.0 (Windows NT 5.1; rv:18.0) Gecko/20100101 Firefox/18.0 AlexaToolbar/alxf-2.17"
118.70.248.17 - - [08/Feb/2013:09:42:58 +0700] "POST / HTTP/1.1" 200 19443 "http://www.trungtamtoan.com/" "Mozilla/5.0 (Windows NT 5.1; rv:18.0) Gecko/20100101 Firefox/18.0 AlexaToolbar/alxf-2.17"
118.70.248.17 - - [08/Feb/2013:09:42:59 +0700] "GET /data/avatar/thumb/64_1344482721.jpg HTTP/1.1" 200 29510 "http://www.trungtamtoan.com/" "Mozilla/5.0 (Windows NT 5.1; rv:18.0) Gecko/20100101 Firefox/18.0 AlexaToolbar/alxf-2.17"
118.70.248.17 - - [08/Feb/2013:09:43:00 +0700] "GET /?portal=mc_web&page=profile&id=64 HTTP/1.1" 200 29833 "http://www.trungtamtoan.com/" "Mozilla/5.0 (Windows NT 5.1; rv:18.0) Gecko/20100101 Firefox/18.0 AlexaToolbar/alxf-2.17"
118.70.248.17 - - [08/Feb/2013:09:43:01 +0700] "GET /modules/mcweb/MCprofileTeacher.js HTTP/1.1" 200 322 "http://www.trungtamtoan.com/?portal=mc_web&page=profile&id=64" "Mozilla/5.0 (Windows NT 5.1; rv:18.0) Gecko/20100101 Firefox/18.0 AlexaToolbar/alxf-2.17"
199.36.240.17 - - [08/Feb/2013:09:57:46 +0700] "GET /data/images/imageForArticle/images650979_Bang-xep-hang-1.jpg HTTP/1.1" 304 0 "-" "Mozilla/5.0 (compatible; YandexImages/3.0; +http://yandex.com/bots)"
208.115.111.73 - - [08/Feb/2013:10:00:13 +0700] "GET /?portal=mc_web&page=DocOfClass&classID=4&cateID=2 HTTP/1.1" 200 17224 "-" "Mozilla/5.0 (compatible; Ezooms/1.0; ezooms.bot@gmail.com)"
208.115.111.73 - - [08/Feb/2013:10:00:27 +0700] "GET /?portal=mc_web&page=DocOfClass&classID=6&cateID=1 HTTP/1.1" 200 17224 "-" "Mozilla/5.0 (compatible; Ezooms/1.0; ezooms.bot@gmail.com)"
208.115.111.73 - - [08/Feb/2013:10:01:02 +0700] "GET /?portal=mc_web&page=resetPassword HTTP/1.1" 200 16017 "-" "Mozilla/5.0 (compatible; Ezooms/1.0; ezooms.bot@gmail.com)"
208.115.111.73 - - [08/Feb/2013:10:01:04 +0700] "GET /?portal=mc_web&page=DocDetail&id=113 HTTP/1.1" 200 23190 "-" "Mozilla/5.0 (compatible; Ezooms/1.0; ezooms.bot@gmail.com)"
199.36.240.17 - - [08/Feb/2013:10:21:32 +0700] "GET /data/images/imageForArticle/images648877_images447437_sinh-vien.jpg HTTP/1.1" 304 0 "-" "Mozilla/5.0 (compatible; YandexImages/3.0; +http://yandex.com/bots)"
180.76.5.94 - - [08/Feb/2013:10:33:31 +0700] "GET /?portal=mc_web&page=articleDetail&id=310 HTTP/1.1" 200 23819 "-" "Mozilla/5.0 (compatible; Baiduspider/2.0; +http://www.baidu.com/search/spider.html)"
157.55.32.62 - - [08/Feb/2013:10:47:42 +0700] "GET /robots.txt HTTP/1.1" 404 274 "-" "Mozilla/5.0 (compatible; bingbot/2.0; +http://www.bing.com/bingbot.htm)"
157.55.32.62 - - [08/Feb/2013:10:51:44 +0700] "GET / HTTP/1.1" 200 19278 "-" "Mozilla/5.0 (compatible; bingbot/2.0; +http://www.bing.com/bingbot.htm)"
118.70.248.17 - - [08/Feb/2013:11:13:08 +0700] "GET /data/images/thumb//images656679_TT-Bo-GDDT.jpg HTTP/1.1" 304 0 "-" "Mozilla/4.0 (compatible;)"
180.76.5.184 - - [08/Feb/2013:13:42:05 +0700] "GET /?portal=mc_web&page=articleDetail&id=311 HTTP/1.1" 200 67808 "-" "Mozilla/5.0 (compatible; Baiduspider/2.0; +http://www.baidu.com/search/spider.html)"
180.76.5.178 - - [08/Feb/2013:14:53:25 +0700] "GET /robots.txt HTTP/1.1" 404 274 "-" "Mozilla/5.0 (Windows NT 5.1; rv:6.0.2) Gecko/20100101 Firefox/6.0.2"
199.36.240.17 - - [08/Feb/2013:16:23:28 +0700] "GET /data/images/thumb/images654656_IMG_5467_resize.jpg HTTP/1.1" 304 0 "-" "Mozilla/5.0 (compatible; YandexImages/3.0; +http://yandex.com/bots)"
199.36.240.17 - - [08/Feb/2013:16:24:01 +0700] "GET /data/images/imageForArticle/images648067_H_ctroM__khiengn__cv_n_uc_mchi_u.jpg HTTP/1.1" 304 0 "-" "Mozilla/5.0 (compatible; YandexImages/3.0; +http://yandex.com/bots)"
37.140.141.10 - - [08/Feb/2013:16:35:32 +0700] "GET /data/images/thumb/images653918_SDC14892.jpg HTTP/1.1" 304 0 "-" "Mozilla/5.0 (compatible; YandexImages/3.0; +http://yandex.com/bots)"
37.140.141.10 - - [08/Feb/2013:16:38:47 +0700] "GET /data/images/imageForArticle/images649972_anh3,lemittinhvaraquan(1).jpg HTTP/1.1" 304 0 "-" "Mozilla/5.0 (compatible; YandexImages/3.0; +http://yandex.com/bots)"
180.76.5.64 - - [08/Feb/2013:16:44:22 +0700] "GET /?portal=mc_web&page=DocOfClass&classID=16&cateID=3 HTTP/1.1" 200 17224 "-" "Mozilla/5.0 (compatible; Baiduspider/2.0; +http://www.baidu.com/search/spider.html)"
173.199.120.171 - - [08/Feb/2013:16:46:16 +0700] "GET /?portal=mc_web&page=articleDetail&id=630 HTTP/1.1" 200 36750 "-" "Mozilla/5.0 (compatible; AhrefsBot/4.0; +http://ahrefs.com/robot/)"
173.199.120.171 - - [08/Feb/2013:16:48:58 +0700] "GET /?portal=mc_web&page=DocDetail&id=141 HTTP/1.1" 200 22745 "-" "Mozilla/5.0 (compatible; AhrefsBot/4.0; +http://ahrefs.com/robot/)"
199.36.240.17 - - [08/Feb/2013:16:49:46 +0700] "GET /data/images/thumb/images653174_image001.jpg HTTP/1.1" 304 0 "-" "Mozilla/5.0 (compatible; YandexImages/3.0; +http://yandex.com/bots)"
173.199.120.171 - - [08/Feb/2013:16:52:10 +0700] "GET /?portal=mc_web&page=DocDetail&id=155 HTTP/1.1" 200 22279 "-" "Mozilla/5.0 (compatible; AhrefsBot/4.0; +http://ahrefs.com/robot/)"
173.199.120.171 - - [08/Feb/2013:17:07:05 +0700] "GET /?portal=mc_web&page=articleDetail&id=628 HTTP/1.1" 200 26111 "-" "Mozilla/5.0 (compatible; AhrefsBot/4.0; +http://ahrefs.com/robot/)"
199.36.240.17 - - [08/Feb/2013:17:14:36 +0700] "GET /data/images/imageForArticle/images650350_DSC_2235.jpg HTTP/1.1" 304 0 "-" "Mozilla/5.0 (compatible; YandexImages/3.0; +http://yandex.com/bots)"
199.36.240.17 - - [08/Feb/2013:17:42:46 +0700] "GET /data/images/imageForArticle/images648231_02.jpg HTTP/1.1" 304 0 "-" "Mozilla/5.0 (compatible; YandexImages/3.0; +http://yandex.com/bots)"
178.33.142.62 - - [08/Feb/2013:17:47:55 +0700] "GET / HTTP/1.1" 200 19278 "-" "Opera/9.80 (X11; Linux x86_64; U; en) Presto/2.9.168 Version/11.50"
173.199.120.171 - - [08/Feb/2013:18:03:23 +0700] "GET /?portal=mc_web&page=articleDetail&id=612 HTTP/1.1" 200 31846 "-" "Mozilla/5.0 (compatible; AhrefsBot/4.0; +http://ahrefs.com/robot/)"
208.115.113.89 - - [08/Feb/2013:18:11:24 +0700] "GET /robots.txt HTTP/1.1" 404 274 "-" "Mozilla/5.0 (compatible; Ezooms/1.0; ezooms.bot@gmail.com)"
208.115.113.89 - - [08/Feb/2013:18:11:24 +0700] "GET /robots.txt HTTP/1.1" 404 278 "-" "Mozilla/5.0 (compatible; Ezooms/1.0; ezooms.bot@gmail.com)"
199.36.240.17 - - [08/Feb/2013:18:15:15 +0700] "GET /robots.txt HTTP/1.1" 404 278 "-" "Mozilla/5.0 (compatible; YandexImages/3.0; +http://yandex.com/bots)"
173.199.120.171 - - [08/Feb/2013:18:15:34 +0700] "GET /?portal=mc_web&page=DocOfClass&classID=13&cateID=1 HTTP/1.1" 200 17224 "-" "Mozilla/5.0 (compatible; AhrefsBot/4.0; +http://ahrefs.com/robot/)"
199.36.240.17 - - [08/Feb/2013:18:20:18 +0700] "GET /robots.txt HTTP/1.1" 404 274 "-" "Mozilla/5.0 (compatible; YandexImages/3.0; +http://yandex.com/bots)"
37.140.141.10 - - [08/Feb/2013:18:44:59 +0700] "GET /?portal=mc_web&page=listTeacher HTTP/1.1" 200 16555 "-" "Mozilla/5.0 (compatible; YandexBot/3.0; +http://yandex.com/bots)"
199.36.240.17 - - [08/Feb/2013:19:00:47 +0700] "GET /data/images/imageForArticle/images650697_91edatduocmuctieudoimoigiaoducDH.jpg HTTP/1.1" 304 0 "-" "Mozilla/5.0 (compatible; YandexImages/3.0; +http://yandex.com/bots)"
199.36.240.17 - - [08/Feb/2013:19:38:41 +0700] "GET /data/images/thumb/images653793_image005.jpg HTTP/1.1" 304 0 "-" "Mozilla/5.0 (compatible; YandexImages/3.0; +http://yandex.com/bots)"
199.36.240.17 - - [08/Feb/2013:20:14:09 +0700] "GET /data/images/imageForArticle/images648135_IMG_2223.jpg HTTP/1.1" 304 0 "-" "Mozilla/5.0 (compatible; YandexImages/3.0; +http://yandex.com/bots)"
180.76.5.169 - - [08/Feb/2013:20:27:38 +0700] "GET /?portal=mc_web&page=DocOfClass&classID=17&cateID=4&page_no=3 HTTP/1.1" 200 22378 "-" "Mozilla/5.0 (compatible; Baiduspider/2.0; +http://www.baidu.com/search/spider.html)"
199.36.240.17 - - [08/Feb/2013:20:32:34 +0700] "GET /webskins/plugins/TinySlideshow/thumbnails/2.jpg HTTP/1.1" 304 0 "-" "Mozilla/5.0 (compatible; YandexImages/3.0; +http://yandex.com/bots)"
199.36.240.17 - - [08/Feb/2013:20:48:01 +0700] "GET /data/images/imageForArticle/images648082_tt4141_1.jpg HTTP/1.1" 304 0 "-" "Mozilla/5.0 (compatible; YandexImages/3.0; +http://yandex.com/bots)"
199.36.240.17 - - [08/Feb/2013:21:27:36 +0700] "GET /data/images/imageForArticle/images654450_1.jpg HTTP/1.1" 304 0 "-" "Mozilla/5.0 (compatible; YandexImages/3.0; +http://yandex.com/bots)"
199.36.240.17 - - [08/Feb/2013:22:02:17 +0700] "GET /data/images/thumb/images653457_untitled.jpg HTTP/1.1" 304 0 "-" "Mozilla/5.0 (compatible; YandexImages/3.0; +http://yandex.com/bots)"
208.115.111.73 - - [08/Feb/2013:22:03:55 +0700] "GET /?portal=mc_web&page=DocOfClass&classID=20&cateID=1 HTTP/1.1" 200 17224 "-" "Mozilla/5.0 (compatible; Ezooms/1.0; ezooms.bot@gmail.com)"
208.115.111.73 - - [08/Feb/2013:22:05:45 +0700] "GET /?portal=mc_web&page=DocOfClass&classID=17&cateID=3 HTTP/1.1" 200 17612 "-" "Mozilla/5.0 (compatible; Ezooms/1.0; ezooms.bot@gmail.com)"
208.115.113.89 - - [08/Feb/2013:22:10:50 +0700] "GET /robots.txt HTTP/1.1" 404 278 "-" "Mozilla/5.0 (compatible; Ezooms/1.0; ezooms.bot@gmail.com)"
199.36.240.17 - - [08/Feb/2013:22:34:36 +0700] "GET /data/images/imageForArticle/images648213_2.jpg HTTP/1.1" 304 0 "-" "Mozilla/5.0 (compatible; YandexImages/3.0; +http://yandex.com/bots)"
118.70.248.17 - - [08/Feb/2013:22:38:53 +0700] "GET /data/images/thumb//images656664_y.jpg HTTP/1.1" 304 0 "-" "Mozilla/4.0 (compatible;)"
199.36.240.17 - - [08/Feb/2013:22:51:32 +0700] "GET /webskins/plugins/TinySlideshow/thumbnails/4.jpg HTTP/1.1" 304 0 "-" "Mozilla/5.0 (compatible; YandexImages/3.0; +http://yandex.com/bots)"
173.199.120.171 - - [08/Feb/2013:22:53:23 +0700] "GET /?portal=mc_web&page=DocOfClass&classID=1&cateID=3 HTTP/1.1" 200 17224 "-" "Mozilla/5.0 (compatible; AhrefsBot/4.0; +http://ahrefs.com/robot/)"
157.55.32.62 - - [08/Feb/2013:22:59:07 +0700] "GET /robots.txt HTTP/1.1" 404 274 "-" "Mozilla/5.0 (compatible; bingbot/2.0; +http://www.bing.com/bingbot.htm)"
157.55.32.62 - - [08/Feb/2013:23:01:11 +0700] "GET / HTTP/1.1" 200 19278 "-" "Mozilla/5.0 (compatible; bingbot/2.0; +http://www.bing.com/bingbot.htm)"
173.199.120.171 - - [08/Feb/2013:23:01:18 +0700] "GET /?portal=mc_web&page=DocDetail&id=143 HTTP/1.1" 200 22745 "-" "Mozilla/5.0 (compatible; AhrefsBot/4.0; +http://ahrefs.com/robot/)"
199.36.240.17 - - [08/Feb/2013:23:05:45 +0700] "GET /data/images/thumb/images654132_image003.jpg HTTP/1.1" 304 0 "-" "Mozilla/5.0 (compatible; YandexImages/3.0; +http://yandex.com/bots)"
37.140.141.10 - - [08/Feb/2013:23:08:29 +0700] "GET /?portal=mc_web&page=articleDetail&id=640 HTTP/1.1" 200 35345 "-" "Mozilla/5.0 (compatible; YandexBot/3.0; +http://yandex.com/bots)"
199.36.240.17 - - [08/Feb/2013:23:39:13 +0700] "GET /data/images/thumb/images654656_IMG_5467_resize.jpg HTTP/1.1" 304 0 "-" "Mozilla/5.0 (compatible; YandexImages/3.0; +http://yandex.com/bots)"
180.76.5.18 - - [08/Feb/2013:23:42:10 +0700] "GET /?portal=mc_web&page=Download&name=20120922/admin_1348309749.pdf HTTP/1.1" 200 195522 "-" "Mozilla/5.0 (compatible; Baiduspider/2.0; +http://www.baidu.com/search/spider.html)"
173.199.120.171 - - [08/Feb/2013:23:52:30 +0700] "GET /?portal=mc_web&page=DocOfClass&classID=1&cateID=1 HTTP/1.1" 200 17224 "-" "Mozilla/5.0 (compatible; AhrefsBot/4.0; +http://ahrefs.com/robot/)"
180.76.5.54 - - [08/Feb/2013:23:56:41 +0700] "GET /?portal=mc_web&page=DocOfClass&classID=17&cateID=4&page_no=4 HTTP/1.1" 200 19118 "-" "Mozilla/5.0 (compatible; Baiduspider/2.0; +http://www.baidu.com/search/spider.html)"
