66.249.77.12 - - [11/Feb/2013:01:11:15 +0700] "GET /robots.txt HTTP/1.1" 404 274 "-" "Mozilla/5.0 (compatible; Googlebot/2.1; +http://www.google.com/bot.html)"
66.249.77.12 - - [11/Feb/2013:01:11:15 +0700] "GET /data/images/imageForArticle/images650237_image001.jpg HTTP/1.1" 304 0 "-" "Googlebot-Image/1.0"
208.115.111.73 - - [11/Feb/2013:02:01:39 +0700] "GET /?portal=mc_web&page=DocOfClass&classID=4&cateID=3 HTTP/1.1" 200 17612 "-" "Mozilla/5.0 (compatible; Ezooms/1.0; ezooms.bot@gmail.com)"
208.115.111.73 - - [11/Feb/2013:02:01:46 +0700] "GET /?portal=mc_web&page=articleDetail&id=611 HTTP/1.1" 200 24157 "-" "Mozilla/5.0 (compatible; Ezooms/1.0; ezooms.bot@gmail.com)"
208.115.111.73 - - [11/Feb/2013:02:01:55 +0700] "GET /?portal=mc_web&page=DocOfClass&classID=1&cateID=2 HTTP/1.1" 200 17224 "-" "Mozilla/5.0 (compatible; Ezooms/1.0; ezooms.bot@gmail.com)"
208.115.111.73 - - [11/Feb/2013:02:02:03 +0700] "GET /?portal=mc_web&page=articleDetail&id=610 HTTP/1.1" 200 27395 "-" "Mozilla/5.0 (compatible; Ezooms/1.0; ezooms.bot@gmail.com)"
180.76.5.140 - - [11/Feb/2013:02:08:56 +0700] "GET /?portal=mc_web&page=DocDetail&id=143 HTTP/1.1" 200 23189 "-" "Mozilla/5.0 (compatible; Baiduspider/2.0; +http://www.baidu.com/search/spider.html)"
81.144.138.34 - - [11/Feb/2013:02:14:38 +0700] "GET /robots.txt HTTP/1.1" 404 278 "-" "Wotbox/2.01 (+http://www.wotbox.com/bot/)"
81.144.138.34 - - [11/Feb/2013:02:14:50 +0700] "GET / HTTP/1.1" 200 19486 "-" "Wotbox/2.01 (+http://www.wotbox.com/bot/)"
81.144.138.34 - - [11/Feb/2013:02:15:03 +0700] "GET /?portal=mc_web&page=index HTTP/1.1" 200 19486 "-" "Wotbox/2.01 (+http://www.wotbox.com/bot/)"
81.144.138.34 - - [11/Feb/2013:02:15:13 +0700] "GET /?portal=mc_web&page=intro HTTP/1.1" 200 19502 "-" "Wotbox/2.01 (+http://www.wotbox.com/bot/)"
81.144.138.34 - - [11/Feb/2013:02:15:21 +0700] "GET /?portal=mc_web&page=help HTTP/1.1" 200 15292 "-" "Wotbox/2.01 (+http://www.wotbox.com/bot/)"
81.144.138.34 - - [11/Feb/2013:02:15:32 +0700] "GET /?portal=mc_web&page=NewDoc HTTP/1.1" 200 22498 "-" "Wotbox/2.01 (+http://www.wotbox.com/bot/)"
81.144.138.34 - - [11/Feb/2013:02:15:47 +0700] "GET /?portal=mc_web&page=regTeach HTTP/1.1" 200 27558 "-" "Wotbox/2.01 (+http://www.wotbox.com/bot/)"
81.144.138.34 - - [11/Feb/2013:02:16:02 +0700] "GET /?portal=mc_web&page=resetPassword HTTP/1.1" 200 16221 "-" "Wotbox/2.01 (+http://www.wotbox.com/bot/)"
81.144.138.34 - - [11/Feb/2013:02:16:13 +0700] "GET /?portal=mc_web&page=regLearn HTTP/1.1" 200 26461 "-" "Wotbox/2.01 (+http://www.wotbox.com/bot/)"
81.144.138.34 - - [11/Feb/2013:02:16:30 +0700] "GET /?portal=mc_web&page=listClass HTTP/1.1" 200 16757 "-" "Wotbox/2.01 (+http://www.wotbox.com/bot/)"
81.144.138.34 - - [11/Feb/2013:02:16:44 +0700] "GET /?portal=mc_web&page=listTeacherb HTTP/1.1" 200 16742 "-" "Wotbox/2.01 (+http://www.wotbox.com/bot/)"
81.144.138.34 - - [11/Feb/2013:02:16:56 +0700] "GET /?portal=mc_web&page=listTeacher HTTP/1.1" 200 16751 "-" "Wotbox/2.01 (+http://www.wotbox.com/bot/)"
81.144.138.34 - - [11/Feb/2013:02:17:08 +0700] "GET /?portal=mc_web&page=ClassDetail&id=50 HTTP/1.1" 200 18732 "-" "Wotbox/2.01 (+http://www.wotbox.com/bot/)"
81.144.138.34 - - [11/Feb/2013:02:17:28 +0700] "GET /?portal=mc_web&page=ClassDetail&id=49 HTTP/1.1" 200 18643 "-" "Wotbox/2.01 (+http://www.wotbox.com/bot/)"
81.144.138.34 - - [11/Feb/2013:02:17:38 +0700] "GET /?portal=mc_web&page=articleDetail&id=307 HTTP/1.1" 200 20380 "-" "Wotbox/2.01 (+http://www.wotbox.com/bot/)"
81.144.138.34 - - [11/Feb/2013:02:17:49 +0700] "GET /?portal=mc_web&page=articleDetail&id=308 HTTP/1.1" 200 20192 "-" "Wotbox/2.01 (+http://www.wotbox.com/bot/)"
81.144.138.34 - - [11/Feb/2013:02:18:01 +0700] "GET /?portal=mc_web&page=articleDetail&id=399 HTTP/1.1" 200 17927 "-" "Wotbox/2.01 (+http://www.wotbox.com/bot/)"
81.144.138.34 - - [11/Feb/2013:02:18:08 +0700] "GET /?portal=mc_web&page=articleDetail&id=645 HTTP/1.1" 200 21716 "-" "Wotbox/2.01 (+http://www.wotbox.com/bot/)"
81.144.138.34 - - [11/Feb/2013:02:18:17 +0700] "GET /?portal=mc_web&page=articleDetail&id=644 HTTP/1.1" 200 31627 "-" "Wotbox/2.01 (+http://www.wotbox.com/bot/)"
81.144.138.34 - - [11/Feb/2013:02:18:32 +0700] "GET /?portal=mc_web&page=articleDetail&id=643 HTTP/1.1" 200 22159 "-" "Wotbox/2.01 (+http://www.wotbox.com/bot/)"
81.144.138.34 - - [11/Feb/2013:02:18:41 +0700] "GET /?portal=mc_web&page=articleDetail&id=313 HTTP/1.1" 200 51631 "-" "Wotbox/2.01 (+http://www.wotbox.com/bot/)"
81.144.138.34 - - [11/Feb/2013:02:18:53 +0700] "GET /?portal=mc_web&page=articleDetail&id=312 HTTP/1.1" 200 38729 "-" "Wotbox/2.01 (+http://www.wotbox.com/bot/)"
81.144.138.34 - - [11/Feb/2013:02:19:07 +0700] "GET /?portal=mc_web&page=articleDetail&id=306 HTTP/1.1" 200 23306 "-" "Wotbox/2.01 (+http://www.wotbox.com/bot/)"
81.144.138.34 - - [11/Feb/2013:02:19:17 +0700] "GET /?portal=mc_web&page=articleDetail&id=331 HTTP/1.1" 200 19142 "-" "Wotbox/2.01 (+http://www.wotbox.com/bot/)"
81.144.138.34 - - [11/Feb/2013:02:19:29 +0700] "GET /?portal=mc_web&page=articleDetail&id=330 HTTP/1.1" 200 20094 "-" "Wotbox/2.01 (+http://www.wotbox.com/bot/)"
81.144.138.34 - - [11/Feb/2013:02:19:56 +0700] "GET /?portal=mc_web&page=articleDetail&id=329 HTTP/1.1" 200 19459 "-" "Wotbox/2.01 (+http://www.wotbox.com/bot/)"
81.144.138.34 - - [11/Feb/2013:02:20:08 +0700] "GET /?portal=mc_web&page=DocDetail&id=158 HTTP/1.1" 200 22009 "-" "Wotbox/2.01 (+http://www.wotbox.com/bot/)"
81.144.138.34 - - [11/Feb/2013:02:20:23 +0700] "GET /?portal=mc_web&page=DocDetail&id=157 HTTP/1.1" 200 22241 "-" "Wotbox/2.01 (+http://www.wotbox.com/bot/)"
81.144.138.34 - - [11/Feb/2013:02:20:41 +0700] "GET /?portal=mc_web&page=DocDetail&id=156 HTTP/1.1" 200 22483 "-" "Wotbox/2.01 (+http://www.wotbox.com/bot/)"
81.144.138.34 - - [11/Feb/2013:02:20:59 +0700] "GET /?portal=mc_web&page=DocDetail&id=155 HTTP/1.1" 200 22715 "-" "Wotbox/2.01 (+http://www.wotbox.com/bot/)"
81.144.138.34 - - [11/Feb/2013:02:21:10 +0700] "GET /?portal=mc_web&page=DocDetail&id=154 HTTP/1.1" 200 22957 "-" "Wotbox/2.01 (+http://www.wotbox.com/bot/)"
81.144.138.34 - - [11/Feb/2013:02:21:20 +0700] "GET /?portal=mc_web&page=DocDetail&id=153 HTTP/1.1" 200 23189 "-" "Wotbox/2.01 (+http://www.wotbox.com/bot/)"
81.144.138.34 - - [11/Feb/2013:02:21:27 +0700] "GET /?portal=mc_web&page=DocDetail&id=152 HTTP/1.1" 200 23199 "-" "Wotbox/2.01 (+http://www.wotbox.com/bot/)"
81.144.138.34 - - [11/Feb/2013:02:21:39 +0700] "GET /?portal=mc_web&page=DocDetail&id=151 HTTP/1.1" 200 23189 "-" "Wotbox/2.01 (+http://www.wotbox.com/bot/)"
81.144.138.34 - - [11/Feb/2013:02:21:50 +0700] "GET /?portal=mc_web&page=DocDetail&id=150 HTTP/1.1" 200 23199 "-" "Wotbox/2.01 (+http://www.wotbox.com/bot/)"
81.144.138.34 - - [11/Feb/2013:02:22:01 +0700] "GET /?portal=mc_web&page=DocDetail&id=149 HTTP/1.1" 200 23189 "-" "Wotbox/2.01 (+http://www.wotbox.com/bot/)"
37.140.141.10 - - [11/Feb/2013:02:29:34 +0700] "GET /data/images/imageForArticle/images654450_1.jpg HTTP/1.1" 200 23918 "-" "Mozilla/5.0 (compatible; YandexImages/3.0; +http://yandex.com/bots)"
37.140.141.10 - - [11/Feb/2013:02:34:46 +0700] "GET /robots.txt HTTP/1.1" 404 274 "-" "Mozilla/5.0 (compatible; YandexBot/3.0; +http://yandex.com/bots)"
199.36.240.17 - - [11/Feb/2013:02:37:41 +0700] "GET /data/images/imageForArticle/images650392_images639704_image003.jpg HTTP/1.1" 304 0 "-" "Mozilla/5.0 (compatible; YandexImages/3.0; +http://yandex.com/bots)"
199.36.240.17 - - [11/Feb/2013:03:07:19 +0700] "GET /data/images/imageForArticle/images649031_IMG_0560.jpg HTTP/1.1" 304 0 "-" "Mozilla/5.0 (compatible; YandexImages/3.0; +http://yandex.com/bots)"
199.36.240.17 - - [11/Feb/2013:03:37:25 +0700] "GET /data/images/imageForArticle/images648205_10..jpg HTTP/1.1" 304 0 "-" "Mozilla/5.0 (compatible; YandexImages/3.0; +http://yandex.com/bots)"
37.140.141.10 - - [11/Feb/2013:03:41:24 +0700] "GET /data/images/imageForArticle/images653448_3.jpg HTTP/1.1" 200 20599 "-" "Mozilla/5.0 (compatible; YandexImages/3.0; +http://yandex.com/bots)"
199.36.240.17 - - [11/Feb/2013:03:47:44 +0700] "GET /data/images/thumb/a41d3d7c-f173-4889-b34b-df39659a38e7_220px-Pi_pie2.jpg HTTP/1.1" 200 3320 "-" "Mozilla/5.0 (compatible; YandexImages/3.0; +http://yandex.com/bots)"
199.36.240.17 - - [11/Feb/2013:04:00:42 +0700] "GET /data/images/imageForArticle/images649239_image001.jpg HTTP/1.1" 304 0 "-" "Mozilla/5.0 (compatible; YandexImages/3.0; +http://yandex.com/bots)"
180.76.5.8 - - [11/Feb/2013:04:06:38 +0700] "GET /?portal=mc_web&page=DocOfClass&classID=2&cateID=1 HTTP/1.1" 200 17612 "-" "Mozilla/5.0 (compatible; Baiduspider/2.0; +http://www.baidu.com/search/spider.html)"
66.249.77.12 - - [11/Feb/2013:04:18:39 +0700] "GET /data/images/thumb//images655018_olympic.jpg HTTP/1.1" 200 2348 "-" "Googlebot-Image/1.0"
199.36.240.17 - - [11/Feb/2013:04:25:31 +0700] "GET /data/images/imageForArticle/images648213_2.jpg HTTP/1.1" 200 27974 "-" "Mozilla/5.0 (compatible; YandexImages/3.0; +http://yandex.com/bots)"
66.249.77.124 - - [11/Feb/2013:04:37:17 +0700] "GET /robots.txt HTTP/1.1" 404 278 "-" "Mozilla/5.0 (compatible; Googlebot/2.1; +http://www.google.com/bot.html)"
66.249.76.151 - - [11/Feb/2013:04:37:18 +0700] "GET /data/images/imageForArticle/images645491_IMG_0931.jpg HTTP/1.1" 304 0 "-" "Googlebot-Image/1.0"
199.36.240.17 - - [11/Feb/2013:04:47:49 +0700] "GET /data/images/imageForArticle/images654301_2.jpg HTTP/1.1" 200 21997 "-" "Mozilla/5.0 (compatible; YandexImages/3.0; +http://yandex.com/bots)"
199.36.240.17 - - [11/Feb/2013:05:10:25 +0700] "GET /data/images/imageForArticle/images648230_IMG_5167.jpg HTTP/1.1" 200 24630 "-" "Mozilla/5.0 (compatible; YandexImages/3.0; +http://yandex.com/bots)"
37.140.141.10 - - [11/Feb/2013:05:25:08 +0700] "GET /?portal=mc_web&page=articleDetail&id=614 HTTP/1.1" 200 30178 "-" "Mozilla/5.0 (compatible; YandexBot/3.0; +http://yandex.com/bots)"
199.36.240.17 - - [11/Feb/2013:05:37:14 +0700] "GET /data/images/imageForArticle/images648486_IMG_1557.jpg HTTP/1.1" 200 22930 "-" "Mozilla/5.0 (compatible; YandexImages/3.0; +http://yandex.com/bots)"
37.140.141.10 - - [11/Feb/2013:05:40:22 +0700] "GET /?portal=mc_web&page=regTeach HTTP/1.1" 200 27558 "-" "Mozilla/5.0 (compatible; YandexBot/3.0; +http://yandex.com/bots)"
180.76.5.140 - - [11/Feb/2013:05:45:07 +0700] "GET /?portal=mc_web&page=articleDetail&id=313 HTTP/1.1" 200 51631 "-" "Mozilla/5.0 (compatible; Baiduspider/2.0; +http://www.baidu.com/search/spider.html)"
199.30.16.22 - - [11/Feb/2013:05:48:44 +0700] "GET /robots.txt HTTP/1.1" 404 274 "-" "msnbot-media/1.1 (+http://search.msn.com/msnbot.htm)"
199.30.16.22 - - [11/Feb/2013:05:48:45 +0700] "GET /data/images/thumb/admin_1344779656.jpg HTTP/1.1" 200 4316 "-" "msnbot-media/1.1 (+http://search.msn.com/msnbot.htm)"
118.70.248.17 - - [11/Feb/2013:05:52:01 +0700] "GET /data/images/thumb//images656679_TT-Bo-GDDT.jpg HTTP/1.1" 304 0 "-" "Mozilla/4.0 (compatible;)"
199.36.240.17 - - [11/Feb/2013:06:04:41 +0700] "GET /data/images/imageForArticle/images654335_3hontre.jpg HTTP/1.1" 200 14566 "-" "Mozilla/5.0 (compatible; YandexImages/3.0; +http://yandex.com/bots)"
199.36.240.17 - - [11/Feb/2013:06:27:02 +0700] "GET /data/images/thumb/images654450_1.jpg HTTP/1.1" 200 3354 "-" "Mozilla/5.0 (compatible; YandexImages/3.0; +http://yandex.com/bots)"
199.36.240.17 - - [11/Feb/2013:06:30:12 +0700] "GET /data/images/imageForArticle/images648527_2.jpg HTTP/1.1" 304 0 "-" "Mozilla/5.0 (compatible; YandexImages/3.0; +http://yandex.com/bots)"
180.76.5.190 - - [11/Feb/2013:06:34:48 +0700] "GET /?portal=mc_web&page=articleDetail&id=567 HTTP/1.1" 200 31300 "-" "Mozilla/5.0 (compatible; Baiduspider/2.0; +http://www.baidu.com/search/spider.html)"
199.36.240.17 - - [11/Feb/2013:06:56:11 +0700] "GET /data/images/thumb/images654114_1.jpg HTTP/1.1" 200 2823 "-" "Mozilla/5.0 (compatible; YandexImages/3.0; +http://yandex.com/bots)"
37.140.141.10 - - [11/Feb/2013:07:17:02 +0700] "GET /data/images/imageForArticle/images651312_images647454_t408379.jpg HTTP/1.1" 200 29372 "-" "Mozilla/5.0 (compatible; YandexImages/3.0; +http://yandex.com/bots)"
199.36.240.17 - - [11/Feb/2013:07:19:42 +0700] "GET /data/images/imageForArticle/images654449_1.jpg HTTP/1.1" 200 33181 "-" "Mozilla/5.0 (compatible; YandexImages/3.0; +http://yandex.com/bots)"
180.76.5.196 - - [11/Feb/2013:07:26:15 +0700] "GET /?portal=mc_web&page=DocDetail&id=151 HTTP/1.1" 200 23189 "-" "Mozilla/5.0 (compatible; Baiduspider/2.0; +http://www.baidu.com/search/spider.html)"
199.36.240.17 - - [11/Feb/2013:07:45:04 +0700] "GET /data/images/imageForArticle/images654114_1.jpg HTTP/1.1" 200 27603 "-" "Mozilla/5.0 (compatible; YandexImages/3.0; +http://yandex.com/bots)"
37.140.141.10 - - [11/Feb/2013:07:57:06 +0700] "GET /?portal=mc_web&page=listClass HTTP/1.1" 200 16757 "-" "Mozilla/5.0 (compatible; YandexBot/3.0; +http://yandex.com/bots)"
208.115.111.73 - - [11/Feb/2013:08:05:22 +0700] "GET /robots.txt HTTP/1.1" 404 274 "-" "Mozilla/5.0 (compatible; Ezooms/1.0; ezooms.bot@gmail.com)"
208.115.111.73 - - [11/Feb/2013:08:05:22 +0700] "GET /robots.txt HTTP/1.1" 404 278 "-" "Mozilla/5.0 (compatible; Ezooms/1.0; ezooms.bot@gmail.com)"
180.76.5.10 - - [11/Feb/2013:08:11:12 +0700] "GET /?portal=mc_web&page=articleDetail&id=522 HTTP/1.1" 200 49068 "-" "Mozilla/5.0 (compatible; Baiduspider/2.0; +http://www.baidu.com/search/spider.html)"
199.36.240.17 - - [11/Feb/2013:08:11:40 +0700] "GET /data/images/imageForArticle/images651192_7.jpg HTTP/1.1" 304 0 "-" "Mozilla/5.0 (compatible; YandexImages/3.0; +http://yandex.com/bots)"
208.115.113.89 - - [11/Feb/2013:08:15:08 +0700] "GET /?portal=mc_web&page=DocOfClass&classID=3&cateID=4 HTTP/1.1" 200 17612 "-" "Mozilla/5.0 (compatible; Ezooms/1.0; ezooms.bot@gmail.com)"
199.36.240.17 - - [11/Feb/2013:08:37:07 +0700] "GET /data/images/imageForArticle/images650104_IMG_4472.jpg HTTP/1.1" 200 20459 "-" "Mozilla/5.0 (compatible; YandexImages/3.0; +http://yandex.com/bots)"
199.36.240.17 - - [11/Feb/2013:09:05:06 +0700] "GET /data/images/imageForArticle/images648214_1.jpg HTTP/1.1" 304 0 "-" "Mozilla/5.0 (compatible; YandexImages/3.0; +http://yandex.com/bots)"
199.36.240.17 - - [11/Feb/2013:09:22:53 +0700] "GET /data/images/thumb/images654650_1.jpg HTTP/1.1" 200 2335 "-" "Mozilla/5.0 (compatible; YandexImages/3.0; +http://yandex.com/bots)"
199.36.240.17 - - [11/Feb/2013:09:30:32 +0700] "GET /data/images/imageForArticle/images653173_IMG_4081.jpg HTTP/1.1" 200 22219 "-" "Mozilla/5.0 (compatible; YandexImages/3.0; +http://yandex.com/bots)"
199.36.240.17 - - [11/Feb/2013:09:59:16 +0700] "GET /data/images/imageForArticle/images648977_5.jpg HTTP/1.1" 304 0 "-" "Mozilla/5.0 (compatible; YandexImages/3.0; +http://yandex.com/bots)"
180.76.5.185 - - [11/Feb/2013:10:31:48 +0700] "GET /?portal=mc_web&page=DocOfClass&classID=9&cateID=2 HTTP/1.1" 200 17224 "-" "Mozilla/5.0 (compatible; Baiduspider/2.0; +http://www.baidu.com/search/spider.html)"
1.202.218.114 - - [11/Feb/2013:12:56:59 +0700] "HEAD /?portal=mc_web&page=articleDetail&id=312 HTTP/1.1" 200 0 "-" "Mozilla/5.0 (compatible; JikeSpider; +http://shoulu.jike.com/spider.html)"
1.202.218.114 - - [11/Feb/2013:12:57:04 +0700] "GET /?portal=mc_web&page=articleDetail&id=312 HTTP/1.1" 200 38509 "-" "Mozilla/5.0 (compatible; JikeSpider; +http://shoulu.jike.com/spider.html)"
208.115.111.73 - - [11/Feb/2013:14:04:20 +0700] "GET /?portal=mc_web&page=DocOfClass&classID=1&cateID=1 HTTP/1.1" 200 17612 "-" "Mozilla/5.0 (compatible; Ezooms/1.0; ezooms.bot@gmail.com)"
208.115.111.73 - - [11/Feb/2013:14:04:29 +0700] "GET /?portal=mc_web&page=articleDetail&id=539 HTTP/1.1" 200 23311 "-" "Mozilla/5.0 (compatible; Ezooms/1.0; ezooms.bot@gmail.com)"
208.115.111.73 - - [11/Feb/2013:14:04:29 +0700] "GET /?portal=mc_web&page=articleDetail&id=619 HTTP/1.1" 200 32330 "-" "Mozilla/5.0 (compatible; Ezooms/1.0; ezooms.bot@gmail.com)"
180.76.5.186 - - [11/Feb/2013:15:24:17 +0700] "GET /?portal=mc_web&page=DocOfClass&classID=15&cateID=2 HTTP/1.1" 200 17224 "-" "Mozilla/5.0 (compatible; Baiduspider/2.0; +http://www.baidu.com/search/spider.html)"
208.115.111.73 - - [11/Feb/2013:16:06:48 +0700] "GET /robots.txt HTTP/1.1" 404 278 "-" "Mozilla/5.0 (compatible; Ezooms/1.0; ezooms.bot@gmail.com)"
198.27.74.9 - - [11/Feb/2013:16:29:13 +0700] "GET / HTTP/1.1" 200 19278 "-" "Mozilla/5.0 (compatible; MSIE 8.0; Linux i686; Trident/1.0)"
178.255.215.66 - - [11/Feb/2013:16:35:10 +0700] "GET /robots.txt HTTP/1.1" 404 274 "-" "Mozilla/5.0 (compatible; Exabot/3.0; +http://www.exabot.com/go/robot)"
178.255.215.66 - - [11/Feb/2013:16:35:11 +0700] "GET /?portal=mc_web&page=articleDetail&id=470 HTTP/1.1" 200 24454 "-" "Mozilla/5.0 (compatible; Exabot/3.0; +http://www.exabot.com/go/robot)"
180.76.5.196 - - [11/Feb/2013:17:01:57 +0700] "GET /?portal=mc_web&page=DocOfClass&classID=13&cateID=4 HTTP/1.1" 200 17224 "-" "Mozilla/5.0 (compatible; Baiduspider/2.0; +http://www.baidu.com/search/spider.html)"
199.30.16.32 - - [11/Feb/2013:18:48:12 +0700] "GET /robots.txt HTTP/1.1" 404 274 "-" "msnbot-media/1.1 (+http://search.msn.com/msnbot.htm)"
199.30.16.32 - - [11/Feb/2013:18:48:13 +0700] "GET /data/images/thumb/admin_1344779539.jpg HTTP/1.1" 200 3272 "-" "msnbot-media/1.1 (+http://search.msn.com/msnbot.htm)"
208.115.113.89 - - [11/Feb/2013:20:15:35 +0700] "GET /?portal=mc_web&page=DocOfClass&classID=3&cateID=2 HTTP/1.1" 200 17612 "-" "Mozilla/5.0 (compatible; Ezooms/1.0; ezooms.bot@gmail.com)"
65.55.52.117 - - [11/Feb/2013:20:37:13 +0700] "GET /robots.txt HTTP/1.1" 404 274 "-" "Mozilla/5.0 (compatible; bingbot/2.0; +http://www.bing.com/bingbot.htm)"
65.55.52.117 - - [11/Feb/2013:20:38:50 +0700] "GET / HTTP/1.1" 200 19278 "-" "Mozilla/5.0 (compatible; bingbot/2.0; +http://www.bing.com/bingbot.htm)"
180.76.5.179 - - [11/Feb/2013:21:34:44 +0700] "GET /?portal=mc_web&page=listTeacherb HTTP/1.1" 200 16742 "-" "Mozilla/5.0 (compatible; Baiduspider/2.0; +http://www.baidu.com/search/spider.html)"
