208.115.111.73 - - [07/Feb/2013:00:05:16 +0700] "GET /robots.txt HTTP/1.1" 404 278 "-" "Mozilla/5.0 (compatible; Ezooms/1.0; ezooms.bot@gmail.com)"
208.115.111.73 - - [07/Feb/2013:00:05:16 +0700] "GET /robots.txt HTTP/1.1" 404 274 "-" "Mozilla/5.0 (compatible; Ezooms/1.0; ezooms.bot@gmail.com)"
199.36.240.17 - - [07/Feb/2013:00:05:53 +0700] "GET /data/images/imageForArticle/images648077_1.jpg HTTP/1.1" 304 0 "-" "Mozilla/5.0 (compatible; YandexImages/3.0; +http://yandex.com/bots)"
178.255.215.66 - - [07/Feb/2013:00:32:30 +0700] "GET /robots.txt HTTP/1.1" 404 274 "-" "Mozilla/5.0 (compatible; Exabot/3.0; +http://www.exabot.com/go/robot)"
178.255.215.66 - - [07/Feb/2013:00:32:30 +0700] "GET /?portal=mc_web&page=articleDetail&id=399 HTTP/1.1" 200 17678 "-" "Mozilla/5.0 (compatible; Exabot/3.0; +http://www.exabot.com/go/robot)"
199.36.240.17 - - [07/Feb/2013:00:41:14 +0700] "GET /data/images/thumb/images651947_9.jpg HTTP/1.1" 304 0 "-" "Mozilla/5.0 (compatible; YandexImages/3.0; +http://yandex.com/bots)"
199.36.240.17 - - [07/Feb/2013:00:45:54 +0700] "GET /data/images/thumb/admin_1344704125.jpg HTTP/1.1" 304 0 "-" "Mozilla/5.0 (compatible; YandexImages/3.0; +http://yandex.com/bots)"
199.36.240.17 - - [07/Feb/2013:00:45:59 +0700] "GET /data/images/imageForArticle/images648904_theducTH.jpg HTTP/1.1" 404 317 "-" "Mozilla/5.0 (compatible; YandexImages/3.0; +http://yandex.com/bots)"
180.76.5.188 - - [07/Feb/2013:01:55:00 +0700] "GET /?portal=mc_web&page=articleDetail&id=429 HTTP/1.1" 200 22653 "-" "Mozilla/5.0 (compatible; Baiduspider/2.0; +http://www.baidu.com/search/spider.html)"
208.115.111.73 - - [07/Feb/2013:02:01:22 +0700] "GET /?portal=mc_web&page=ClassDetail&id=49 HTTP/1.1" 200 18590 "-" "Mozilla/5.0 (compatible; Ezooms/1.0; ezooms.bot@gmail.com)"
208.115.111.73 - - [07/Feb/2013:02:01:27 +0700] "GET /?portal=mc_web&page=DocOfClass&classID=16&cateID=3 HTTP/1.1" 200 17612 "-" "Mozilla/5.0 (compatible; Ezooms/1.0; ezooms.bot@gmail.com)"
208.115.111.73 - - [07/Feb/2013:02:01:33 +0700] "GET /?portal=mc_web&page=articleDetail&id=575 HTTP/1.1" 200 24693 "-" "Mozilla/5.0 (compatible; Ezooms/1.0; ezooms.bot@gmail.com)"
208.115.111.73 - - [07/Feb/2013:02:01:35 +0700] "GET /?portal=mc_web&page=DocOfClass&classID=12&cateID=4 HTTP/1.1" 200 17224 "-" "Mozilla/5.0 (compatible; Ezooms/1.0; ezooms.bot@gmail.com)"
208.115.113.89 - - [07/Feb/2013:02:10:27 +0700] "GET /robots.txt HTTP/1.1" 404 274 "-" "Mozilla/5.0 (compatible; Ezooms/1.0; ezooms.bot@gmail.com)"
208.115.113.89 - - [07/Feb/2013:02:10:27 +0700] "GET /robots.txt HTTP/1.1" 404 278 "-" "Mozilla/5.0 (compatible; Ezooms/1.0; ezooms.bot@gmail.com)"
173.199.120.171 - - [07/Feb/2013:02:39:37 +0700] "GET /?portal=mc_web&page=DocDetail&id=153 HTTP/1.1" 200 22745 "-" "Mozilla/5.0 (compatible; AhrefsBot/4.0; +http://ahrefs.com/robot/)"
199.36.240.17 - - [07/Feb/2013:03:35:05 +0700] "GET /data/images/thumb/images654449_1.jpg HTTP/1.1" 304 0 "-" "Mozilla/5.0 (compatible; YandexImages/3.0; +http://yandex.com/bots)"
157.55.32.113 - - [07/Feb/2013:03:47:03 +0700] "GET /robots.txt HTTP/1.1" 404 274 "-" "Mozilla/5.0 (compatible; bingbot/2.0; +http://www.bing.com/bingbot.htm)"
157.55.32.113 - - [07/Feb/2013:03:48:46 +0700] "GET /?portal=mc_web&page=Download&name=20120922/ HTTP/1.1" 200 131 "-" "Mozilla/5.0 (compatible; bingbot/2.0; +http://www.bing.com/bingbot.htm)"
199.36.240.17 - - [07/Feb/2013:04:09:55 +0700] "GET /data/images/imageForArticle/images650237_image001.jpg HTTP/1.1" 304 0 "-" "Mozilla/5.0 (compatible; YandexImages/3.0; +http://yandex.com/bots)"
208.115.113.89 - - [07/Feb/2013:04:11:09 +0700] "GET /?portal=mc_web&page=help HTTP/1.1" 200 15055 "-" "Mozilla/5.0 (compatible; Ezooms/1.0; ezooms.bot@gmail.com)"
208.115.113.89 - - [07/Feb/2013:04:11:31 +0700] "GET /?portal=mc_web&page=articleDetail&id=507 HTTP/1.1" 200 22669 "-" "Mozilla/5.0 (compatible; Ezooms/1.0; ezooms.bot@gmail.com)"
208.115.113.89 - - [07/Feb/2013:04:11:21 +0700] "GET /?portal=mc_web&page=articleDetail&id=305 HTTP/1.1" 200 140835 "-" "Mozilla/5.0 (compatible; Ezooms/1.0; ezooms.bot@gmail.com)"
157.55.32.62 - - [07/Feb/2013:04:13:16 +0700] "GET /?portal=mc_web&page=Download&name=20120906/ HTTP/1.1" 200 131 "-" "Mozilla/5.0 (compatible; bingbot/2.0; +http://www.bing.com/bingbot.htm)"
208.115.113.89 - - [07/Feb/2013:04:13:37 +0700] "GET /?portal=mc_web&page=DocOfClass&classID=2&cateID=1 HTTP/1.1" 200 17224 "-" "Mozilla/5.0 (compatible; Ezooms/1.0; ezooms.bot@gmail.com)"
208.115.113.89 - - [07/Feb/2013:04:14:02 +0700] "GET /?portal=mc_web&page=DocOfClass&classID=5&cateID=1 HTTP/1.1" 200 17224 "-" "Mozilla/5.0 (compatible; Ezooms/1.0; ezooms.bot@gmail.com)"
157.55.33.80 - - [07/Feb/2013:04:14:15 +0700] "GET /upload/others/201209/ HTTP/1.1" 404 285 "-" "Mozilla/5.0 (compatible; bingbot/2.0; +http://www.bing.com/bingbot.htm)"
208.115.113.89 - - [07/Feb/2013:04:14:37 +0700] "GET /?portal=mc_web&page=articleDetail&id=305 HTTP/1.1" 200 140615 "-" "Mozilla/5.0 (compatible; Ezooms/1.0; ezooms.bot@gmail.com)"
208.115.113.89 - - [07/Feb/2013:04:15:51 +0700] "GET /?portal=mc_web&page=articleDetail&id=620 HTTP/1.1" 200 23566 "-" "Mozilla/5.0 (compatible; Ezooms/1.0; ezooms.bot@gmail.com)"
74.220.215.112 - - [07/Feb/2013:04:22:22 +0700] "GET / HTTP/1.0" 200 19225 "-" "-"
74.220.215.112 - - [07/Feb/2013:04:22:28 +0700] "HEAD / HTTP/1.1" 200 0 "-" "-"
199.36.240.17 - - [07/Feb/2013:04:47:33 +0700] "GET /data/images/imageForArticle/images648216_9.jpg HTTP/1.1" 304 0 "-" "Mozilla/5.0 (compatible; YandexImages/3.0; +http://yandex.com/bots)"
199.36.240.17 - - [07/Feb/2013:05:00:53 +0700] "GET /data/images/thumb/admin_1344779425.gif HTTP/1.1" 304 0 "-" "Mozilla/5.0 (compatible; YandexImages/3.0; +http://yandex.com/bots)"
199.36.240.17 - - [07/Feb/2013:05:33:25 +0700] "GET /data/images/imageForArticle/images648017_d-8ad49.jpg HTTP/1.1" 304 0 "-" "Mozilla/5.0 (compatible; YandexImages/3.0; +http://yandex.com/bots)"
208.115.111.73 - - [07/Feb/2013:05:58:59 +0700] "GET /?portal=mc_web&page=DocOfClass&classID=11&cateID=3 HTTP/1.1" 200 17612 "-" "Mozilla/5.0 (compatible; Ezooms/1.0; ezooms.bot@gmail.com)"
208.115.111.73 - - [07/Feb/2013:05:59:36 +0700] "GET /?portal=mc_web&page=articleDetail&id=577 HTTP/1.1" 200 21995 "-" "Mozilla/5.0 (compatible; Ezooms/1.0; ezooms.bot@gmail.com)"
208.115.111.73 - - [07/Feb/2013:05:59:40 +0700] "GET /?portal=mc_web&page=articleDetail&id=315 HTTP/1.1" 200 20333 "-" "Mozilla/5.0 (compatible; Ezooms/1.0; ezooms.bot@gmail.com)"
208.115.111.73 - - [07/Feb/2013:05:59:40 +0700] "GET /?portal=mc_web&page=regLearn HTTP/1.1" 200 26196 "-" "Mozilla/5.0 (compatible; Ezooms/1.0; ezooms.bot@gmail.com)"
199.36.240.17 - - [07/Feb/2013:06:15:37 +0700] "GET /data/images/imageForArticle/images653174_image001.jpg HTTP/1.1" 304 0 "-" "Mozilla/5.0 (compatible; YandexImages/3.0; +http://yandex.com/bots)"
199.36.240.17 - - [07/Feb/2013:06:53:08 +0700] "GET /data/images/thumb/images654450_1.jpg HTTP/1.1" 304 0 "-" "Mozilla/5.0 (compatible; YandexImages/3.0; +http://yandex.com/bots)"
199.36.240.17 - - [07/Feb/2013:06:57:46 +0700] "GET /data/images/imageForArticle/images653793_image005.jpg HTTP/1.1" 304 0 "-" "Mozilla/5.0 (compatible; YandexImages/3.0; +http://yandex.com/bots)"
199.36.240.17 - - [07/Feb/2013:07:37:00 +0700] "GET /data/images/imageForArticle/images653918_SDC14892.jpg HTTP/1.1" 304 0 "-" "Mozilla/5.0 (compatible; YandexImages/3.0; +http://yandex.com/bots)"
208.115.111.73 - - [07/Feb/2013:08:02:40 +0700] "GET /robots.txt HTTP/1.1" 404 278 "-" "Mozilla/5.0 (compatible; Ezooms/1.0; ezooms.bot@gmail.com)"
208.115.111.73 - - [07/Feb/2013:08:02:48 +0700] "GET /robots.txt HTTP/1.1" 404 274 "-" "Mozilla/5.0 (compatible; Ezooms/1.0; ezooms.bot@gmail.com)"
208.115.113.89 - - [07/Feb/2013:08:12:26 +0700] "GET /?portal=mc_web&page=DocDetail&id=81 HTTP/1.1" 200 21758 "-" "Mozilla/5.0 (compatible; Ezooms/1.0; ezooms.bot@gmail.com)"
208.115.113.89 - - [07/Feb/2013:08:12:30 +0700] "GET /?portal=mc_web&page=articleDetail&id=509 HTTP/1.1" 200 24561 "-" "Mozilla/5.0 (compatible; Ezooms/1.0; ezooms.bot@gmail.com)"
208.115.113.89 - - [07/Feb/2013:08:12:37 +0700] "GET /?portal=mc_web&page=DocOfClass&classID=15&cateID=1 HTTP/1.1" 200 17224 "-" "Mozilla/5.0 (compatible; Ezooms/1.0; ezooms.bot@gmail.com)"
199.36.240.17 - - [07/Feb/2013:08:20:32 +0700] "GET /data/images/imageForArticle/images648212_3.jpg HTTP/1.1" 304 0 "-" "Mozilla/5.0 (compatible; YandexImages/3.0; +http://yandex.com/bots)"
113.168.144.70 - - [07/Feb/2013:08:33:30 +0700] "GET / HTTP/1.1" 200 19225 "-" "Mozilla/5.0 (Windows NT 6.1; WOW64; rv:19.0) Gecko/20100101 Firefox/19.0"
113.168.144.70 - - [07/Feb/2013:08:33:32 +0700] "GET /data/images/thumb//admin_1346932141.jpg HTTP/1.1" 200 4793 "http://trungtamtoan.com/" "Mozilla/5.0 (Windows NT 6.1; WOW64; rv:19.0) Gecko/20100101 Firefox/19.0"
113.168.144.70 - - [07/Feb/2013:08:33:32 +0700] "GET /data/images/thumb//images655210_1.jpg HTTP/1.1" 200 3166 "http://trungtamtoan.com/" "Mozilla/5.0 (Windows NT 6.1; WOW64; rv:19.0) Gecko/20100101 Firefox/19.0"
113.168.144.70 - - [07/Feb/2013:08:33:32 +0700] "GET /data/images/thumb//images655152_chaycongchuc.jpg HTTP/1.1" 200 2527 "http://trungtamtoan.com/" "Mozilla/5.0 (Windows NT 6.1; WOW64; rv:19.0) Gecko/20100101 Firefox/19.0"
113.168.144.70 - - [07/Feb/2013:08:33:32 +0700] "GET /webskins/skins/default/main/images/arrow_right.gif HTTP/1.1" 200 824 "http://trungtamtoan.com/webskins/skins/default/main/styles/common.css" "Mozilla/5.0 (Windows NT 6.1; WOW64; rv:19.0) Gecko/20100101 Firefox/19.0"
113.168.144.70 - - [07/Feb/2013:08:33:32 +0700] "GET /webskins/skins/default/main/images/sidebar.png HTTP/1.1" 200 989 "http://trungtamtoan.com/webskins/skins/default/main/styles/common.css" "Mozilla/5.0 (Windows NT 6.1; WOW64; rv:19.0) Gecko/20100101 Firefox/19.0"
113.168.144.70 - - [07/Feb/2013:08:33:56 +0700] "GET /?portal=mc_web&page=articleDetail&id=308 HTTP/1.1" 200 19943 "http://trungtamtoan.com/" "Mozilla/5.0 (Windows NT 6.1; WOW64; rv:19.0) Gecko/20100101 Firefox/19.0"
113.168.144.70 - - [07/Feb/2013:08:33:59 +0700] "GET /modules/mcweb/MCcomment.js HTTP/1.1" 200 3210 "http://trungtamtoan.com/?portal=mc_web&page=articleDetail&id=308" "Mozilla/5.0 (Windows NT 6.1; WOW64; rv:19.0) Gecko/20100101 Firefox/19.0"
113.168.144.70 - - [07/Feb/2013:08:34:00 +0700] "GET /data/images/thumb//admin_1346932141.jpg HTTP/1.1" 200 4793 "http://trungtamtoan.com/?portal=mc_web&page=articleDetail&id=308" "Mozilla/5.0 (Windows NT 6.1; WOW64; rv:19.0) Gecko/20100101 Firefox/19.0"
113.168.144.70 - - [07/Feb/2013:08:34:00 +0700] "GET /webskins/skins/default/main/images/menu_itemline.gif HTTP/1.1" 200 151 "http://trungtamtoan.com/webskins/skins/default/main/styles/common.css" "Mozilla/5.0 (Windows NT 6.1; WOW64; rv:19.0) Gecko/20100101 Firefox/19.0"
113.168.144.70 - - [07/Feb/2013:08:34:00 +0700] "POST /ajax.php?path=mcweb&fnc=mcweb.comment.process HTTP/1.1" 200 671 "http://trungtamtoan.com/?portal=mc_web&page=articleDetail&id=308" "Mozilla/5.0 (Windows NT 6.1; WOW64; rv:19.0) Gecko/20100101 Firefox/19.0"
113.168.144.70 - - [07/Feb/2013:08:34:00 +0700] "GET /data/avatar/thumb/noavatar.gif HTTP/1.1" 200 32188 "http://trungtamtoan.com/?portal=mc_web&page=articleDetail&id=308" "Mozilla/5.0 (Windows NT 6.1; WOW64; rv:19.0) Gecko/20100101 Firefox/19.0"
173.252.100.117 - - [07/Feb/2013:08:34:06 +0700] "GET /?portal=mc_web&page=articleDetail&id=308 HTTP/1.1" 200 19943 "-" "facebookexternalhit/1.1 (+http://www.facebook.com/externalhit_uatext.php)"
113.168.144.70 - - [07/Feb/2013:08:34:15 +0700] "GET /webskins/skins/platform/jquery.alerts/images/info.gif HTTP/1.1" 200 1487 "http://trungtamtoan.com/webskins/skins/platform/jquery.alerts/jquery.alerts.css" "Mozilla/5.0 (Windows NT 6.1; WOW64; rv:19.0) Gecko/20100101 Firefox/19.0"
113.168.144.70 - - [07/Feb/2013:08:34:15 +0700] "GET /webskins/skins/platform/jquery.alerts/images/title.gif HTTP/1.1" 200 317 "http://trungtamtoan.com/webskins/skins/platform/jquery.alerts/jquery.alerts.css" "Mozilla/5.0 (Windows NT 6.1; WOW64; rv:19.0) Gecko/20100101 Firefox/19.0"
113.168.144.70 - - [07/Feb/2013:08:35:43 +0700] "GET / HTTP/1.1" 200 19225 "-" "Mozilla/5.0 (Windows NT 6.1; WOW64; rv:19.0) Gecko/20100101 Firefox/19.0"
113.168.144.70 - - [07/Feb/2013:08:35:44 +0700] "GET /data/images/thumb//admin_1346932141.jpg HTTP/1.1" 200 4793 "http://trungtamtoan.com/" "Mozilla/5.0 (Windows NT 6.1; WOW64; rv:19.0) Gecko/20100101 Firefox/19.0"
199.36.240.17 - - [07/Feb/2013:08:51:56 +0700] "GET /data/images/thumb/a41d3d7c-f173-4889-b34b-df39659a38e7_220px-Pi_pie2.jpg HTTP/1.1" 304 0 "-" "Mozilla/5.0 (compatible; YandexImages/3.0; +http://yandex.com/bots)"
199.36.240.17 - - [07/Feb/2013:09:08:04 +0700] "GET /data/avatar/thumb/arrow_right.gif HTTP/1.1" 304 0 "-" "Mozilla/5.0 (compatible; YandexImages/3.0; +http://yandex.com/bots)"
173.199.120.171 - - [07/Feb/2013:09:41:30 +0700] "GET /?portal=mc_web&page=articleDetail&id=316 HTTP/1.1" 200 21045 "-" "Mozilla/5.0 (compatible; AhrefsBot/4.0; +http://ahrefs.com/robot/)"
182.118.25.228 - - [07/Feb/2013:09:44:41 +0700] "GET /robots.txt HTTP/1.1" 404 278 "http://www.trungtamtoan.com/robots.txt" "Mozilla/5.0 (Windows; U; Windows NT 5.1; zh-CN; rv:1.8.0.11) Gecko/20070312 Firefox/1.5.0.11; 360Spider"
199.36.240.17 - - [07/Feb/2013:09:46:15 +0700] "GET /data/images/imageForArticle/images650249_3.jpg HTTP/1.1" 304 0 "-" "Mozilla/5.0 (compatible; YandexImages/3.0; +http://yandex.com/bots)"
1.202.218.115 - - [07/Feb/2013:10:09:27 +0700] "GET / HTTP/1.1" 200 19225 "-" "Mozilla/5.0 (compatible; JikeSpider; +http://shoulu.jike.com/spider.html)"
101.226.168.220 - - [07/Feb/2013:10:18:38 +0700] "GET /?id=119&page=DocDetail&portal=mc_web HTTP/1.1" 200 22745 "http://trungtamtoan.com/?id=119&page=DocDetail&portal=mc_web" "Mozilla/4.0 (compatible; MSIE 8.0; Windows NT 6.1; Trident/4.0; SLCC2; .NET CLR 2.0.50727; .NET CLR 3.5.30729; .NET CLR 3.0.30729; Media Center PC 6.0; MDDR; .NET4.0C; .NET4.0E; .NET CLR 1.1.4322; Tablet PC 2.0); 360Spider"
101.226.168.222 - - [07/Feb/2013:10:18:38 +0700] "GET /?id=137&page=DocDetail&portal=mc_web HTTP/1.1" 200 22745 "http://trungtamtoan.com/?id=137&page=DocDetail&portal=mc_web" "Mozilla/4.0 (compatible; MSIE 8.0; Windows NT 6.1; Trident/4.0; SLCC2; .NET CLR 2.0.50727; .NET CLR 3.5.30729; .NET CLR 3.0.30729; Media Center PC 6.0; MDDR; .NET4.0C; .NET4.0E; .NET CLR 1.1.4322; Tablet PC 2.0); 360Spider"
101.226.168.221 - - [07/Feb/2013:10:19:19 +0700] "GET /?id=316&page=articleDetail&portal=mc_web HTTP/1.1" 200 21045 "http://trungtamtoan.com/?id=316&page=articleDetail&portal=mc_web" "Mozilla/4.0 (compatible; MSIE 8.0; Windows NT 6.1; Trident/4.0; SLCC2; .NET CLR 2.0.50727; .NET CLR 3.5.30729; .NET CLR 3.0.30729; Media Center PC 6.0; MDDR; .NET4.0C; .NET4.0E; .NET CLR 1.1.4322; Tablet PC 2.0); 360Spider"
182.118.21.240 - - [07/Feb/2013:10:19:23 +0700] "GET /?id=94&page=DocDetail&portal=mc_web HTTP/1.1" 200 21834 "http://trungtamtoan.com/?id=94&page=DocDetail&portal=mc_web" "Mozilla/5.0 (Windows; U; Windows NT 5.1; zh-CN; rv:1.8.0.11) Gecko/20070312 Firefox/1.5.0.11; 360Spider"
182.118.21.238 - - [07/Feb/2013:10:19:23 +0700] "GET /?id=93&page=DocDetail&portal=mc_web HTTP/1.1" 200 21578 "http://trungtamtoan.com/?id=93&page=DocDetail&portal=mc_web" "Mozilla/5.0 (Windows; U; Windows NT 5.1; zh-CN; rv:1.8.0.11) Gecko/20070312 Firefox/1.5.0.11; 360Spider"
182.118.21.233 - - [07/Feb/2013:10:19:23 +0700] "GET /?id=95&page=DocDetail&portal=mc_web HTTP/1.1" 200 22065 "http://trungtamtoan.com/?id=95&page=DocDetail&portal=mc_web" "Mozilla/5.0 (Windows; U; Windows NT 5.1; zh-CN; rv:1.8.0.11) Gecko/20070312 Firefox/1.5.0.11; 360Spider"
182.118.21.236 - - [07/Feb/2013:10:19:23 +0700] "GET /?id=80&page=DocDetail&portal=mc_web HTTP/1.1" 200 21338 "http://trungtamtoan.com/?id=80&page=DocDetail&portal=mc_web" "Mozilla/5.0 (Windows; U; Windows NT 5.1; zh-CN; rv:1.8.0.11) Gecko/20070312 Firefox/1.5.0.11; 360Spider"
101.226.167.210 - - [07/Feb/2013:10:19:33 +0700] "GET /?cateID=4&classID=17&page=DocOfClass&page_no=4&portal=mc_web HTTP/1.1" 200 18698 "http://trungtamtoan.com/?cateID=4&classID=17&page=DocOfClass&page_no=4&portal=mc_web" "Mozilla/4.0 (compatible; MSIE 8.0; Windows NT 6.1; Trident/4.0; SLCC2; .NET CLR 2.0.50727; .NET CLR 3.5.30729; .NET CLR 3.0.30729; Media Center PC 6.0; MDDR; .NET4.0C; .NET4.0E; .NET CLR 1.1.4322; Tablet PC 2.0); 360Spider"
101.226.167.213 - - [07/Feb/2013:10:19:33 +0700] "GET /?id=100&page=DocDetail&portal=mc_web HTTP/1.1" 200 22792 "http://trungtamtoan.com/?id=100&page=DocDetail&portal=mc_web" "Mozilla/4.0 (compatible; MSIE 8.0; Windows NT 6.1; Trident/4.0; SLCC2; .NET CLR 2.0.50727; .NET CLR 3.5.30729; .NET CLR 3.0.30729; Media Center PC 6.0; MDDR; .NET4.0C; .NET4.0E; .NET CLR 1.1.4322; Tablet PC 2.0); 360Spider"
101.226.167.211 - - [07/Feb/2013:10:19:33 +0700] "GET /?name=20120922/admin_1348309559.pdf&page=Download&portal=mc_web HTTP/1.1" 200 201455 "http://trungtamtoan.com/?name=20120922/admin_1348309559.pdf&page=Download&portal=mc_web" "Mozilla/4.0 (compatible; MSIE 8.0; Windows NT 6.1; Trident/4.0; SLCC2; .NET CLR 2.0.50727; .NET CLR 3.5.30729; .NET CLR 3.0.30729; Media Center PC 6.0; MDDR; .NET4.0C; .NET4.0E; .NET CLR 1.1.4322; Tablet PC 2.0); 360Spider"
182.118.21.233 - - [07/Feb/2013:10:19:41 +0700] "GET /?name=20120922/admin_1348309381.pdf&page=Download&portal=mc_web HTTP/1.1" 200 295155 "http://trungtamtoan.com/?name=20120922/admin_1348309381.pdf&page=Download&portal=mc_web" "Mozilla/5.0 (Windows; U; Windows NT 5.1; zh-CN; rv:1.8.0.11) Gecko/20070312 Firefox/1.5.0.11; 360Spider"
101.226.167.210 - - [07/Feb/2013:10:20:08 +0700] "GET /?id=102&page=DocDetail&portal=mc_web HTTP/1.1" 200 22780 "http://trungtamtoan.com/?id=102&page=DocDetail&portal=mc_web" "Mozilla/4.0 (compatible; MSIE 8.0; Windows NT 6.1; Trident/4.0; SLCC2; .NET CLR 2.0.50727; .NET CLR 3.5.30729; .NET CLR 3.0.30729; Media Center PC 6.0; MDDR; .NET4.0C; .NET4.0E; .NET CLR 1.1.4322; Tablet PC 2.0); 360Spider"
101.226.167.208 - - [07/Feb/2013:10:20:08 +0700] "GET /?name=20120922/admin_1348309599.pdf&page=Download&portal=mc_web HTTP/1.1" 200 123235 "http://trungtamtoan.com/?name=20120922/admin_1348309599.pdf&page=Download&portal=mc_web" "Mozilla/4.0 (compatible; MSIE 8.0; Windows NT 6.1; Trident/4.0; SLCC2; .NET CLR 2.0.50727; .NET CLR 3.5.30729; .NET CLR 3.0.30729; Media Center PC 6.0; MDDR; .NET4.0C; .NET4.0E; .NET CLR 1.1.4322; Tablet PC 2.0); 360Spider"
101.226.167.211 - - [07/Feb/2013:10:20:48 +0700] "GET /?id=105&page=DocDetail&portal=mc_web HTTP/1.1" 200 22752 "http://trungtamtoan.com/?id=105&page=DocDetail&portal=mc_web" "Mozilla/4.0 (compatible; MSIE 8.0; Windows NT 6.1; Trident/4.0; SLCC2; .NET CLR 2.0.50727; .NET CLR 3.5.30729; .NET CLR 3.0.30729; Media Center PC 6.0; MDDR; .NET4.0C; .NET4.0E; .NET CLR 1.1.4322; Tablet PC 2.0); 360Spider"
101.226.168.222 - - [07/Feb/2013:10:21:30 +0700] "GET /?id=79&page=DocDetail&portal=mc_web HTTP/1.1" 200 21458 "http://trungtamtoan.com/?id=79&page=DocDetail&portal=mc_web" "Mozilla/4.0 (compatible; MSIE 8.0; Windows NT 6.1; Trident/4.0; SLCC2; .NET CLR 2.0.50727; .NET CLR 3.5.30729; .NET CLR 3.0.30729; Media Center PC 6.0; MDDR; .NET4.0C; .NET4.0E; .NET CLR 1.1.4322; Tablet PC 2.0); 360Spider"
101.226.167.210 - - [07/Feb/2013:10:21:41 +0700] "GET /?id=106&page=DocDetail&portal=mc_web HTTP/1.1" 200 22755 "http://trungtamtoan.com/?id=106&page=DocDetail&portal=mc_web" "Mozilla/4.0 (compatible; MSIE 8.0; Windows NT 6.1; Trident/4.0; SLCC2; .NET CLR 2.0.50727; .NET CLR 3.5.30729; .NET CLR 3.0.30729; Media Center PC 6.0; MDDR; .NET4.0C; .NET4.0E; .NET CLR 1.1.4322; Tablet PC 2.0); 360Spider"
101.226.168.225 - - [07/Feb/2013:10:22:07 +0700] "GET /?id=134&page=DocDetail&portal=mc_web HTTP/1.1" 200 22755 "http://trungtamtoan.com/?id=134&page=DocDetail&portal=mc_web" "Mozilla/4.0 (compatible; MSIE 8.0; Windows NT 6.1; Trident/4.0; SLCC2; .NET CLR 2.0.50727; .NET CLR 3.5.30729; .NET CLR 3.0.30729; Media Center PC 6.0; MDDR; .NET4.0C; .NET4.0E; .NET CLR 1.1.4322; Tablet PC 2.0); 360Spider"
101.226.166.198 - - [07/Feb/2013:10:23:26 +0700] "GET /?id=112&page=DocDetail&portal=mc_web HTTP/1.1" 200 22756 "http://trungtamtoan.com/?id=112&page=DocDetail&portal=mc_web" "Mozilla/4.0 (compatible; MSIE 8.0; Windows NT 6.1; Trident/4.0; SLCC2; .NET CLR 2.0.50727; .NET CLR 3.5.30729; .NET CLR 3.0.30729; Media Center PC 6.0; MDDR; .NET4.0C; .NET4.0E; .NET CLR 1.1.4322; Tablet PC 2.0); 360Spider"
101.226.166.199 - - [07/Feb/2013:10:23:26 +0700] "GET /?id=113&page=DocDetail&portal=mc_web HTTP/1.1" 200 22746 "http://trungtamtoan.com/?id=113&page=DocDetail&portal=mc_web" "Mozilla/4.0 (compatible; MSIE 8.0; Windows NT 6.1; Trident/4.0; SLCC2; .NET CLR 2.0.50727; .NET CLR 3.5.30729; .NET CLR 3.0.30729; Media Center PC 6.0; MDDR; .NET4.0C; .NET4.0E; .NET CLR 1.1.4322; Tablet PC 2.0); 360Spider"
101.226.166.200 - - [07/Feb/2013:10:23:30 +0700] "GET /?id=111&page=DocDetail&portal=mc_web HTTP/1.1" 200 22745 "http://trungtamtoan.com/?id=111&page=DocDetail&portal=mc_web" "Mozilla/4.0 (compatible; MSIE 8.0; Windows NT 6.1; Trident/4.0; SLCC2; .NET CLR 2.0.50727; .NET CLR 3.5.30729; .NET CLR 3.0.30729; Media Center PC 6.0; MDDR; .NET4.0C; .NET4.0E; .NET CLR 1.1.4322; Tablet PC 2.0); 360Spider"
101.226.166.199 - - [07/Feb/2013:10:23:57 +0700] "GET /?id=114&page=DocDetail&portal=mc_web HTTP/1.1" 200 22756 "http://trungtamtoan.com/?id=114&page=DocDetail&portal=mc_web" "Mozilla/4.0 (compatible; MSIE 8.0; Windows NT 6.1; Trident/4.0; SLCC2; .NET CLR 2.0.50727; .NET CLR 3.5.30729; .NET CLR 3.0.30729; Media Center PC 6.0; MDDR; .NET4.0C; .NET4.0E; .NET CLR 1.1.4322; Tablet PC 2.0); 360Spider"
101.226.169.222 - - [07/Feb/2013:10:24:09 +0700] "GET /?id=133&page=DocDetail&portal=mc_web HTTP/1.1" 200 22745 "http://trungtamtoan.com/?id=133&page=DocDetail&portal=mc_web" "Mozilla/4.0 (compatible; MSIE 8.0; Windows NT 6.1; Trident/4.0; SLCC2; .NET CLR 2.0.50727; .NET CLR 3.5.30729; .NET CLR 3.0.30729; Media Center PC 6.0; MDDR; .NET4.0C; .NET4.0E; .NET CLR 1.1.4322; Tablet PC 2.0); 360Spider"
101.226.166.203 - - [07/Feb/2013:10:24:14 +0700] "GET /?name=20120922/admin_1348309904.pdf&page=Download&portal=mc_web HTTP/1.1" 200 263949 "http://trungtamtoan.com/?name=20120922/admin_1348309904.pdf&page=Download&portal=mc_web" "Mozilla/4.0 (compatible; MSIE 8.0; Windows NT 6.1; Trident/4.0; SLCC2; .NET CLR 2.0.50727; .NET CLR 3.5.30729; .NET CLR 3.0.30729; Media Center PC 6.0; MDDR; .NET4.0C; .NET4.0E; .NET CLR 1.1.4322; Tablet PC 2.0); 360Spider"
101.226.166.200 - - [07/Feb/2013:10:24:28 +0700] "GET /?id=116&page=DocDetail&portal=mc_web HTTP/1.1" 200 22756 "http://trungtamtoan.com/?id=116&page=DocDetail&portal=mc_web" "Mozilla/4.0 (compatible; MSIE 8.0; Windows NT 6.1; Trident/4.0; SLCC2; .NET CLR 2.0.50727; .NET CLR 3.5.30729; .NET CLR 3.0.30729; Media Center PC 6.0; MDDR; .NET4.0C; .NET4.0E; .NET CLR 1.1.4322; Tablet PC 2.0); 360Spider"
199.36.240.17 - - [07/Feb/2013:10:25:15 +0700] "GET /data/images/imageForArticle/images649507_anh1,truongDhQuangNamdon2000tanHSSV.jpg HTTP/1.1" 304 0 "-" "Mozilla/5.0 (compatible; YandexImages/3.0; +http://yandex.com/bots)"
182.118.21.225 - - [07/Feb/2013:10:30:43 +0700] "GET /?id=121&page=DocDetail&portal=mc_web HTTP/1.1" 200 22745 "http://trungtamtoan.com/?id=121&page=DocDetail&portal=mc_web" "Mozilla/5.0 (Windows; U; Windows NT 5.1; zh-CN; rv:1.8.0.11) Gecko/20070312 Firefox/1.5.0.11; 360Spider"
182.118.21.220 - - [07/Feb/2013:10:30:43 +0700] "GET /?id=120&page=DocDetail&portal=mc_web HTTP/1.1" 200 22755 "http://trungtamtoan.com/?id=120&page=DocDetail&portal=mc_web" "Mozilla/5.0 (Windows; U; Windows NT 5.1; zh-CN; rv:1.8.0.11) Gecko/20070312 Firefox/1.5.0.11; 360Spider"
182.118.21.223 - - [07/Feb/2013:10:30:46 +0700] "GET /?id=118&page=DocDetail&portal=mc_web HTTP/1.1" 200 22755 "http://trungtamtoan.com/?id=118&page=DocDetail&portal=mc_web" "Mozilla/5.0 (Windows; U; Windows NT 5.1; zh-CN; rv:1.8.0.11) Gecko/20070312 Firefox/1.5.0.11; 360Spider"
182.118.21.229 - - [07/Feb/2013:10:30:43 +0700] "GET /?id=122&page=DocDetail&portal=mc_web HTTP/1.1" 200 22755 "http://trungtamtoan.com/?id=122&page=DocDetail&portal=mc_web" "Mozilla/5.0 (Windows; U; Windows NT 5.1; zh-CN; rv:1.8.0.11) Gecko/20070312 Firefox/1.5.0.11; 360Spider"
182.118.21.226 - - [07/Feb/2013:10:30:43 +0700] "GET /?id=123&page=DocDetail&portal=mc_web HTTP/1.1" 200 22745 "http://trungtamtoan.com/?id=123&page=DocDetail&portal=mc_web" "Mozilla/5.0 (Windows; U; Windows NT 5.1; zh-CN; rv:1.8.0.11) Gecko/20070312 Firefox/1.5.0.11; 360Spider"
182.118.21.227 - - [07/Feb/2013:10:30:55 +0700] "GET /?id=125&page=DocDetail&portal=mc_web HTTP/1.1" 200 22745 "http://trungtamtoan.com/?id=125&page=DocDetail&portal=mc_web" "Mozilla/5.0 (Windows; U; Windows NT 5.1; zh-CN; rv:1.8.0.11) Gecko/20070312 Firefox/1.5.0.11; 360Spider"
182.118.21.220 - - [07/Feb/2013:10:30:55 +0700] "GET /?id=124&page=DocDetail&portal=mc_web HTTP/1.1" 200 22755 "http://trungtamtoan.com/?id=124&page=DocDetail&portal=mc_web" "Mozilla/5.0 (Windows; U; Windows NT 5.1; zh-CN; rv:1.8.0.11) Gecko/20070312 Firefox/1.5.0.11; 360Spider"
182.118.21.222 - - [07/Feb/2013:10:30:58 +0700] "GET /?name=20120922/admin_1348310261.pdf&page=Download&portal=mc_web HTTP/1.1" 200 211248 "http://trungtamtoan.com/?name=20120922/admin_1348310261.pdf&page=Download&portal=mc_web" "Mozilla/5.0 (Windows; U; Windows NT 5.1; zh-CN; rv:1.8.0.11) Gecko/20070312 Firefox/1.5.0.11; 360Spider"
182.118.21.239 - - [07/Feb/2013:10:31:01 +0700] "GET /?cateID=4&classID=17&page=DocOfClass&page_no=3&portal=mc_web HTTP/1.1" 200 22378 "http://trungtamtoan.com/?cateID=4&classID=17&page=DocOfClass&page_no=3&portal=mc_web" "Mozilla/5.0 (Windows; U; Windows NT 5.1; zh-CN; rv:1.8.0.11) Gecko/20070312 Firefox/1.5.0.11; 360Spider"
182.118.21.229 - - [07/Feb/2013:10:31:02 +0700] "GET /?id=128&page=DocDetail&portal=mc_web HTTP/1.1" 200 22755 "http://trungtamtoan.com/?id=128&page=DocDetail&portal=mc_web" "Mozilla/5.0 (Windows; U; Windows NT 5.1; zh-CN; rv:1.8.0.11) Gecko/20070312 Firefox/1.5.0.11; 360Spider"
182.118.21.225 - - [07/Feb/2013:10:31:02 +0700] "GET /?id=126&page=DocDetail&portal=mc_web HTTP/1.1" 200 22755 "http://trungtamtoan.com/?id=126&page=DocDetail&portal=mc_web" "Mozilla/5.0 (Windows; U; Windows NT 5.1; zh-CN; rv:1.8.0.11) Gecko/20070312 Firefox/1.5.0.11; 360Spider"
182.118.25.201 - - [07/Feb/2013:10:31:52 +0700] "GET /?name=20120922/admin_1348309436.pdf&page=Download&portal=mc_web HTTP/1.1" 200 135393 "http://trungtamtoan.com/?name=20120922/admin_1348309436.pdf&page=Download&portal=mc_web" "Mozilla/5.0 (Windows; U; Windows NT 5.1; zh-CN; rv:1.8.0.11) Gecko/20070312 Firefox/1.5.0.11; 360Spider"
182.118.25.210 - - [07/Feb/2013:10:34:47 +0700] "GET /?id=132&page=DocDetail&portal=mc_web HTTP/1.1" 200 22755 "http://trungtamtoan.com/?id=132&page=DocDetail&portal=mc_web" "Mozilla/5.0 (Windows; U; Windows NT 5.1; zh-CN; rv:1.8.0.11) Gecko/20070312 Firefox/1.5.0.11; 360Spider"
182.118.25.209 - - [07/Feb/2013:10:34:50 +0700] "GET /?id=131&page=DocDetail&portal=mc_web HTTP/1.1" 200 22745 "http://trungtamtoan.com/?id=131&page=DocDetail&portal=mc_web" "Mozilla/5.0 (Windows; U; Windows NT 5.1; zh-CN; rv:1.8.0.11) Gecko/20070312 Firefox/1.5.0.11; 360Spider"
182.118.25.209 - - [07/Feb/2013:10:34:51 +0700] "GET /?name=20120922/admin_1348310289.pdf&page=Download&portal=mc_web HTTP/1.1" 200 292292 "http://trungtamtoan.com/?name=20120922/admin_1348310289.pdf&page=Download&portal=mc_web" "Mozilla/5.0 (Windows; U; Windows NT 5.1; zh-CN; rv:1.8.0.11) Gecko/20070312 Firefox/1.5.0.11; 360Spider"
182.118.25.209 - - [07/Feb/2013:10:34:47 +0700] "GET /?id=314&page=articleDetail&portal=mc_web HTTP/1.1" 200 19935 "http://trungtamtoan.com/?id=314&page=articleDetail&portal=mc_web" "Mozilla/5.0 (Windows; U; Windows NT 5.1; zh-CN; rv:1.8.0.11) Gecko/20070312 Firefox/1.5.0.11; 360Spider"
182.118.25.206 - - [07/Feb/2013:10:35:08 +0700] "GET /?id=130&page=DocDetail&portal=mc_web HTTP/1.1" 200 22755 "http://trungtamtoan.com/?id=130&page=DocDetail&portal=mc_web" "Mozilla/5.0 (Windows; U; Windows NT 5.1; zh-CN; rv:1.8.0.11) Gecko/20070312 Firefox/1.5.0.11; 360Spider"
182.118.25.206 - - [07/Feb/2013:10:35:31 +0700] "GET /?cateID=4&classID=17&page=DocOfClass&page_no=2&portal=mc_web HTTP/1.1" 200 22364 "http://trungtamtoan.com/?cateID=4&classID=17&page=DocOfClass&page_no=2&portal=mc_web" "Mozilla/5.0 (Windows; U; Windows NT 5.1; zh-CN; rv:1.8.0.11) Gecko/20070312 Firefox/1.5.0.11; 360Spider"
182.118.25.214 - - [07/Feb/2013:10:41:26 +0700] "GET /?name=20120922/admin_1348309784.pdf&page=Download&portal=mc_web HTTP/1.1" 200 298359 "http://trungtamtoan.com/?name=20120922/admin_1348309784.pdf&page=Download&portal=mc_web" "Mozilla/5.0 (Windows; U; Windows NT 5.1; zh-CN; rv:1.8.0.11) Gecko/20070312 Firefox/1.5.0.11; 360Spider"
182.118.25.214 - - [07/Feb/2013:10:41:26 +0700] "GET /?name=20120922/admin_1348310236.pdf&page=Download&portal=mc_web HTTP/1.1" 200 289755 "http://trungtamtoan.com/?name=20120922/admin_1348310236.pdf&page=Download&portal=mc_web" "Mozilla/5.0 (Windows; U; Windows NT 5.1; zh-CN; rv:1.8.0.11) Gecko/20070312 Firefox/1.5.0.11; 360Spider"
182.118.25.215 - - [07/Feb/2013:10:41:26 +0700] "GET /?name=20120922/admin_1348309631.pdf&page=Download&portal=mc_web HTTP/1.1" 200 193599 "http://trungtamtoan.com/?name=20120922/admin_1348309631.pdf&page=Download&portal=mc_web" "Mozilla/5.0 (Windows; U; Windows NT 5.1; zh-CN; rv:1.8.0.11) Gecko/20070312 Firefox/1.5.0.11; 360Spider"
182.118.25.213 - - [07/Feb/2013:10:41:26 +0700] "GET /?name=20120922/admin_1348309749.pdf&page=Download&portal=mc_web HTTP/1.1" 200 195522 "http://trungtamtoan.com/?name=20120922/admin_1348309749.pdf&page=Download&portal=mc_web" "Mozilla/5.0 (Windows; U; Windows NT 5.1; zh-CN; rv:1.8.0.11) Gecko/20070312 Firefox/1.5.0.11; 360Spider"
182.118.25.211 - - [07/Feb/2013:10:41:26 +0700] "GET /?name=20120922/admin_1348309819.pdf&page=Download&portal=mc_web HTTP/1.1" 200 226155 "http://trungtamtoan.com/?name=20120922/admin_1348309819.pdf&page=Download&portal=mc_web" "Mozilla/5.0 (Windows; U; Windows NT 5.1; zh-CN; rv:1.8.0.11) Gecko/20070312 Firefox/1.5.0.11; 360Spider"
182.118.25.213 - - [07/Feb/2013:10:41:30 +0700] "GET /?id=135&page=DocDetail&portal=mc_web HTTP/1.1" 200 22745 "http://trungtamtoan.com/?id=135&page=DocDetail&portal=mc_web" "Mozilla/5.0 (Windows; U; Windows NT 5.1; zh-CN; rv:1.8.0.11) Gecko/20070312 Firefox/1.5.0.11; 360Spider"
182.118.25.211 - - [07/Feb/2013:10:41:30 +0700] "GET /?id=136&page=DocDetail&portal=mc_web HTTP/1.1" 200 22755 "http://trungtamtoan.com/?id=136&page=DocDetail&portal=mc_web" "Mozilla/5.0 (Windows; U; Windows NT 5.1; zh-CN; rv:1.8.0.11) Gecko/20070312 Firefox/1.5.0.11; 360Spider"
182.118.25.215 - - [07/Feb/2013:10:41:38 +0700] "GET /?name=20120922/admin_1348310132.pdf&page=Download&portal=mc_web HTTP/1.1" 200 215614 "http://trungtamtoan.com/?name=20120922/admin_1348310132.pdf&page=Download&portal=mc_web" "Mozilla/5.0 (Windows; U; Windows NT 5.1; zh-CN; rv:1.8.0.11) Gecko/20070312 Firefox/1.5.0.11; 360Spider"
199.36.240.17 - - [07/Feb/2013:10:43:24 +0700] "GET /data/images/promotion/khamphabian.png HTTP/1.1" 304 0 "-" "Mozilla/5.0 (compatible; YandexImages/3.0; +http://yandex.com/bots)"
157.55.32.62 - - [07/Feb/2013:10:59:01 +0700] "GET /robots.txt HTTP/1.1" 404 274 "-" "Mozilla/5.0 (compatible; bingbot/2.0; +http://www.bing.com/bingbot.htm)"
157.55.32.62 - - [07/Feb/2013:11:00:46 +0700] "GET / HTTP/1.1" 200 19225 "-" "Mozilla/5.0 (compatible; bingbot/2.0; +http://www.bing.com/bingbot.htm)"
157.55.32.62 - - [07/Feb/2013:11:00:50 +0700] "GET / HTTP/1.1" 200 19225 "-" "Mozilla/5.0 (compatible; bingbot/2.0; +http://www.bing.com/bingbot.htm)"
157.55.32.62 - - [07/Feb/2013:11:00:54 +0700] "GET /?portal=mc_web&page=articleDetail&id=627 HTTP/1.1" 200 23671 "-" "Mozilla/5.0 (compatible; bingbot/2.0; +http://www.bing.com/bingbot.htm)"
157.55.32.62 - - [07/Feb/2013:11:00:57 +0700] "GET /?portal=mc_web&page=DocDetail&id=109 HTTP/1.1" 200 22745 "-" "Mozilla/5.0 (compatible; bingbot/2.0; +http://www.bing.com/bingbot.htm)"
157.55.32.62 - - [07/Feb/2013:11:01:01 +0700] "GET / HTTP/1.1" 200 19225 "-" "Mozilla/5.0 (compatible; bingbot/2.0; +http://www.bing.com/bingbot.htm)"
199.36.240.17 - - [07/Feb/2013:11:08:18 +0700] "GET /data/images/imageForArticle/images650394_IMG_01.jpg HTTP/1.1" 304 0 "-" "Mozilla/5.0 (compatible; YandexImages/3.0; +http://yandex.com/bots)"
157.55.32.142 - - [07/Feb/2013:11:34:19 +0700] "GET /?portal=mc_web&page=DocDetail&id=134 HTTP/1.1" 200 22755 "-" "Mozilla/5.0 (compatible; bingbot/2.0; +http://www.bing.com/bingbot.htm)"
157.55.32.142 - - [07/Feb/2013:11:34:19 +0700] "GET /?portal=mc_web&page=DocDetail&id=143 HTTP/1.1" 200 22745 "-" "Mozilla/5.0 (compatible; bingbot/2.0; +http://www.bing.com/bingbot.htm)"
157.55.32.142 - - [07/Feb/2013:11:34:23 +0700] "GET /?portal=mc_web&page=NewDoc HTTP/1.1" 200 22014 "-" "Mozilla/5.0 (compatible; bingbot/2.0; +http://www.bing.com/bingbot.htm)"
157.55.32.142 - - [07/Feb/2013:11:34:23 +0700] "GET /?portal=mc_web&page=articleDetail&id=625 HTTP/1.1" 200 27468 "-" "Mozilla/5.0 (compatible; bingbot/2.0; +http://www.bing.com/bingbot.htm)"
65.55.52.114 - - [07/Feb/2013:11:36:16 +0700] "GET /?portal=mc_web&page=articleDetail&id=594 HTTP/1.1" 200 29797 "-" "Mozilla/5.0 (compatible; bingbot/2.0; +http://www.bing.com/bingbot.htm)"
65.55.52.114 - - [07/Feb/2013:11:36:19 +0700] "GET /?portal=mc_web&page=articleDetail&id=611 HTTP/1.1" 200 23798 "-" "Mozilla/5.0 (compatible; bingbot/2.0; +http://www.bing.com/bingbot.htm)"
65.55.52.114 - - [07/Feb/2013:11:36:19 +0700] "GET /?portal=mc_web&page=articleDetail&id=610 HTTP/1.1" 200 27272 "-" "Mozilla/5.0 (compatible; bingbot/2.0; +http://www.bing.com/bingbot.htm)"
157.56.93.150 - - [07/Feb/2013:11:47:16 +0700] "GET /?portal=mc_web&page=DocDetail&id=136 HTTP/1.1" 200 22755 "-" "Mozilla/5.0 (compatible; bingbot/2.0; +http://www.bing.com/bingbot.htm)"
157.56.93.150 - - [07/Feb/2013:11:47:16 +0700] "GET /?portal=mc_web&page=articleDetail&id=612 HTTP/1.1" 200 31723 "-" "Mozilla/5.0 (compatible; bingbot/2.0; +http://www.bing.com/bingbot.htm)"
157.56.93.150 - - [07/Feb/2013:11:47:20 +0700] "GET /?portal=mc_web&page=DocDetail&id=108 HTTP/1.1" 200 22755 "-" "Mozilla/5.0 (compatible; bingbot/2.0; +http://www.bing.com/bingbot.htm)"
199.36.240.17 - - [07/Feb/2013:11:50:05 +0700] "GET /data/images/imageForArticle/images648486_IMG_1557.jpg HTTP/1.1" 304 0 "-" "Mozilla/5.0 (compatible; YandexImages/3.0; +http://yandex.com/bots)"
208.115.111.73 - - [07/Feb/2013:12:05:03 +0700] "GET /robots.txt HTTP/1.1" 404 278 "-" "Mozilla/5.0 (compatible; Ezooms/1.0; ezooms.bot@gmail.com)"
208.115.111.73 - - [07/Feb/2013:12:05:03 +0700] "GET /robots.txt HTTP/1.1" 404 274 "-" "Mozilla/5.0 (compatible; Ezooms/1.0; ezooms.bot@gmail.com)"
180.76.6.213 - - [07/Feb/2013:12:13:11 +0700] "GET /?portal=mc_web&page=DocDetail&id=140 HTTP/1.1" 200 23199 "-" "Mozilla/5.0 (compatible; Baiduspider/2.0; +http://www.baidu.com/search/spider.html)"
199.36.240.17 - - [07/Feb/2013:12:33:01 +0700] "GET /data/images/thumb/images653457_untitled.jpg HTTP/1.1" 304 0 "-" "Mozilla/5.0 (compatible; YandexImages/3.0; +http://yandex.com/bots)"
199.36.240.17 - - [07/Feb/2013:12:35:27 +0700] "GET /webskins/plugins/TinySlideshow/thumbnails/3.jpg HTTP/1.1" 304 0 "-" "Mozilla/5.0 (compatible; YandexImages/3.0; +http://yandex.com/bots)"
199.36.240.17 - - [07/Feb/2013:13:17:51 +0700] "GET /data/images/imageForArticle/images650697_91edatduocmuctieudoimoigiaoducDH.jpg HTTP/1.1" 304 0 "-" "Mozilla/5.0 (compatible; YandexImages/3.0; +http://yandex.com/bots)"
199.36.240.17 - - [07/Feb/2013:13:58:10 +0700] "GET /data/images/imageForArticle/images650350_DSC_2235.jpg HTTP/1.1" 304 0 "-" "Mozilla/5.0 (compatible; YandexImages/3.0; +http://yandex.com/bots)"
173.199.120.171 - - [07/Feb/2013:14:04:01 +0700] "GET /?portal=mc_web&page=DocDetail&id=147 HTTP/1.1" 200 22745 "-" "Mozilla/5.0 (compatible; AhrefsBot/4.0; +http://ahrefs.com/robot/)"
173.199.120.171 - - [07/Feb/2013:14:14:14 +0700] "GET /?portal=mc_web&page=DocOfClass&classID=7&cateID=1 HTTP/1.1" 200 17224 "-" "Mozilla/5.0 (compatible; AhrefsBot/4.0; +http://ahrefs.com/robot/)"
199.36.240.17 - - [07/Feb/2013:14:29:05 +0700] "GET /data/images/thumb/images653798_1.jpg HTTP/1.1" 304 0 "-" "Mozilla/5.0 (compatible; YandexImages/3.0; +http://yandex.com/bots)"
118.70.248.17 - - [07/Feb/2013:14:39:31 +0700] "GET / HTTP/1.1" 200 19433 "-" "Mozilla/5.0 (Windows NT 5.1) AppleWebKit/537.17 (KHTML, like Gecko) Chrome/24.0.1312.57 Safari/537.17"
118.70.248.17 - - [07/Feb/2013:14:39:34 +0700] "GET /webskins/skins/default/main/styles/common-ext.css HTTP/1.1" 200 1758 "http://www.trungtamtoan.com/" "Mozilla/5.0 (Windows NT 5.1) AppleWebKit/537.17 (KHTML, like Gecko) Chrome/24.0.1312.57 Safari/537.17"
118.70.248.17 - - [07/Feb/2013:14:39:34 +0700] "GET /webskins/skins/default/main/styles/common.css HTTP/1.1" 200 45652 "http://www.trungtamtoan.com/" "Mozilla/5.0 (Windows NT 5.1) AppleWebKit/537.17 (KHTML, like Gecko) Chrome/24.0.1312.57 Safari/537.17"
118.70.248.17 - - [07/Feb/2013:14:39:34 +0700] "GET /webskins/skins/platform/jquery.alerts/jquery.alerts.css HTTP/1.1" 200 1329 "http://www.trungtamtoan.com/" "Mozilla/5.0 (Windows NT 5.1) AppleWebKit/537.17 (KHTML, like Gecko) Chrome/24.0.1312.57 Safari/537.17"
118.70.248.17 - - [07/Feb/2013:14:39:34 +0700] "GET /modules/default/frontend/DefaultHeader.js HTTP/1.1" 200 581 "http://www.trungtamtoan.com/" "Mozilla/5.0 (Windows NT 5.1) AppleWebKit/537.17 (KHTML, like Gecko) Chrome/24.0.1312.57 Safari/537.17"
118.70.248.17 - - [07/Feb/2013:14:39:34 +0700] "GET /webskins/plugins/formValidator.2.2/css/validationEngine.jquery.css HTTP/1.1" 200 2320 "http://www.trungtamtoan.com/" "Mozilla/5.0 (Windows NT 5.1) AppleWebKit/537.17 (KHTML, like Gecko) Chrome/24.0.1312.57 Safari/537.17"
118.70.248.17 - - [07/Feb/2013:14:39:35 +0700] "GET /webskins/plugins/TinySlideshow/style.css HTTP/1.1" 200 1622 "http://www.trungtamtoan.com/" "Mozilla/5.0 (Windows NT 5.1) AppleWebKit/537.17 (KHTML, like Gecko) Chrome/24.0.1312.57 Safari/537.17"
118.70.248.17 - - [07/Feb/2013:14:39:35 +0700] "GET /webskins/js/jquery.alerts.js HTTP/1.1" 200 6875 "http://www.trungtamtoan.com/" "Mozilla/5.0 (Windows NT 5.1) AppleWebKit/537.17 (KHTML, like Gecko) Chrome/24.0.1312.57 Safari/537.17"
118.70.248.17 - - [07/Feb/2013:14:39:35 +0700] "GET /webskins/plugins/TinySlideshow/compressed.js HTTP/1.1" 200 4970 "http://www.trungtamtoan.com/" "Mozilla/5.0 (Windows NT 5.1) AppleWebKit/537.17 (KHTML, like Gecko) Chrome/24.0.1312.57 Safari/537.17"
118.70.248.17 - - [07/Feb/2013:14:39:35 +0700] "GET /modules/mcweb/MCboard.js HTTP/1.1" 200 74 "http://www.trungtamtoan.com/" "Mozilla/5.0 (Windows NT 5.1) AppleWebKit/537.17 (KHTML, like Gecko) Chrome/24.0.1312.57 Safari/537.17"
118.70.248.17 - - [07/Feb/2013:14:39:35 +0700] "GET /webskins/plugins/formValidator.2.2/js/languages/jquery.validationEngine-vi2.js HTTP/1.1" 200 8408 "http://www.trungtamtoan.com/" "Mozilla/5.0 (Windows NT 5.1) AppleWebKit/537.17 (KHTML, like Gecko) Chrome/24.0.1312.57 Safari/537.17"
118.70.248.17 - - [07/Feb/2013:14:39:35 +0700] "GET /webskins/plugins/formValidator.2.2/js/contrib/other-validations.js HTTP/1.1" 200 968 "http://www.trungtamtoan.com/" "Mozilla/5.0 (Windows NT 5.1) AppleWebKit/537.17 (KHTML, like Gecko) Chrome/24.0.1312.57 Safari/537.17"
118.70.248.17 - - [07/Feb/2013:14:39:35 +0700] "GET /webskins/plugins/formValidator.2.2/js/jquery.validationEngine.js HTTP/1.1" 200 48957 "http://www.trungtamtoan.com/" "Mozilla/5.0 (Windows NT 5.1) AppleWebKit/537.17 (KHTML, like Gecko) Chrome/24.0.1312.57 Safari/537.17"
118.70.248.17 - - [07/Feb/2013:14:39:34 +0700] "GET /webskins/js/jquery-1.7.2.js HTTP/1.1" 200 252881 "http://www.trungtamtoan.com/" "Mozilla/5.0 (Windows NT 5.1) AppleWebKit/537.17 (KHTML, like Gecko) Chrome/24.0.1312.57 Safari/537.17"
118.70.248.17 - - [07/Feb/2013:14:39:35 +0700] "GET /data/avatar/mathlogo.gif HTTP/1.1" 200 7928 "http://www.trungtamtoan.com/" "Mozilla/5.0 (Windows NT 5.1) AppleWebKit/537.17 (KHTML, like Gecko) Chrome/24.0.1312.57 Safari/537.17"
118.70.248.17 - - [07/Feb/2013:14:39:35 +0700] "GET /data/images/promotion/ads1.png HTTP/1.1" 200 58888 "http://www.trungtamtoan.com/" "Mozilla/5.0 (Windows NT 5.1) AppleWebKit/537.17 (KHTML, like Gecko) Chrome/24.0.1312.57 Safari/537.17"
118.70.248.17 - - [07/Feb/2013:14:39:35 +0700] "GET /webskins/skins/default/main/images/box-btm.png HTTP/1.1" 200 941 "http://www.trungtamtoan.com/" "Mozilla/5.0 (Windows NT 5.1) AppleWebKit/537.17 (KHTML, like Gecko) Chrome/24.0.1312.57 Safari/537.17"
118.70.248.17 - - [07/Feb/2013:14:39:35 +0700] "GET /webskins/skins/default/main/images/arrow_right.gif HTTP/1.1" 200 824 "http://www.trungtamtoan.com/" "Mozilla/5.0 (Windows NT 5.1) AppleWebKit/537.17 (KHTML, like Gecko) Chrome/24.0.1312.57 Safari/537.17"
118.70.248.17 - - [07/Feb/2013:14:39:35 +0700] "GET /data/avatar/new.gif HTTP/1.1" 200 2954 "http://www.trungtamtoan.com/" "Mozilla/5.0 (Windows NT 5.1) AppleWebKit/537.17 (KHTML, like Gecko) Chrome/24.0.1312.57 Safari/537.17"
118.70.248.17 - - [07/Feb/2013:14:39:35 +0700] "GET /webskins/skins/default/main/images/sidebar.png HTTP/1.1" 200 989 "http://www.trungtamtoan.com/" "Mozilla/5.0 (Windows NT 5.1) AppleWebKit/537.17 (KHTML, like Gecko) Chrome/24.0.1312.57 Safari/537.17"
118.70.248.17 - - [07/Feb/2013:14:39:35 +0700] "GET /webskins/plugins/TinySlideshow/thumbnails/1.jpg HTTP/1.1" 200 7531 "http://www.trungtamtoan.com/" "Mozilla/5.0 (Windows NT 5.1) AppleWebKit/537.17 (KHTML, like Gecko) Chrome/24.0.1312.57 Safari/537.17"
118.70.248.17 - - [07/Feb/2013:14:39:35 +0700] "GET /webskins/plugins/TinySlideshow/thumbnails/5.jpg HTTP/1.1" 200 8452 "http://www.trungtamtoan.com/" "Mozilla/5.0 (Windows NT 5.1) AppleWebKit/537.17 (KHTML, like Gecko) Chrome/24.0.1312.57 Safari/537.17"
118.70.248.17 - - [07/Feb/2013:14:39:35 +0700] "GET /webskins/plugins/TinySlideshow/thumbnails/6.jpg HTTP/1.1" 200 28405 "http://www.trungtamtoan.com/" "Mozilla/5.0 (Windows NT 5.1) AppleWebKit/537.17 (KHTML, like Gecko) Chrome/24.0.1312.57 Safari/537.17"
118.70.248.17 - - [07/Feb/2013:14:39:35 +0700] "GET /webskins/plugins/TinySlideshow/thumbnails/3.jpg HTTP/1.1" 200 28442 "http://www.trungtamtoan.com/" "Mozilla/5.0 (Windows NT 5.1) AppleWebKit/537.17 (KHTML, like Gecko) Chrome/24.0.1312.57 Safari/537.17"
118.70.248.17 - - [07/Feb/2013:14:39:35 +0700] "GET /webskins/plugins/TinySlideshow/thumbnails/4.jpg HTTP/1.1" 200 8127 "http://www.trungtamtoan.com/" "Mozilla/5.0 (Windows NT 5.1) AppleWebKit/537.17 (KHTML, like Gecko) Chrome/24.0.1312.57 Safari/537.17"
118.70.248.17 - - [07/Feb/2013:14:39:35 +0700] "GET /webskins/plugins/TinySlideshow/thumbnails/2.jpg HTTP/1.1" 200 8056 "http://www.trungtamtoan.com/" "Mozilla/5.0 (Windows NT 5.1) AppleWebKit/537.17 (KHTML, like Gecko) Chrome/24.0.1312.57 Safari/537.17"
118.70.248.17 - - [07/Feb/2013:14:39:35 +0700] "GET /data/avatar/thumb/arrow_right.gif HTTP/1.1" 200 824 "http://www.trungtamtoan.com/" "Mozilla/5.0 (Windows NT 5.1) AppleWebKit/537.17 (KHTML, like Gecko) Chrome/24.0.1312.57 Safari/537.17"
118.70.248.17 - - [07/Feb/2013:14:39:35 +0700] "GET /data/images/thumb//admin_1346932141.jpg HTTP/1.1" 200 4793 "http://www.trungtamtoan.com/" "Mozilla/5.0 (Windows NT 5.1) AppleWebKit/537.17 (KHTML, like Gecko) Chrome/24.0.1312.57 Safari/537.17"
118.70.248.17 - - [07/Feb/2013:14:39:35 +0700] "GET /data/images/thumb//images655210_1.jpg HTTP/1.1" 200 3166 "http://www.trungtamtoan.com/" "Mozilla/5.0 (Windows NT 5.1) AppleWebKit/537.17 (KHTML, like Gecko) Chrome/24.0.1312.57 Safari/537.17"
118.70.248.17 - - [07/Feb/2013:14:39:35 +0700] "GET /data/images/thumb//images655152_chaycongchuc.jpg HTTP/1.1" 200 2527 "http://www.trungtamtoan.com/" "Mozilla/5.0 (Windows NT 5.1) AppleWebKit/537.17 (KHTML, like Gecko) Chrome/24.0.1312.57 Safari/537.17"
118.70.248.17 - - [07/Feb/2013:14:39:35 +0700] "GET /data/images/thumb//images655206_IMG_2296.jpg HTTP/1.1" 200 2996 "http://www.trungtamtoan.com/" "Mozilla/5.0 (Windows NT 5.1) AppleWebKit/537.17 (KHTML, like Gecko) Chrome/24.0.1312.57 Safari/537.17"
118.70.248.17 - - [07/Feb/2013:14:39:35 +0700] "GET /data/images/thumb//admin_1344704443.png HTTP/1.1" 200 2394 "http://www.trungtamtoan.com/" "Mozilla/5.0 (Windows NT 5.1) AppleWebKit/537.17 (KHTML, like Gecko) Chrome/24.0.1312.57 Safari/537.17"
118.70.248.17 - - [07/Feb/2013:14:39:35 +0700] "GET /data/images/thumb//admin_1344704125.jpg HTTP/1.1" 200 3737 "http://www.trungtamtoan.com/" "Mozilla/5.0 (Windows NT 5.1) AppleWebKit/537.17 (KHTML, like Gecko) Chrome/24.0.1312.57 Safari/537.17"
118.70.248.17 - - [07/Feb/2013:14:39:35 +0700] "GET /data/images/thumb//a41d3d7c-f173-4889-b34b-df39659a38e7_220px-Pi_pie2.jpg HTTP/1.1" 200 3320 "http://www.trungtamtoan.com/" "Mozilla/5.0 (Windows NT 5.1) AppleWebKit/537.17 (KHTML, like Gecko) Chrome/24.0.1312.57 Safari/537.17"
118.70.248.17 - - [07/Feb/2013:14:39:35 +0700] "GET /data/images/promotion/khamphabian.png HTTP/1.1" 200 12131 "http://www.trungtamtoan.com/" "Mozilla/5.0 (Windows NT 5.1) AppleWebKit/537.17 (KHTML, like Gecko) Chrome/24.0.1312.57 Safari/537.17"
118.70.248.17 - - [07/Feb/2013:14:39:35 +0700] "GET /data/images/thumb//admin_1344779656.jpg HTTP/1.1" 200 4316 "http://www.trungtamtoan.com/" "Mozilla/5.0 (Windows NT 5.1) AppleWebKit/537.17 (KHTML, like Gecko) Chrome/24.0.1312.57 Safari/537.17"
118.70.248.17 - - [07/Feb/2013:14:39:35 +0700] "GET /data/images/thumb//admin_1344779539.jpg HTTP/1.1" 200 3272 "http://www.trungtamtoan.com/" "Mozilla/5.0 (Windows NT 5.1) AppleWebKit/537.17 (KHTML, like Gecko) Chrome/24.0.1312.57 Safari/537.17"
118.70.248.17 - - [07/Feb/2013:14:39:35 +0700] "GET /data/images/thumb//admin_1344779425.gif HTTP/1.1" 200 2595 "http://www.trungtamtoan.com/" "Mozilla/5.0 (Windows NT 5.1) AppleWebKit/537.17 (KHTML, like Gecko) Chrome/24.0.1312.57 Safari/537.17"
118.70.248.17 - - [07/Feb/2013:14:39:35 +0700] "GET /webskins/skins/default/main/images/bg-footer.jpg HTTP/1.1" 200 8781 "http://www.trungtamtoan.com/" "Mozilla/5.0 (Windows NT 5.1) AppleWebKit/537.17 (KHTML, like Gecko) Chrome/24.0.1312.57 Safari/537.17"
118.70.248.17 - - [07/Feb/2013:14:39:35 +0700] "GET /webskins/plugins/TinySlideshow/images/left.gif HTTP/1.1" 200 167 "http://www.trungtamtoan.com/" "Mozilla/5.0 (Windows NT 5.1) AppleWebKit/537.17 (KHTML, like Gecko) Chrome/24.0.1312.57 Safari/537.17"
118.70.248.17 - - [07/Feb/2013:14:39:35 +0700] "GET /webskins/plugins/TinySlideshow/images/right.gif HTTP/1.1" 200 166 "http://www.trungtamtoan.com/" "Mozilla/5.0 (Windows NT 5.1) AppleWebKit/537.17 (KHTML, like Gecko) Chrome/24.0.1312.57 Safari/537.17"
118.70.248.17 - - [07/Feb/2013:14:39:35 +0700] "GET /webskins/plugins/TinySlideshow/images/scroll-left.gif HTTP/1.1" 200 81 "http://www.trungtamtoan.com/" "Mozilla/5.0 (Windows NT 5.1) AppleWebKit/537.17 (KHTML, like Gecko) Chrome/24.0.1312.57 Safari/537.17"
118.70.248.17 - - [07/Feb/2013:14:39:35 +0700] "GET /webskins/plugins/TinySlideshow/images/scroll-right.gif HTTP/1.1" 200 84 "http://www.trungtamtoan.com/" "Mozilla/5.0 (Windows NT 5.1) AppleWebKit/537.17 (KHTML, like Gecko) Chrome/24.0.1312.57 Safari/537.17"
118.70.248.17 - - [07/Feb/2013:14:39:35 +0700] "GET /webskins/plugins/TinySlideshow/photos/1.jpg HTTP/1.1" 200 64759 "http://www.trungtamtoan.com/" "Mozilla/5.0 (Windows NT 5.1) AppleWebKit/537.17 (KHTML, like Gecko) Chrome/24.0.1312.57 Safari/537.17"
118.70.248.17 - - [07/Feb/2013:14:39:35 +0700] "GET /webskins/skins/system/images/favicon.ico HTTP/1.1" 200 3971 "-" "Mozilla/5.0 (Windows NT 5.1) AppleWebKit/537.17 (KHTML, like Gecko) Chrome/24.0.1312.57 Safari/537.17"
118.70.248.17 - - [07/Feb/2013:14:39:40 +0700] "GET /webskins/plugins/TinySlideshow/photos/2.jpg HTTP/1.1" 200 132630 "http://www.trungtamtoan.com/" "Mozilla/5.0 (Windows NT 5.1) AppleWebKit/537.17 (KHTML, like Gecko) Chrome/24.0.1312.57 Safari/537.17"
118.70.248.17 - - [07/Feb/2013:14:39:45 +0700] "GET /webskins/plugins/TinySlideshow/photos/3.jpg HTTP/1.1" 200 170176 "http://www.trungtamtoan.com/" "Mozilla/5.0 (Windows NT 5.1) AppleWebKit/537.17 (KHTML, like Gecko) Chrome/24.0.1312.57 Safari/537.17"
118.70.248.17 - - [07/Feb/2013:14:39:46 +0700] "GET /webskins/plugins/TinySlideshow/images/link.gif HTTP/1.1" 200 234 "http://www.trungtamtoan.com/" "Mozilla/5.0 (Windows NT 5.1) AppleWebKit/537.17 (KHTML, like Gecko) Chrome/24.0.1312.57 Safari/537.17"
118.70.248.17 - - [07/Feb/2013:14:39:49 +0700] "GET /?portal=mc_web&page=articleDetail&id=642 HTTP/1.1" 200 20959 "http://www.trungtamtoan.com/" "Mozilla/5.0 (Windows NT 5.1) AppleWebKit/537.17 (KHTML, like Gecko) Chrome/24.0.1312.57 Safari/537.17"
118.70.248.17 - - [07/Feb/2013:14:39:49 +0700] "GET /modules/mcweb/MCcomment.js HTTP/1.1" 200 3210 "http://www.trungtamtoan.com/?portal=mc_web&page=articleDetail&id=642" "Mozilla/5.0 (Windows NT 5.1) AppleWebKit/537.17 (KHTML, like Gecko) Chrome/24.0.1312.57 Safari/537.17"
118.70.248.17 - - [07/Feb/2013:14:39:49 +0700] "GET /webskins/skins/default/main/images/menu_itemline.gif HTTP/1.1" 200 151 "http://www.trungtamtoan.com/?portal=mc_web&page=articleDetail&id=642" "Mozilla/5.0 (Windows NT 5.1) AppleWebKit/537.17 (KHTML, like Gecko) Chrome/24.0.1312.57 Safari/537.17"
118.70.248.17 - - [07/Feb/2013:14:39:49 +0700] "POST /ajax.php?path=mcweb&fnc=mcweb.comment.process HTTP/1.1" 200 33 "http://www.trungtamtoan.com/?portal=mc_web&page=articleDetail&id=642" "Mozilla/5.0 (Windows NT 5.1) AppleWebKit/537.17 (KHTML, like Gecko) Chrome/24.0.1312.57 Safari/537.17"
118.70.248.17 - - [07/Feb/2013:14:39:49 +0700] "GET /data/images/imageForArticle/images655210_1.jpg HTTP/1.1" 200 21229 "http://www.trungtamtoan.com/?portal=mc_web&page=articleDetail&id=642" "Mozilla/5.0 (Windows NT 5.1) AppleWebKit/537.17 (KHTML, like Gecko) Chrome/24.0.1312.57 Safari/537.17"
118.70.248.17 - - [07/Feb/2013:14:39:55 +0700] "GET /?portal=mc_web&page=crawl HTTP/1.1" 200 14735 "-" "Mozilla/5.0 (Windows NT 5.1) AppleWebKit/537.17 (KHTML, like Gecko) Chrome/24.0.1312.57 Safari/537.17"
