118.70.248.17 - - [07/Feb/2013:14:40:25 +0700] "GET /modules/mcweb/MCcrawl.js HTTP/1.1" 200 100 "http://www.trungtamtoan.com/?portal=mc_web&page=crawl" "Mozilla/5.0 (Windows NT 5.1) AppleWebKit/537.17 (KHTML, like Gecko) Chrome/24.0.1312.57 Safari/537.17"
118.70.248.17 - - [07/Feb/2013:14:40:25 +0700] "GET /data/images/thumb//images656679_TT-Bo-GDDT.jpg HTTP/1.1" 200 2180 "http://www.trungtamtoan.com/?portal=mc_web&page=crawl" "Mozilla/5.0 (Windows NT 5.1) AppleWebKit/537.17 (KHTML, like Gecko) Chrome/24.0.1312.57 Safari/537.17"
118.70.248.17 - - [07/Feb/2013:14:40:25 +0700] "GET /data/images/thumb//images656664_y.jpg HTTP/1.1" 200 3093 "http://www.trungtamtoan.com/?portal=mc_web&page=crawl" "Mozilla/5.0 (Windows NT 5.1) AppleWebKit/537.17 (KHTML, like Gecko) Chrome/24.0.1312.57 Safari/537.17"
118.70.248.17 - - [07/Feb/2013:14:40:25 +0700] "GET /data/images/thumb//images656682_IMG_02.jpg HTTP/1.1" 200 3139 "http://www.trungtamtoan.com/?portal=mc_web&page=crawl" "Mozilla/5.0 (Windows NT 5.1) AppleWebKit/537.17 (KHTML, like Gecko) Chrome/24.0.1312.57 Safari/537.17"
118.70.248.17 - - [07/Feb/2013:14:40:35 +0700] "GET /?portal=mc_web&page=regTeach HTTP/1.1" 200 27558 "http://www.trungtamtoan.com/?portal=mc_web&page=crawl" "Mozilla/5.0 (Windows NT 5.1) AppleWebKit/537.17 (KHTML, like Gecko) Chrome/24.0.1312.57 Safari/537.17"
118.70.248.17 - - [07/Feb/2013:14:40:35 +0700] "GET /modules/mcweb/MCgetLocation.js HTTP/1.1" 200 1537 "http://www.trungtamtoan.com/?portal=mc_web&page=regTeach" "Mozilla/5.0 (Windows NT 5.1) AppleWebKit/537.17 (KHTML, like Gecko) Chrome/24.0.1312.57 Safari/537.17"
118.70.248.17 - - [07/Feb/2013:14:40:35 +0700] "GET /modules/mcweb/MCregTeach.js HTTP/1.1" 200 1442 "http://www.trungtamtoan.com/?portal=mc_web&page=regTeach" "Mozilla/5.0 (Windows NT 5.1) AppleWebKit/537.17 (KHTML, like Gecko) Chrome/24.0.1312.57 Safari/537.17"
118.70.248.17 - - [07/Feb/2013:14:40:35 +0700] "GET /webskins/plugins/dialog/dialog.css HTTP/1.1" 200 482 "http://www.trungtamtoan.com/?portal=mc_web&page=regTeach" "Mozilla/5.0 (Windows NT 5.1) AppleWebKit/537.17 (KHTML, like Gecko) Chrome/24.0.1312.57 Safari/537.17"
118.70.248.17 - - [07/Feb/2013:14:40:38 +0700] "POST /?portal=mc_web&page=regTeach HTTP/1.1" 200 32130 "http://www.trungtamtoan.com/?portal=mc_web&page=regTeach" "Mozilla/5.0 (Windows NT 5.1) AppleWebKit/537.17 (KHTML, like Gecko) Chrome/24.0.1312.57 Safari/537.17"
118.70.248.17 - - [07/Feb/2013:14:40:58 +0700] "GET /?portal=mc_web&page=listClass HTTP/1.1" 200 16777 "http://www.trungtamtoan.com/?portal=mc_web&page=regTeach" "Mozilla/5.0 (Windows NT 5.1) AppleWebKit/537.17 (KHTML, like Gecko) Chrome/24.0.1312.57 Safari/537.17"
118.70.248.17 - - [07/Feb/2013:14:41:00 +0700] "GET /modules/mcweb/MClistClass.js HTTP/1.1" 200 929 "http://www.trungtamtoan.com/?portal=mc_web&page=listClass" "Mozilla/5.0 (Windows NT 5.1) AppleWebKit/537.17 (KHTML, like Gecko) Chrome/24.0.1312.57 Safari/537.17"
118.70.248.17 - - [07/Feb/2013:14:41:00 +0700] "GET /webskins/skins/default/main/images/loading.gif HTTP/1.1" 200 1894 "http://www.trungtamtoan.com/?portal=mc_web&page=listClass" "Mozilla/5.0 (Windows NT 5.1) AppleWebKit/537.17 (KHTML, like Gecko) Chrome/24.0.1312.57 Safari/537.17"
118.70.248.17 - - [07/Feb/2013:14:41:00 +0700] "POST /ajax.php?path=mcweb&fnc=mcweb.class.process HTTP/1.1" 200 1378 "http://www.trungtamtoan.com/?portal=mc_web&page=listClass" "Mozilla/5.0 (Windows NT 5.1) AppleWebKit/537.17 (KHTML, like Gecko) Chrome/24.0.1312.57 Safari/537.17"
199.36.240.17 - - [07/Feb/2013:14:41:03 +0700] "GET /data/images/imageForArticle/images648082_tt4141_1.jpg HTTP/1.1" 304 0 "-" "Mozilla/5.0 (compatible; YandexImages/3.0; +http://yandex.com/bots)"
118.70.248.17 - - [07/Feb/2013:14:41:05 +0700] "GET /?portal=mc_web&page=listTeacherb HTTP/1.1" 200 16762 "http://www.trungtamtoan.com/?portal=mc_web&page=listClass" "Mozilla/5.0 (Windows NT 5.1) AppleWebKit/537.17 (KHTML, like Gecko) Chrome/24.0.1312.57 Safari/537.17"
118.70.248.17 - - [07/Feb/2013:14:41:05 +0700] "GET /modules/mcweb/MClistTeacherb.js HTTP/1.1" 200 974 "http://www.trungtamtoan.com/?portal=mc_web&page=listTeacherb" "Mozilla/5.0 (Windows NT 5.1) AppleWebKit/537.17 (KHTML, like Gecko) Chrome/24.0.1312.57 Safari/537.17"
118.70.248.17 - - [07/Feb/2013:14:41:05 +0700] "POST /ajax.php?path=mcweb&fnc=mcweb.giasu.process HTTP/1.1" 200 3163 "http://www.trungtamtoan.com/?portal=mc_web&page=listTeacherb" "Mozilla/5.0 (Windows NT 5.1) AppleWebKit/537.17 (KHTML, like Gecko) Chrome/24.0.1312.57 Safari/537.17"
118.70.248.17 - - [07/Feb/2013:14:41:21 +0700] "GET /?portal=mc_web&page=listTeacher HTTP/1.1" 200 16771 "http://www.trungtamtoan.com/?portal=mc_web&page=listTeacherb" "Mozilla/5.0 (Windows NT 5.1) AppleWebKit/537.17 (KHTML, like Gecko) Chrome/24.0.1312.57 Safari/537.17"
118.70.248.17 - - [07/Feb/2013:14:41:21 +0700] "POST /ajax.php?path=mcweb&fnc=mcweb.giasu.process HTTP/1.1" 200 738 "http://www.trungtamtoan.com/?portal=mc_web&page=listTeacher" "Mozilla/5.0 (Windows NT 5.1) AppleWebKit/537.17 (KHTML, like Gecko) Chrome/24.0.1312.57 Safari/537.17"
118.70.248.17 - - [07/Feb/2013:14:41:24 +0700] "GET /?portal=mc_web&page=TeacherDetail&id=65 HTTP/1.1" 200 18609 "http://www.trungtamtoan.com/?portal=mc_web&page=listTeacher" "Mozilla/5.0 (Windows NT 5.1) AppleWebKit/537.17 (KHTML, like Gecko) Chrome/24.0.1312.57 Safari/537.17"
118.70.248.17 - - [07/Feb/2013:14:41:24 +0700] "GET /data/avatar/thumb/noavatar.gif HTTP/1.1" 200 32188 "http://www.trungtamtoan.com/?portal=mc_web&page=TeacherDetail&id=65" "Mozilla/5.0 (Windows NT 5.1) AppleWebKit/537.17 (KHTML, like Gecko) Chrome/24.0.1312.57 Safari/537.17"
118.70.248.17 - - [07/Feb/2013:14:41:24 +0700] "POST /ajax.php?path=mcweb&fnc=mcweb.comment.process HTTP/1.1" 200 33 "http://www.trungtamtoan.com/?portal=mc_web&page=TeacherDetail&id=65" "Mozilla/5.0 (Windows NT 5.1) AppleWebKit/537.17 (KHTML, like Gecko) Chrome/24.0.1312.57 Safari/537.17"
199.36.240.17 - - [07/Feb/2013:15:20:43 +0700] "GET /data/images/imageForArticle/images654120_1.jpg HTTP/1.1" 304 0 "-" "Mozilla/5.0 (compatible; YandexImages/3.0; +http://yandex.com/bots)"
173.252.100.117 - - [07/Feb/2013:15:34:20 +0700] "GET /data/avatar/new.gif HTTP/1.1" 206 2954 "-" "facebookexternalhit/1.1 (+http://www.facebook.com/externalhit_uatext.php)"
118.70.248.17 - - [07/Feb/2013:15:52:18 +0700] "GET /data/images/thumb//images656682_IMG_02.jpg HTTP/1.1" 304 0 "-" "Mozilla/4.0 (compatible;)"
173.199.120.171 - - [07/Feb/2013:15:58:52 +0700] "GET /?portal=mc_web&page=articleDetail&id=314 HTTP/1.1" 200 19988 "-" "Mozilla/5.0 (compatible; AhrefsBot/4.0; +http://ahrefs.com/robot/)"
199.36.240.17 - - [07/Feb/2013:16:01:46 +0700] "GET /data/images/imageForArticle/images648321_image004.gif HTTP/1.1" 304 0 "-" "Mozilla/5.0 (compatible; YandexImages/3.0; +http://yandex.com/bots)"
123.30.175.79 - - [07/Feb/2013:16:06:54 +0700] "GET /robots.txt HTTP/1.0" 404 274 "-" "coccoc/1.0 (http://help.coccoc.com/)"
208.115.113.89 - - [07/Feb/2013:16:15:06 +0700] "GET /?portal=mc_web&page=DocOfClass&classID=13&cateID=1 HTTP/1.1" 200 17612 "-" "Mozilla/5.0 (compatible; Ezooms/1.0; ezooms.bot@gmail.com)"
208.115.113.89 - - [07/Feb/2013:16:15:07 +0700] "GET /?portal=mc_web&page=DocOfClass&classID=5&cateID=4 HTTP/1.1" 200 17612 "-" "Mozilla/5.0 (compatible; Ezooms/1.0; ezooms.bot@gmail.com)"
208.115.113.89 - - [07/Feb/2013:16:15:16 +0700] "GET /?portal=mc_web&page=DocDetail&id=146 HTTP/1.1" 200 22755 "-" "Mozilla/5.0 (compatible; Ezooms/1.0; ezooms.bot@gmail.com)"
208.115.113.89 - - [07/Feb/2013:16:15:31 +0700] "GET /?portal=mc_web&page=articleDetail&id=618 HTTP/1.1" 200 27139 "-" "Mozilla/5.0 (compatible; Ezooms/1.0; ezooms.bot@gmail.com)"
199.36.240.17 - - [07/Feb/2013:16:22:01 +0700] "GET /data/images/thumb/admin_1344704443.png HTTP/1.1" 304 0 "-" "Mozilla/5.0 (compatible; YandexImages/3.0; +http://yandex.com/bots)"
173.199.120.171 - - [07/Feb/2013:16:40:53 +0700] "GET /?portal=mc_web&page=articleDetail&id=607 HTTP/1.1" 200 23347 "-" "Mozilla/5.0 (compatible; AhrefsBot/4.0; +http://ahrefs.com/robot/)"
199.36.240.17 - - [07/Feb/2013:16:42:29 +0700] "GET /data/images/imageForArticle/images648540_IMG_2497.jpg HTTP/1.1" 304 0 "-" "Mozilla/5.0 (compatible; YandexImages/3.0; +http://yandex.com/bots)"
173.199.120.171 - - [07/Feb/2013:17:01:45 +0700] "GET /?portal=mc_web&page=articleDetail&id=305 HTTP/1.1" 200 140668 "-" "Mozilla/5.0 (compatible; AhrefsBot/4.0; +http://ahrefs.com/robot/)"
199.36.240.17 - - [07/Feb/2013:17:20:15 +0700] "GET /data/images/imageForArticle/images649792_P1030145.jpg HTTP/1.1" 304 0 "-" "Mozilla/5.0 (compatible; YandexImages/3.0; +http://yandex.com/bots)"
173.199.120.171 - - [07/Feb/2013:18:01:17 +0700] "GET /?portal=mc_web&page=DocOfClass&classID=17&cateID=1 HTTP/1.1" 200 17224 "-" "Mozilla/5.0 (compatible; AhrefsBot/4.0; +http://ahrefs.com/robot/)"
208.115.111.73 - - [07/Feb/2013:18:03:27 +0700] "GET /?portal=mc_web&page=articleDetail&id=313 HTTP/1.1" 200 51415 "-" "Mozilla/5.0 (compatible; Ezooms/1.0; ezooms.bot@gmail.com)"
199.36.240.17 - - [07/Feb/2013:18:03:52 +0700] "GET /robots.txt HTTP/1.1" 404 274 "-" "Mozilla/5.0 (compatible; YandexImages/3.0; +http://yandex.com/bots)"
199.36.240.17 - - [07/Feb/2013:18:15:48 +0700] "GET /robots.txt HTTP/1.1" 404 278 "-" "Mozilla/5.0 (compatible; YandexImages/3.0; +http://yandex.com/bots)"
199.36.240.17 - - [07/Feb/2013:18:41:50 +0700] "GET /data/images/imageForArticle/images648067_H_ctroM__khiengn__cv_n_uc_mchi_u.jpg HTTP/1.1" 304 0 "-" "Mozilla/5.0 (compatible; YandexImages/3.0; +http://yandex.com/bots)"
1.202.218.70 - - [07/Feb/2013:19:19:18 +0700] "GET /robots.txt HTTP/1.1" 404 274 "-" "Mozilla/5.0 ()"
173.199.120.171 - - [07/Feb/2013:19:20:51 +0700] "GET /?portal=mc_web&page=DocOfClass&classID=10&cateID=4 HTTP/1.1" 200 17224 "-" "Mozilla/5.0 (compatible; AhrefsBot/4.0; +http://ahrefs.com/robot/)"
173.199.120.171 - - [07/Feb/2013:19:26:32 +0700] "GET /?portal=mc_web&page=DocOfClass&classID=10&cateID=3 HTTP/1.1" 200 17224 "-" "Mozilla/5.0 (compatible; AhrefsBot/4.0; +http://ahrefs.com/robot/)"
199.36.240.17 - - [07/Feb/2013:19:47:18 +0700] "GET /data/images/imageForArticle/images648323_image002.jpg HTTP/1.1" 304 0 "-" "Mozilla/5.0 (compatible; YandexImages/3.0; +http://yandex.com/bots)"
157.55.32.62 - - [07/Feb/2013:19:48:22 +0700] "GET /robots.txt HTTP/1.1" 404 274 "-" "Mozilla/5.0 (compatible; bingbot/2.0; +http://www.bing.com/bingbot.htm)"
157.55.32.62 - - [07/Feb/2013:19:50:09 +0700] "GET / HTTP/1.1" 200 19278 "-" "Mozilla/5.0 (compatible; bingbot/2.0; +http://www.bing.com/bingbot.htm)"
208.115.111.73 - - [07/Feb/2013:20:07:11 +0700] "GET /robots.txt HTTP/1.1" 404 278 "-" "Mozilla/5.0 (compatible; Ezooms/1.0; ezooms.bot@gmail.com)"
208.115.113.89 - - [07/Feb/2013:20:15:25 +0700] "GET /?portal=mc_web&page=DocDetail&id=144 HTTP/1.1" 200 22755 "-" "Mozilla/5.0 (compatible; Ezooms/1.0; ezooms.bot@gmail.com)"
208.115.113.89 - - [07/Feb/2013:20:15:56 +0700] "GET /?portal=mc_web&page=DocOfClass&classID=13&cateID=3 HTTP/1.1" 200 17612 "-" "Mozilla/5.0 (compatible; Ezooms/1.0; ezooms.bot@gmail.com)"
199.36.240.17 - - [07/Feb/2013:20:16:05 +0700] "GET /webskins/plugins/TinySlideshow/thumbnails/2.jpg HTTP/1.1" 304 0 "-" "Mozilla/5.0 (compatible; YandexImages/3.0; +http://yandex.com/bots)"
180.76.5.160 - - [07/Feb/2013:21:21:25 +0700] "GET /?portal=mc_web&page=regTeach HTTP/1.1" 200 27558 "-" "Mozilla/5.0 (compatible; Baiduspider/2.0; +http://www.baidu.com/search/spider.html)"
118.70.248.17 - - [07/Feb/2013:21:53:21 +0700] "GET /data/images/thumb//images656679_TT-Bo-GDDT.jpg HTTP/1.1" 304 0 "-" "Mozilla/4.0 (compatible;)"
199.36.240.17 - - [07/Feb/2013:21:53:37 +0700] "GET /data/images/imageForArticle/images648135_IMG_2223.jpg HTTP/1.1" 304 0 "-" "Mozilla/5.0 (compatible; YandexImages/3.0; +http://yandex.com/bots)"
208.115.111.73 - - [07/Feb/2013:22:07:03 +0700] "GET /?portal=mc_web&page=DocDetail&id=119 HTTP/1.1" 200 23189 "-" "Mozilla/5.0 (compatible; Ezooms/1.0; ezooms.bot@gmail.com)"
208.115.111.73 - - [07/Feb/2013:22:07:50 +0700] "GET /?portal=mc_web&page=DocDetail&id=97 HTTP/1.1" 200 22983 "-" "Mozilla/5.0 (compatible; Ezooms/1.0; ezooms.bot@gmail.com)"
208.115.111.73 - - [07/Feb/2013:22:07:55 +0700] "GET /?portal=mc_web&page=articleDetail&id=331 HTTP/1.1" 200 19142 "-" "Mozilla/5.0 (compatible; Ezooms/1.0; ezooms.bot@gmail.com)"
1.202.218.118 - - [07/Feb/2013:22:10:07 +0700] "GET /robots.txt HTTP/1.1" 404 274 "-" "Mozilla/5.0 ()"
157.55.32.62 - - [07/Feb/2013:22:25:34 +0700] "GET /robots.txt HTTP/1.1" 404 274 "-" "Mozilla/5.0 (compatible; bingbot/2.0; +http://www.bing.com/bingbot.htm)"
157.55.32.62 - - [07/Feb/2013:22:27:12 +0700] "GET / HTTP/1.1" 200 19278 "-" "Mozilla/5.0 (compatible; bingbot/2.0; +http://www.bing.com/bingbot.htm)"
199.36.240.17 - - [07/Feb/2013:22:28:50 +0700] "GET /data/images/imageForArticle/images650979_Bang-xep-hang-1.jpg HTTP/1.1" 304 0 "-" "Mozilla/5.0 (compatible; YandexImages/3.0; +http://yandex.com/bots)"
199.36.240.17 - - [07/Feb/2013:22:49:04 +0700] "GET /data/images/thumb/images654132_image003.jpg HTTP/1.1" 304 0 "-" "Mozilla/5.0 (compatible; YandexImages/3.0; +http://yandex.com/bots)"
199.36.240.17 - - [07/Feb/2013:23:02:40 +0700] "GET /data/images/thumb/admin_1344779539.jpg HTTP/1.1" 304 0 "-" "Mozilla/5.0 (compatible; YandexImages/3.0; +http://yandex.com/bots)"
199.36.240.17 - - [07/Feb/2013:23:05:40 +0700] "GET /data/images/imageForArticle/images648231_02.jpg HTTP/1.1" 304 0 "-" "Mozilla/5.0 (compatible; YandexImages/3.0; +http://yandex.com/bots)"
199.36.240.17 - - [07/Feb/2013:23:26:20 +0700] "GET /data/images/imageForArticle/images650104_IMG_4472.jpg HTTP/1.1" 304 0 "-" "Mozilla/5.0 (compatible; YandexImages/3.0; +http://yandex.com/bots)"
199.36.240.17 - - [07/Feb/2013:23:44:06 +0700] "GET /data/images/imageForArticle/images649972_anh3,lemittinhvaraquan(1).jpg HTTP/1.1" 304 0 "-" "Mozilla/5.0 (compatible; YandexImages/3.0; +http://yandex.com/bots)"
