123.30.175.79 - - [09/Feb/2013:00:06:07 +0700] "GET /data/images/promotion/ads1.png HTTP/1.0" 200 58888 "-" "coccoc/1.0 (http://help.coccoc.com/)"
123.30.175.79 - - [09/Feb/2013:00:06:14 +0700] "GET /data/images/promotion/khamphabian.png HTTP/1.0" 200 12131 "-" "coccoc/1.0 (http://help.coccoc.com/)"
173.199.120.171 - - [09/Feb/2013:00:11:33 +0700] "GET /?portal=mc_web&page=DocOfClass&classID=12&cateID=4 HTTP/1.1" 200 17224 "-" "Mozilla/5.0 (compatible; AhrefsBot/4.0; +http://ahrefs.com/robot/)"
199.36.240.17 - - [09/Feb/2013:00:13:55 +0700] "GET /data/images/imageForArticle/images648132_10_dieu_du_hoc.jpg HTTP/1.1" 304 0 "-" "Mozilla/5.0 (compatible; YandexImages/3.0; +http://yandex.com/bots)"
118.70.248.17 - - [09/Feb/2013:00:32:55 +0700] "GET /data/images/thumb//images656679_TT-Bo-GDDT.jpg HTTP/1.1" 304 0 "-" "Mozilla/4.0 (compatible;)"
199.36.240.17 - - [09/Feb/2013:00:48:57 +0700] "GET /data/images/thumb/images654650_1.jpg HTTP/1.1" 304 0 "-" "Mozilla/5.0 (compatible; YandexImages/3.0; +http://yandex.com/bots)"
199.36.240.17 - - [09/Feb/2013:01:02:30 +0700] "GET /data/images/thumb/images654650_1.jpg HTTP/1.1" 304 0 "-" "Mozilla/5.0 (compatible; YandexImages/3.0; +http://yandex.com/bots)"
199.36.240.17 - - [09/Feb/2013:01:20:09 +0700] "GET /data/images/thumb/images653918_SDC14892.jpg HTTP/1.1" 304 0 "-" "Mozilla/5.0 (compatible; YandexImages/3.0; +http://yandex.com/bots)"
199.36.240.17 - - [09/Feb/2013:01:55:17 +0700] "GET /data/images/imageForArticle/images648540_IMG_2497.jpg HTTP/1.1" 304 0 "-" "Mozilla/5.0 (compatible; YandexImages/3.0; +http://yandex.com/bots)"
37.140.141.10 - - [09/Feb/2013:02:21:05 +0700] "GET /robots.txt HTTP/1.1" 404 274 "-" "Mozilla/5.0 (compatible; YandexBot/3.0; +http://yandex.com/bots)"
199.36.240.17 - - [09/Feb/2013:02:28:23 +0700] "GET /data/images/thumb/images654449_1.jpg HTTP/1.1" 304 0 "-" "Mozilla/5.0 (compatible; YandexImages/3.0; +http://yandex.com/bots)"
199.36.240.17 - - [09/Feb/2013:03:03:49 +0700] "GET /data/images/thumb/images654114_1.jpg HTTP/1.1" 304 0 "-" "Mozilla/5.0 (compatible; YandexImages/3.0; +http://yandex.com/bots)"
199.36.240.17 - - [09/Feb/2013:03:17:16 +0700] "GET /data/images/promotion/khamphabian.png HTTP/1.1" 304 0 "-" "Mozilla/5.0 (compatible; YandexImages/3.0; +http://yandex.com/bots)"
199.36.240.17 - - [09/Feb/2013:03:36:33 +0700] "GET /data/images/imageForArticle/images649792_P1030145.jpg HTTP/1.1" 304 0 "-" "Mozilla/5.0 (compatible; YandexImages/3.0; +http://yandex.com/bots)"
54.241.194.96 - - [09/Feb/2013:03:39:48 +0700] "GET /robots.txt HTTP/1.0" 404 274 "-" "Web front page analyser. robots.txt complaint (norw.acd.inst@gmail.com)"
54.241.194.96 - - [09/Feb/2013:03:39:52 +0700] "GET / HTTP/1.0" 200 19278 "-" "-"
37.140.141.10 - - [09/Feb/2013:03:52:14 +0700] "GET /robots.txt HTTP/1.1" 404 278 "-" "Mozilla/5.0 (compatible; YandexBot/3.0; +http://yandex.com/bots)"
37.140.141.10 - - [09/Feb/2013:03:52:16 +0700] "GET / HTTP/1.1" 200 19486 "-" "Mozilla/5.0 (compatible; YandexBot/3.0; MirrorDetector; +http://yandex.com/bots)"
37.140.141.10 - - [09/Feb/2013:03:52:17 +0700] "GET / HTTP/1.1" 200 19278 "-" "Mozilla/5.0 (compatible; YandexBot/3.0; MirrorDetector; +http://yandex.com/bots)"
37.140.141.10 - - [09/Feb/2013:03:52:25 +0700] "GET / HTTP/1.1" 200 19486 "-" "Mozilla/5.0 (compatible; YandexBot/3.0; MirrorDetector; +http://yandex.com/bots)"
37.140.141.10 - - [09/Feb/2013:03:52:26 +0700] "GET /?portal=mc_web&page=articleDetail&id=642 HTTP/1.1" 200 21661 "-" "Mozilla/5.0 (compatible; YandexBot/3.0; +http://yandex.com/bots)"
37.140.141.10 - - [09/Feb/2013:03:52:29 +0700] "GET / HTTP/1.1" 200 19278 "-" "Mozilla/5.0 (compatible; YandexBot/3.0; MirrorDetector; +http://yandex.com/bots)"
199.36.240.17 - - [09/Feb/2013:04:11:45 +0700] "GET /data/images/imageForArticle/images649364_IMG_01.jpg HTTP/1.1" 304 0 "-" "Mozilla/5.0 (compatible; YandexImages/3.0; +http://yandex.com/bots)"
37.140.141.10 - - [09/Feb/2013:04:25:44 +0700] "GET /data/images/imageForArticle/images648486_IMG_1557.jpg HTTP/1.1" 304 0 "-" "Mozilla/5.0 (compatible; YandexImages/3.0; +http://yandex.com/bots)"
37.140.141.10 - - [09/Feb/2013:04:48:28 +0700] "GET /data/images/imageForArticle/images651314_2.jpg HTTP/1.1" 304 0 "-" "Mozilla/5.0 (compatible; YandexImages/3.0; +http://yandex.com/bots)"
199.36.240.17 - - [09/Feb/2013:04:51:02 +0700] "GET /data/images/imageForArticle/images654132_image003.jpg HTTP/1.1" 304 0 "-" "Mozilla/5.0 (compatible; YandexImages/3.0; +http://yandex.com/bots)"
180.76.6.20 - - [09/Feb/2013:05:05:31 +0700] "GET /?portal=mc_web&page=DocOfClass&classID=10&cateID=1 HTTP/1.1" 200 17224 "-" "Mozilla/5.0 (compatible; Baiduspider/2.0; +http://www.baidu.com/search/spider.html)"
118.70.248.17 - - [09/Feb/2013:05:18:46 +0700] "GET /data/images/thumb//images656664_y.jpg HTTP/1.1" 304 0 "-" "Mozilla/4.0 (compatible;)"
199.36.240.17 - - [09/Feb/2013:05:31:13 +0700] "GET /data/images/thumb/images654335_3hontre.jpg HTTP/1.1" 304 0 "-" "Mozilla/5.0 (compatible; YandexImages/3.0; +http://yandex.com/bots)"
199.36.240.17 - - [09/Feb/2013:05:42:30 +0700] "GET /data/images/imageForArticle/images653918_SDC14892.jpg HTTP/1.1" 304 0 "-" "Mozilla/5.0 (compatible; YandexImages/3.0; +http://yandex.com/bots)"
1.202.218.70 - - [09/Feb/2013:05:48:45 +0700] "GET /robots.txt HTTP/1.1" 404 274 "-" "Mozilla/5.0 ()"
1.202.218.116 - - [09/Feb/2013:05:48:49 +0700] "HEAD /?portal=mc_web&page=articleDetail&id=329 HTTP/1.1" 200 0 "-" "Mozilla/5.0 (compatible; JikeSpider; +http://shoulu.jike.com/spider.html)"
1.202.218.116 - - [09/Feb/2013:05:48:54 +0700] "GET /?portal=mc_web&page=articleDetail&id=329 HTTP/1.1" 200 19235 "-" "Mozilla/5.0 (compatible; JikeSpider; +http://shoulu.jike.com/spider.html)"
199.36.240.17 - - [09/Feb/2013:06:32:22 +0700] "GET /data/images/imageForArticle/images650252_7.jpg HTTP/1.1" 304 0 "-" "Mozilla/5.0 (compatible; YandexImages/3.0; +http://yandex.com/bots)"
199.36.240.17 - - [09/Feb/2013:06:49:53 +0700] "GET /data/images/thumb/images653798_1.jpg HTTP/1.1" 304 0 "-" "Mozilla/5.0 (compatible; YandexImages/3.0; +http://yandex.com/bots)"
199.36.240.17 - - [09/Feb/2013:07:03:17 +0700] "GET /data/images/imageForArticle/images649968_anh2,lemittinhvaraquan.jpg HTTP/1.1" 304 0 "-" "Mozilla/5.0 (compatible; YandexImages/3.0; +http://yandex.com/bots)"
37.140.141.10 - - [09/Feb/2013:07:13:38 +0700] "GET /data/images/imageForArticle/images648077_1.jpg HTTP/1.1" 304 0 "-" "Mozilla/5.0 (compatible; YandexImages/3.0; +http://yandex.com/bots)"
199.36.240.17 - - [09/Feb/2013:07:16:33 +0700] "GET /data/images/imageForArticle/images649990_1.jpg HTTP/1.1" 304 0 "-" "Mozilla/5.0 (compatible; YandexImages/3.0; +http://yandex.com/bots)"
65.55.215.56 - - [09/Feb/2013:07:22:05 +0700] "GET /robots.txt HTTP/1.1" 404 274 "-" "msnbot-media/1.1 (+http://search.msn.com/msnbot.htm)"
65.55.215.56 - - [09/Feb/2013:07:22:06 +0700] "GET /webskins/plugins/TinySlideshow/thumbnails/6.jpg HTTP/1.1" 200 28405 "-" "msnbot-media/1.1 (+http://search.msn.com/msnbot.htm)"
199.36.240.17 - - [09/Feb/2013:07:24:31 +0700] "GET /data/avatar/new.gif HTTP/1.1" 304 0 "-" "Mozilla/5.0 (compatible; YandexImages/3.0; +http://yandex.com/bots)"
199.36.240.17 - - [09/Feb/2013:07:29:23 +0700] "GET /data/images/imageForArticle/images650750_6.jpg HTTP/1.1" 304 0 "-" "Mozilla/5.0 (compatible; YandexImages/3.0; +http://yandex.com/bots)"
180.76.6.231 - - [09/Feb/2013:07:40:17 +0700] "GET /?portal=mc_web&page=Download&name=20120922/admin_1348309352.pdf HTTP/1.1" 200 128807 "-" "Mozilla/5.0 (compatible; Baiduspider/2.0; +http://www.baidu.com/search/spider.html)"
199.36.240.17 - - [09/Feb/2013:07:43:01 +0700] "GET /data/images/imageForArticle/images649507_anh1,truongDhQuangNamdon2000tanHSSV.jpg HTTP/1.1" 304 0 "-" "Mozilla/5.0 (compatible; YandexImages/3.0; +http://yandex.com/bots)"
37.140.141.10 - - [09/Feb/2013:07:53:47 +0700] "GET /data/images/thumb/images654656_IMG_5467_resize.jpg HTTP/1.1" 304 0 "-" "Mozilla/5.0 (compatible; YandexImages/3.0; +http://yandex.com/bots)"
199.36.240.17 - - [09/Feb/2013:07:54:22 +0700] "GET /data/avatar/defaultimage.jpg HTTP/1.1" 304 0 "-" "Mozilla/5.0 (compatible; YandexImages/3.0; +http://yandex.com/bots)"
208.115.111.73 - - [09/Feb/2013:08:05:22 +0700] "GET /robots.txt HTTP/1.1" 404 274 "-" "Mozilla/5.0 (compatible; Ezooms/1.0; ezooms.bot@gmail.com)"
208.115.111.73 - - [09/Feb/2013:08:05:22 +0700] "GET /robots.txt HTTP/1.1" 404 278 "-" "Mozilla/5.0 (compatible; Ezooms/1.0; ezooms.bot@gmail.com)"
199.36.240.17 - - [09/Feb/2013:08:07:38 +0700] "GET /data/images/imageForArticle/images648815_4.jpg HTTP/1.1" 304 0 "-" "Mozilla/5.0 (compatible; YandexImages/3.0; +http://yandex.com/bots)"
199.36.240.17 - - [09/Feb/2013:08:14:44 +0700] "GET /data/images/thumb/admin_1344779425.gif HTTP/1.1" 304 0 "-" "Mozilla/5.0 (compatible; YandexImages/3.0; +http://yandex.com/bots)"
199.36.240.17 - - [09/Feb/2013:08:17:57 +0700] "GET /data/images/imageForArticle/images653174_image001.jpg HTTP/1.1" 304 0 "-" "Mozilla/5.0 (compatible; YandexImages/3.0; +http://yandex.com/bots)"
199.36.240.17 - - [09/Feb/2013:08:32:01 +0700] "GET /data/images/imageForArticle/images648878_images399597_xh-4-kg.jpg HTTP/1.1" 304 0 "-" "Mozilla/5.0 (compatible; YandexImages/3.0; +http://yandex.com/bots)"
199.36.240.17 - - [09/Feb/2013:08:52:30 +0700] "GET /data/images/imageForArticle/images648017_d-8ad49.jpg HTTP/1.1" 304 0 "-" "Mozilla/5.0 (compatible; YandexImages/3.0; +http://yandex.com/bots)"
199.36.240.17 - - [09/Feb/2013:09:05:46 +0700] "GET /data/images/thumb/admin_1344704443.png HTTP/1.1" 304 0 "-" "Mozilla/5.0 (compatible; YandexImages/3.0; +http://yandex.com/bots)"
199.36.240.17 - - [09/Feb/2013:09:06:09 +0700] "GET /data/images/thumb/images654676_anh1,quangngai,xaydungtruongchuanquocgia.jpg HTTP/1.1" 304 0 "-" "Mozilla/5.0 (compatible; YandexImages/3.0; +http://yandex.com/bots)"
180.76.5.56 - - [09/Feb/2013:09:06:27 +0700] "GET /?portal=mc_web&page=DocDetail&id=95 HTTP/1.1" 200 22497 "-" "Mozilla/5.0 (compatible; Baiduspider/2.0; +http://www.baidu.com/search/spider.html)"
199.36.240.17 - - [09/Feb/2013:09:21:17 +0700] "GET /data/images/imageForArticle/images648216_9.jpg HTTP/1.1" 304 0 "-" "Mozilla/5.0 (compatible; YandexImages/3.0; +http://yandex.com/bots)"
199.36.240.17 - - [09/Feb/2013:09:36:04 +0700] "GET /data/images/imageForArticle/images649747_LanhdaoSolamviec....jpg HTTP/1.1" 304 0 "-" "Mozilla/5.0 (compatible; YandexImages/3.0; +http://yandex.com/bots)"
180.76.6.35 - - [09/Feb/2013:09:51:18 +0700] "GET /?portal=mc_web&page=regLearn HTTP/1.1" 200 26249 "-" "Mozilla/5.0 (compatible; Baiduspider/2.0; +http://www.baidu.com/search/spider.html)"
199.36.240.17 - - [09/Feb/2013:09:54:16 +0700] "GET /data/images/imageForArticle/images648486_IMG_1557.jpg HTTP/1.1" 304 0 "-" "Mozilla/5.0 (compatible; YandexImages/3.0; +http://yandex.com/bots)"
208.115.111.73 - - [09/Feb/2013:10:01:03 +0700] "GET /?portal=mc_web&page=DocOfClass&classID=4&cateID=4 HTTP/1.1" 200 17224 "-" "Mozilla/5.0 (compatible; Ezooms/1.0; ezooms.bot@gmail.com)"
208.115.111.73 - - [09/Feb/2013:10:01:16 +0700] "GET /?portal=mc_web&page=DocOfClass&classID=7&cateID=4 HTTP/1.1" 200 17224 "-" "Mozilla/5.0 (compatible; Ezooms/1.0; ezooms.bot@gmail.com)"
208.115.111.73 - - [09/Feb/2013:10:01:46 +0700] "GET /?portal=mc_web&page=DocDetail&id=115 HTTP/1.1" 200 23190 "-" "Mozilla/5.0 (compatible; Ezooms/1.0; ezooms.bot@gmail.com)"
199.36.240.17 - - [09/Feb/2013:10:01:55 +0700] "GET /data/images/thumb/images654450_1.jpg HTTP/1.1" 304 0 "-" "Mozilla/5.0 (compatible; YandexImages/3.0; +http://yandex.com/bots)"
208.115.111.73 - - [09/Feb/2013:10:02:12 +0700] "GET /?portal=mc_web&page=articleDetail&id=596 HTTP/1.1" 200 24053 "-" "Mozilla/5.0 (compatible; Ezooms/1.0; ezooms.bot@gmail.com)"
199.36.240.17 - - [09/Feb/2013:10:07:46 +0700] "GET /data/images/thumb/images653457_untitled.jpg HTTP/1.1" 200 2016 "-" "Mozilla/5.0 (compatible; YandexImages/3.0; +http://yandex.com/bots)"
199.36.240.17 - - [09/Feb/2013:10:21:00 +0700] "GET /data/images/thumb/images654450_1.jpg HTTP/1.1" 200 3354 "-" "Mozilla/5.0 (compatible; YandexImages/3.0; +http://yandex.com/bots)"
37.140.141.10 - - [09/Feb/2013:10:25:21 +0700] "GET /data/images/promotion/khamphabian.png HTTP/1.1" 304 0 "-" "Mozilla/5.0 (compatible; YandexImages/3.0; +http://yandex.com/bots)"
180.76.5.64 - - [09/Feb/2013:10:27:20 +0700] "GET /?portal=mc_web&page=articleDetail&id=258 HTTP/1.1" 200 45026 "-" "Mozilla/5.0 (compatible; Baiduspider/2.0; +http://www.baidu.com/search/spider.html)"
199.36.240.17 - - [09/Feb/2013:10:37:04 +0700] "GET /data/images/imageForArticle/images651947_9.jpg HTTP/1.1" 200 30596 "-" "Mozilla/5.0 (compatible; YandexImages/3.0; +http://yandex.com/bots)"
199.36.240.17 - - [09/Feb/2013:10:56:19 +0700] "GET /data/images/imageForArticle/images649990_1.jpg HTTP/1.1" 200 17614 "-" "Mozilla/5.0 (compatible; YandexImages/3.0; +http://yandex.com/bots)"
199.36.240.17 - - [09/Feb/2013:11:01:13 +0700] "GET /data/images/thumb/admin_1344779425.gif HTTP/1.1" 200 2595 "-" "Mozilla/5.0 (compatible; YandexImages/3.0; +http://yandex.com/bots)"
199.36.240.17 - - [09/Feb/2013:11:12:31 +0700] "GET /data/images/imageForArticle/images651889_IMG_3405.jpg HTTP/1.1" 304 0 "-" "Mozilla/5.0 (compatible; YandexImages/3.0; +http://yandex.com/bots)"
37.140.141.10 - - [09/Feb/2013:11:20:48 +0700] "GET /data/images/imageForArticle/images653798_1.jpg HTTP/1.1" 304 0 "-" "Mozilla/5.0 (compatible; YandexImages/3.0; +http://yandex.com/bots)"
199.36.240.17 - - [09/Feb/2013:11:29:54 +0700] "GET /data/images/imageForArticle/images648017_d-8ad49.jpg HTTP/1.1" 200 13585 "-" "Mozilla/5.0 (compatible; YandexImages/3.0; +http://yandex.com/bots)"
199.36.240.17 - - [09/Feb/2013:11:49:57 +0700] "GET /data/images/thumb/images654676_anh1,quangngai,xaydungtruongchuanquocgia.jpg HTTP/1.1" 200 2964 "-" "Mozilla/5.0 (compatible; YandexImages/3.0; +http://yandex.com/bots)"
180.76.5.180 - - [09/Feb/2013:11:51:17 +0700] "GET /?portal=mc_web&page=articleDetail&id=453 HTTP/1.1" 200 23220 "-" "Mozilla/5.0 (compatible; Baiduspider/2.0; +http://www.baidu.com/search/spider.html)"
118.70.248.17 - - [09/Feb/2013:11:58:39 +0700] "GET /data/images/thumb//images656664_y.jpg HTTP/1.1" 304 0 "-" "Mozilla/4.0 (compatible;)"
199.36.240.17 - - [09/Feb/2013:12:06:34 +0700] "GET /webskins/plugins/TinySlideshow/thumbnails/4.jpg HTTP/1.1" 200 8127 "-" "Mozilla/5.0 (compatible; YandexImages/3.0; +http://yandex.com/bots)"
199.36.240.17 - - [09/Feb/2013:12:08:40 +0700] "GET /data/images/imageForArticle/images649972_anh3,lemittinhvaraquan(1).jpg HTTP/1.1" 200 26975 "-" "Mozilla/5.0 (compatible; YandexImages/3.0; +http://yandex.com/bots)"
199.36.240.17 - - [09/Feb/2013:12:29:00 +0700] "GET /data/images/imageForArticle/images649364_IMG_01.jpg HTTP/1.1" 304 0 "-" "Mozilla/5.0 (compatible; YandexImages/3.0; +http://yandex.com/bots)"
180.76.5.100 - - [09/Feb/2013:12:31:12 +0700] "GET /?portal=mc_web&page=articleDetail&id=323 HTTP/1.1" 200 33486 "-" "Mozilla/5.0 (compatible; Baiduspider/2.0; +http://www.baidu.com/search/spider.html)"
199.36.240.17 - - [09/Feb/2013:12:51:36 +0700] "GET /data/images/imageForArticle/images650979_Bang-xep-hang-1.jpg HTTP/1.1" 200 19562 "-" "Mozilla/5.0 (compatible; YandexImages/3.0; +http://yandex.com/bots)"
74.125.186.95 - - [09/Feb/2013:13:14:07 +0700] "GET /favicon.ico HTTP/1.1" 404 275 "-" "-"
199.36.240.17 - - [09/Feb/2013:13:15:26 +0700] "GET /data/images/imageForArticle/images653918_SDC14892.jpg HTTP/1.1" 200 12001 "-" "Mozilla/5.0 (compatible; YandexImages/3.0; +http://yandex.com/bots)"
199.36.240.17 - - [09/Feb/2013:13:17:19 +0700] "GET /data/images/thumb/admin_1344704125.jpg HTTP/1.1" 200 3737 "-" "Mozilla/5.0 (compatible; YandexImages/3.0; +http://yandex.com/bots)"
180.76.5.185 - - [09/Feb/2013:13:23:29 +0700] "GET /?portal=mc_web&page=DocDetail&id=143 HTTP/1.1" 200 22745 "-" "Mozilla/5.0 (compatible; Baiduspider/2.0; +http://www.baidu.com/search/spider.html)"
199.36.240.17 - - [09/Feb/2013:13:34:35 +0700] "GET /data/images/imageForArticle/images648878_images399597_xh-4-kg.jpg HTTP/1.1" 304 0 "-" "Mozilla/5.0 (compatible; YandexImages/3.0; +http://yandex.com/bots)"
180.76.5.50 - - [09/Feb/2013:13:55:05 +0700] "GET /?portal=mc_web&page=DocOfClass&classID=14&cateID=1 HTTP/1.1" 200 17224 "-" "Mozilla/5.0 (compatible; Baiduspider/2.0; +http://www.baidu.com/search/spider.html)"
221.181.232.146 - - [09/Feb/2013:13:55:55 +0700] "GET /?portal=mc_web&page=regLearn HTTP/1.1" 200 26249 "-" "Mozilla/5.0 (Windows; U; Windows NT 5.1; en-US; rv:1.9.0.10) Gecko/2009042316 Firefox/3.0.10"
221.181.232.146 - - [09/Feb/2013:13:56:00 +0700] "POST /?portal=mc_web&page=regLearn HTTP/1.1" 200 26661 "http://trungtamtoan.com/?portal=mc_web&page=regLearn" "Mozilla/5.0 (Windows; U; Windows NT 5.1; en-US; rv:1.9.0.10) Gecko/2009042316 Firefox/3.0.10"
199.36.240.17 - - [09/Feb/2013:13:57:17 +0700] "GET /data/images/thumb/images654132_image003.jpg HTTP/1.1" 200 3045 "-" "Mozilla/5.0 (compatible; YandexImages/3.0; +http://yandex.com/bots)"
208.115.111.73 - - [09/Feb/2013:13:58:19 +0700] "GET /?portal=mc_web&page=articleDetail&id=304 HTTP/1.1" 200 23054 "-" "Mozilla/5.0 (compatible; Ezooms/1.0; ezooms.bot@gmail.com)"
208.115.111.73 - - [09/Feb/2013:13:58:30 +0700] "GET /?portal=mc_web&page=articleDetail&id=506 HTTP/1.1" 200 22614 "-" "Mozilla/5.0 (compatible; Ezooms/1.0; ezooms.bot@gmail.com)"
208.115.111.73 - - [09/Feb/2013:13:58:45 +0700] "GET /?portal=mc_web&page=DocOfClass&classID=2&cateID=2 HTTP/1.1" 200 17224 "-" "Mozilla/5.0 (compatible; Ezooms/1.0; ezooms.bot@gmail.com)"
208.115.111.73 - - [09/Feb/2013:13:58:42 +0700] "GET /?portal=mc_web&page=articleDetail&id=640 HTTP/1.1" 200 35581 "-" "Mozilla/5.0 (compatible; Ezooms/1.0; ezooms.bot@gmail.com)"
208.115.111.73 - - [09/Feb/2013:14:00:22 +0700] "GET /?portal=mc_web&page=DocOfClass&classID=3&cateID=1 HTTP/1.1" 200 17224 "-" "Mozilla/5.0 (compatible; Ezooms/1.0; ezooms.bot@gmail.com)"
208.115.111.73 - - [09/Feb/2013:14:01:15 +0700] "GET /?portal=mc_web&page=articleDetail&id=306 HTTP/1.1" 200 23086 "-" "Mozilla/5.0 (compatible; Ezooms/1.0; ezooms.bot@gmail.com)"
208.115.111.73 - - [09/Feb/2013:14:03:04 +0700] "GET /?portal=mc_web&page=articleDetail&id=627 HTTP/1.1" 200 23794 "-" "Mozilla/5.0 (compatible; Ezooms/1.0; ezooms.bot@gmail.com)"
37.140.141.10 - - [09/Feb/2013:14:21:09 +0700] "GET /robots.txt HTTP/1.1" 404 274 "-" "Mozilla/5.0 (compatible; YandexBot/3.0; +http://yandex.com/bots)"
37.140.141.10 - - [09/Feb/2013:14:21:12 +0700] "GET /data/images/imageForArticle/images650248_2.jpg HTTP/1.1" 304 0 "-" "Mozilla/5.0 (compatible; YandexImages/3.0; +http://yandex.com/bots)"
199.36.240.17 - - [09/Feb/2013:14:21:53 +0700] "GET /data/images/imageForArticle/images648540_IMG_2497.jpg HTTP/1.1" 200 24964 "-" "Mozilla/5.0 (compatible; YandexImages/3.0; +http://yandex.com/bots)"
199.36.240.17 - - [09/Feb/2013:14:32:05 +0700] "GET /webskins/plugins/TinySlideshow/thumbnails/6.jpg HTTP/1.1" 200 28405 "-" "Mozilla/5.0 (compatible; YandexImages/3.0; +http://yandex.com/bots)"
199.36.240.17 - - [09/Feb/2013:14:45:32 +0700] "GET /data/images/thumb/images654650_1.jpg HTTP/1.1" 200 2335 "-" "Mozilla/5.0 (compatible; YandexImages/3.0; +http://yandex.com/bots)"
199.36.240.17 - - [09/Feb/2013:15:12:25 +0700] "GET /data/images/imageForArticle/images649457_image001.jpg HTTP/1.1" 304 0 "-" "Mozilla/5.0 (compatible; YandexImages/3.0; +http://yandex.com/bots)"
199.36.240.17 - - [09/Feb/2013:15:40:21 +0700] "GET /data/images/imageForArticle/images650249_3.jpg HTTP/1.1" 200 24991 "-" "Mozilla/5.0 (compatible; YandexImages/3.0; +http://yandex.com/bots)"
199.36.240.17 - - [09/Feb/2013:15:55:33 +0700] "GET /data/images/thumb/images654449_1.jpg HTTP/1.1" 200 3936 "-" "Mozilla/5.0 (compatible; YandexImages/3.0; +http://yandex.com/bots)"
199.36.240.17 - - [09/Feb/2013:16:06:58 +0700] "GET /data/images/imageForArticle/images650710_3.jpg HTTP/1.1" 304 0 "-" "Mozilla/5.0 (compatible; YandexImages/3.0; +http://yandex.com/bots)"
199.36.240.17 - - [09/Feb/2013:16:34:23 +0700] "GET /data/images/imageForArticle/images650252_7.jpg HTTP/1.1" 304 0 "-" "Mozilla/5.0 (compatible; YandexImages/3.0; +http://yandex.com/bots)"
37.140.141.10 - - [09/Feb/2013:16:51:33 +0700] "GET /data/images/imageForArticle/images650252_7.jpg HTTP/1.1" 304 0 "-" "Mozilla/5.0 (compatible; YandexImages/3.0; +http://yandex.com/bots)"
199.36.240.17 - - [09/Feb/2013:17:01:47 +0700] "GET /data/images/imageForArticle/images653793_image005.jpg HTTP/1.1" 200 24575 "-" "Mozilla/5.0 (compatible; YandexImages/3.0; +http://yandex.com/bots)"
180.76.5.194 - - [09/Feb/2013:17:14:56 +0700] "GET /?portal=mc_web&page=DocOfClass&classID=6&cateID=1 HTTP/1.1" 200 17224 "-" "Mozilla/5.0 (compatible; Baiduspider/2.0; +http://www.baidu.com/search/spider.html)"
199.36.240.17 - - [09/Feb/2013:17:22:52 +0700] "GET /webskins/plugins/TinySlideshow/thumbnails/3.jpg HTTP/1.1" 200 28442 "-" "Mozilla/5.0 (compatible; YandexImages/3.0; +http://yandex.com/bots)"
199.36.240.17 - - [09/Feb/2013:17:29:12 +0700] "GET /data/images/imageForArticle/images649672_thanhtra01062011_5bfca.jpeg HTTP/1.1" 404 332 "-" "Mozilla/5.0 (compatible; YandexImages/3.0; +http://yandex.com/bots)"
208.115.111.73 - - [09/Feb/2013:18:00:59 +0700] "GET /?portal=mc_web&page=DocOfClass&classID=17&cateID=1 HTTP/1.1" 200 17612 "-" "Mozilla/5.0 (compatible; Ezooms/1.0; ezooms.bot@gmail.com)"
199.36.240.17 - - [09/Feb/2013:18:01:26 +0700] "GET /data/images/thumb/images653793_image005.jpg HTTP/1.1" 200 3079 "-" "Mozilla/5.0 (compatible; YandexImages/3.0; +http://yandex.com/bots)"
208.115.111.73 - - [09/Feb/2013:18:01:35 +0700] "GET /?portal=mc_web&page=DocDetail&id=93 HTTP/1.1" 200 21578 "-" "Mozilla/5.0 (compatible; Ezooms/1.0; ezooms.bot@gmail.com)"
208.115.111.73 - - [09/Feb/2013:18:01:55 +0700] "GET /?portal=mc_web&page=DocOfClass&classID=17&cateID=4 HTTP/1.1" 200 22228 "-" "Mozilla/5.0 (compatible; Ezooms/1.0; ezooms.bot@gmail.com)"
208.115.111.73 - - [09/Feb/2013:18:02:06 +0700] "GET /?portal=mc_web&page=NewDoc HTTP/1.1" 200 22014 "-" "Mozilla/5.0 (compatible; Ezooms/1.0; ezooms.bot@gmail.com)"
208.115.111.73 - - [09/Feb/2013:18:02:13 +0700] "GET /?portal=mc_web&page=articleDetail&id=629 HTTP/1.1" 200 26852 "-" "Mozilla/5.0 (compatible; Ezooms/1.0; ezooms.bot@gmail.com)"
180.76.6.35 - - [09/Feb/2013:18:03:43 +0700] "GET /?portal=mc_web&page=articleDetail&id=274 HTTP/1.1" 200 221488 "-" "Mozilla/5.0 (compatible; Baiduspider/2.0; +http://www.baidu.com/search/spider.html)"
66.249.77.124 - - [09/Feb/2013:18:17:23 +0700] "GET /robots.txt HTTP/1.1" 404 278 "-" "Mozilla/5.0 (compatible; Googlebot/2.1; +http://www.google.com/bot.html)"
66.249.77.124 - - [09/Feb/2013:18:17:23 +0700] "GET /data/images/imageForArticle/images645554_IMG_9685.jpg HTTP/1.1" 304 0 "-" "Googlebot-Image/1.0"
118.70.248.17 - - [09/Feb/2013:18:38:33 +0700] "GET /data/images/thumb//images656664_y.jpg HTTP/1.1" 304 0 "-" "Mozilla/4.0 (compatible;)"
37.140.141.10 - - [09/Feb/2013:18:39:58 +0700] "GET /data/images/imageForArticle/images654450_1.jpg HTTP/1.1" 304 0 "-" "Mozilla/5.0 (compatible; YandexImages/3.0; +http://yandex.com/bots)"
131.253.38.101 - - [09/Feb/2013:18:47:03 +0700] "GET /robots.txt HTTP/1.1" 404 274 "-" "msnbot-media/1.1 (+http://search.msn.com/msnbot.htm)"
131.253.38.101 - - [09/Feb/2013:18:47:17 +0700] "GET /webskins/plugins/TinySlideshow/thumbnails/2.jpg HTTP/1.1" 200 8056 "-" "msnbot-media/1.1 (+http://search.msn.com/msnbot.htm)"
199.36.240.17 - - [09/Feb/2013:18:48:48 +0700] "GET /robots.txt HTTP/1.1" 404 274 "-" "Mozilla/5.0 (compatible; YandexImages/3.0; +http://yandex.com/bots)"
180.76.5.17 - - [09/Feb/2013:18:50:26 +0700] "GET /?portal=mc_web&page=articleDetail&id=362 HTTP/1.1" 200 29609 "-" "Mozilla/5.0 (compatible; Baiduspider/2.0; +http://www.baidu.com/search/spider.html)"
180.76.6.16 - - [09/Feb/2013:18:54:28 +0700] "GET / HTTP/1.1" 200 19278 "-" "Mozilla/5.0 (compatible; Baiduspider/2.0; +http://www.baidu.com/search/spider.html)"
199.36.240.17 - - [09/Feb/2013:19:03:10 +0700] "GET /robots.txt HTTP/1.1" 404 278 "-" "Mozilla/5.0 (compatible; YandexImages/3.0; +http://yandex.com/bots)"
37.140.141.10 - - [09/Feb/2013:19:07:16 +0700] "GET /data/images/imageForArticle/images650979_Bang-xep-hang-1.jpg HTTP/1.1" 304 0 "-" "Mozilla/5.0 (compatible; YandexImages/3.0; +http://yandex.com/bots)"
65.55.215.74 - - [09/Feb/2013:19:10:46 +0700] "GET /robots.txt HTTP/1.1" 404 274 "-" "msnbot-media/1.1 (+http://search.msn.com/msnbot.htm)"
65.55.215.74 - - [09/Feb/2013:19:10:55 +0700] "GET /webskins/plugins/TinySlideshow/thumbnails/4.jpg HTTP/1.1" 200 8127 "-" "msnbot-media/1.1 (+http://search.msn.com/msnbot.htm)"
199.36.240.17 - - [09/Feb/2013:19:16:40 +0700] "GET /data/images/imageForArticle/images648423_images648274_IMG_2247.jpg HTTP/1.1" 200 18818 "-" "Mozilla/5.0 (compatible; YandexImages/3.0; +http://yandex.com/bots)"
37.140.141.10 - - [09/Feb/2013:19:24:09 +0700] "GET /robots.txt HTTP/1.1" 404 278 "-" "Mozilla/5.0 (compatible; YandexBot/3.0; +http://yandex.com/bots)"
37.140.141.10 - - [09/Feb/2013:19:24:12 +0700] "GET /webskins/plugins/TinySlideshow/thumbnails/6.jpg HTTP/1.1" 304 0 "-" "Mozilla/5.0 (compatible; YandexImages/3.0; +http://yandex.com/bots)"
199.36.240.17 - - [09/Feb/2013:19:44:35 +0700] "GET /data/images/imageForArticle/images648132_10_dieu_du_hoc.jpg HTTP/1.1" 200 29140 "-" "Mozilla/5.0 (compatible; YandexImages/3.0; +http://yandex.com/bots)"
199.36.240.17 - - [09/Feb/2013:20:13:40 +0700] "GET /data/images/thumb/images653461_HZ6Q1222.jpg HTTP/1.1" 304 0 "-" "Mozilla/5.0 (compatible; YandexImages/3.0; +http://yandex.com/bots)"
37.140.141.10 - - [09/Feb/2013:20:24:32 +0700] "GET /data/images/thumb/images654132_image003.jpg HTTP/1.1" 304 0 "-" "Mozilla/5.0 (compatible; YandexImages/3.0; +http://yandex.com/bots)"
199.36.240.17 - - [09/Feb/2013:20:27:33 +0700] "GET /data/images/thumb/admin_1344704443.png HTTP/1.1" 200 2394 "-" "Mozilla/5.0 (compatible; YandexImages/3.0; +http://yandex.com/bots)"
199.36.240.17 - - [09/Feb/2013:20:42:43 +0700] "GET /data/images/imageForArticle/images648321_image004.gif HTTP/1.1" 200 25041 "-" "Mozilla/5.0 (compatible; YandexImages/3.0; +http://yandex.com/bots)"
198.27.74.8 - - [09/Feb/2013:20:48:39 +0700] "GET / HTTP/1.1" 200 19278 "-" "Mozilla/5.0 (compatible; MSIE 10.0; Linux i686; WOW64; Trident/3.0)"
37.140.141.10 - - [09/Feb/2013:20:59:27 +0700] "GET /data/images/imageForArticle/images648216_9.jpg HTTP/1.1" 304 0 "-" "Mozilla/5.0 (compatible; YandexImages/3.0; +http://yandex.com/bots)"
199.36.240.17 - - [09/Feb/2013:21:13:55 +0700] "GET /data/images/imageForArticle/images649820_Hinhanh1090.jpg HTTP/1.1" 304 0 "-" "Mozilla/5.0 (compatible; YandexImages/3.0; +http://yandex.com/bots)"
37.140.141.10 - - [09/Feb/2013:21:35:35 +0700] "GET /data/images/imageForArticle/images651210_ttga.jpg HTTP/1.1" 304 0 "-" "Mozilla/5.0 (compatible; YandexImages/3.0; +http://yandex.com/bots)"
199.36.240.17 - - [09/Feb/2013:21:46:48 +0700] "GET /data/images/imageForArticle/images649792_P1030145.jpg HTTP/1.1" 200 14033 "-" "Mozilla/5.0 (compatible; YandexImages/3.0; +http://yandex.com/bots)"
208.115.111.73 - - [09/Feb/2013:22:02:25 +0700] "GET /?portal=mc_web&page=DocDetail&id=80 HTTP/1.1" 200 21758 "-" "Mozilla/5.0 (compatible; Ezooms/1.0; ezooms.bot@gmail.com)"
208.115.111.73 - - [09/Feb/2013:22:02:37 +0700] "GET /?portal=mc_web&page=DocOfClass&classID=5&cateID=3 HTTP/1.1" 200 17612 "-" "Mozilla/5.0 (compatible; Ezooms/1.0; ezooms.bot@gmail.com)"
208.115.111.73 - - [09/Feb/2013:22:02:57 +0700] "GET /?portal=mc_web&page=DocOfClass&classID=5&cateID=4 HTTP/1.1" 200 17224 "-" "Mozilla/5.0 (compatible; Ezooms/1.0; ezooms.bot@gmail.com)"
208.115.111.73 - - [09/Feb/2013:22:03:15 +0700] "GET /?portal=mc_web&page=articleDetail&id=302 HTTP/1.1" 200 45106 "-" "Mozilla/5.0 (compatible; Ezooms/1.0; ezooms.bot@gmail.com)"
199.36.240.17 - - [09/Feb/2013:22:05:59 +0700] "GET /data/images/thumb/admin_1344779539.jpg HTTP/1.1" 200 3272 "-" "Mozilla/5.0 (compatible; YandexImages/3.0; +http://yandex.com/bots)"
199.36.240.17 - - [09/Feb/2013:22:12:20 +0700] "GET /data/images/imageForArticle/images648526_5.jpg HTTP/1.1" 200 29994 "-" "Mozilla/5.0 (compatible; YandexImages/3.0; +http://yandex.com/bots)"
37.140.141.10 - - [09/Feb/2013:22:18:34 +0700] "GET /data/images/thumb/images654676_anh1,quangngai,xaydungtruongchuanquocgia.jpg HTTP/1.1" 304 0 "-" "Mozilla/5.0 (compatible; YandexImages/3.0; +http://yandex.com/bots)"
