199.36.240.17 - - [14/Feb/2013:00:37:44 +0700] "GET /data/images/imageForArticle/images648823_tailieulienthong.jpg HTTP/1.1" 304 0 "-" "Mozilla/5.0 (compatible; YandexImages/3.0; +http://yandex.com/bots)"
199.36.240.17 - - [14/Feb/2013:01:33:46 +0700] "GET /data/images/imageForArticle/images651867_image001_resize.jpg HTTP/1.1" 304 0 "-" "Mozilla/5.0 (compatible; YandexImages/3.0; +http://yandex.com/bots)"
66.249.77.12 - - [14/Feb/2013:02:06:50 +0700] "GET /data/images/imageForArticle/images645890_IMG_0966.jpg HTTP/1.1" 200 22719 "-" "Googlebot-Image/1.0"
208.115.113.89 - - [14/Feb/2013:02:12:54 +0700] "GET /robots.txt HTTP/1.1" 404 278 "-" "Mozilla/5.0 (compatible; Ezooms/1.0; ezooms.bot@gmail.com)"
199.36.240.17 - - [14/Feb/2013:02:28:29 +0700] "GET /data/images/imageForArticle/images648322_image005.jpg HTTP/1.1" 304 0 "-" "Mozilla/5.0 (compatible; YandexImages/3.0; +http://yandex.com/bots)"
123.30.175.79 - - [14/Feb/2013:02:41:14 +0700] "GET /robots.txt HTTP/1.0" 404 274 "-" "coccoc/1.0 (http://help.coccoc.com/)"
180.76.5.138 - - [14/Feb/2013:02:51:12 +0700] "GET /?portal=mc_web&page=articleDetail&id=581 HTTP/1.1" 200 22501 "-" "Mozilla/5.0 (compatible; Baiduspider/2.0; +http://www.baidu.com/search/spider.html)"
65.55.52.117 - - [14/Feb/2013:03:08:33 +0700] "GET /robots.txt HTTP/1.1" 404 274 "-" "Mozilla/5.0 (compatible; bingbot/2.0; +http://www.bing.com/bingbot.htm)"
65.55.52.117 - - [14/Feb/2013:03:10:18 +0700] "GET / HTTP/1.1" 200 19278 "-" "Mozilla/5.0 (compatible; bingbot/2.0; +http://www.bing.com/bingbot.htm)"
65.55.52.117 - - [14/Feb/2013:03:11:44 +0700] "GET / HTTP/1.1" 200 19278 "-" "Mozilla/5.0 (compatible; bingbot/2.0; +http://www.bing.com/bingbot.htm)"
123.30.175.79 - - [14/Feb/2013:03:18:08 +0700] "GET /data/images/imageForArticle/images644725_1.jpg HTTP/1.0" 200 23369 "-" "coccoc/1.0 (http://help.coccoc.com/)"
123.30.175.79 - - [14/Feb/2013:03:18:14 +0700] "GET /data/images/imageForArticle/images644726_2.jpg HTTP/1.0" 200 22078 "-" "coccoc/1.0 (http://help.coccoc.com/)"
123.30.175.79 - - [14/Feb/2013:03:18:20 +0700] "GET /data/images/imageForArticle/images644727_3.jpg HTTP/1.0" 200 21580 "-" "coccoc/1.0 (http://help.coccoc.com/)"
123.30.175.79 - - [14/Feb/2013:03:18:26 +0700] "GET /data/images/imageForArticle/images644728_IMG_9852.jpg HTTP/1.0" 200 25822 "-" "coccoc/1.0 (http://help.coccoc.com/)"
123.30.175.79 - - [14/Feb/2013:03:18:32 +0700] "GET /data/images/imageForArticle/images644715_13.jpg HTTP/1.0" 200 26100 "-" "coccoc/1.0 (http://help.coccoc.com/)"
123.30.175.79 - - [14/Feb/2013:03:18:38 +0700] "GET /data/images/imageForArticle/images644716_13(1).jpg HTTP/1.0" 200 21998 "-" "coccoc/1.0 (http://help.coccoc.com/)"
123.30.175.79 - - [14/Feb/2013:03:18:45 +0700] "GET /data/images/imageForArticle/images644748_t17265.jpg HTTP/1.0" 200 25797 "-" "coccoc/1.0 (http://help.coccoc.com/)"
123.30.175.79 - - [14/Feb/2013:03:18:51 +0700] "GET /data/images/imageForArticle/images644755_4.jpg HTTP/1.0" 200 19096 "-" "coccoc/1.0 (http://help.coccoc.com/)"
123.30.175.79 - - [14/Feb/2013:03:18:57 +0700] "GET /data/images/imageForArticle/images649121_IMG_5132.jpg HTTP/1.0" 200 22990 "-" "coccoc/1.0 (http://help.coccoc.com/)"
123.30.175.79 - - [14/Feb/2013:03:19:03 +0700] "GET /data/images/imageForArticle/images649287_hoithi1.jpg HTTP/1.0" 200 22821 "-" "coccoc/1.0 (http://help.coccoc.com/)"
123.30.175.79 - - [14/Feb/2013:03:19:09 +0700] "GET /data/images/imageForArticle/images649332_3.jpg HTTP/1.0" 200 22073 "-" "coccoc/1.0 (http://help.coccoc.com/)"
123.30.175.79 - - [14/Feb/2013:03:19:16 +0700] "GET /data/images/imageForArticle/images649333_1.jpg HTTP/1.0" 200 24065 "-" "coccoc/1.0 (http://help.coccoc.com/)"
123.30.175.79 - - [14/Feb/2013:03:19:22 +0700] "GET /data/images/imageForArticle/images649334_5.jpg HTTP/1.0" 200 19898 "-" "coccoc/1.0 (http://help.coccoc.com/)"
123.30.175.79 - - [14/Feb/2013:03:19:29 +0700] "GET /data/images/imageForArticle/images649263_2.jpg HTTP/1.0" 200 23991 "-" "coccoc/1.0 (http://help.coccoc.com/)"
123.30.175.79 - - [14/Feb/2013:03:19:35 +0700] "GET /data/images/imageForArticle/images644542_1.jpg HTTP/1.0" 200 22476 "-" "coccoc/1.0 (http://help.coccoc.com/)"
123.30.175.79 - - [14/Feb/2013:03:19:41 +0700] "GET /data/images/imageForArticle/images644655_baoveBien.jpg HTTP/1.0" 200 15083 "-" "coccoc/1.0 (http://help.coccoc.com/)"
123.30.175.79 - - [14/Feb/2013:03:19:49 +0700] "GET /data/images/imageForArticle/images644691_IMG_0308.jpg HTTP/1.0" 200 14958 "-" "coccoc/1.0 (http://help.coccoc.com/)"
123.30.175.79 - - [14/Feb/2013:03:19:55 +0700] "GET /data/images/imageForArticle/images644709_1.ThutruongTranQuangQuytraoquyetdinhbonhiemchoth.sVuLanChi.jpg HTTP/1.0" 200 20126 "-" "coccoc/1.0 (http://help.coccoc.com/)"
123.30.175.79 - - [14/Feb/2013:03:20:02 +0700] "GET /data/images/imageForArticle/images644710_2ThutruongTranQuangQuytraoquyetdinhbonhiemchogiamdocvaphogiamdoctrungtamSEAMEOCELLL.jpg HTTP/1.0" 200 24299 "-" "coccoc/1.0 (http://help.coccoc.com/)"
123.30.175.79 - - [14/Feb/2013:03:20:08 +0700] "GET /data/images/imageForArticle/images644711_5.BangiamdoccuaSEAMEOCELLLchuphinhkiniemvoidaidiencuc,vuvalanhdaoBoGD.jpg HTTP/1.0" 200 24158 "-" "coccoc/1.0 (http://help.coccoc.com/)"
123.30.175.79 - - [14/Feb/2013:03:22:22 +0700] "GET /data/images/imageForArticle/images649435_IMG_6322.jpg HTTP/1.0" 200 39509 "-" "coccoc/1.0 (http://help.coccoc.com/)"
123.30.175.79 - - [14/Feb/2013:03:22:28 +0700] "GET /data/images/imageForArticle/images649457_image001.jpg HTTP/1.0" 200 30229 "-" "coccoc/1.0 (http://help.coccoc.com/)"
123.30.175.79 - - [14/Feb/2013:03:22:34 +0700] "GET /data/images/imageForArticle/images649458_image002.jpg HTTP/1.0" 200 16926 "-" "coccoc/1.0 (http://help.coccoc.com/)"
123.30.175.79 - - [14/Feb/2013:03:22:40 +0700] "GET /data/images/imageForArticle/images650299_1.jpg HTTP/1.0" 200 23142 "-" "coccoc/1.0 (http://help.coccoc.com/)"
123.30.175.79 - - [14/Feb/2013:03:22:46 +0700] "GET /data/images/imageForArticle/images650427_images286959_1.jpg HTTP/1.0" 200 20804 "-" "coccoc/1.0 (http://help.coccoc.com/)"
123.30.175.79 - - [14/Feb/2013:03:22:52 +0700] "GET /data/images/imageForArticle/images650433_anh1asean.jpg HTTP/1.0" 200 19756 "-" "coccoc/1.0 (http://help.coccoc.com/)"
123.30.175.79 - - [14/Feb/2013:03:22:58 +0700] "GET /data/images/imageForArticle/images650434_anh3asean.jpg HTTP/1.0" 200 22787 "-" "coccoc/1.0 (http://help.coccoc.com/)"
123.30.175.79 - - [14/Feb/2013:03:23:05 +0700] "GET /data/images/imageForArticle/images650435_anh5asean.jpg HTTP/1.0" 200 28189 "-" "coccoc/1.0 (http://help.coccoc.com/)"
123.30.175.79 - - [14/Feb/2013:03:23:11 +0700] "GET /data/images/imageForArticle/images650394_IMG_01.jpg HTTP/1.0" 200 32058 "-" "coccoc/1.0 (http://help.coccoc.com/)"
123.30.175.79 - - [14/Feb/2013:03:23:17 +0700] "GET /data/images/imageForArticle/images650628_VEF.jpg HTTP/1.0" 200 20474 "-" "coccoc/1.0 (http://help.coccoc.com/)"
199.36.240.17 - - [14/Feb/2013:03:24:42 +0700] "GET /data/images/thumb/images655206_IMG_2296.jpg HTTP/1.1" 200 2996 "-" "Mozilla/5.0 (compatible; YandexImages/3.0; +http://yandex.com/bots)"
123.30.175.79 - - [14/Feb/2013:03:29:37 +0700] "GET /data/images/imageForArticle/images647258_2.jpg HTTP/1.0" 200 20777 "-" "coccoc/1.0 (http://help.coccoc.com/)"
123.30.175.79 - - [14/Feb/2013:03:29:43 +0700] "GET /data/images/imageForArticle/images647245_IMG_1971.jpg HTTP/1.0" 200 25505 "-" "coccoc/1.0 (http://help.coccoc.com/)"
123.30.175.79 - - [14/Feb/2013:03:29:49 +0700] "GET /data/images/imageForArticle/images647246_IMG_1968.jpg HTTP/1.0" 200 29837 "-" "coccoc/1.0 (http://help.coccoc.com/)"
123.30.175.79 - - [14/Feb/2013:03:29:55 +0700] "GET /data/images/imageForArticle/images647247_IMG_1946.jpg HTTP/1.0" 200 26138 "-" "coccoc/1.0 (http://help.coccoc.com/)"
123.30.175.79 - - [14/Feb/2013:03:30:01 +0700] "GET /data/images/imageForArticle/images647269_CopyofIMG_1985.jpg HTTP/1.0" 200 25950 "-" "coccoc/1.0 (http://help.coccoc.com/)"
123.30.175.79 - - [14/Feb/2013:03:30:07 +0700] "GET /data/images/imageForArticle/images645452_IMG_9862.jpg HTTP/1.0" 200 23244 "-" "coccoc/1.0 (http://help.coccoc.com/)"
123.30.175.79 - - [14/Feb/2013:03:30:13 +0700] "GET /data/images/imageForArticle/images645480_IMG_0850.jpg HTTP/1.0" 200 17834 "-" "coccoc/1.0 (http://help.coccoc.com/)"
123.30.175.79 - - [14/Feb/2013:03:30:19 +0700] "GET /data/images/imageForArticle/images645481_IMG_0903.jpg HTTP/1.0" 200 14796 "-" "coccoc/1.0 (http://help.coccoc.com/)"
123.30.175.79 - - [14/Feb/2013:03:30:25 +0700] "GET /data/images/imageForArticle/images645454_image004.jpg HTTP/1.0" 200 18466 "-" "coccoc/1.0 (http://help.coccoc.com/)"
123.30.175.79 - - [14/Feb/2013:03:30:31 +0700] "GET /data/images/imageForArticle/images645502_baochi11sualai-b8d10.jpg HTTP/1.0" 200 50088 "-" "coccoc/1.0 (http://help.coccoc.com/)"
123.30.175.79 - - [14/Feb/2013:03:30:37 +0700] "GET /data/images/imageForArticle/images645503_1.jpg HTTP/1.0" 200 18948 "-" "coccoc/1.0 (http://help.coccoc.com/)"
123.30.175.79 - - [14/Feb/2013:03:30:44 +0700] "GET /data/images/imageForArticle/images645490_IMG_0927.jpg HTTP/1.0" 200 22093 "-" "coccoc/1.0 (http://help.coccoc.com/)"
123.30.175.79 - - [14/Feb/2013:03:30:50 +0700] "GET /data/images/imageForArticle/images645491_IMG_0931.jpg HTTP/1.0" 200 23761 "-" "coccoc/1.0 (http://help.coccoc.com/)"
123.30.175.79 - - [14/Feb/2013:03:30:56 +0700] "GET /data/images/imageForArticle/images645492_IMG_0922.jpg HTTP/1.0" 200 16077 "-" "coccoc/1.0 (http://help.coccoc.com/)"
123.30.175.79 - - [14/Feb/2013:03:31:03 +0700] "GET /data/images/imageForArticle/images647102_IMG_1432.jpg HTTP/1.0" 200 17531 "-" "coccoc/1.0 (http://help.coccoc.com/)"
123.30.175.79 - - [14/Feb/2013:03:31:09 +0700] "GET /data/images/imageForArticle/images647104_IMG_1436.jpg HTTP/1.0" 200 17492 "-" "coccoc/1.0 (http://help.coccoc.com/)"
123.30.175.79 - - [14/Feb/2013:03:31:16 +0700] "GET /data/images/imageForArticle/images647175_nhung1.jpg HTTP/1.0" 200 18476 "-" "coccoc/1.0 (http://help.coccoc.com/)"
123.30.175.79 - - [14/Feb/2013:03:31:22 +0700] "GET /data/images/imageForArticle/images645782_1.jpg HTTP/1.0" 200 19977 "-" "coccoc/1.0 (http://help.coccoc.com/)"
123.30.175.79 - - [14/Feb/2013:03:31:28 +0700] "GET /data/images/imageForArticle/images645783_3.jpg HTTP/1.0" 200 22610 "-" "coccoc/1.0 (http://help.coccoc.com/)"
123.30.175.79 - - [14/Feb/2013:03:31:39 +0700] "GET /data/images/imageForArticle/images645784_2.jpg HTTP/1.0" 200 25102 "-" "coccoc/1.0 (http://help.coccoc.com/)"
123.30.175.79 - - [14/Feb/2013:03:32:47 +0700] "GET /data/images/imageForArticle/images648275_IMG_2242.jpg HTTP/1.0" 200 22124 "-" "coccoc/1.0 (http://help.coccoc.com/)"
123.30.175.79 - - [14/Feb/2013:03:32:53 +0700] "GET /data/images/imageForArticle/images648317_image001.gif HTTP/1.0" 200 25653 "-" "coccoc/1.0 (http://help.coccoc.com/)"
123.30.175.79 - - [14/Feb/2013:03:32:59 +0700] "GET /data/images/imageForArticle/images648321_image004.gif HTTP/1.0" 200 25041 "-" "coccoc/1.0 (http://help.coccoc.com/)"
123.30.175.79 - - [14/Feb/2013:03:33:05 +0700] "GET /data/images/imageForArticle/images648322_image005.jpg HTTP/1.0" 200 24605 "-" "coccoc/1.0 (http://help.coccoc.com/)"
123.30.175.79 - - [14/Feb/2013:03:33:11 +0700] "GET /data/images/imageForArticle/images648323_image002.jpg HTTP/1.0" 200 21415 "-" "coccoc/1.0 (http://help.coccoc.com/)"
66.249.77.12 - - [14/Feb/2013:03:33:16 +0700] "GET /robots.txt HTTP/1.1" 404 274 "-" "Mozilla/5.0 (compatible; Googlebot/2.1; +http://www.google.com/bot.html)"
66.249.77.12 - - [14/Feb/2013:03:33:16 +0700] "GET / HTTP/1.1" 200 19278 "-" "SAMSUNG-SGH-E250/1.0 Profile/MIDP-2.0 Configuration/CLDC-1.1 UP.Browser/6.2.3.3.c.1.101 (GUI) MMP/2.0 (compatible; Googlebot-Mobile/2.1; +http://www.google.com/bot.html)"
123.30.175.79 - - [14/Feb/2013:03:33:18 +0700] "GET /data/images/imageForArticle/images648487_anhnhung.jpg HTTP/1.0" 200 21598 "-" "coccoc/1.0 (http://help.coccoc.com/)"
123.30.175.79 - - [14/Feb/2013:03:33:25 +0700] "GET /data/images/imageForArticle/images648422_1.jpg HTTP/1.0" 200 8848 "-" "coccoc/1.0 (http://help.coccoc.com/)"
123.30.175.79 - - [14/Feb/2013:03:33:31 +0700] "GET /data/images/imageForArticle/images648423_images648274_IMG_2247.jpg HTTP/1.0" 200 18818 "-" "coccoc/1.0 (http://help.coccoc.com/)"
123.30.175.79 - - [14/Feb/2013:03:33:37 +0700] "GET /data/images/imageForArticle/images648499_1.jpg HTTP/1.0" 200 26751 "-" "coccoc/1.0 (http://help.coccoc.com/)"
123.30.175.79 - - [14/Feb/2013:03:33:43 +0700] "GET /data/images/imageForArticle/images648500_1.jpg HTTP/1.0" 200 20573 "-" "coccoc/1.0 (http://help.coccoc.com/)"
123.30.175.79 - - [14/Feb/2013:03:43:27 +0700] "GET /data/images/imageForArticle/images645122_images631140_2.jpg HTTP/1.0" 200 15549 "-" "coccoc/1.0 (http://help.coccoc.com/)"
123.30.175.79 - - [14/Feb/2013:03:43:33 +0700] "GET /data/images/imageForArticle/images649121_IMG_5132.jpg HTTP/1.0" 200 22990 "-" "coccoc/1.0 (http://help.coccoc.com/)"
123.30.175.79 - - [14/Feb/2013:03:43:39 +0700] "GET /data/images/imageForArticle/images649287_hoithi1.jpg HTTP/1.0" 200 22821 "-" "coccoc/1.0 (http://help.coccoc.com/)"
123.30.175.79 - - [14/Feb/2013:03:43:46 +0700] "GET /data/images/imageForArticle/images649332_3.jpg HTTP/1.0" 200 22073 "-" "coccoc/1.0 (http://help.coccoc.com/)"
123.30.175.79 - - [14/Feb/2013:03:43:52 +0700] "GET /data/images/imageForArticle/images649333_1.jpg HTTP/1.0" 200 24065 "-" "coccoc/1.0 (http://help.coccoc.com/)"
123.30.175.79 - - [14/Feb/2013:03:43:58 +0700] "GET /data/images/imageForArticle/images649334_5.jpg HTTP/1.0" 200 19898 "-" "coccoc/1.0 (http://help.coccoc.com/)"
123.30.175.79 - - [14/Feb/2013:03:44:04 +0700] "GET /data/images/imageForArticle/images649263_2.jpg HTTP/1.0" 200 23991 "-" "coccoc/1.0 (http://help.coccoc.com/)"
123.30.175.79 - - [14/Feb/2013:03:44:10 +0700] "GET /data/images/imageForArticle/images644951_1.jpg HTTP/1.0" 200 17664 "-" "coccoc/1.0 (http://help.coccoc.com/)"
123.30.175.79 - - [14/Feb/2013:03:44:16 +0700] "GET /data/images/imageForArticle/images645073_cntt1.jpg HTTP/1.0" 200 18151 "-" "coccoc/1.0 (http://help.coccoc.com/)"
123.30.175.79 - - [14/Feb/2013:03:44:23 +0700] "GET /data/images/imageForArticle/images645054_IMG_0778.jpg HTTP/1.0" 200 23339 "-" "coccoc/1.0 (http://help.coccoc.com/)"
123.30.175.79 - - [14/Feb/2013:03:44:28 +0700] "GET /data/images/imageForArticle/images645072_IMG_0785.jpg HTTP/1.0" 200 15581 "-" "coccoc/1.0 (http://help.coccoc.com/)"
123.30.175.79 - - [14/Feb/2013:03:44:34 +0700] "GET /data/images/imageForArticle/images644959_DSC00082.jpg HTTP/1.0" 200 16882 "-" "coccoc/1.0 (http://help.coccoc.com/)"
123.30.175.79 - - [14/Feb/2013:03:44:41 +0700] "GET /data/images/imageForArticle/images649364_IMG_01.jpg HTTP/1.0" 200 36100 "-" "coccoc/1.0 (http://help.coccoc.com/)"
123.30.175.79 - - [14/Feb/2013:03:44:47 +0700] "GET /data/images/imageForArticle/images649356_images371667_dt4.jpg HTTP/1.0" 200 22287 "-" "coccoc/1.0 (http://help.coccoc.com/)"
123.30.175.79 - - [14/Feb/2013:03:44:54 +0700] "GET /data/images/imageForArticle/images644958_DSC_0013.jpg HTTP/1.0" 200 24468 "-" "coccoc/1.0 (http://help.coccoc.com/)"
123.30.175.79 - - [14/Feb/2013:03:45:00 +0700] "GET /data/images/imageForArticle/images644974_images351681_image008.jpg HTTP/1.0" 200 16854 "-" "coccoc/1.0 (http://help.coccoc.com/)"
123.30.175.79 - - [14/Feb/2013:03:45:06 +0700] "GET /data/images/imageForArticle/images644979_image005.jpg HTTP/1.0" 200 13756 "-" "coccoc/1.0 (http://help.coccoc.com/)"
123.30.175.79 - - [14/Feb/2013:03:45:12 +0700] "GET /data/images/imageForArticle/images644980_image003.jpg HTTP/1.0" 200 13408 "-" "coccoc/1.0 (http://help.coccoc.com/)"
123.30.175.79 - - [14/Feb/2013:03:45:18 +0700] "GET /data/images/imageForArticle/images645008_2.jpg HTTP/1.0" 200 28046 "-" "coccoc/1.0 (http://help.coccoc.com/)"
123.30.175.79 - - [14/Feb/2013:03:45:24 +0700] "GET /data/images/imageForArticle/images645006_image001.jpg HTTP/1.0" 200 19523 "-" "coccoc/1.0 (http://help.coccoc.com/)"
123.30.175.79 - - [14/Feb/2013:03:49:38 +0700] "GET /data/images/imageForArticle/images650748_5.jpg HTTP/1.0" 200 27269 "-" "coccoc/1.0 (http://help.coccoc.com/)"
123.30.175.79 - - [14/Feb/2013:03:49:44 +0700] "GET /data/images/imageForArticle/images650749_3.jpg HTTP/1.0" 200 16940 "-" "coccoc/1.0 (http://help.coccoc.com/)"
123.30.175.79 - - [14/Feb/2013:03:49:50 +0700] "GET /data/images/imageForArticle/images650750_6.jpg HTTP/1.0" 200 26601 "-" "coccoc/1.0 (http://help.coccoc.com/)"
123.30.175.79 - - [14/Feb/2013:03:49:56 +0700] "GET /data/images/imageForArticle/images650697_91edatduocmuctieudoimoigiaoducDH.jpg HTTP/1.0" 200 22957 "-" "coccoc/1.0 (http://help.coccoc.com/)"
123.30.175.79 - - [14/Feb/2013:03:50:02 +0700] "GET /data/images/imageForArticle/images650707_image001.jpg HTTP/1.0" 200 23109 "-" "coccoc/1.0 (http://help.coccoc.com/)"
123.30.175.79 - - [14/Feb/2013:03:50:10 +0700] "GET /data/images/imageForArticle/images644333_IMG_0594.jpg HTTP/1.0" 200 19509 "-" "coccoc/1.0 (http://help.coccoc.com/)"
123.30.175.79 - - [14/Feb/2013:03:50:16 +0700] "GET /data/images/imageForArticle/images644334_IMG_0637.jpg HTTP/1.0" 200 21999 "-" "coccoc/1.0 (http://help.coccoc.com/)"
123.30.175.79 - - [14/Feb/2013:03:50:22 +0700] "GET /data/images/imageForArticle/images644306_14262.jpg HTTP/1.0" 200 25043 "-" "coccoc/1.0 (http://help.coccoc.com/)"
123.30.175.79 - - [14/Feb/2013:03:50:28 +0700] "GET /data/images/imageForArticle/images644307_14263.jpg HTTP/1.0" 200 22261 "-" "coccoc/1.0 (http://help.coccoc.com/)"
123.30.175.79 - - [14/Feb/2013:03:50:34 +0700] "GET /data/images/imageForArticle/images644309_14264.jpg HTTP/1.0" 200 26706 "-" "coccoc/1.0 (http://help.coccoc.com/)"
123.30.175.79 - - [14/Feb/2013:03:53:47 +0700] "GET /data/images/imageForArticle/images651312_images647454_t408379.jpg HTTP/1.0" 200 29372 "-" "coccoc/1.0 (http://help.coccoc.com/)"
123.30.175.79 - - [14/Feb/2013:03:53:53 +0700] "GET /data/images/imageForArticle/images651294_hoc_them.jpg HTTP/1.0" 200 21042 "-" "coccoc/1.0 (http://help.coccoc.com/)"
123.30.175.79 - - [14/Feb/2013:03:53:59 +0700] "GET /data/images/imageForArticle/images651314_2.jpg HTTP/1.0" 200 23379 "-" "coccoc/1.0 (http://help.coccoc.com/)"
123.30.175.79 - - [14/Feb/2013:03:54:05 +0700] "GET /data/images/imageForArticle/images651316_3.jpg HTTP/1.0" 200 30172 "-" "coccoc/1.0 (http://help.coccoc.com/)"
123.30.175.79 - - [14/Feb/2013:03:54:11 +0700] "GET /data/images/imageForArticle/images651317_5.jpg HTTP/1.0" 200 30978 "-" "coccoc/1.0 (http://help.coccoc.com/)"
123.30.175.79 - - [14/Feb/2013:03:54:18 +0700] "GET /data/images/imageForArticle/images651318_4.jpg HTTP/1.0" 200 30853 "-" "coccoc/1.0 (http://help.coccoc.com/)"
123.30.175.79 - - [14/Feb/2013:03:54:24 +0700] "GET /data/images/imageForArticle/images651319_1.jpg HTTP/1.0" 200 28256 "-" "coccoc/1.0 (http://help.coccoc.com/)"
123.30.175.79 - - [14/Feb/2013:03:54:30 +0700] "GET /data/images/imageForArticle/images652955_AnhtinHoinghiCongnghesinhhoc.jpg HTTP/1.0" 200 18026 "-" "coccoc/1.0 (http://help.coccoc.com/)"
123.30.175.79 - - [14/Feb/2013:03:54:36 +0700] "GET /data/images/imageForArticle/images652956_1.jpg HTTP/1.0" 200 19318 "-" "coccoc/1.0 (http://help.coccoc.com/)"
123.30.175.79 - - [14/Feb/2013:03:54:42 +0700] "GET /data/images/imageForArticle/images652938_2(1).png HTTP/1.0" 200 15826 "-" "coccoc/1.0 (http://help.coccoc.com/)"
123.30.175.79 - - [14/Feb/2013:03:54:48 +0700] "GET /data/images/imageForArticle/images653798_1.jpg HTTP/1.0" 200 26355 "-" "coccoc/1.0 (http://help.coccoc.com/)"
123.30.175.79 - - [14/Feb/2013:03:54:54 +0700] "GET /data/images/imageForArticle/images653793_image005.jpg HTTP/1.0" 200 24575 "-" "coccoc/1.0 (http://help.coccoc.com/)"
123.30.175.79 - - [14/Feb/2013:03:55:00 +0700] "GET /data/images/imageForArticle/images653918_SDC14892.jpg HTTP/1.0" 200 12001 "-" "coccoc/1.0 (http://help.coccoc.com/)"
123.30.175.79 - - [14/Feb/2013:03:55:07 +0700] "GET /data/images/imageForArticle/images645926_4.jpg HTTP/1.0" 200 21485 "-" "coccoc/1.0 (http://help.coccoc.com/)"
123.30.175.79 - - [14/Feb/2013:03:55:13 +0700] "GET /data/images/imageForArticle/images645927_5.jpg HTTP/1.0" 200 21329 "-" "coccoc/1.0 (http://help.coccoc.com/)"
123.30.175.79 - - [14/Feb/2013:03:55:19 +0700] "GET /data/images/imageForArticle/images646029_image001.jpg HTTP/1.0" 200 29864 "-" "coccoc/1.0 (http://help.coccoc.com/)"
123.30.175.79 - - [14/Feb/2013:03:55:25 +0700] "GET /data/images/imageForArticle/images646030_image004.jpg HTTP/1.0" 200 22575 "-" "coccoc/1.0 (http://help.coccoc.com/)"
123.30.175.79 - - [14/Feb/2013:03:55:31 +0700] "GET /data/images/imageForArticle/images646031_image005.jpg HTTP/1.0" 200 44518 "-" "coccoc/1.0 (http://help.coccoc.com/)"
123.30.175.79 - - [14/Feb/2013:03:55:37 +0700] "GET /data/document/20120906/admin_1346932141.JPG HTTP/1.0" 200 79099 "-" "coccoc/1.0 (http://help.coccoc.com/)"
123.30.175.79 - - [14/Feb/2013:03:55:43 +0700] "GET /data/images/imageForArticle/images647257_3.jpg HTTP/1.0" 200 24768 "-" "coccoc/1.0 (http://help.coccoc.com/)"
123.30.175.79 - - [14/Feb/2013:03:56:53 +0700] "GET /data/images/imageForArticle/images645888_IMG_0986.jpg HTTP/1.0" 200 17644 "-" "coccoc/1.0 (http://help.coccoc.com/)"
123.30.175.79 - - [14/Feb/2013:03:57:01 +0700] "GET /data/images/imageForArticle/images645889_IMG_1011.jpg HTTP/1.0" 200 18047 "-" "coccoc/1.0 (http://help.coccoc.com/)"
123.30.175.79 - - [14/Feb/2013:03:57:07 +0700] "GET /data/images/imageForArticle/images645890_IMG_0966.jpg HTTP/1.0" 200 22719 "-" "coccoc/1.0 (http://help.coccoc.com/)"
123.30.175.79 - - [14/Feb/2013:03:57:13 +0700] "GET /data/images/imageForArticle/images645893_IMG_01.jpg HTTP/1.0" 200 22833 "-" "coccoc/1.0 (http://help.coccoc.com/)"
123.30.175.79 - - [14/Feb/2013:03:57:19 +0700] "GET /data/images/imageForArticle/images645894_images407277_IMG_7920.jpg HTTP/1.0" 200 20639 "-" "coccoc/1.0 (http://help.coccoc.com/)"
123.30.175.79 - - [14/Feb/2013:03:57:26 +0700] "GET /data/images/imageForArticle/images645923_hinh4.jpg HTTP/1.0" 200 26567 "-" "coccoc/1.0 (http://help.coccoc.com/)"
123.30.175.79 - - [14/Feb/2013:03:57:32 +0700] "GET /data/images/imageForArticle/images647102_IMG_1432.jpg HTTP/1.0" 200 17531 "-" "coccoc/1.0 (http://help.coccoc.com/)"
123.30.175.79 - - [14/Feb/2013:03:57:38 +0700] "GET /data/images/imageForArticle/images647104_IMG_1436.jpg HTTP/1.0" 200 17492 "-" "coccoc/1.0 (http://help.coccoc.com/)"
123.30.175.79 - - [14/Feb/2013:03:57:44 +0700] "GET /data/images/imageForArticle/images647175_nhung1.jpg HTTP/1.0" 200 18476 "-" "coccoc/1.0 (http://help.coccoc.com/)"
123.30.175.79 - - [14/Feb/2013:03:57:50 +0700] "GET /data/images/imageForArticle/images648272_IMG_2234.jpg HTTP/1.0" 200 20573 "-" "coccoc/1.0 (http://help.coccoc.com/)"
208.115.111.73 - - [14/Feb/2013:04:07:22 +0700] "GET /robots.txt HTTP/1.1" 404 278 "-" "Mozilla/5.0 (compatible; Ezooms/1.0; ezooms.bot@gmail.com)"
208.115.111.73 - - [14/Feb/2013:04:07:22 +0700] "GET /robots.txt HTTP/1.1" 404 274 "-" "Mozilla/5.0 (compatible; Ezooms/1.0; ezooms.bot@gmail.com)"
208.115.113.89 - - [14/Feb/2013:04:11:40 +0700] "GET /?portal=mc_web&page=DocOfClass&classID=20&cateID=4 HTTP/1.1" 200 17612 "-" "Mozilla/5.0 (compatible; Ezooms/1.0; ezooms.bot@gmail.com)"
199.36.240.17 - - [14/Feb/2013:04:18:25 +0700] "GET /data/images/thumb/images654776_image003.jpg HTTP/1.1" 200 3136 "-" "Mozilla/5.0 (compatible; YandexImages/3.0; +http://yandex.com/bots)"
180.76.5.113 - - [14/Feb/2013:04:19:42 +0700] "GET /?portal=mc_web&page=articleDetail&id=527 HTTP/1.1" 200 33966 "-" "Mozilla/5.0 (compatible; Baiduspider/2.0; +http://www.baidu.com/search/spider.html)"
74.220.215.112 - - [14/Feb/2013:04:45:02 +0700] "GET / HTTP/1.0" 200 19278 "-" "-"
74.220.215.112 - - [14/Feb/2013:04:45:05 +0700] "HEAD / HTTP/1.1" 200 0 "-" "-"
199.36.240.17 - - [14/Feb/2013:05:16:09 +0700] "GET /data/images/thumb/images653798_1.jpg HTTP/1.1" 200 2939 "-" "Mozilla/5.0 (compatible; YandexImages/3.0; +http://yandex.com/bots)"
208.115.111.73 - - [14/Feb/2013:05:59:54 +0700] "GET /?portal=mc_web&page=articleDetail&id=329 HTTP/1.1" 200 19235 "-" "Mozilla/5.0 (compatible; Ezooms/1.0; ezooms.bot@gmail.com)"
208.115.111.73 - - [14/Feb/2013:05:59:56 +0700] "GET /?portal=mc_web&page=resetPassword HTTP/1.1" 200 16221 "-" "Mozilla/5.0 (compatible; Ezooms/1.0; ezooms.bot@gmail.com)"
199.36.240.17 - - [14/Feb/2013:06:15:30 +0700] "GET /data/images/imageForArticle/images650350_DSC_2235.jpg HTTP/1.1" 200 23021 "-" "Mozilla/5.0 (compatible; YandexImages/3.0; +http://yandex.com/bots)"
208.115.113.89 - - [14/Feb/2013:06:23:07 +0700] "GET /robots.txt HTTP/1.1" 404 278 "-" "Mozilla/5.0 (compatible; Ezooms/1.0; ezooms.bot@gmail.com)"
180.76.5.99 - - [14/Feb/2013:06:28:53 +0700] "GET /?portal=mc_web&page=articleDetail&id=361 HTTP/1.1" 200 28827 "-" "Mozilla/5.0 (compatible; Baiduspider/2.0; +http://www.baidu.com/search/spider.html)"
199.36.240.17 - - [14/Feb/2013:07:10:42 +0700] "GET /data/images/imageForArticle/images648209_7.jpg HTTP/1.1" 304 0 "-" "Mozilla/5.0 (compatible; YandexImages/3.0; +http://yandex.com/bots)"
199.36.240.17 - - [14/Feb/2013:08:01:57 +0700] "GET /data/images/imageForArticle/images649686_IMG_01.jpg HTTP/1.1" 304 0 "-" "Mozilla/5.0 (compatible; YandexImages/3.0; +http://yandex.com/bots)"
180.76.5.158 - - [14/Feb/2013:08:07:59 +0700] "GET /?portal=mc_web&page=DocDetail&id=109 HTTP/1.1" 200 22745 "-" "Mozilla/5.0 (compatible; Baiduspider/2.0; +http://www.baidu.com/search/spider.html)"
208.115.111.73 - - [14/Feb/2013:08:09:30 +0700] "GET /robots.txt HTTP/1.1" 404 278 "-" "Mozilla/5.0 (compatible; Ezooms/1.0; ezooms.bot@gmail.com)"
123.30.175.80 - - [14/Feb/2013:08:54:56 +0700] "GET /robots.txt HTTP/1.0" 404 278 "-" "coccoc/1.0 (http://help.coccoc.com/)"
180.76.5.177 - - [14/Feb/2013:09:33:17 +0700] "GET /?portal=mc_web&page=articleDetail&id=631 HTTP/1.1" 200 29471 "-" "Mozilla/5.0 (compatible; Baiduspider/2.0; +http://www.baidu.com/search/spider.html)"
208.115.111.73 - - [14/Feb/2013:10:01:25 +0700] "GET /?portal=mc_web&page=DocOfClass&classID=7&cateID=4 HTTP/1.1" 200 17612 "-" "Mozilla/5.0 (compatible; Ezooms/1.0; ezooms.bot@gmail.com)"
123.30.175.80 - - [14/Feb/2013:10:05:39 +0700] "GET /robots.txt HTTP/1.0" 404 274 "-" "coccoc/1.0 (http://help.coccoc.com/)"
123.30.175.80 - - [14/Feb/2013:10:06:41 +0700] "GET /?portal=mc_web&page=articleDetail&id=428 HTTP/1.0" 200 23101 "-" "coccoc/1.0 (http://help.coccoc.com/)"
123.30.175.80 - - [14/Feb/2013:10:06:47 +0700] "GET /?portal=mc_web&page=articleDetail&id=429 HTTP/1.0" 200 22776 "-" "coccoc/1.0 (http://help.coccoc.com/)"
123.30.175.80 - - [14/Feb/2013:10:06:55 +0700] "GET /?portal=mc_web&page=articleDetail&id=430 HTTP/1.0" 200 24379 "-" "coccoc/1.0 (http://help.coccoc.com/)"
123.30.175.80 - - [14/Feb/2013:10:07:02 +0700] "GET /?portal=mc_web&page=articleDetail&id=265 HTTP/1.0" 200 25726 "-" "coccoc/1.0 (http://help.coccoc.com/)"
123.30.175.80 - - [14/Feb/2013:10:07:09 +0700] "GET /?portal=mc_web&page=articleDetail&id=266 HTTP/1.0" 200 22710 "-" "coccoc/1.0 (http://help.coccoc.com/)"
123.30.175.80 - - [14/Feb/2013:10:07:15 +0700] "GET /?portal=mc_web&page=articleDetail&id=267 HTTP/1.0" 200 27996 "-" "coccoc/1.0 (http://help.coccoc.com/)"
123.30.175.80 - - [14/Feb/2013:10:07:22 +0700] "GET /?portal=mc_web&page=articleDetail&id=268 HTTP/1.0" 200 23667 "-" "coccoc/1.0 (http://help.coccoc.com/)"
123.30.175.80 - - [14/Feb/2013:10:07:28 +0700] "GET /?portal=mc_web&page=articleDetail&id=269 HTTP/1.0" 200 28007 "-" "coccoc/1.0 (http://help.coccoc.com/)"
123.30.175.80 - - [14/Feb/2013:10:07:35 +0700] "GET /?portal=mc_web&page=articleDetail&id=426 HTTP/1.0" 200 22052 "-" "coccoc/1.0 (http://help.coccoc.com/)"
123.30.175.80 - - [14/Feb/2013:10:07:41 +0700] "GET /?portal=mc_web&page=articleDetail&id=427 HTTP/1.0" 200 31140 "-" "coccoc/1.0 (http://help.coccoc.com/)"
123.30.175.82 - - [14/Feb/2013:10:08:37 +0700] "GET /?portal=mc_web&page=articleDetail&id=340 HTTP/1.0" 200 99529 "-" "coccoc/1.0 (http://help.coccoc.com/)"
123.30.175.82 - - [14/Feb/2013:10:08:46 +0700] "GET /?portal=mc_web&page=articleDetail&id=341 HTTP/1.0" 200 23026 "-" "coccoc/1.0 (http://help.coccoc.com/)"
123.30.175.82 - - [14/Feb/2013:10:08:55 +0700] "GET /?portal=mc_web&page=articleDetail&id=342 HTTP/1.0" 200 32645 "-" "coccoc/1.0 (http://help.coccoc.com/)"
123.30.175.82 - - [14/Feb/2013:10:09:03 +0700] "GET /?portal=mc_web&page=articleDetail&id=343 HTTP/1.0" 200 24185 "-" "coccoc/1.0 (http://help.coccoc.com/)"
123.30.175.82 - - [14/Feb/2013:10:09:11 +0700] "GET /?portal=mc_web&page=articleDetail&id=344 HTTP/1.0" 200 205706 "-" "coccoc/1.0 (http://help.coccoc.com/)"
123.30.175.82 - - [14/Feb/2013:10:09:19 +0700] "GET /?portal=mc_web&page=articleDetail&id=410 HTTP/1.0" 200 22755 "-" "coccoc/1.0 (http://help.coccoc.com/)"
123.30.175.82 - - [14/Feb/2013:10:09:28 +0700] "GET /?portal=mc_web&page=articleDetail&id=411 HTTP/1.0" 200 25912 "-" "coccoc/1.0 (http://help.coccoc.com/)"
123.30.175.82 - - [14/Feb/2013:10:09:34 +0700] "GET /?portal=mc_web&page=articleDetail&id=412 HTTP/1.0" 200 27153 "-" "coccoc/1.0 (http://help.coccoc.com/)"
123.30.175.82 - - [14/Feb/2013:10:09:42 +0700] "GET /?portal=mc_web&page=articleDetail&id=413 HTTP/1.0" 200 25463 "-" "coccoc/1.0 (http://help.coccoc.com/)"
123.30.175.82 - - [14/Feb/2013:10:09:50 +0700] "GET /?portal=mc_web&page=articleDetail&id=414 HTTP/1.0" 200 27830 "-" "coccoc/1.0 (http://help.coccoc.com/)"
123.30.175.82 - - [14/Feb/2013:10:10:46 +0700] "GET /?portal=mc_web&page=articleDetail&id=431 HTTP/1.0" 200 30696 "-" "coccoc/1.0 (http://help.coccoc.com/)"
123.30.175.82 - - [14/Feb/2013:10:10:54 +0700] "GET /?portal=mc_web&page=articleDetail&id=432 HTTP/1.0" 200 32821 "-" "coccoc/1.0 (http://help.coccoc.com/)"
123.30.175.82 - - [14/Feb/2013:10:11:00 +0700] "GET /?portal=mc_web&page=articleDetail&id=433 HTTP/1.0" 200 24932 "-" "coccoc/1.0 (http://help.coccoc.com/)"
123.30.175.82 - - [14/Feb/2013:10:11:06 +0700] "GET /?portal=mc_web&page=articleDetail&id=200 HTTP/1.0" 200 25542 "-" "coccoc/1.0 (http://help.coccoc.com/)"
123.30.175.82 - - [14/Feb/2013:10:11:12 +0700] "GET /?portal=mc_web&page=articleDetail&id=201 HTTP/1.0" 200 32123 "-" "coccoc/1.0 (http://help.coccoc.com/)"
123.30.175.82 - - [14/Feb/2013:10:11:21 +0700] "GET /?portal=mc_web&page=articleDetail&id=202 HTTP/1.0" 200 22609 "-" "coccoc/1.0 (http://help.coccoc.com/)"
123.30.175.82 - - [14/Feb/2013:10:11:29 +0700] "GET /?portal=mc_web&page=articleDetail&id=203 HTTP/1.0" 200 29089 "-" "coccoc/1.0 (http://help.coccoc.com/)"
123.30.175.82 - - [14/Feb/2013:10:11:37 +0700] "GET /?portal=mc_web&page=articleDetail&id=204 HTTP/1.0" 200 26631 "-" "coccoc/1.0 (http://help.coccoc.com/)"
123.30.175.82 - - [14/Feb/2013:10:11:44 +0700] "GET /?portal=mc_web&page=articleDetail&id=522 HTTP/1.0" 200 49068 "-" "coccoc/1.0 (http://help.coccoc.com/)"
123.30.175.82 - - [14/Feb/2013:10:11:50 +0700] "GET /?portal=mc_web&page=articleDetail&id=589 HTTP/1.0" 200 21912 "-" "coccoc/1.0 (http://help.coccoc.com/)"
208.115.113.89 - - [14/Feb/2013:10:12:08 +0700] "GET /robots.txt HTTP/1.1" 404 278 "-" "Mozilla/5.0 (compatible; Ezooms/1.0; ezooms.bot@gmail.com)"
123.30.175.82 - - [14/Feb/2013:10:12:51 +0700] "GET /?portal=mc_web&page=articleDetail&id=590 HTTP/1.0" 200 21977 "-" "coccoc/1.0 (http://help.coccoc.com/)"
123.30.175.82 - - [14/Feb/2013:10:12:59 +0700] "GET /?portal=mc_web&page=articleDetail&id=591 HTTP/1.0" 200 21960 "-" "coccoc/1.0 (http://help.coccoc.com/)"
123.30.175.82 - - [14/Feb/2013:10:13:05 +0700] "GET /?portal=mc_web&page=articleDetail&id=592 HTTP/1.0" 200 32561 "-" "coccoc/1.0 (http://help.coccoc.com/)"
123.30.175.82 - - [14/Feb/2013:10:13:13 +0700] "GET /?portal=mc_web&page=articleDetail&id=593 HTTP/1.0" 200 23799 "-" "coccoc/1.0 (http://help.coccoc.com/)"
123.30.175.82 - - [14/Feb/2013:10:13:22 +0700] "GET /?portal=mc_web&page=articleDetail&id=594 HTTP/1.0" 200 29920 "-" "coccoc/1.0 (http://help.coccoc.com/)"
123.30.175.80 - - [14/Feb/2013:10:14:16 +0700] "GET /robots.txt HTTP/1.0" 404 278 "-" "coccoc/1.0 (http://help.coccoc.com/)"
123.30.175.81 - - [14/Feb/2013:10:15:15 +0700] "GET /?portal=mc_web&page=articleDetail&id=428 HTTP/1.0" 200 23337 "-" "coccoc/1.0 (http://help.coccoc.com/)"
123.30.175.81 - - [14/Feb/2013:10:15:22 +0700] "GET /?portal=mc_web&page=articleDetail&id=429 HTTP/1.0" 200 23012 "-" "coccoc/1.0 (http://help.coccoc.com/)"
123.30.175.81 - - [14/Feb/2013:10:15:29 +0700] "GET /?portal=mc_web&page=articleDetail&id=430 HTTP/1.0" 200 24615 "-" "coccoc/1.0 (http://help.coccoc.com/)"
123.30.175.81 - - [14/Feb/2013:10:15:37 +0700] "GET /?portal=mc_web&page=articleDetail&id=314 HTTP/1.0" 200 20208 "-" "coccoc/1.0 (http://help.coccoc.com/)"
123.30.175.81 - - [14/Feb/2013:10:15:46 +0700] "GET /?portal=mc_web&page=articleDetail&id=315 HTTP/1.0" 200 20602 "-" "coccoc/1.0 (http://help.coccoc.com/)"
123.30.175.81 - - [14/Feb/2013:10:15:54 +0700] "GET /?portal=mc_web&page=articleDetail&id=316 HTTP/1.0" 200 21322 "-" "coccoc/1.0 (http://help.coccoc.com/)"
123.30.175.81 - - [14/Feb/2013:10:16:03 +0700] "GET /?portal=mc_web&page=articleDetail&id=317 HTTP/1.0" 200 21021 "-" "coccoc/1.0 (http://help.coccoc.com/)"
123.30.175.81 - - [14/Feb/2013:10:16:09 +0700] "GET /?portal=mc_web&page=articleDetail&id=349 HTTP/1.0" 200 28388 "-" "coccoc/1.0 (http://help.coccoc.com/)"
123.30.175.81 - - [14/Feb/2013:10:16:16 +0700] "GET /?portal=mc_web&page=articleDetail&id=350 HTTP/1.0" 200 23925 "-" "coccoc/1.0 (http://help.coccoc.com/)"
123.30.175.81 - - [14/Feb/2013:10:16:23 +0700] "GET /?portal=mc_web&page=articleDetail&id=351 HTTP/1.0" 200 22519 "-" "coccoc/1.0 (http://help.coccoc.com/)"
180.76.5.156 - - [14/Feb/2013:10:16:23 +0700] "GET /?portal=mc_web&page=Download&name=20120922/admin_1348309109.pdf HTTP/1.1" 200 134699 "-" "Mozilla/5.0 (compatible; Baiduspider/2.0; +http://www.baidu.com/search/spider.html)"
123.30.175.82 - - [14/Feb/2013:10:17:15 +0700] "GET /?portal=mc_web&page=articleDetail&id=352 HTTP/1.0" 200 26256 "-" "coccoc/1.0 (http://help.coccoc.com/)"
123.30.175.82 - - [14/Feb/2013:10:17:23 +0700] "GET /?portal=mc_web&page=articleDetail&id=353 HTTP/1.0" 200 26307 "-" "coccoc/1.0 (http://help.coccoc.com/)"
123.30.175.82 - - [14/Feb/2013:10:17:30 +0700] "GET /?portal=mc_web&page=articleDetail&id=426 HTTP/1.0" 200 22288 "-" "coccoc/1.0 (http://help.coccoc.com/)"
123.30.175.82 - - [14/Feb/2013:10:17:38 +0700] "GET /?portal=mc_web&page=articleDetail&id=427 HTTP/1.0" 200 31376 "-" "coccoc/1.0 (http://help.coccoc.com/)"
123.30.175.82 - - [14/Feb/2013:10:17:46 +0700] "GET /?portal=mc_web&page=articleDetail&id=410 HTTP/1.0" 200 22991 "-" "coccoc/1.0 (http://help.coccoc.com/)"
123.30.175.82 - - [14/Feb/2013:10:17:53 +0700] "GET /?portal=mc_web&page=articleDetail&id=411 HTTP/1.0" 200 26148 "-" "coccoc/1.0 (http://help.coccoc.com/)"
123.30.175.82 - - [14/Feb/2013:10:18:00 +0700] "GET /?portal=mc_web&page=articleDetail&id=412 HTTP/1.0" 200 27389 "-" "coccoc/1.0 (http://help.coccoc.com/)"
123.30.175.82 - - [14/Feb/2013:10:18:08 +0700] "GET /?portal=mc_web&page=articleDetail&id=413 HTTP/1.0" 200 25699 "-" "coccoc/1.0 (http://help.coccoc.com/)"
123.30.175.82 - - [14/Feb/2013:10:18:14 +0700] "GET /?portal=mc_web&page=articleDetail&id=414 HTTP/1.0" 200 28066 "-" "coccoc/1.0 (http://help.coccoc.com/)"
123.30.175.82 - - [14/Feb/2013:10:18:21 +0700] "GET /?portal=mc_web&page=articleDetail&id=233 HTTP/1.0" 200 24860 "-" "coccoc/1.0 (http://help.coccoc.com/)"
123.30.175.81 - - [14/Feb/2013:10:19:09 +0700] "GET /?portal=mc_web&page=articleDetail&id=234 HTTP/1.0" 200 25384 "-" "coccoc/1.0 (http://help.coccoc.com/)"
123.30.175.81 - - [14/Feb/2013:10:19:16 +0700] "GET /?portal=mc_web&page=articleDetail&id=235 HTTP/1.0" 200 23462 "-" "coccoc/1.0 (http://help.coccoc.com/)"
123.30.175.81 - - [14/Feb/2013:10:19:22 +0700] "GET /?portal=mc_web&page=articleDetail&id=236 HTTP/1.0" 200 55790 "-" "coccoc/1.0 (http://help.coccoc.com/)"
123.30.175.81 - - [14/Feb/2013:10:19:29 +0700] "GET /?portal=mc_web&page=articleDetail&id=237 HTTP/1.0" 200 24720 "-" "coccoc/1.0 (http://help.coccoc.com/)"
123.30.175.81 - - [14/Feb/2013:10:19:39 +0700] "GET /?portal=mc_web&page=articleDetail&id=522 HTTP/1.0" 200 49304 "-" "coccoc/1.0 (http://help.coccoc.com/)"
123.30.175.81 - - [14/Feb/2013:10:19:48 +0700] "GET /?portal=mc_web&page=articleDetail&id=589 HTTP/1.0" 200 22148 "-" "coccoc/1.0 (http://help.coccoc.com/)"
123.30.175.81 - - [14/Feb/2013:10:19:55 +0700] "GET /?portal=mc_web&page=articleDetail&id=590 HTTP/1.0" 200 22213 "-" "coccoc/1.0 (http://help.coccoc.com/)"
123.30.175.81 - - [14/Feb/2013:10:20:01 +0700] "GET /?portal=mc_web&page=articleDetail&id=591 HTTP/1.0" 200 22196 "-" "coccoc/1.0 (http://help.coccoc.com/)"
123.30.175.81 - - [14/Feb/2013:10:20:10 +0700] "GET /?portal=mc_web&page=articleDetail&id=592 HTTP/1.0" 200 32797 "-" "coccoc/1.0 (http://help.coccoc.com/)"
123.30.175.81 - - [14/Feb/2013:10:20:16 +0700] "GET /?portal=mc_web&page=articleDetail&id=593 HTTP/1.0" 200 24035 "-" "coccoc/1.0 (http://help.coccoc.com/)"
123.30.175.82 - - [14/Feb/2013:10:21:17 +0700] "GET /?portal=mc_web&page=articleDetail&id=594 HTTP/1.0" 200 30156 "-" "coccoc/1.0 (http://help.coccoc.com/)"
199.36.240.17 - - [14/Feb/2013:11:35:56 +0700] "GET /robots.txt HTTP/1.1" 404 278 "-" "Mozilla/5.0 (compatible; YandexImages/3.0; +http://yandex.com/bots)"
66.249.74.16 - - [14/Feb/2013:11:36:47 +0700] "GET /robots.txt HTTP/1.1" 404 274 "-" "Mozilla/5.0 (compatible; Googlebot/2.1; +http://www.google.com/bot.html)"
66.249.77.12 - - [14/Feb/2013:11:36:47 +0700] "GET /data/images/imageForArticle/images647859_a1tr1.jpg HTTP/1.1" 200 26941 "-" "Googlebot-Image/1.0"
123.30.175.81 - - [14/Feb/2013:11:42:22 +0700] "GET /upload/others/201211/13061_2014_VEF_Fellowship_Announcement_ENG.pdf HTTP/1.0" 404 335 "-" "coccoc/1.0 (http://help.coccoc.com/)"
123.30.175.81 - - [14/Feb/2013:11:42:33 +0700] "GET /upload/others/201211/13081_7458KTKD.doc HTTP/1.0" 404 307 "-" "coccoc/1.0 (http://help.coccoc.com/)"
180.76.5.56 - - [14/Feb/2013:11:43:48 +0700] "GET /?portal=mc_web&page=DocOfClass&classID=14&cateID=1 HTTP/1.1" 200 17612 "-" "Mozilla/5.0 (compatible; Baiduspider/2.0; +http://www.baidu.com/search/spider.html)"
199.36.240.17 - - [14/Feb/2013:12:15:37 +0700] "GET /data/images/imageForArticle/images648135_IMG_2223.jpg HTTP/1.1" 200 24396 "-" "Mozilla/5.0 (compatible; YandexImages/3.0; +http://yandex.com/bots)"
208.115.113.89 - - [14/Feb/2013:12:16:41 +0700] "GET /?portal=mc_web&page=articleDetail&id=630 HTTP/1.1" 200 36986 "-" "Mozilla/5.0 (compatible; Ezooms/1.0; ezooms.bot@gmail.com)"
180.76.5.147 - - [14/Feb/2013:12:29:18 +0700] "GET /?portal=mc_web&page=articleDetail&id=612 HTTP/1.1" 200 31846 "-" "Mozilla/5.0 (compatible; Baiduspider/2.0; +http://www.baidu.com/search/spider.html)"
182.118.20.254 - - [14/Feb/2013:12:56:53 +0700] "GET /?id=103&page=DocDetail&portal=mc_web HTTP/1.1" 200 22763 "http://trungtamtoan.com/?id=103&page=DocDetail&portal=mc_web" "Mozilla/5.0 (Windows; U; Windows NT 5.1; zh-CN; rv:1.8.0.11) Gecko/20070312 Firefox/1.5.0.11; 360Spider"
182.118.20.250 - - [14/Feb/2013:12:56:53 +0700] "GET /?id=102&page=DocDetail&portal=mc_web HTTP/1.1" 200 22780 "http://trungtamtoan.com/?id=102&page=DocDetail&portal=mc_web" "Mozilla/5.0 (Windows; U; Windows NT 5.1; zh-CN; rv:1.8.0.11) Gecko/20070312 Firefox/1.5.0.11; 360Spider"
182.118.20.249 - - [14/Feb/2013:12:57:00 +0700] "GET /?id=104&page=DocDetail&portal=mc_web HTTP/1.1" 200 22768 "http://trungtamtoan.com/?id=104&page=DocDetail&portal=mc_web" "Mozilla/5.0 (Windows; U; Windows NT 5.1; zh-CN; rv:1.8.0.11) Gecko/20070312 Firefox/1.5.0.11; 360Spider"
182.118.20.253 - - [14/Feb/2013:12:57:04 +0700] "GET /?id=105&page=DocDetail&portal=mc_web HTTP/1.1" 200 22752 "http://trungtamtoan.com/?id=105&page=DocDetail&portal=mc_web" "Mozilla/5.0 (Windows; U; Windows NT 5.1; zh-CN; rv:1.8.0.11) Gecko/20070312 Firefox/1.5.0.11; 360Spider"
182.118.20.253 - - [14/Feb/2013:12:57:13 +0700] "GET /?id=107&page=DocDetail&portal=mc_web HTTP/1.1" 200 22745 "http://trungtamtoan.com/?id=107&page=DocDetail&portal=mc_web" "Mozilla/5.0 (Windows; U; Windows NT 5.1; zh-CN; rv:1.8.0.11) Gecko/20070312 Firefox/1.5.0.11; 360Spider"
199.36.240.17 - - [14/Feb/2013:13:05:38 +0700] "GET /data/images/thumb/images655019_IMG_8622.jpg HTTP/1.1" 200 2984 "-" "Mozilla/5.0 (compatible; YandexImages/3.0; +http://yandex.com/bots)"
208.115.111.73 - - [14/Feb/2013:13:59:57 +0700] "GET /?portal=mc_web&page=DocOfClass&classID=6&cateID=4 HTTP/1.1" 200 17612 "-" "Mozilla/5.0 (compatible; Ezooms/1.0; ezooms.bot@gmail.com)"
199.36.240.17 - - [14/Feb/2013:14:00:19 +0700] "GET /data/images/thumb/images654987_IMG_5134.jpg HTTP/1.1" 200 3192 "-" "Mozilla/5.0 (compatible; YandexImages/3.0; +http://yandex.com/bots)"
208.115.113.89 - - [14/Feb/2013:14:15:51 +0700] "GET /robots.txt HTTP/1.1" 404 278 "-" "Mozilla/5.0 (compatible; Ezooms/1.0; ezooms.bot@gmail.com)"
101.226.168.232 - - [14/Feb/2013:14:36:12 +0700] "GET /?name=20120922/admin_1348310158.pdf&page=Download&portal=mc_web HTTP/1.1" 200 292409 "http://trungtamtoan.com/?name=20120922/admin_1348310158.pdf&page=Download&portal=mc_web" "Mozilla/4.0 (compatible; MSIE 8.0; Windows NT 6.1; Trident/4.0; SLCC2; .NET CLR 2.0.50727; .NET CLR 3.5.30729; .NET CLR 3.0.30729; Media Center PC 6.0; MDDR; .NET4.0C; .NET4.0E; .NET CLR 1.1.4322; Tablet PC 2.0); 360Spider"
182.118.25.220 - - [14/Feb/2013:14:38:49 +0700] "GET /?id=79&page=DocDetail&portal=mc_web HTTP/1.1" 200 21458 "http://trungtamtoan.com/?id=79&page=DocDetail&portal=mc_web" "Mozilla/5.0 (Windows; U; Windows NT 5.1; zh-CN; rv:1.8.0.11) Gecko/20070312 Firefox/1.5.0.11; 360Spider"
1.202.218.110 - - [14/Feb/2013:14:43:15 +0700] "HEAD /?portal=mc_web&page=DocOfClass&classID=13&cateID=1 HTTP/1.1" 200 0 "-" "Mozilla/5.0 (compatible; JikeSpider; +http://shoulu.jike.com/spider.html)"
1.202.218.110 - - [14/Feb/2013:14:43:15 +0700] "GET /?portal=mc_web&page=DocOfClass&classID=13&cateID=1 HTTP/1.1" 200 17224 "-" "Mozilla/5.0 (compatible; JikeSpider; +http://shoulu.jike.com/spider.html)"
1.202.218.118 - - [14/Feb/2013:14:43:19 +0700] "GET /?portal=mc_web&page=help HTTP/1.1" 200 15108 "-" "Mozilla/5.0 (compatible; JikeSpider; +http://shoulu.jike.com/spider.html)"
182.118.22.228 - - [14/Feb/2013:14:47:16 +0700] "GET /?id=95&page=DocDetail&portal=mc_web HTTP/1.1" 200 22065 "http://trungtamtoan.com/?id=95&page=DocDetail&portal=mc_web" "Mozilla/5.0 (Windows; U; Windows NT 5.1; zh-CN; rv:1.8.0.11) Gecko/20070312 Firefox/1.5.0.11; 360Spider"
182.118.22.229 - - [14/Feb/2013:14:47:20 +0700] "GET /?id=96&page=DocDetail&portal=mc_web HTTP/1.1" 200 22273 "http://trungtamtoan.com/?id=96&page=DocDetail&portal=mc_web" "Mozilla/5.0 (Windows; U; Windows NT 5.1; zh-CN; rv:1.8.0.11) Gecko/20070312 Firefox/1.5.0.11; 360Spider"
182.118.22.228 - - [14/Feb/2013:14:47:20 +0700] "GET /?id=97&page=DocDetail&portal=mc_web HTTP/1.1" 200 22543 "http://trungtamtoan.com/?id=97&page=DocDetail&portal=mc_web" "Mozilla/5.0 (Windows; U; Windows NT 5.1; zh-CN; rv:1.8.0.11) Gecko/20070312 Firefox/1.5.0.11; 360Spider"
182.118.22.229 - - [14/Feb/2013:14:47:24 +0700] "GET /?name=20120922/admin_1348309352.pdf&page=Download&portal=mc_web HTTP/1.1" 200 128807 "http://trungtamtoan.com/?name=20120922/admin_1348309352.pdf&page=Download&portal=mc_web" "Mozilla/5.0 (Windows; U; Windows NT 5.1; zh-CN; rv:1.8.0.11) Gecko/20070312 Firefox/1.5.0.11; 360Spider"
182.118.22.228 - - [14/Feb/2013:14:47:24 +0700] "GET /?name=20120922/admin_1348309381.pdf&page=Download&portal=mc_web HTTP/1.1" 200 295155 "http://trungtamtoan.com/?name=20120922/admin_1348309381.pdf&page=Download&portal=mc_web" "Mozilla/5.0 (Windows; U; Windows NT 5.1; zh-CN; rv:1.8.0.11) Gecko/20070312 Firefox/1.5.0.11; 360Spider"
182.118.22.230 - - [14/Feb/2013:14:47:27 +0700] "GET /?name=20120922/admin_1348309436.pdf&page=Download&portal=mc_web HTTP/1.1" 200 135393 "http://trungtamtoan.com/?name=20120922/admin_1348309436.pdf&page=Download&portal=mc_web" "Mozilla/5.0 (Windows; U; Windows NT 5.1; zh-CN; rv:1.8.0.11) Gecko/20070312 Firefox/1.5.0.11; 360Spider"
182.118.22.228 - - [14/Feb/2013:14:47:32 +0700] "GET /?name=20120922/admin_1348309527.pdf&page=Download&portal=mc_web HTTP/1.1" 200 125234 "http://trungtamtoan.com/?name=20120922/admin_1348309527.pdf&page=Download&portal=mc_web" "Mozilla/5.0 (Windows; U; Windows NT 5.1; zh-CN; rv:1.8.0.11) Gecko/20070312 Firefox/1.5.0.11; 360Spider"
180.76.5.154 - - [14/Feb/2013:14:48:36 +0700] "GET /?portal=mc_web&page=Download&name=20120906/admin_1346951407.jpg HTTP/1.1" 200 228955 "-" "Mozilla/5.0 (compatible; Baiduspider/2.0; +http://www.baidu.com/search/spider.html)"
182.118.20.230 - - [14/Feb/2013:14:56:26 +0700] "GET /?name=20120922/admin_1348309559.pdf&page=Download&portal=mc_web HTTP/1.1" 200 201455 "http://trungtamtoan.com/?name=20120922/admin_1348309559.pdf&page=Download&portal=mc_web" "Mozilla/5.0 (Windows; U; Windows NT 5.1; zh-CN; rv:1.8.0.11) Gecko/20070312 Firefox/1.5.0.11; 360Spider"
182.118.20.230 - - [14/Feb/2013:14:56:29 +0700] "GET /?name=20120922/admin_1348309599.pdf&page=Download&portal=mc_web HTTP/1.1" 200 123235 "http://trungtamtoan.com/?name=20120922/admin_1348309599.pdf&page=Download&portal=mc_web" "Mozilla/5.0 (Windows; U; Windows NT 5.1; zh-CN; rv:1.8.0.11) Gecko/20070312 Firefox/1.5.0.11; 360Spider"
182.118.20.230 - - [14/Feb/2013:14:56:33 +0700] "GET /?name=20120922/admin_1348309749.pdf&page=Download&portal=mc_web HTTP/1.1" 200 195522 "http://trungtamtoan.com/?name=20120922/admin_1348309749.pdf&page=Download&portal=mc_web" "Mozilla/5.0 (Windows; U; Windows NT 5.1; zh-CN; rv:1.8.0.11) Gecko/20070312 Firefox/1.5.0.11; 360Spider"
182.118.20.231 - - [14/Feb/2013:14:56:37 +0700] "GET /?name=20120922/admin_1348309784.pdf&page=Download&portal=mc_web HTTP/1.1" 200 298359 "http://trungtamtoan.com/?name=20120922/admin_1348309784.pdf&page=Download&portal=mc_web" "Mozilla/5.0 (Windows; U; Windows NT 5.1; zh-CN; rv:1.8.0.11) Gecko/20070312 Firefox/1.5.0.11; 360Spider"
182.118.20.232 - - [14/Feb/2013:14:56:37 +0700] "GET /?name=20120922/admin_1348309819.pdf&page=Download&portal=mc_web HTTP/1.1" 200 226155 "http://trungtamtoan.com/?name=20120922/admin_1348309819.pdf&page=Download&portal=mc_web" "Mozilla/5.0 (Windows; U; Windows NT 5.1; zh-CN; rv:1.8.0.11) Gecko/20070312 Firefox/1.5.0.11; 360Spider"
182.118.20.230 - - [14/Feb/2013:14:56:40 +0700] "GET /?name=20120922/admin_1348309848.pdf&page=Download&portal=mc_web HTTP/1.1" 200 269937 "http://trungtamtoan.com/?name=20120922/admin_1348309848.pdf&page=Download&portal=mc_web" "Mozilla/5.0 (Windows; U; Windows NT 5.1; zh-CN; rv:1.8.0.11) Gecko/20070312 Firefox/1.5.0.11; 360Spider"
182.118.20.230 - - [14/Feb/2013:14:56:43 +0700] "GET /?name=20120922/admin_1348309876.pdf&page=Download&portal=mc_web HTTP/1.1" 200 223804 "http://trungtamtoan.com/?name=20120922/admin_1348309876.pdf&page=Download&portal=mc_web" "Mozilla/5.0 (Windows; U; Windows NT 5.1; zh-CN; rv:1.8.0.11) Gecko/20070312 Firefox/1.5.0.11; 360Spider"
182.118.20.231 - - [14/Feb/2013:14:56:47 +0700] "GET /?name=20120922/admin_1348309904.pdf&page=Download&portal=mc_web HTTP/1.1" 200 263949 "http://trungtamtoan.com/?name=20120922/admin_1348309904.pdf&page=Download&portal=mc_web" "Mozilla/5.0 (Windows; U; Windows NT 5.1; zh-CN; rv:1.8.0.11) Gecko/20070312 Firefox/1.5.0.11; 360Spider"
199.36.240.17 - - [14/Feb/2013:14:56:58 +0700] "GET /data/images/imageForArticle/images654819_Anh_1.jpg HTTP/1.1" 200 18910 "-" "Mozilla/5.0 (compatible; YandexImages/3.0; +http://yandex.com/bots)"
113.52.56.214 - - [14/Feb/2013:15:27:49 +0700] "GET /robots.txt HTTP/1.1" 404 274 "-" "Yeti/1.1 (NHN Corp.; http://help.naver.com/robots/)"
113.52.56.214 - - [14/Feb/2013:15:27:54 +0700] "GET / HTTP/1.1" 200 19278 "-" "Yeti/1.1 (NHN Corp.; http://help.naver.com/robots/)"
180.76.5.147 - - [14/Feb/2013:15:32:39 +0700] "GET /?portal=mc_web&page=articleDetail&id=452 HTTP/1.1" 200 23086 "-" "Mozilla/5.0 (compatible; Baiduspider/2.0; +http://www.baidu.com/search/spider.html)"
123.30.175.82 - - [14/Feb/2013:15:35:46 +0700] "GET /robots.txt HTTP/1.0" 404 274 "-" "coccoc/1.0 (http://help.coccoc.com/)"
123.30.175.82 - - [14/Feb/2013:15:36:20 +0700] "GET /?portal=mc_web&page=Download&name=20120906/admin_1346951750.pdf HTTP/1.0" 200 204158 "-" "coccoc/1.0 (http://help.coccoc.com/)"
123.30.175.82 - - [14/Feb/2013:15:36:27 +0700] "GET /?portal=mc_web&page=Download&name=20120922/admin_1348308372.pdf HTTP/1.0" 200 73124 "-" "coccoc/1.0 (http://help.coccoc.com/)"
123.30.175.82 - - [14/Feb/2013:15:36:33 +0700] "GET /?portal=mc_web&page=Download&name=20120922/admin_1348308534.pdf HTTP/1.0" 200 503849 "-" "coccoc/1.0 (http://help.coccoc.com/)"
123.30.175.82 - - [14/Feb/2013:15:36:39 +0700] "GET /?portal=mc_web&page=Download&name=20120922/admin_1348308703.pdf HTTP/1.0" 200 563341 "-" "coccoc/1.0 (http://help.coccoc.com/)"
123.30.175.82 - - [14/Feb/2013:15:36:47 +0700] "GET /?portal=mc_web&page=Download&name=20120922/admin_1348308756.pdf HTTP/1.0" 200 121666 "-" "coccoc/1.0 (http://help.coccoc.com/)"
123.30.175.82 - - [14/Feb/2013:15:36:54 +0700] "GET /?portal=mc_web&page=Download&name=20120922/admin_1348308882.pdf HTTP/1.0" 200 131577 "-" "coccoc/1.0 (http://help.coccoc.com/)"
123.30.175.82 - - [14/Feb/2013:15:37:00 +0700] "GET /?portal=mc_web&page=Download&name=20120922/admin_1348306971.pdf HTTP/1.0" 200 309092 "-" "coccoc/1.0 (http://help.coccoc.com/)"
123.30.175.82 - - [14/Feb/2013:15:37:07 +0700] "GET /?portal=mc_web&page=Download&name=20120922/admin_1348307187.pdf HTTP/1.0" 200 125215 "-" "coccoc/1.0 (http://help.coccoc.com/)"
123.30.175.82 - - [14/Feb/2013:15:37:13 +0700] "GET /?portal=mc_web&page=Download&name=20120922/admin_1348307223.pdf HTTP/1.0" 200 203124 "-" "coccoc/1.0 (http://help.coccoc.com/)"
199.36.240.17 - - [14/Feb/2013:15:37:18 +0700] "GET /data/images/thumb/images655137_sammun.jpg HTTP/1.1" 200 2683 "-" "Mozilla/5.0 (compatible; YandexImages/3.0; +http://yandex.com/bots)"
123.30.175.82 - - [14/Feb/2013:15:37:20 +0700] "GET /?portal=mc_web&page=Download&name=20120922/admin_1348307448.pdf HTTP/1.0" 200 163907 "-" "coccoc/1.0 (http://help.coccoc.com/)"
