208.115.113.89 - - [24/Feb/2013:00:21:19 +0700] "GET /?portal=mc_web&page=DocOfClass&classID=4&cateID=2 HTTP/1.1" 200 0 "-" "Mozilla/5.0 (compatible; Ezooms/1.0; ezooms.bot@gmail.com)"
199.30.20.100 - - [24/Feb/2013:00:31:21 +0700] "GET /robots.txt HTTP/1.1" 404 274 "-" "msnbot-media/1.1 (+http://search.msn.com/msnbot.htm)"
199.30.20.100 - - [24/Feb/2013:00:31:21 +0700] "GET /data/images/thumb/admin_1344779539.jpg HTTP/1.1" 200 3272 "-" "msnbot-media/1.1 (+http://search.msn.com/msnbot.htm)"
95.108.248.30 - - [24/Feb/2013:02:21:30 +0700] "GET /robots.txt HTTP/1.1" 404 274 "-" "Mozilla/5.0 (compatible; YandexBot/3.0; +http://yandex.com/bots)"
180.76.5.145 - - [24/Feb/2013:03:25:28 +0700] "GET /?portal=mc_web&page=articleDetail&id=215 HTTP/1.1" 200 25939 "-" "Mozilla/5.0 (compatible; Baiduspider/2.0; +http://www.baidu.com/search/spider.html)"
95.108.248.30 - - [24/Feb/2013:03:35:41 +0700] "GET /?portal=mc_web&page=articleDetail&id=628 HTTP/1.1" 200 25917 "-" "Mozilla/5.0 (compatible; YandexBot/3.0; +http://yandex.com/bots)"
123.30.175.82 - - [24/Feb/2013:03:36:38 +0700] "GET / HTTP/1.0" 200 19199 "-" "coccoc/1.0 (http://help.coccoc.com/)"
123.30.175.82 - - [24/Feb/2013:03:36:44 +0700] "GET /data/avatar/defaultimage.jpg HTTP/1.0" 200 30691 "-" "coccoc/1.0 (http://help.coccoc.com/)"
180.76.5.150 - - [24/Feb/2013:04:49:03 +0700] "GET /?portal=mc_web&page=articleDetail&id=462 HTTP/1.1" 200 25495 "-" "Mozilla/5.0 (compatible; Baiduspider/2.0; +http://www.baidu.com/search/spider.html)"
157.55.33.98 - - [24/Feb/2013:05:37:22 +0700] "GET /robots.txt HTTP/1.1" 404 274 "-" "Mozilla/5.0 (compatible; bingbot/2.0; +http://www.bing.com/bingbot.htm)"
157.55.33.98 - - [24/Feb/2013:05:38:59 +0700] "GET / HTTP/1.1" 200 19199 "-" "Mozilla/5.0 (compatible; bingbot/2.0; +http://www.bing.com/bingbot.htm)"
74.220.215.112 - - [24/Feb/2013:05:45:33 +0700] "GET / HTTP/1.0" 200 19199 "-" "-"
74.220.215.112 - - [24/Feb/2013:05:45:37 +0700] "HEAD / HTTP/1.1" 200 0 "-" "-"
173.199.120.67 - - [24/Feb/2013:07:33:42 +0700] "GET /?portal=mc_web&page=DocDetail&id=64 HTTP/1.1" 200 21800 "-" "Mozilla/5.0 (compatible; AhrefsBot/4.0; +http://ahrefs.com/robot/)"
1.202.218.118 - - [24/Feb/2013:07:36:26 +0700] "GET /robots.txt HTTP/1.1" 404 274 "-" "Mozilla/5.0 ()"
1.202.218.115 - - [24/Feb/2013:07:36:27 +0700] "HEAD /?portal=mc_web&page=DocDetail&id=155 HTTP/1.1" 200 0 "-" "Mozilla/5.0 (compatible; JikeSpider; +http://shoulu.jike.com/spider.html)"
1.202.218.70 - - [24/Feb/2013:07:36:33 +0700] "GET /?portal=mc_web&page=DocDetail&id=155 HTTP/1.1" 200 22279 "-" "Mozilla/5.0 (compatible; JikeSpider; +http://shoulu.jike.com/spider.html)"
173.199.120.67 - - [24/Feb/2013:07:38:31 +0700] "GET /?portal=mc_web&page=articleDetail&id=639 HTTP/1.1" 200 28468 "-" "Mozilla/5.0 (compatible; AhrefsBot/4.0; +http://ahrefs.com/robot/)"
173.199.120.67 - - [24/Feb/2013:07:43:31 +0700] "GET /?portal=mc_web&page=articleDetail&id=585 HTTP/1.1" 200 27520 "-" "Mozilla/5.0 (compatible; AhrefsBot/4.0; +http://ahrefs.com/robot/)"
173.199.120.67 - - [24/Feb/2013:07:48:38 +0700] "GET /?portal=mc_web&page=DocOfClass&classID=14&cateID=1 HTTP/1.1" 200 17612 "-" "Mozilla/5.0 (compatible; AhrefsBot/4.0; +http://ahrefs.com/robot/)"
173.199.120.67 - - [24/Feb/2013:07:49:22 +0700] "GET /?portal=mc_web&page=articleDetail&id=561 HTTP/1.1" 200 25181 "-" "Mozilla/5.0 (compatible; AhrefsBot/4.0; +http://ahrefs.com/robot/)"
173.199.120.67 - - [24/Feb/2013:07:55:12 +0700] "GET /?portal=mc_web&page=articleDetail&id=588 HTTP/1.1" 200 30376 "-" "Mozilla/5.0 (compatible; AhrefsBot/4.0; +http://ahrefs.com/robot/)"
173.199.120.67 - - [24/Feb/2013:08:02:41 +0700] "GET /?portal=mc_web&page=DocOfClass&classID=2&cateID=3 HTTP/1.1" 200 17224 "-" "Mozilla/5.0 (compatible; AhrefsBot/4.0; +http://ahrefs.com/robot/)"
208.115.113.89 - - [24/Feb/2013:08:10:28 +0700] "GET /?portal=mc_web&page=DocOfClass&classID=1&cateID=2 HTTP/1.1" 200 17612 "-" "Mozilla/5.0 (compatible; Ezooms/1.0; ezooms.bot@gmail.com)"
173.199.120.67 - - [24/Feb/2013:09:19:13 +0700] "GET /?portal=mc_web&page=DocDetail&id=119 HTTP/1.1" 200 22745 "-" "Mozilla/5.0 (compatible; AhrefsBot/4.0; +http://ahrefs.com/robot/)"
173.199.120.67 - - [24/Feb/2013:09:33:21 +0700] "GET /?portal=mc_web&page=NewDoc&page_no=1 HTTP/1.1" 200 22014 "-" "Mozilla/5.0 (compatible; AhrefsBot/4.0; +http://ahrefs.com/robot/)"
173.199.120.67 - - [24/Feb/2013:09:39:58 +0700] "GET /?portal=mc_web&page=articleDetail&id=635 HTTP/1.1" 200 28001 "-" "Mozilla/5.0 (compatible; AhrefsBot/4.0; +http://ahrefs.com/robot/)"
173.199.120.67 - - [24/Feb/2013:09:40:27 +0700] "GET /?portal=mc_web&page=DocOfClass&classID=10&cateID=3 HTTP/1.1" 200 17612 "-" "Mozilla/5.0 (compatible; AhrefsBot/4.0; +http://ahrefs.com/robot/)"
173.199.120.67 - - [24/Feb/2013:09:43:03 +0700] "GET /?portal=mc_web&page=articleDetail&id=594 HTTP/1.1" 200 29726 "-" "Mozilla/5.0 (compatible; AhrefsBot/4.0; +http://ahrefs.com/robot/)"
180.76.6.232 - - [24/Feb/2013:09:46:17 +0700] "GET /?portal=mc_web&page=articleDetail&id=642 HTTP/1.1" 200 22023 "-" "Mozilla/5.0 (compatible; Baiduspider/2.0; +http://www.baidu.com/search/spider.html)"
173.199.120.67 - - [24/Feb/2013:09:56:42 +0700] "GET /?portal=mc_web&page=DocDetail&id=103 HTTP/1.1" 200 23207 "-" "Mozilla/5.0 (compatible; AhrefsBot/4.0; +http://ahrefs.com/robot/)"
173.199.120.67 - - [24/Feb/2013:10:00:22 +0700] "GET /?portal=mc_web&page=DocOfClass&classID=14&cateID=2 HTTP/1.1" 200 17612 "-" "Mozilla/5.0 (compatible; AhrefsBot/4.0; +http://ahrefs.com/robot/)"
173.199.120.67 - - [24/Feb/2013:10:12:58 +0700] "GET /?portal=mc_web&page=DocDetail&id=78 HTTP/1.1" 200 21385 "-" "Mozilla/5.0 (compatible; AhrefsBot/4.0; +http://ahrefs.com/robot/)"
173.199.120.67 - - [24/Feb/2013:10:14:02 +0700] "GET /?portal=mc_web&page=DocOfClass&classID=12&cateID=4 HTTP/1.1" 200 17612 "-" "Mozilla/5.0 (compatible; AhrefsBot/4.0; +http://ahrefs.com/robot/)"
173.199.120.67 - - [24/Feb/2013:10:29:00 +0700] "GET /?portal=mc_web&page=DocOfClass&classID=15&cateID=1 HTTP/1.1" 200 17612 "-" "Mozilla/5.0 (compatible; AhrefsBot/4.0; +http://ahrefs.com/robot/)"
173.199.120.67 - - [24/Feb/2013:10:32:47 +0700] "GET /?portal=mc_web&page=DocDetail&id=109 HTTP/1.1" 200 23189 "-" "Mozilla/5.0 (compatible; AhrefsBot/4.0; +http://ahrefs.com/robot/)"
173.199.120.67 - - [24/Feb/2013:10:32:50 +0700] "GET /?portal=mc_web&page=DocOfClass&classID=5&cateID=3 HTTP/1.1" 200 17224 "-" "Mozilla/5.0 (compatible; AhrefsBot/4.0; +http://ahrefs.com/robot/)"
173.199.120.67 - - [24/Feb/2013:10:41:43 +0700] "GET /?portal=mc_web&page=DocOfClass&classID=1&cateID=2 HTTP/1.1" 200 17612 "-" "Mozilla/5.0 (compatible; AhrefsBot/4.0; +http://ahrefs.com/robot/)"
173.199.120.67 - - [24/Feb/2013:10:49:48 +0700] "GET /?portal=mc_web&page=DocOfClass&classID=6&cateID=3 HTTP/1.1" 200 17612 "-" "Mozilla/5.0 (compatible; AhrefsBot/4.0; +http://ahrefs.com/robot/)"
180.76.5.144 - - [24/Feb/2013:10:53:51 +0700] "GET /?portal=mc_web&page=DocDetail&id=112 HTTP/1.1" 200 22756 "-" "Mozilla/5.0 (compatible; Baiduspider/2.0; +http://www.baidu.com/search/spider.html)"
173.199.120.67 - - [24/Feb/2013:10:58:43 +0700] "GET /?portal=mc_web&page=DocDetail&id=102 HTTP/1.1" 200 23224 "-" "Mozilla/5.0 (compatible; AhrefsBot/4.0; +http://ahrefs.com/robot/)"
173.199.120.67 - - [24/Feb/2013:11:00:15 +0700] "GET /?portal=mc_web&page=NewDoc&page_no=3 HTTP/1.1" 200 22628 "-" "Mozilla/5.0 (compatible; AhrefsBot/4.0; +http://ahrefs.com/robot/)"
173.199.120.67 - - [24/Feb/2013:11:12:49 +0700] "GET /?portal=mc_web&page=articleDetail&id=556 HTTP/1.1" 200 24702 "-" "Mozilla/5.0 (compatible; AhrefsBot/4.0; +http://ahrefs.com/robot/)"
173.199.120.67 - - [24/Feb/2013:11:16:22 +0700] "GET /?portal=mc_web&page=DocOfClass&classID=1&cateID=3 HTTP/1.1" 200 17612 "-" "Mozilla/5.0 (compatible; AhrefsBot/4.0; +http://ahrefs.com/robot/)"
173.199.120.67 - - [24/Feb/2013:11:21:53 +0700] "GET /?portal=mc_web&page=articleDetail&id=645 HTTP/1.1" 200 22963 "-" "Mozilla/5.0 (compatible; AhrefsBot/4.0; +http://ahrefs.com/robot/)"
173.199.120.67 - - [24/Feb/2013:11:26:40 +0700] "GET /?portal=mc_web&page=articleDetail&id=610 HTTP/1.1" 200 27201 "-" "Mozilla/5.0 (compatible; AhrefsBot/4.0; +http://ahrefs.com/robot/)"
173.199.120.67 - - [24/Feb/2013:11:39:34 +0700] "GET /?portal=mc_web&page=DocDetail&id=143 HTTP/1.1" 200 23189 "-" "Mozilla/5.0 (compatible; AhrefsBot/4.0; +http://ahrefs.com/robot/)"
173.199.120.67 - - [24/Feb/2013:11:40:41 +0700] "GET /?portal=mc_web&page=articleDetail&id=640 HTTP/1.1" 200 35151 "-" "Mozilla/5.0 (compatible; AhrefsBot/4.0; +http://ahrefs.com/robot/)"
173.199.120.67 - - [24/Feb/2013:12:10:40 +0700] "GET /?portal=mc_web&page=articleDetail&id=610 HTTP/1.1" 200 27437 "-" "Mozilla/5.0 (compatible; AhrefsBot/4.0; +http://ahrefs.com/robot/)"
208.115.111.73 - - [24/Feb/2013:12:12:14 +0700] "GET /robots.txt HTTP/1.1" 404 278 "-" "Mozilla/5.0 (compatible; Ezooms/1.0; ezooms.bot@gmail.com)"
173.199.116.219 - - [24/Feb/2013:12:14:02 +0700] "GET /robots.txt HTTP/1.1" 404 278 "-" "Mozilla/5.0 (compatible; AhrefsBot/4.0; +http://ahrefs.com/robot/)"
208.115.113.89 - - [24/Feb/2013:12:14:56 +0700] "GET /?portal=mc_web&page=DocOfClass&classID=4&cateID=4 HTTP/1.1" 200 17612 "-" "Mozilla/5.0 (compatible; Ezooms/1.0; ezooms.bot@gmail.com)"
173.199.120.67 - - [24/Feb/2013:12:15:58 +0700] "GET /?portal=mc_web&page=articleDetail&id=312 HTTP/1.1" 200 38430 "-" "Mozilla/5.0 (compatible; AhrefsBot/4.0; +http://ahrefs.com/robot/)"
173.199.120.67 - - [24/Feb/2013:12:22:49 +0700] "GET /?portal=mc_web&page=DocOfClass&classID=12&cateID=2 HTTP/1.1" 200 17612 "-" "Mozilla/5.0 (compatible; AhrefsBot/4.0; +http://ahrefs.com/robot/)"
173.199.120.67 - - [24/Feb/2013:12:25:23 +0700] "GET /?portal=mc_web&page=DocOfClass&classID=17&cateID=4 HTTP/1.1" 200 22228 "-" "Mozilla/5.0 (compatible; AhrefsBot/4.0; +http://ahrefs.com/robot/)"
173.199.120.67 - - [24/Feb/2013:12:28:49 +0700] "GET /?portal=mc_web&page=DocOfClass&classID=10&cateID=4 HTTP/1.1" 200 17612 "-" "Mozilla/5.0 (compatible; AhrefsBot/4.0; +http://ahrefs.com/robot/)"
173.199.120.67 - - [24/Feb/2013:12:30:20 +0700] "GET /?portal=mc_web&page=DocDetail&id=137 HTTP/1.1" 200 22745 "-" "Mozilla/5.0 (compatible; AhrefsBot/4.0; +http://ahrefs.com/robot/)"
64.246.165.160 - - [24/Feb/2013:12:39:42 +0700] "GET /robots.txt HTTP/1.0" 404 278 "-" "Mozilla/5.0 (Windows; U; Windows NT 5.1; en; rv:1.9.0.13) Gecko/2009073022 Firefox/3.5.2 (.NET CLR 3.5.30729) SurveyBot/2.3 (DomainTools)"
64.246.165.160 - - [24/Feb/2013:12:39:42 +0700] "GET / HTTP/1.1" 200 19407 "http://whois.domaintools.com/trungtamtoan.com" "Mozilla/5.0 (Windows; U; Windows NT 5.1; en; rv:1.9.0.13) Gecko/2009073022 Firefox/3.5.2 (.NET CLR 3.5.30729) SurveyBot/2.3 (DomainTools)"
173.199.120.67 - - [24/Feb/2013:12:41:34 +0700] "GET /?portal=mc_web&page=DocOfClass&classID=17&cateID=4&page_no=4%20 HTTP/1.1" 200 18698 "-" "Mozilla/5.0 (compatible; AhrefsBot/4.0; +http://ahrefs.com/robot/)"
173.199.120.67 - - [24/Feb/2013:12:43:12 +0700] "GET /?portal=mc_web&page=articleDetail&id=328 HTTP/1.1" 200 22729 "-" "Mozilla/5.0 (compatible; AhrefsBot/4.0; +http://ahrefs.com/robot/)"
173.199.120.67 - - [24/Feb/2013:12:44:49 +0700] "GET /?portal=mc_web&page=articleDetail&id=599 HTTP/1.1" 200 25894 "-" "Mozilla/5.0 (compatible; AhrefsBot/4.0; +http://ahrefs.com/robot/)"
173.199.120.67 - - [24/Feb/2013:12:45:02 +0700] "GET /?portal=mc_web&page=DocDetail&id=151 HTTP/1.1" 200 23189 "-" "Mozilla/5.0 (compatible; AhrefsBot/4.0; +http://ahrefs.com/robot/)"
173.199.120.67 - - [24/Feb/2013:12:47:58 +0700] "GET /?portal=mc_web&page=DocOfClass&classID=8&cateID=4 HTTP/1.1" 200 17612 "-" "Mozilla/5.0 (compatible; AhrefsBot/4.0; +http://ahrefs.com/robot/)"
173.199.120.67 - - [24/Feb/2013:13:00:33 +0700] "GET /?portal=mc_web&page=DocOfClass&classID=3&cateID=1 HTTP/1.1" 200 17612 "-" "Mozilla/5.0 (compatible; AhrefsBot/4.0; +http://ahrefs.com/robot/)"
180.76.5.158 - - [24/Feb/2013:13:51:55 +0700] "GET /?portal=mc_web&page=DocDetail&id=136 HTTP/1.1" 200 23199 "-" "Mozilla/5.0 (compatible; Baiduspider/2.0; +http://www.baidu.com/search/spider.html)"
123.30.175.81 - - [24/Feb/2013:13:56:54 +0700] "GET /?portal=mc_web&page=articleDetail&id=601 HTTP/1.0" 200 33535 "-" "coccoc/1.0 (http://help.coccoc.com/)"
123.30.175.81 - - [24/Feb/2013:13:57:32 +0700] "GET /?portal=mc_web&page=articleDetail&id=603 HTTP/1.0" 200 23246 "-" "coccoc/1.0 (http://help.coccoc.com/)"
123.30.175.81 - - [24/Feb/2013:13:57:41 +0700] "GET /?portal=mc_web&page=articleDetail&id=599 HTTP/1.0" 200 25658 "-" "coccoc/1.0 (http://help.coccoc.com/)"
123.30.175.81 - - [24/Feb/2013:13:57:47 +0700] "GET /?portal=mc_web&page=articleDetail&id=600 HTTP/1.0" 200 22953 "-" "coccoc/1.0 (http://help.coccoc.com/)"
123.30.175.81 - - [24/Feb/2013:13:57:53 +0700] "GET /?portal=mc_web&page=articleDetail&id=622 HTTP/1.0" 200 22944 "-" "coccoc/1.0 (http://help.coccoc.com/)"
123.30.175.81 - - [24/Feb/2013:13:57:59 +0700] "GET /?portal=mc_web&page=articleDetail&id=623 HTTP/1.0" 200 25823 "-" "coccoc/1.0 (http://help.coccoc.com/)"
123.30.175.81 - - [24/Feb/2013:13:58:06 +0700] "GET /?portal=mc_web&page=articleDetail&id=624 HTTP/1.0" 200 31826 "-" "coccoc/1.0 (http://help.coccoc.com/)"
123.30.175.81 - - [24/Feb/2013:13:58:13 +0700] "GET /?portal=mc_web&page=articleDetail&id=620 HTTP/1.0" 200 23495 "-" "coccoc/1.0 (http://help.coccoc.com/)"
123.30.175.81 - - [24/Feb/2013:13:58:19 +0700] "GET /?portal=mc_web&page=articleDetail&id=621 HTTP/1.0" 200 26007 "-" "coccoc/1.0 (http://help.coccoc.com/)"
208.115.111.73 - - [24/Feb/2013:14:02:56 +0700] "GET /?portal=mc_web&page=DocOfClass&classID=12&cateID=2 HTTP/1.1" 200 17612 "-" "Mozilla/5.0 (compatible; Ezooms/1.0; ezooms.bot@gmail.com)"
123.30.175.82 - - [24/Feb/2013:14:04:39 +0700] "GET /?portal=mc_web&page=articleDetail&id=422 HTTP/1.0" 200 31517 "-" "coccoc/1.0 (http://help.coccoc.com/)"
123.30.175.82 - - [24/Feb/2013:14:04:45 +0700] "GET /?portal=mc_web&page=articleDetail&id=423 HTTP/1.0" 200 30339 "-" "coccoc/1.0 (http://help.coccoc.com/)"
123.30.175.82 - - [24/Feb/2013:14:04:51 +0700] "GET /?portal=mc_web&page=articleDetail&id=424 HTTP/1.0" 200 24106 "-" "coccoc/1.0 (http://help.coccoc.com/)"
123.30.175.82 - - [24/Feb/2013:14:04:57 +0700] "GET /?portal=mc_web&page=articleDetail&id=425 HTTP/1.0" 200 160172 "-" "coccoc/1.0 (http://help.coccoc.com/)"
123.30.175.82 - - [24/Feb/2013:14:05:03 +0700] "GET /?portal=mc_web&page=articleDetail&id=456 HTTP/1.0" 200 21787 "-" "coccoc/1.0 (http://help.coccoc.com/)"
123.30.175.82 - - [24/Feb/2013:14:05:09 +0700] "GET /?portal=mc_web&page=articleDetail&id=457 HTTP/1.0" 200 34570 "-" "coccoc/1.0 (http://help.coccoc.com/)"
123.30.175.82 - - [24/Feb/2013:14:05:18 +0700] "GET /?portal=mc_web&page=articleDetail&id=458 HTTP/1.0" 200 23680 "-" "coccoc/1.0 (http://help.coccoc.com/)"
123.30.175.82 - - [24/Feb/2013:14:37:46 +0700] "GET /?portal=mc_web&page=articleDetail&id=336 HTTP/1.0" 200 197195 "-" "coccoc/1.0 (http://help.coccoc.com/)"
123.30.175.82 - - [24/Feb/2013:14:37:58 +0700] "GET /?portal=mc_web&page=articleDetail&id=338 HTTP/1.0" 200 25197 "-" "coccoc/1.0 (http://help.coccoc.com/)"
123.30.175.82 - - [24/Feb/2013:14:38:04 +0700] "GET /?portal=mc_web&page=articleDetail&id=461 HTTP/1.0" 200 23055 "-" "coccoc/1.0 (http://help.coccoc.com/)"
123.30.175.82 - - [24/Feb/2013:14:38:10 +0700] "GET /?portal=mc_web&page=articleDetail&id=462 HTTP/1.0" 200 25731 "-" "coccoc/1.0 (http://help.coccoc.com/)"
123.30.175.82 - - [24/Feb/2013:14:38:16 +0700] "GET /?portal=mc_web&page=articleDetail&id=463 HTTP/1.0" 200 23325 "-" "coccoc/1.0 (http://help.coccoc.com/)"
123.30.175.82 - - [24/Feb/2013:14:38:22 +0700] "GET /?portal=mc_web&page=articleDetail&id=464 HTTP/1.0" 200 22065 "-" "coccoc/1.0 (http://help.coccoc.com/)"
123.30.175.82 - - [24/Feb/2013:14:38:31 +0700] "GET /?portal=mc_web&page=articleDetail&id=465 HTTP/1.0" 200 24625 "-" "coccoc/1.0 (http://help.coccoc.com/)"
123.30.175.82 - - [24/Feb/2013:14:38:38 +0700] "GET /?portal=mc_web&page=articleDetail&id=392 HTTP/1.0" 200 22445 "-" "coccoc/1.0 (http://help.coccoc.com/)"
123.30.175.82 - - [24/Feb/2013:14:38:44 +0700] "GET /?portal=mc_web&page=articleDetail&id=393 HTTP/1.0" 200 28303 "-" "coccoc/1.0 (http://help.coccoc.com/)"
123.30.175.82 - - [24/Feb/2013:14:40:06 +0700] "GET /?portal=mc_web&page=articleDetail&id=394 HTTP/1.0" 200 29291 "-" "coccoc/1.0 (http://help.coccoc.com/)"
123.30.175.82 - - [24/Feb/2013:14:40:12 +0700] "GET /?portal=mc_web&page=articleDetail&id=395 HTTP/1.0" 200 28427 "-" "coccoc/1.0 (http://help.coccoc.com/)"
123.30.175.82 - - [24/Feb/2013:14:40:19 +0700] "GET /?portal=mc_web&page=articleDetail&id=396 HTTP/1.0" 200 37413 "-" "coccoc/1.0 (http://help.coccoc.com/)"
123.30.175.82 - - [24/Feb/2013:14:40:25 +0700] "GET /?portal=mc_web&page=articleDetail&id=431 HTTP/1.0" 200 30738 "-" "coccoc/1.0 (http://help.coccoc.com/)"
123.30.175.82 - - [24/Feb/2013:14:40:32 +0700] "GET /?portal=mc_web&page=articleDetail&id=432 HTTP/1.0" 200 32863 "-" "coccoc/1.0 (http://help.coccoc.com/)"
123.30.175.82 - - [24/Feb/2013:14:40:38 +0700] "GET /?portal=mc_web&page=articleDetail&id=433 HTTP/1.0" 200 24974 "-" "coccoc/1.0 (http://help.coccoc.com/)"
123.30.175.82 - - [24/Feb/2013:14:40:45 +0700] "GET /?portal=mc_web&page=articleDetail&id=449 HTTP/1.0" 200 24544 "-" "coccoc/1.0 (http://help.coccoc.com/)"
123.30.175.82 - - [24/Feb/2013:14:40:51 +0700] "GET /?portal=mc_web&page=articleDetail&id=450 HTTP/1.0" 200 32160 "-" "coccoc/1.0 (http://help.coccoc.com/)"
123.30.175.82 - - [24/Feb/2013:14:40:57 +0700] "GET /?portal=mc_web&page=articleDetail&id=451 HTTP/1.0" 200 21698 "-" "coccoc/1.0 (http://help.coccoc.com/)"
123.30.175.82 - - [24/Feb/2013:14:41:05 +0700] "GET /?portal=mc_web&page=articleDetail&id=452 HTTP/1.0" 200 23128 "-" "coccoc/1.0 (http://help.coccoc.com/)"
123.30.175.82 - - [24/Feb/2013:14:42:27 +0700] "GET /?portal=mc_web&page=articleDetail&id=453 HTTP/1.0" 200 23262 "-" "coccoc/1.0 (http://help.coccoc.com/)"
123.30.175.82 - - [24/Feb/2013:14:42:33 +0700] "GET /?portal=mc_web&page=articleDetail&id=324 HTTP/1.0" 200 21576 "-" "coccoc/1.0 (http://help.coccoc.com/)"
123.30.175.82 - - [24/Feb/2013:14:42:39 +0700] "GET /?portal=mc_web&page=articleDetail&id=325 HTTP/1.0" 200 23874 "-" "coccoc/1.0 (http://help.coccoc.com/)"
123.30.175.82 - - [24/Feb/2013:14:42:45 +0700] "GET /?portal=mc_web&page=articleDetail&id=326 HTTP/1.0" 200 31681 "-" "coccoc/1.0 (http://help.coccoc.com/)"
123.30.175.82 - - [24/Feb/2013:14:42:53 +0700] "GET /?portal=mc_web&page=articleDetail&id=332 HTTP/1.0" 200 26052 "-" "coccoc/1.0 (http://help.coccoc.com/)"
123.30.175.82 - - [24/Feb/2013:14:42:59 +0700] "GET /?portal=mc_web&page=articleDetail&id=333 HTTP/1.0" 200 22549 "-" "coccoc/1.0 (http://help.coccoc.com/)"
123.30.175.82 - - [24/Feb/2013:14:43:06 +0700] "GET /?portal=mc_web&page=articleDetail&id=468 HTTP/1.0" 200 22440 "-" "coccoc/1.0 (http://help.coccoc.com/)"
123.30.175.82 - - [24/Feb/2013:14:43:13 +0700] "GET /?portal=mc_web&page=articleDetail&id=469 HTTP/1.0" 200 22236 "-" "coccoc/1.0 (http://help.coccoc.com/)"
123.30.175.82 - - [24/Feb/2013:14:43:21 +0700] "GET /?portal=mc_web&page=articleDetail&id=470 HTTP/1.0" 200 24496 "-" "coccoc/1.0 (http://help.coccoc.com/)"
123.30.175.82 - - [24/Feb/2013:14:43:27 +0700] "GET /?portal=mc_web&page=articleDetail&id=471 HTTP/1.0" 200 29997 "-" "coccoc/1.0 (http://help.coccoc.com/)"
123.30.175.82 - - [24/Feb/2013:14:44:47 +0700] "GET /?portal=mc_web&page=articleDetail&id=472 HTTP/1.0" 200 22558 "-" "coccoc/1.0 (http://help.coccoc.com/)"
123.30.175.82 - - [24/Feb/2013:14:44:53 +0700] "GET /?portal=mc_web&page=articleDetail&id=387 HTTP/1.0" 200 29847 "-" "coccoc/1.0 (http://help.coccoc.com/)"
123.30.175.82 - - [24/Feb/2013:14:44:59 +0700] "GET /?portal=mc_web&page=articleDetail&id=388 HTTP/1.0" 200 29383 "-" "coccoc/1.0 (http://help.coccoc.com/)"
123.30.175.82 - - [24/Feb/2013:14:45:05 +0700] "GET /?portal=mc_web&page=articleDetail&id=389 HTTP/1.0" 200 21894 "-" "coccoc/1.0 (http://help.coccoc.com/)"
123.30.175.82 - - [24/Feb/2013:14:45:12 +0700] "GET /?portal=mc_web&page=articleDetail&id=390 HTTP/1.0" 200 23072 "-" "coccoc/1.0 (http://help.coccoc.com/)"
123.30.175.82 - - [24/Feb/2013:14:45:18 +0700] "GET /?portal=mc_web&page=articleDetail&id=391 HTTP/1.0" 200 24967 "-" "coccoc/1.0 (http://help.coccoc.com/)"
123.30.175.82 - - [24/Feb/2013:14:45:25 +0700] "GET /?portal=mc_web&page=articleDetail&id=444 HTTP/1.0" 200 23812 "-" "coccoc/1.0 (http://help.coccoc.com/)"
123.30.175.82 - - [24/Feb/2013:14:45:33 +0700] "GET /?portal=mc_web&page=articleDetail&id=445 HTTP/1.0" 200 27746 "-" "coccoc/1.0 (http://help.coccoc.com/)"
123.30.175.82 - - [24/Feb/2013:14:45:42 +0700] "GET /?portal=mc_web&page=articleDetail&id=446 HTTP/1.0" 200 22288 "-" "coccoc/1.0 (http://help.coccoc.com/)"
123.30.175.82 - - [24/Feb/2013:14:45:49 +0700] "GET /?portal=mc_web&page=articleDetail&id=447 HTTP/1.0" 200 24019 "-" "coccoc/1.0 (http://help.coccoc.com/)"
123.30.175.80 - - [24/Feb/2013:14:47:16 +0700] "GET /?portal=mc_web&page=articleDetail&id=448 HTTP/1.0" 200 23633 "-" "coccoc/1.0 (http://help.coccoc.com/)"
123.30.175.80 - - [24/Feb/2013:14:47:22 +0700] "GET /?portal=mc_web&page=articleDetail&id=459 HTTP/1.0" 200 26746 "-" "coccoc/1.0 (http://help.coccoc.com/)"
123.30.175.80 - - [24/Feb/2013:14:47:28 +0700] "GET /?portal=mc_web&page=articleDetail&id=460 HTTP/1.0" 200 32570 "-" "coccoc/1.0 (http://help.coccoc.com/)"
123.30.175.80 - - [24/Feb/2013:14:47:35 +0700] "GET /?portal=mc_web&page=articleDetail&id=228 HTTP/1.0" 200 26840 "-" "coccoc/1.0 (http://help.coccoc.com/)"
123.30.175.80 - - [24/Feb/2013:14:47:44 +0700] "GET /?portal=mc_web&page=articleDetail&id=229 HTTP/1.0" 200 25504 "-" "coccoc/1.0 (http://help.coccoc.com/)"
123.30.175.80 - - [24/Feb/2013:14:47:50 +0700] "GET /?portal=mc_web&page=articleDetail&id=230 HTTP/1.0" 200 21787 "-" "coccoc/1.0 (http://help.coccoc.com/)"
123.30.175.80 - - [24/Feb/2013:14:47:57 +0700] "GET /?portal=mc_web&page=articleDetail&id=231 HTTP/1.0" 200 26696 "-" "coccoc/1.0 (http://help.coccoc.com/)"
123.30.175.80 - - [24/Feb/2013:14:48:07 +0700] "GET /?portal=mc_web&page=articleDetail&id=232 HTTP/1.0" 200 22367 "-" "coccoc/1.0 (http://help.coccoc.com/)"
123.30.175.80 - - [24/Feb/2013:14:48:18 +0700] "GET /?portal=mc_web&page=articleDetail&id=529 HTTP/1.0" 200 26530 "-" "coccoc/1.0 (http://help.coccoc.com/)"
123.30.175.80 - - [24/Feb/2013:14:48:26 +0700] "GET /?portal=mc_web&page=articleDetail&id=530 HTTP/1.0" 200 26082 "-" "coccoc/1.0 (http://help.coccoc.com/)"
123.30.175.80 - - [24/Feb/2013:14:50:07 +0700] "GET /?portal=mc_web&page=articleDetail&id=531 HTTP/1.0" 200 23476 "-" "coccoc/1.0 (http://help.coccoc.com/)"
123.30.175.80 - - [24/Feb/2013:14:50:13 +0700] "GET /?portal=mc_web&page=articleDetail&id=532 HTTP/1.0" 200 21830 "-" "coccoc/1.0 (http://help.coccoc.com/)"
123.30.175.80 - - [24/Feb/2013:14:50:21 +0700] "GET /?portal=mc_web&page=articleDetail&id=533 HTTP/1.0" 200 28191 "-" "coccoc/1.0 (http://help.coccoc.com/)"
123.30.175.80 - - [24/Feb/2013:14:50:28 +0700] "GET /?portal=mc_web&page=articleDetail&id=534 HTTP/1.0" 200 28300 "-" "coccoc/1.0 (http://help.coccoc.com/)"
123.30.175.80 - - [24/Feb/2013:14:50:34 +0700] "GET /?portal=mc_web&page=articleDetail&id=535 HTTP/1.0" 200 27142 "-" "coccoc/1.0 (http://help.coccoc.com/)"
123.30.175.80 - - [24/Feb/2013:14:50:40 +0700] "GET /?portal=mc_web&page=articleDetail&id=536 HTTP/1.0" 200 24209 "-" "coccoc/1.0 (http://help.coccoc.com/)"
123.30.175.80 - - [24/Feb/2013:14:50:51 +0700] "GET /?portal=mc_web&page=articleDetail&id=223 HTTP/1.0" 200 37261 "-" "coccoc/1.0 (http://help.coccoc.com/)"
123.30.175.80 - - [24/Feb/2013:14:50:58 +0700] "GET /?portal=mc_web&page=articleDetail&id=224 HTTP/1.0" 200 21529 "-" "coccoc/1.0 (http://help.coccoc.com/)"
123.30.175.80 - - [24/Feb/2013:14:51:05 +0700] "GET /?portal=mc_web&page=articleDetail&id=225 HTTP/1.0" 200 46055 "-" "coccoc/1.0 (http://help.coccoc.com/)"
123.30.175.80 - - [24/Feb/2013:14:51:11 +0700] "GET /?portal=mc_web&page=articleDetail&id=226 HTTP/1.0" 200 23729 "-" "coccoc/1.0 (http://help.coccoc.com/)"
58.187.35.98 - - [24/Feb/2013:14:52:19 +0700] "GET / HTTP/1.1" 200 19407 "-" "Mozilla/5.0 (Windows NT 6.1; rv:18.0) Gecko/20100101 Firefox/18.0"
58.187.35.98 - - [24/Feb/2013:14:52:20 +0700] "GET /data/images/thumb//admin_1346932141.jpg HTTP/1.1" 200 4793 "http://www.trungtamtoan.com/" "Mozilla/5.0 (Windows NT 6.1; rv:18.0) Gecko/20100101 Firefox/18.0"
58.187.35.98 - - [24/Feb/2013:14:52:20 +0700] "GET /data/images/thumb//images657362_03.jpg HTTP/1.1" 200 3251 "http://www.trungtamtoan.com/" "Mozilla/5.0 (Windows NT 6.1; rv:18.0) Gecko/20100101 Firefox/18.0"
58.187.35.98 - - [24/Feb/2013:14:52:20 +0700] "GET /data/images/thumb//images657524_IMG_0061.jpg HTTP/1.1" 200 3001 "http://www.trungtamtoan.com/" "Mozilla/5.0 (Windows NT 6.1; rv:18.0) Gecko/20100101 Firefox/18.0"
58.187.35.98 - - [24/Feb/2013:14:52:20 +0700] "GET /data/images/thumb//images657507_IMG_5235.jpg HTTP/1.1" 200 2618 "http://www.trungtamtoan.com/" "Mozilla/5.0 (Windows NT 6.1; rv:18.0) Gecko/20100101 Firefox/18.0"
123.30.175.80 - - [24/Feb/2013:14:52:37 +0700] "GET /?portal=mc_web&page=articleDetail&id=227 HTTP/1.0" 200 28322 "-" "coccoc/1.0 (http://help.coccoc.com/)"
123.30.175.80 - - [24/Feb/2013:14:52:43 +0700] "GET /?portal=mc_web&page=articleDetail&id=528 HTTP/1.0" 200 27511 "-" "coccoc/1.0 (http://help.coccoc.com/)"
58.187.35.98 - - [24/Feb/2013:14:52:46 +0700] "GET /webskins/plugins/TinySlideshow/photos/6.jpg HTTP/1.1" 200 176947 "http://www.trungtamtoan.com/" "Mozilla/5.0 (Windows NT 6.1; rv:18.0) Gecko/20100101 Firefox/18.0"
123.30.175.80 - - [24/Feb/2013:14:52:50 +0700] "GET / HTTP/1.0" 200 19407 "-" "coccoc/1.0 (http://help.coccoc.com/)"
123.30.175.80 - - [24/Feb/2013:14:52:57 +0700] "GET /?portal=mc_web&page=articleDetail&id=601 HTTP/1.0" 200 33771 "-" "coccoc/1.0 (http://help.coccoc.com/)"
123.30.175.80 - - [24/Feb/2013:14:53:03 +0700] "GET /?portal=mc_web&page=articleDetail&id=602 HTTP/1.0" 200 22962 "-" "coccoc/1.0 (http://help.coccoc.com/)"
123.30.175.80 - - [24/Feb/2013:14:53:09 +0700] "GET /?portal=mc_web&page=articleDetail&id=603 HTTP/1.0" 200 23482 "-" "coccoc/1.0 (http://help.coccoc.com/)"
123.30.175.80 - - [24/Feb/2013:14:53:15 +0700] "GET /?portal=mc_web&page=articleDetail&id=599 HTTP/1.0" 200 25894 "-" "coccoc/1.0 (http://help.coccoc.com/)"
123.30.175.80 - - [24/Feb/2013:14:53:22 +0700] "GET /?portal=mc_web&page=articleDetail&id=600 HTTP/1.0" 200 23189 "-" "coccoc/1.0 (http://help.coccoc.com/)"
123.30.175.80 - - [24/Feb/2013:14:53:34 +0700] "GET /?portal=mc_web&page=articleDetail&id=623 HTTP/1.0" 200 26059 "-" "coccoc/1.0 (http://help.coccoc.com/)"
123.30.175.80 - - [24/Feb/2013:14:55:07 +0700] "GET /?portal=mc_web&page=articleDetail&id=624 HTTP/1.0" 200 32062 "-" "coccoc/1.0 (http://help.coccoc.com/)"
123.30.175.80 - - [24/Feb/2013:14:55:15 +0700] "GET /?portal=mc_web&page=articleDetail&id=620 HTTP/1.0" 200 23731 "-" "coccoc/1.0 (http://help.coccoc.com/)"
123.30.175.80 - - [24/Feb/2013:14:55:24 +0700] "GET /?portal=mc_web&page=articleDetail&id=621 HTTP/1.0" 200 26243 "-" "coccoc/1.0 (http://help.coccoc.com/)"
123.30.175.80 - - [24/Feb/2013:14:55:31 +0700] "GET /?portal=mc_web&page=articleDetail&id=625 HTTP/1.0" 200 27633 "-" "coccoc/1.0 (http://help.coccoc.com/)"
123.30.175.80 - - [24/Feb/2013:14:55:39 +0700] "GET /?portal=mc_web&page=articleDetail&id=626 HTTP/1.0" 200 23161 "-" "coccoc/1.0 (http://help.coccoc.com/)"
123.30.175.80 - - [24/Feb/2013:14:55:45 +0700] "GET /?portal=mc_web&page=articleDetail&id=627 HTTP/1.0" 200 23836 "-" "coccoc/1.0 (http://help.coccoc.com/)"
123.30.175.80 - - [24/Feb/2013:14:55:53 +0700] "GET /?portal=mc_web&page=articleDetail&id=441 HTTP/1.0" 200 33927 "-" "coccoc/1.0 (http://help.coccoc.com/)"
123.30.175.80 - - [24/Feb/2013:14:56:01 +0700] "GET /?portal=mc_web&page=articleDetail&id=442 HTTP/1.0" 200 23026 "-" "coccoc/1.0 (http://help.coccoc.com/)"
123.30.175.80 - - [24/Feb/2013:14:56:09 +0700] "GET /?portal=mc_web&page=articleDetail&id=443 HTTP/1.0" 200 22055 "-" "coccoc/1.0 (http://help.coccoc.com/)"
123.30.175.80 - - [24/Feb/2013:14:56:17 +0700] "GET /?portal=mc_web&page=articleDetail&id=344 HTTP/1.0" 200 205748 "-" "coccoc/1.0 (http://help.coccoc.com/)"
123.30.175.80 - - [24/Feb/2013:14:57:48 +0700] "GET /?portal=mc_web&page=articleDetail&id=345 HTTP/1.0" 200 32580 "-" "coccoc/1.0 (http://help.coccoc.com/)"
123.30.175.80 - - [24/Feb/2013:14:57:54 +0700] "GET /?portal=mc_web&page=articleDetail&id=346 HTTP/1.0" 200 28526 "-" "coccoc/1.0 (http://help.coccoc.com/)"
123.30.175.80 - - [24/Feb/2013:14:58:01 +0700] "GET /?portal=mc_web&page=articleDetail&id=347 HTTP/1.0" 200 23248 "-" "coccoc/1.0 (http://help.coccoc.com/)"
123.30.175.80 - - [24/Feb/2013:14:58:07 +0700] "GET /?portal=mc_web&page=articleDetail&id=348 HTTP/1.0" 200 37127 "-" "coccoc/1.0 (http://help.coccoc.com/)"
123.30.175.80 - - [24/Feb/2013:14:58:13 +0700] "GET /?portal=mc_web&page=articleDetail&id=439 HTTP/1.0" 200 25270 "-" "coccoc/1.0 (http://help.coccoc.com/)"
123.30.175.80 - - [24/Feb/2013:14:58:19 +0700] "GET /?portal=mc_web&page=articleDetail&id=440 HTTP/1.0" 200 21637 "-" "coccoc/1.0 (http://help.coccoc.com/)"
123.30.175.80 - - [24/Feb/2013:14:58:25 +0700] "GET /?portal=mc_web&page=articleDetail&id=405 HTTP/1.0" 200 36351 "-" "coccoc/1.0 (http://help.coccoc.com/)"
123.30.175.80 - - [24/Feb/2013:14:58:37 +0700] "GET /?portal=mc_web&page=articleDetail&id=407 HTTP/1.0" 200 71043 "-" "coccoc/1.0 (http://help.coccoc.com/)"
123.30.175.80 - - [24/Feb/2013:14:58:43 +0700] "GET /?portal=mc_web&page=articleDetail&id=408 HTTP/1.0" 200 26152 "-" "coccoc/1.0 (http://help.coccoc.com/)"
123.30.175.81 - - [24/Feb/2013:15:00:12 +0700] "GET /?portal=mc_web&page=articleDetail&id=409 HTTP/1.0" 200 26075 "-" "coccoc/1.0 (http://help.coccoc.com/)"
123.30.175.81 - - [24/Feb/2013:15:00:24 +0700] "GET /?portal=mc_web&page=articleDetail&id=422 HTTP/1.0" 200 31753 "-" "coccoc/1.0 (http://help.coccoc.com/)"
123.30.175.81 - - [24/Feb/2013:15:00:32 +0700] "GET /?portal=mc_web&page=articleDetail&id=423 HTTP/1.0" 200 30575 "-" "coccoc/1.0 (http://help.coccoc.com/)"
123.30.175.81 - - [24/Feb/2013:15:00:38 +0700] "GET /?portal=mc_web&page=articleDetail&id=424 HTTP/1.0" 200 24342 "-" "coccoc/1.0 (http://help.coccoc.com/)"
123.30.175.81 - - [24/Feb/2013:15:00:50 +0700] "GET /?portal=mc_web&page=articleDetail&id=425 HTTP/1.0" 200 160408 "-" "coccoc/1.0 (http://help.coccoc.com/)"
123.30.175.81 - - [24/Feb/2013:15:00:57 +0700] "GET /?portal=mc_web&page=articleDetail&id=456 HTTP/1.0" 200 22023 "-" "coccoc/1.0 (http://help.coccoc.com/)"
123.30.175.81 - - [24/Feb/2013:15:01:09 +0700] "GET /?portal=mc_web&page=articleDetail&id=457 HTTP/1.0" 200 34806 "-" "coccoc/1.0 (http://help.coccoc.com/)"
123.30.175.81 - - [24/Feb/2013:15:01:18 +0700] "GET /?portal=mc_web&page=articleDetail&id=458 HTTP/1.0" 200 23916 "-" "coccoc/1.0 (http://help.coccoc.com/)"
58.187.35.98 - - [24/Feb/2013:15:01:15 +0700] "GET /data/document/20120906/admin_1346932141.JPG HTTP/1.1" 200 79099 "http://www.trungtamtoan.com/?portal=mc_web&page=articleDetail&id=399" "Mozilla/5.0 (Windows NT 6.1; rv:18.0) Gecko/20100101 Firefox/18.0"
58.187.35.98 - - [24/Feb/2013:15:01:22 +0700] "GET /?portal=mc_web&page=articleDetail&id=%22%22%22 HTTP/1.1" 302 0 "-" "Mozilla/5.0 (Windows NT 6.1; rv:18.0) Gecko/20100101 Firefox/18.0"
58.187.35.98 - - [24/Feb/2013:15:01:23 +0700] "GET /?portal=mc_web&page=notgood HTTP/1.1" 200 14699 "-" "Mozilla/5.0 (Windows NT 6.1; rv:18.0) Gecko/20100101 Firefox/18.0"
58.187.35.98 - - [24/Feb/2013:15:01:25 +0700] "GET /data/images/thumb//admin_1346932141.jpg HTTP/1.1" 200 4793 "http://www.trungtamtoan.com/?portal=mc_web&page=notgood" "Mozilla/5.0 (Windows NT 6.1; rv:18.0) Gecko/20100101 Firefox/18.0"
180.76.5.67 - - [24/Feb/2013:15:37:53 +0700] "GET /?portal=mc_web&page=DocDetail&id=131 HTTP/1.1" 200 22745 "-" "Mozilla/5.0 (compatible; Baiduspider/2.0; +http://www.baidu.com/search/spider.html)"
157.55.33.98 - - [24/Feb/2013:17:13:38 +0700] "GET /robots.txt HTTP/1.1" 404 274 "-" "Mozilla/5.0 (compatible; bingbot/2.0; +http://www.bing.com/bingbot.htm)"
157.55.33.98 - - [24/Feb/2013:17:15:26 +0700] "GET / HTTP/1.1" 200 19199 "-" "Mozilla/5.0 (compatible; bingbot/2.0; +http://www.bing.com/bingbot.htm)"
199.36.240.17 - - [24/Feb/2013:17:15:32 +0700] "GET /data/images/imageForArticle/images650745_4.jpg HTTP/1.1" 304 0 "-" "Mozilla/5.0 (compatible; YandexImages/3.0; +http://yandex.com/bots)"
173.199.120.67 - - [24/Feb/2013:17:24:31 +0700] "GET /?portal=mc_web&page=DocOfClass&classID=15&cateID=3 HTTP/1.1" 200 17224 "-" "Mozilla/5.0 (compatible; AhrefsBot/4.0; +http://ahrefs.com/robot/)"
173.199.120.67 - - [24/Feb/2013:17:31:22 +0700] "GET /?portal=mc_web&page=DocOfClass&classID=9&cateID=3 HTTP/1.1" 200 17224 "-" "Mozilla/5.0 (compatible; AhrefsBot/4.0; +http://ahrefs.com/robot/)"
180.76.6.36 - - [24/Feb/2013:18:13:55 +0700] "GET /?portal=mc_web&page=articleDetail&id=260 HTTP/1.1" 200 25309 "-" "Mozilla/5.0 (compatible; Baiduspider/2.0; +http://www.baidu.com/search/spider.html)"
199.36.240.17 - - [24/Feb/2013:18:43:50 +0700] "GET /data/images/thumb/images654120_1.jpg HTTP/1.1" 304 0 "-" "Mozilla/5.0 (compatible; YandexImages/3.0; +http://yandex.com/bots)"
173.199.120.67 - - [24/Feb/2013:18:52:57 +0700] "GET /?portal=mc_web&page=DocDetail&id=93 HTTP/1.1" 200 22002 "-" "Mozilla/5.0 (compatible; AhrefsBot/4.0; +http://ahrefs.com/robot/)"
173.199.120.67 - - [24/Feb/2013:19:00:20 +0700] "GET /?portal=mc_web&page=DocDetail&id=120 HTTP/1.1" 200 22755 "-" "Mozilla/5.0 (compatible; AhrefsBot/4.0; +http://ahrefs.com/robot/)"
173.199.120.67 - - [24/Feb/2013:19:06:21 +0700] "GET /?portal=mc_web&page=NewDoc&page_no=4 HTTP/1.1" 200 19625 "-" "Mozilla/5.0 (compatible; AhrefsBot/4.0; +http://ahrefs.com/robot/)"
173.199.120.67 - - [24/Feb/2013:19:15:32 +0700] "GET /?portal=mc_web&page=Download&name=20120922/admin_1348310191.pdf HTTP/1.1" 200 209772 "-" "Mozilla/5.0 (compatible; AhrefsBot/4.0; +http://ahrefs.com/robot/)"
173.199.120.67 - - [24/Feb/2013:19:16:26 +0700] "GET /?portal=mc_web&page=DocOfClass&classID=17&cateID=4&page_no=2 HTTP/1.1" 200 22364 "-" "Mozilla/5.0 (compatible; AhrefsBot/4.0; +http://ahrefs.com/robot/)"
173.199.120.67 - - [24/Feb/2013:19:21:39 +0700] "GET /?portal=mc_web&page=articleDetail&id=553 HTTP/1.1" 200 21802 "-" "Mozilla/5.0 (compatible; AhrefsBot/4.0; +http://ahrefs.com/robot/)"
173.199.120.67 - - [24/Feb/2013:19:27:38 +0700] "GET /?portal=mc_web&page=DocOfClass&classID=17&cateID=2 HTTP/1.1" 200 17612 "-" "Mozilla/5.0 (compatible; AhrefsBot/4.0; +http://ahrefs.com/robot/)"
173.199.120.67 - - [24/Feb/2013:19:39:59 +0700] "GET /?portal=mc_web&page=articleDetail&id=620 HTTP/1.1" 200 23495 "-" "Mozilla/5.0 (compatible; AhrefsBot/4.0; +http://ahrefs.com/robot/)"
173.199.120.67 - - [24/Feb/2013:19:42:40 +0700] "GET /?portal=mc_web&page=DocDetail&id=122 HTTP/1.1" 200 23199 "-" "Mozilla/5.0 (compatible; AhrefsBot/4.0; +http://ahrefs.com/robot/)"
173.199.120.67 - - [24/Feb/2013:19:48:50 +0700] "GET /?portal=mc_web&page=NewDoc&page_no=1%20 HTTP/1.1" 200 22014 "-" "Mozilla/5.0 (compatible; AhrefsBot/4.0; +http://ahrefs.com/robot/)"
173.199.120.67 - - [24/Feb/2013:19:50:09 +0700] "GET /?portal=mc_web&page=articleDetail&id=568 HTTP/1.1" 200 25601 "-" "Mozilla/5.0 (compatible; AhrefsBot/4.0; +http://ahrefs.com/robot/)"
208.115.113.89 - - [24/Feb/2013:20:11:44 +0700] "GET /?portal=mc_web&page=intro HTTP/1.1" 200 19239 "-" "Mozilla/5.0 (compatible; Ezooms/1.0; ezooms.bot@gmail.com)"
199.36.240.17 - - [24/Feb/2013:20:28:39 +0700] "GET /data/images/imageForArticle/images651948_3.jpg HTTP/1.1" 304 0 "-" "Mozilla/5.0 (compatible; YandexImages/3.0; +http://yandex.com/bots)"
173.199.120.67 - - [24/Feb/2013:20:51:12 +0700] "GET /?portal=mc_web&page=DocOfClass&classID=15&cateID=4 HTTP/1.1" 200 17612 "-" "Mozilla/5.0 (compatible; AhrefsBot/4.0; +http://ahrefs.com/robot/)"
173.199.120.67 - - [24/Feb/2013:20:57:57 +0700] "GET /?portal=mc_web&page=articleDetail&id=330 HTTP/1.1" 200 20015 "-" "Mozilla/5.0 (compatible; AhrefsBot/4.0; +http://ahrefs.com/robot/)"
173.199.120.67 - - [24/Feb/2013:21:00:09 +0700] "GET /?portal=mc_web&page=articleDetail&id=555 HTTP/1.1" 200 29415 "-" "Mozilla/5.0 (compatible; AhrefsBot/4.0; +http://ahrefs.com/robot/)"
173.199.120.67 - - [24/Feb/2013:21:02:54 +0700] "GET /?portal=mc_web&page=Download&name=20120922/admin_1348309527.pdf HTTP/1.1" 200 125234 "-" "Mozilla/5.0 (compatible; AhrefsBot/4.0; +http://ahrefs.com/robot/)"
173.199.120.67 - - [24/Feb/2013:21:16:10 +0700] "GET /?portal=mc_web&page=DocOfClass&classID=8&cateID=3 HTTP/1.1" 200 18403 "-" "Mozilla/5.0 (compatible; AhrefsBot/4.0; +http://ahrefs.com/robot/)"
173.199.120.67 - - [24/Feb/2013:21:17:53 +0700] "GET /?portal=mc_web&page=DocOfClass&classID=7&cateID=2 HTTP/1.1" 200 17612 "-" "Mozilla/5.0 (compatible; AhrefsBot/4.0; +http://ahrefs.com/robot/)"
173.199.120.67 - - [24/Feb/2013:21:20:00 +0700] "GET /?portal=mc_web&page=DocDetail&id=131 HTTP/1.1" 200 23189 "-" "Mozilla/5.0 (compatible; AhrefsBot/4.0; +http://ahrefs.com/robot/)"
173.199.120.67 - - [24/Feb/2013:21:20:24 +0700] "GET /?portal=mc_web&page=DocOfClass&classID=4&cateID=3 HTTP/1.1" 200 17224 "-" "Mozilla/5.0 (compatible; AhrefsBot/4.0; +http://ahrefs.com/robot/)"
173.199.120.67 - - [24/Feb/2013:21:21:11 +0700] "GET /?portal=mc_web&page=Download&name=20120922/admin_1348309599.pdf HTTP/1.1" 200 123235 "-" "Mozilla/5.0 (compatible; AhrefsBot/4.0; +http://ahrefs.com/robot/)"
173.199.120.67 - - [24/Feb/2013:21:23:07 +0700] "GET /?portal=mc_web&page=DocDetail&id=139 HTTP/1.1" 200 22745 "-" "Mozilla/5.0 (compatible; AhrefsBot/4.0; +http://ahrefs.com/robot/)"
173.199.120.67 - - [24/Feb/2013:21:30:42 +0700] "GET /?portal=mc_web&page=articleDetail&id=319 HTTP/1.1" 200 24397 "-" "Mozilla/5.0 (compatible; AhrefsBot/4.0; +http://ahrefs.com/robot/)"
173.199.120.67 - - [24/Feb/2013:21:36:28 +0700] "GET /?portal=mc_web&page=DocDetail&id=112 HTTP/1.1" 200 22756 "-" "Mozilla/5.0 (compatible; AhrefsBot/4.0; +http://ahrefs.com/robot/)"
173.199.120.67 - - [24/Feb/2013:21:39:48 +0700] "GET /?portal=mc_web&page=DocDetail&id=104 HTTP/1.1" 200 23212 "-" "Mozilla/5.0 (compatible; AhrefsBot/4.0; +http://ahrefs.com/robot/)"
173.199.120.67 - - [24/Feb/2013:21:40:02 +0700] "GET /?portal=mc_web&page=DocDetail&id=128 HTTP/1.1" 200 23199 "-" "Mozilla/5.0 (compatible; AhrefsBot/4.0; +http://ahrefs.com/robot/)"
173.199.120.67 - - [24/Feb/2013:21:39:36 +0700] "GET /?portal=mc_web&page=Download&name=20120922/admin_1348309352.pdf HTTP/1.1" 200 128807 "-" "Mozilla/5.0 (compatible; AhrefsBot/4.0; +http://ahrefs.com/robot/)"
173.199.120.67 - - [24/Feb/2013:22:00:43 +0700] "GET /?portal=mc_web&page=DocOfClass&classID=4&cateID=2 HTTP/1.1" 200 17612 "-" "Mozilla/5.0 (compatible; AhrefsBot/4.0; +http://ahrefs.com/robot/)"
208.115.111.73 - - [24/Feb/2013:22:01:45 +0700] "GET /?portal=mc_web&page=articleDetail&id=306 HTTP/1.1" 200 23007 "-" "Mozilla/5.0 (compatible; Ezooms/1.0; ezooms.bot@gmail.com)"
208.115.111.73 - - [24/Feb/2013:22:01:55 +0700] "GET /?portal=mc_web&page=articleDetail&id=640 HTTP/1.1" 200 35387 "-" "Mozilla/5.0 (compatible; Ezooms/1.0; ezooms.bot@gmail.com)"
199.36.240.17 - - [24/Feb/2013:22:09:15 +0700] "GET /data/images/thumb/admin_1344779656.jpg HTTP/1.1" 304 0 "-" "Mozilla/5.0 (compatible; YandexImages/3.0; +http://yandex.com/bots)"
173.199.120.67 - - [24/Feb/2013:22:09:08 +0700] "GET /?portal=mc_web&page=articleDetail&id=641 HTTP/1.1" 200 26374 "-" "Mozilla/5.0 (compatible; AhrefsBot/4.0; +http://ahrefs.com/robot/)"
180.76.5.159 - - [24/Feb/2013:22:16:19 +0700] "GET /?portal=mc_web&page=DocOfClass&classID=1&cateID=4 HTTP/1.1" 200 17224 "-" "Mozilla/5.0 (compatible; Baiduspider/2.0; +http://www.baidu.com/search/spider.html)"
173.199.120.67 - - [24/Feb/2013:22:20:56 +0700] "GET /?portal=mc_web&page=articleDetail&id=313 HTTP/1.1" 200 51552 "-" "Mozilla/5.0 (compatible; AhrefsBot/4.0; +http://ahrefs.com/robot/)"
199.36.240.17 - - [24/Feb/2013:22:23:21 +0700] "GET /data/images/imageForArticle/images648264_01.jpg HTTP/1.1" 304 0 "-" "Mozilla/5.0 (compatible; YandexImages/3.0; +http://yandex.com/bots)"
173.199.120.67 - - [24/Feb/2013:22:25:12 +0700] "GET /?portal=mc_web&page=DocOfClass&classID=14&cateID=4 HTTP/1.1" 200 17612 "-" "Mozilla/5.0 (compatible; AhrefsBot/4.0; +http://ahrefs.com/robot/)"
173.199.120.67 - - [24/Feb/2013:22:28:27 +0700] "GET /?portal=mc_web&page=Download&name=20120922/admin_1348309876.pdf HTTP/1.1" 200 223804 "-" "Mozilla/5.0 (compatible; AhrefsBot/4.0; +http://ahrefs.com/robot/)"
173.199.120.67 - - [24/Feb/2013:22:29:06 +0700] "GET /?portal=mc_web&page=Download&name=20120922/admin_1348309848.pdf HTTP/1.1" 200 269937 "-" "Mozilla/5.0 (compatible; AhrefsBot/4.0; +http://ahrefs.com/robot/)"
173.199.120.67 - - [24/Feb/2013:22:34:53 +0700] "GET /?portal=mc_web&page=DocDetail&id=158 HTTP/1.1" 200 21585 "-" "Mozilla/5.0 (compatible; AhrefsBot/4.0; +http://ahrefs.com/robot/)"
173.199.120.67 - - [24/Feb/2013:22:45:52 +0700] "GET /?portal=mc_web&page=DocDetail&id=134 HTTP/1.1" 200 23199 "-" "Mozilla/5.0 (compatible; AhrefsBot/4.0; +http://ahrefs.com/robot/)"
173.199.120.67 - - [24/Feb/2013:22:45:58 +0700] "GET /?portal=mc_web&page=DocDetail&id=123 HTTP/1.1" 200 23189 "-" "Mozilla/5.0 (compatible; AhrefsBot/4.0; +http://ahrefs.com/robot/)"
173.199.120.67 - - [24/Feb/2013:22:46:03 +0700] "GET /?portal=mc_web&page=articleDetail&id=551 HTTP/1.1" 200 27498 "-" "Mozilla/5.0 (compatible; AhrefsBot/4.0; +http://ahrefs.com/robot/)"
173.199.120.67 - - [24/Feb/2013:22:49:22 +0700] "GET /?portal=mc_web&page=DocDetail&id=142 HTTP/1.1" 200 23199 "-" "Mozilla/5.0 (compatible; AhrefsBot/4.0; +http://ahrefs.com/robot/)"
173.199.120.67 - - [24/Feb/2013:22:56:27 +0700] "GET /?portal=mc_web&page=DocDetail&id=156 HTTP/1.1" 200 22483 "-" "Mozilla/5.0 (compatible; AhrefsBot/4.0; +http://ahrefs.com/robot/)"
173.199.120.67 - - [24/Feb/2013:23:04:48 +0700] "GET /?portal=mc_web&page=articleDetail&id=598 HTTP/1.1" 200 23692 "-" "Mozilla/5.0 (compatible; AhrefsBot/4.0; +http://ahrefs.com/robot/)"
173.199.120.67 - - [24/Feb/2013:23:07:16 +0700] "GET /?portal=mc_web&page=DocDetail&id=135 HTTP/1.1" 200 22745 "-" "Mozilla/5.0 (compatible; AhrefsBot/4.0; +http://ahrefs.com/robot/)"
173.199.120.67 - - [24/Feb/2013:23:14:27 +0700] "GET /?portal=mc_web&page=DocDetail&id=125 HTTP/1.1" 200 23189 "-" "Mozilla/5.0 (compatible; AhrefsBot/4.0; +http://ahrefs.com/robot/)"
173.199.120.67 - - [24/Feb/2013:23:16:30 +0700] "GET / HTTP/1.1" 200 19407 "-" "Mozilla/5.0 (compatible; AhrefsBot/4.0; +http://ahrefs.com/robot/)"
173.199.120.67 - - [24/Feb/2013:23:19:57 +0700] "GET /?portal=mc_web&page=Download&name=20120922/admin_1348309352.pdf HTTP/1.1" 200 128807 "-" "Mozilla/5.0 (compatible; AhrefsBot/4.0; +http://ahrefs.com/robot/)"
173.199.120.67 - - [24/Feb/2013:23:29:32 +0700] "GET /?portal=mc_web&page=DocDetail&id=79 HTTP/1.1" 200 21458 "-" "Mozilla/5.0 (compatible; AhrefsBot/4.0; +http://ahrefs.com/robot/)"
173.199.120.67 - - [24/Feb/2013:23:30:54 +0700] "GET /?portal=mc_web&page=articleDetail&id=327 HTTP/1.1" 200 20277 "-" "Mozilla/5.0 (compatible; AhrefsBot/4.0; +http://ahrefs.com/robot/)"
173.199.120.67 - - [24/Feb/2013:23:37:59 +0700] "GET /?portal=mc_web&page=DocOfClass&classID=9&cateID=4 HTTP/1.1" 200 17612 "-" "Mozilla/5.0 (compatible; AhrefsBot/4.0; +http://ahrefs.com/robot/)"
199.30.20.124 - - [24/Feb/2013:23:39:27 +0700] "GET /robots.txt HTTP/1.1" 404 274 "-" "msnbot-media/1.1 (+http://search.msn.com/msnbot.htm)"
199.30.20.124 - - [24/Feb/2013:23:39:28 +0700] "GET /webskins/plugins/TinySlideshow/thumbnails/3.jpg HTTP/1.1" 200 28442 "-" "msnbot-media/1.1 (+http://search.msn.com/msnbot.htm)"
173.199.120.67 - - [24/Feb/2013:23:43:01 +0700] "GET /?portal=mc_web&page=articleDetail&id=571 HTTP/1.1" 200 23151 "-" "Mozilla/5.0 (compatible; AhrefsBot/4.0; +http://ahrefs.com/robot/)"
173.199.120.67 - - [24/Feb/2013:23:45:00 +0700] "GET /?portal=mc_web&page=articleDetail&id=638 HTTP/1.1" 200 23078 "-" "Mozilla/5.0 (compatible; AhrefsBot/4.0; +http://ahrefs.com/robot/)"
173.199.120.67 - - [24/Feb/2013:23:47:16 +0700] "GET /?portal=mc_web&page=articleDetail&id=563 HTTP/1.1" 200 24421 "-" "Mozilla/5.0 (compatible; AhrefsBot/4.0; +http://ahrefs.com/robot/)"
173.199.120.67 - - [24/Feb/2013:23:48:33 +0700] "GET /?portal=mc_web&page=DocDetail&id=126 HTTP/1.1" 200 23199 "-" "Mozilla/5.0 (compatible; AhrefsBot/4.0; +http://ahrefs.com/robot/)"
173.199.120.67 - - [24/Feb/2013:23:49:44 +0700] "GET /?portal=mc_web&page=DocDetail&id=105 HTTP/1.1" 200 23196 "-" "Mozilla/5.0 (compatible; AhrefsBot/4.0; +http://ahrefs.com/robot/)"
