173.199.120.67 - - [25/Feb/2013:00:03:06 +0700] "GET /?portal=mc_web&page=articleDetail&id=604 HTTP/1.1" 200 22420 "-" "Mozilla/5.0 (compatible; AhrefsBot/4.0; +http://ahrefs.com/robot/)"
173.199.120.67 - - [25/Feb/2013:00:05:45 +0700] "GET /?portal=mc_web&page=articleDetail&id=314 HTTP/1.1" 200 20129 "-" "Mozilla/5.0 (compatible; AhrefsBot/4.0; +http://ahrefs.com/robot/)"
173.199.120.67 - - [25/Feb/2013:00:07:49 +0700] "GET /?portal=mc_web&page=DocOfClass&classID=14&cateID=3 HTTP/1.1" 200 17224 "-" "Mozilla/5.0 (compatible; AhrefsBot/4.0; +http://ahrefs.com/robot/)"
199.36.240.17 - - [25/Feb/2013:00:07:52 +0700] "GET /data/images/imageForArticle/images651456_1.jpg HTTP/1.1" 304 0 "-" "Mozilla/5.0 (compatible; YandexImages/3.0; +http://yandex.com/bots)"
208.115.111.73 - - [25/Feb/2013:00:08:50 +0700] "GET /robots.txt HTTP/1.1" 404 274 "-" "Mozilla/5.0 (compatible; Ezooms/1.0; ezooms.bot@gmail.com)"
208.115.111.73 - - [25/Feb/2013:00:08:50 +0700] "GET /robots.txt HTTP/1.1" 404 278 "-" "Mozilla/5.0 (compatible; Ezooms/1.0; ezooms.bot@gmail.com)"
173.199.120.67 - - [25/Feb/2013:00:12:26 +0700] "GET /?portal=mc_web&page=DocOfClass&classID=13&cateID=1 HTTP/1.1" 200 17612 "-" "Mozilla/5.0 (compatible; AhrefsBot/4.0; +http://ahrefs.com/robot/)"
173.199.120.67 - - [25/Feb/2013:00:24:06 +0700] "GET /?portal=mc_web&page=articleDetail&id=307 HTTP/1.1" 200 20105 "-" "Mozilla/5.0 (compatible; AhrefsBot/4.0; +http://ahrefs.com/robot/)"
173.199.120.67 - - [25/Feb/2013:00:24:13 +0700] "GET /?portal=mc_web&page=articleDetail&id=605 HTTP/1.1" 200 25166 "-" "Mozilla/5.0 (compatible; AhrefsBot/4.0; +http://ahrefs.com/robot/)"
173.199.120.67 - - [25/Feb/2013:00:36:26 +0700] "GET /?portal=mc_web&page=DocDetail&id=108 HTTP/1.1" 200 22755 "-" "Mozilla/5.0 (compatible; AhrefsBot/4.0; +http://ahrefs.com/robot/)"
173.199.120.67 - - [25/Feb/2013:00:52:33 +0700] "GET /?portal=mc_web&page=articleDetail&id=317 HTTP/1.1" 200 20714 "-" "Mozilla/5.0 (compatible; AhrefsBot/4.0; +http://ahrefs.com/robot/)"
173.199.120.67 - - [25/Feb/2013:00:52:38 +0700] "GET /?portal=mc_web&page=articleDetail&id=597 HTTP/1.1" 200 24552 "-" "Mozilla/5.0 (compatible; AhrefsBot/4.0; +http://ahrefs.com/robot/)"
173.199.120.67 - - [25/Feb/2013:00:59:29 +0700] "GET /?portal=mc_web&page=DocDetail&id=81 HTTP/1.1" 200 21338 "-" "Mozilla/5.0 (compatible; AhrefsBot/4.0; +http://ahrefs.com/robot/)"
173.199.120.67 - - [25/Feb/2013:01:05:31 +0700] "GET /?portal=mc_web&page=DocDetail&id=108 HTTP/1.1" 200 23199 "-" "Mozilla/5.0 (compatible; AhrefsBot/4.0; +http://ahrefs.com/robot/)"
173.199.120.67 - - [25/Feb/2013:01:07:20 +0700] "GET /?portal=mc_web&page=DocDetail&id=115 HTTP/1.1" 200 22746 "-" "Mozilla/5.0 (compatible; AhrefsBot/4.0; +http://ahrefs.com/robot/)"
173.199.120.67 - - [25/Feb/2013:01:07:30 +0700] "GET /?portal=mc_web&page=DocOfClass&classID=17&cateID=4&page_no=2%20 HTTP/1.1" 200 22364 "-" "Mozilla/5.0 (compatible; AhrefsBot/4.0; +http://ahrefs.com/robot/)"
173.199.120.67 - - [25/Feb/2013:01:08:56 +0700] "GET /?portal=mc_web&page=DocDetail&id=136 HTTP/1.1" 200 23199 "-" "Mozilla/5.0 (compatible; AhrefsBot/4.0; +http://ahrefs.com/robot/)"
173.199.120.67 - - [25/Feb/2013:01:18:19 +0700] "GET /?portal=mc_web&page=DocDetail&id=116 HTTP/1.1" 200 23200 "-" "Mozilla/5.0 (compatible; AhrefsBot/4.0; +http://ahrefs.com/robot/)"
199.36.240.17 - - [25/Feb/2013:01:58:50 +0700] "GET /data/images/thumb/images653170_1.jpg HTTP/1.1" 304 0 "-" "Mozilla/5.0 (compatible; YandexImages/3.0; +http://yandex.com/bots)"
173.199.120.67 - - [25/Feb/2013:02:04:11 +0700] "GET /?portal=mc_web&page=articleDetail&id=645 HTTP/1.1" 200 22727 "-" "Mozilla/5.0 (compatible; AhrefsBot/4.0; +http://ahrefs.com/robot/)"
173.199.120.67 - - [25/Feb/2013:02:16:35 +0700] "GET /?portal=mc_web&page=DocDetail&id=132 HTTP/1.1" 200 23199 "-" "Mozilla/5.0 (compatible; AhrefsBot/4.0; +http://ahrefs.com/robot/)"
173.199.120.67 - - [25/Feb/2013:02:42:46 +0700] "GET /?portal=mc_web&page=articleDetail&id=562 HTTP/1.1" 200 34760 "-" "Mozilla/5.0 (compatible; AhrefsBot/4.0; +http://ahrefs.com/robot/)"
173.199.120.67 - - [25/Feb/2013:02:44:07 +0700] "GET /?portal=mc_web&page=DocOfClass&classID=3&cateID=3 HTTP/1.1" 200 17224 "-" "Mozilla/5.0 (compatible; AhrefsBot/4.0; +http://ahrefs.com/robot/)"
173.199.120.67 - - [25/Feb/2013:02:45:09 +0700] "GET /?portal=mc_web&page=notgood HTTP/1.1" 200 14515 "-" "Mozilla/5.0 (compatible; AhrefsBot/4.0; +http://ahrefs.com/robot/)"
173.199.120.67 - - [25/Feb/2013:02:48:33 +0700] "GET /?portal=mc_web&page=articleDetail&id=641 HTTP/1.1" 200 26138 "-" "Mozilla/5.0 (compatible; AhrefsBot/4.0; +http://ahrefs.com/robot/)"
173.199.120.67 - - [25/Feb/2013:02:53:24 +0700] "GET /?portal=mc_web&page=articleDetail&id=609 HTTP/1.1" 200 26218 "-" "Mozilla/5.0 (compatible; AhrefsBot/4.0; +http://ahrefs.com/robot/)"
123.30.175.79 - - [25/Feb/2013:03:07:20 +0700] "GET /robots.txt HTTP/1.0" 404 274 "-" "coccoc/1.0 (http://help.coccoc.com/)"
123.30.175.79 - - [25/Feb/2013:03:07:49 +0700] "GET /robots.txt HTTP/1.0" 404 278 "-" "coccoc/1.0 (http://help.coccoc.com/)"
208.115.113.89 - - [25/Feb/2013:04:09:50 +0700] "GET /?portal=mc_web&page=DocOfClass&classID=7&cateID=1 HTTP/1.1" 200 17612 "-" "Mozilla/5.0 (compatible; Ezooms/1.0; ezooms.bot@gmail.com)"
199.36.240.17 - - [25/Feb/2013:04:28:27 +0700] "GET /data/images/imageForArticle/images650393_images347117_dao.jpg HTTP/1.1" 304 0 "-" "Mozilla/5.0 (compatible; YandexImages/3.0; +http://yandex.com/bots)"
199.36.240.17 - - [25/Feb/2013:05:16:34 +0700] "GET /data/images/thumb/admin_1344779656.jpg HTTP/1.1" 304 0 "-" "Mozilla/5.0 (compatible; YandexImages/3.0; +http://yandex.com/bots)"
157.55.33.98 - - [25/Feb/2013:05:38:46 +0700] "GET /robots.txt HTTP/1.1" 404 274 "-" "Mozilla/5.0 (compatible; bingbot/2.0; +http://www.bing.com/bingbot.htm)"
157.55.33.98 - - [25/Feb/2013:05:40:22 +0700] "GET / HTTP/1.1" 200 19199 "-" "Mozilla/5.0 (compatible; bingbot/2.0; +http://www.bing.com/bingbot.htm)"
180.76.5.17 - - [25/Feb/2013:05:50:31 +0700] "GET /?portal=mc_web&page=DocDetail&id=148 HTTP/1.1" 200 22755 "-" "Mozilla/5.0 (compatible; Baiduspider/2.0; +http://www.baidu.com/search/spider.html)"
208.115.113.89 - - [25/Feb/2013:06:12:29 +0700] "GET /robots.txt HTTP/1.1" 404 278 "-" "Mozilla/5.0 (compatible; Ezooms/1.0; ezooms.bot@gmail.com)"
199.36.240.17 - - [25/Feb/2013:07:15:18 +0700] "GET /data/images/imageForArticle/images648264_01.jpg HTTP/1.1" 304 0 "-" "Mozilla/5.0 (compatible; YandexImages/3.0; +http://yandex.com/bots)"
95.108.248.30 - - [25/Feb/2013:07:36:03 +0700] "GET /robots.txt HTTP/1.1" 404 274 "-" "Mozilla/5.0 (compatible; YandexBot/3.0; +http://yandex.com/bots)"
95.108.248.30 - - [25/Feb/2013:07:36:05 +0700] "GET /?portal=mc_web&page=ClassDetail&id=50 HTTP/1.1" 200 18453 "-" "Mozilla/5.0 (compatible; YandexBot/3.0; +http://yandex.com/bots)"
173.199.120.67 - - [25/Feb/2013:08:20:29 +0700] "GET /?portal=mc_web&page=DocOfClass&classID=3&cateID=4 HTTP/1.1" 200 17224 "-" "Mozilla/5.0 (compatible; AhrefsBot/4.0; +http://ahrefs.com/robot/)"
173.199.120.67 - - [25/Feb/2013:08:23:25 +0700] "GET /?portal=mc_web&page=DocOfClass&classID=8&cateID=3 HTTP/1.1" 200 18811 "-" "Mozilla/5.0 (compatible; AhrefsBot/4.0; +http://ahrefs.com/robot/)"
173.199.120.67 - - [25/Feb/2013:08:35:43 +0700] "GET /?portal=mc_web&page=DocOfClass&classID=4&cateID=4 HTTP/1.1" 200 17224 "-" "Mozilla/5.0 (compatible; AhrefsBot/4.0; +http://ahrefs.com/robot/)"
173.199.120.67 - - [25/Feb/2013:08:44:15 +0700] "GET /?portal=mc_web&page=DocOfClass&classID=11&cateID=2 HTTP/1.1" 200 17612 "-" "Mozilla/5.0 (compatible; AhrefsBot/4.0; +http://ahrefs.com/robot/)"
173.199.120.67 - - [25/Feb/2013:09:19:04 +0700] "GET /?portal=mc_web&page=DocDetail&id=116 HTTP/1.1" 200 22756 "-" "Mozilla/5.0 (compatible; AhrefsBot/4.0; +http://ahrefs.com/robot/)"
173.199.120.67 - - [25/Feb/2013:09:19:27 +0700] "GET /?portal=mc_web&page=articleDetail&id=616 HTTP/1.1" 200 21500 "-" "Mozilla/5.0 (compatible; AhrefsBot/4.0; +http://ahrefs.com/robot/)"
173.199.120.67 - - [25/Feb/2013:09:20:48 +0700] "GET /?portal=mc_web&page=Download&name=20120922/admin_1348309469.pdf HTTP/1.1" 200 191959 "-" "Mozilla/5.0 (compatible; AhrefsBot/4.0; +http://ahrefs.com/robot/)"
173.199.120.67 - - [25/Feb/2013:09:23:21 +0700] "GET /?portal=mc_web&page=DocOfClass&classID=5&cateID=2 HTTP/1.1" 200 17612 "-" "Mozilla/5.0 (compatible; AhrefsBot/4.0; +http://ahrefs.com/robot/)"
173.199.120.67 - - [25/Feb/2013:09:24:47 +0700] "GET /?portal=mc_web&page=DocDetail&id=109 HTTP/1.1" 200 22745 "-" "Mozilla/5.0 (compatible; AhrefsBot/4.0; +http://ahrefs.com/robot/)"
173.199.120.67 - - [25/Feb/2013:09:40:00 +0700] "GET /?portal=mc_web&page=articleDetail&id=606 HTTP/1.1" 200 24867 "-" "Mozilla/5.0 (compatible; AhrefsBot/4.0; +http://ahrefs.com/robot/)"
173.199.120.67 - - [25/Feb/2013:09:44:53 +0700] "GET /?portal=mc_web&page=articleDetail&id=564 HTTP/1.1" 200 23188 "-" "Mozilla/5.0 (compatible; AhrefsBot/4.0; +http://ahrefs.com/robot/)"
173.199.120.67 - - [25/Feb/2013:09:45:37 +0700] "GET /?portal=mc_web&page=DocOfClass&classID=9&cateID=2 HTTP/1.1" 200 17612 "-" "Mozilla/5.0 (compatible; AhrefsBot/4.0; +http://ahrefs.com/robot/)"
173.199.120.67 - - [25/Feb/2013:09:49:27 +0700] "GET /?portal=mc_web&page=listClass HTTP/1.1" 200 16482 "-" "Mozilla/5.0 (compatible; AhrefsBot/4.0; +http://ahrefs.com/robot/)"
180.76.5.176 - - [25/Feb/2013:09:49:51 +0700] "GET /?portal=mc_web&page=Download&name=20120922/admin_1348309904.pdf HTTP/1.1" 200 263949 "-" "Mozilla/5.0 (compatible; Baiduspider/2.0; +http://www.baidu.com/search/spider.html)"
173.199.120.67 - - [25/Feb/2013:09:52:03 +0700] "GET /?portal=mc_web&page=articleDetail&id=565 HTTP/1.1" 200 30509 "-" "Mozilla/5.0 (compatible; AhrefsBot/4.0; +http://ahrefs.com/robot/)"
173.199.120.67 - - [25/Feb/2013:10:01:30 +0700] "GET /?portal=mc_web&page=DocDetail&id=117 HTTP/1.1" 200 22746 "-" "Mozilla/5.0 (compatible; AhrefsBot/4.0; +http://ahrefs.com/robot/)"
199.36.240.17 - - [25/Feb/2013:10:04:34 +0700] "GET /robots.txt HTTP/1.1" 404 274 "-" "Mozilla/5.0 (compatible; YandexImages/3.0; +http://yandex.com/bots)"
208.115.113.89 - - [25/Feb/2013:10:11:50 +0700] "GET /robots.txt HTTP/1.1" 404 274 "-" "Mozilla/5.0 (compatible; Ezooms/1.0; ezooms.bot@gmail.com)"
173.199.120.67 - - [25/Feb/2013:10:16:11 +0700] "GET /?portal=mc_web&page=articleDetail&id=591 HTTP/1.1" 200 21766 "-" "Mozilla/5.0 (compatible; AhrefsBot/4.0; +http://ahrefs.com/robot/)"
173.199.120.67 - - [25/Feb/2013:10:22:17 +0700] "GET /?portal=mc_web&page=articleDetail&id=569 HTTP/1.1" 200 20933 "-" "Mozilla/5.0 (compatible; AhrefsBot/4.0; +http://ahrefs.com/robot/)"
173.199.120.67 - - [25/Feb/2013:10:29:41 +0700] "GET /?portal=mc_web&page=articleDetail&id=307 HTTP/1.1" 200 20301 "-" "Mozilla/5.0 (compatible; AhrefsBot/4.0; +http://ahrefs.com/robot/)"
95.108.248.30 - - [25/Feb/2013:10:31:25 +0700] "GET /?portal=mc_web&page=ClassDetail&id=49 HTTP/1.1" 200 18564 "-" "Mozilla/5.0 (compatible; YandexBot/3.0; +http://yandex.com/bots)"
123.24.185.73 - - [25/Feb/2013:10:32:34 +0700] "GET / HTTP/1.1" 200 19199 "http://vn.search.yahoo.com/search?fr=mkg030&p=trung+tam+toan+tai" "Mozilla/5.0 (Windows NT 5.1; rv:19.0) Gecko/20100101 Firefox/19.0"
123.24.185.73 - - [25/Feb/2013:10:32:35 +0700] "GET /webskins/skins/default/main/styles/common-ext.css HTTP/1.1" 200 1758 "http://trungtamtoan.com/" "Mozilla/5.0 (Windows NT 5.1; rv:19.0) Gecko/20100101 Firefox/19.0"
123.24.185.73 - - [25/Feb/2013:10:32:35 +0700] "GET /modules/mcweb/MCwebNavigation.js HTTP/1.1" 200 75 "http://trungtamtoan.com/" "Mozilla/5.0 (Windows NT 5.1; rv:19.0) Gecko/20100101 Firefox/19.0"
123.24.185.73 - - [25/Feb/2013:10:32:35 +0700] "GET /modules/mcweb/MClog.js HTTP/1.1" 200 248 "http://trungtamtoan.com/" "Mozilla/5.0 (Windows NT 5.1; rv:19.0) Gecko/20100101 Firefox/19.0"
123.24.185.73 - - [25/Feb/2013:10:32:35 +0700] "GET /modules/mcweb/MCboard.js HTTP/1.1" 200 74 "http://trungtamtoan.com/" "Mozilla/5.0 (Windows NT 5.1; rv:19.0) Gecko/20100101 Firefox/19.0"
123.24.185.73 - - [25/Feb/2013:10:32:35 +0700] "GET /webskins/skins/default/main/styles/common.css HTTP/1.1" 200 45652 "http://trungtamtoan.com/" "Mozilla/5.0 (Windows NT 5.1; rv:19.0) Gecko/20100101 Firefox/19.0"
123.24.185.73 - - [25/Feb/2013:10:32:35 +0700] "GET /webskins/plugins/TinySlideshow/compressed.js HTTP/1.1" 200 4970 "http://trungtamtoan.com/" "Mozilla/5.0 (Windows NT 5.1; rv:19.0) Gecko/20100101 Firefox/19.0"
123.24.185.73 - - [25/Feb/2013:10:32:35 +0700] "GET /webskins/plugins/TinySlideshow/script.js HTTP/1.1" 200 5547 "http://trungtamtoan.com/" "Mozilla/5.0 (Windows NT 5.1; rv:19.0) Gecko/20100101 Firefox/19.0"
123.24.185.73 - - [25/Feb/2013:10:32:35 +0700] "GET /webskins/plugins/TinySlideshow/style.css HTTP/1.1" 200 1622 "http://trungtamtoan.com/" "Mozilla/5.0 (Windows NT 5.1; rv:19.0) Gecko/20100101 Firefox/19.0"
123.24.185.73 - - [25/Feb/2013:10:32:35 +0700] "GET /webskins/skins/platform/jquery.alerts/jquery.alerts.css HTTP/1.1" 200 1329 "http://trungtamtoan.com/" "Mozilla/5.0 (Windows NT 5.1; rv:19.0) Gecko/20100101 Firefox/19.0"
123.24.185.73 - - [25/Feb/2013:10:32:35 +0700] "GET /modules/default/frontend/DefaultHeader.js HTTP/1.1" 200 581 "http://trungtamtoan.com/" "Mozilla/5.0 (Windows NT 5.1; rv:19.0) Gecko/20100101 Firefox/19.0"
123.24.185.73 - - [25/Feb/2013:10:32:35 +0700] "GET /webskins/plugins/formValidator.2.2/css/validationEngine.jquery.css HTTP/1.1" 200 2320 "http://trungtamtoan.com/" "Mozilla/5.0 (Windows NT 5.1; rv:19.0) Gecko/20100101 Firefox/19.0"
123.24.185.73 - - [25/Feb/2013:10:32:35 +0700] "GET /webskins/js/jquery.alerts.js HTTP/1.1" 200 6875 "http://trungtamtoan.com/" "Mozilla/5.0 (Windows NT 5.1; rv:19.0) Gecko/20100101 Firefox/19.0"
123.24.185.73 - - [25/Feb/2013:10:32:35 +0700] "GET /webskins/plugins/formValidator.2.2/js/languages/jquery.validationEngine-vi2.js HTTP/1.1" 200 8408 "http://trungtamtoan.com/" "Mozilla/5.0 (Windows NT 5.1; rv:19.0) Gecko/20100101 Firefox/19.0"
123.24.185.73 - - [25/Feb/2013:10:32:35 +0700] "GET /webskins/plugins/formValidator.2.2/js/contrib/other-validations.js HTTP/1.1" 200 968 "http://trungtamtoan.com/" "Mozilla/5.0 (Windows NT 5.1; rv:19.0) Gecko/20100101 Firefox/19.0"
123.24.185.73 - - [25/Feb/2013:10:32:35 +0700] "GET /data/avatar/mathlogo.gif HTTP/1.1" 200 7928 "http://trungtamtoan.com/" "Mozilla/5.0 (Windows NT 5.1; rv:19.0) Gecko/20100101 Firefox/19.0"
123.24.185.73 - - [25/Feb/2013:10:32:35 +0700] "GET /data/avatar/new.gif HTTP/1.1" 200 2954 "http://trungtamtoan.com/" "Mozilla/5.0 (Windows NT 5.1; rv:19.0) Gecko/20100101 Firefox/19.0"
123.24.185.73 - - [25/Feb/2013:10:32:35 +0700] "GET /webskins/plugins/TinySlideshow/thumbnails/1.jpg HTTP/1.1" 200 7531 "http://trungtamtoan.com/" "Mozilla/5.0 (Windows NT 5.1; rv:19.0) Gecko/20100101 Firefox/19.0"
123.24.185.73 - - [25/Feb/2013:10:32:35 +0700] "GET /webskins/plugins/TinySlideshow/thumbnails/2.jpg HTTP/1.1" 200 8056 "http://trungtamtoan.com/" "Mozilla/5.0 (Windows NT 5.1; rv:19.0) Gecko/20100101 Firefox/19.0"
123.24.185.73 - - [25/Feb/2013:10:32:35 +0700] "GET /webskins/plugins/TinySlideshow/thumbnails/3.jpg HTTP/1.1" 200 28442 "http://trungtamtoan.com/" "Mozilla/5.0 (Windows NT 5.1; rv:19.0) Gecko/20100101 Firefox/19.0"
123.24.185.73 - - [25/Feb/2013:10:32:35 +0700] "GET /webskins/plugins/TinySlideshow/thumbnails/4.jpg HTTP/1.1" 200 8127 "http://trungtamtoan.com/" "Mozilla/5.0 (Windows NT 5.1; rv:19.0) Gecko/20100101 Firefox/19.0"
123.24.185.73 - - [25/Feb/2013:10:32:35 +0700] "GET /webskins/plugins/TinySlideshow/thumbnails/5.jpg HTTP/1.1" 200 8452 "http://trungtamtoan.com/" "Mozilla/5.0 (Windows NT 5.1; rv:19.0) Gecko/20100101 Firefox/19.0"
123.24.185.73 - - [25/Feb/2013:10:32:35 +0700] "GET /webskins/plugins/formValidator.2.2/js/jquery.validationEngine.js HTTP/1.1" 200 48957 "http://trungtamtoan.com/" "Mozilla/5.0 (Windows NT 5.1; rv:19.0) Gecko/20100101 Firefox/19.0"
123.24.185.73 - - [25/Feb/2013:10:32:35 +0700] "GET /data/images/promotion/ads1.png HTTP/1.1" 200 58888 "http://trungtamtoan.com/" "Mozilla/5.0 (Windows NT 5.1; rv:19.0) Gecko/20100101 Firefox/19.0"
123.24.185.73 - - [25/Feb/2013:10:32:36 +0700] "GET /webskins/plugins/TinySlideshow/thumbnails/6.jpg HTTP/1.1" 200 28405 "http://trungtamtoan.com/" "Mozilla/5.0 (Windows NT 5.1; rv:19.0) Gecko/20100101 Firefox/19.0"
123.24.185.73 - - [25/Feb/2013:10:32:36 +0700] "GET /data/avatar/thumb/arrow_right.gif HTTP/1.1" 200 824 "http://trungtamtoan.com/" "Mozilla/5.0 (Windows NT 5.1; rv:19.0) Gecko/20100101 Firefox/19.0"
123.24.185.73 - - [25/Feb/2013:10:32:36 +0700] "GET /data/images/thumb//admin_1346932141.jpg HTTP/1.1" 200 4793 "http://trungtamtoan.com/" "Mozilla/5.0 (Windows NT 5.1; rv:19.0) Gecko/20100101 Firefox/19.0"
123.24.185.73 - - [25/Feb/2013:10:32:36 +0700] "GET /data/images/thumb//images657362_03.jpg HTTP/1.1" 200 3251 "http://trungtamtoan.com/" "Mozilla/5.0 (Windows NT 5.1; rv:19.0) Gecko/20100101 Firefox/19.0"
123.24.185.73 - - [25/Feb/2013:10:32:36 +0700] "GET /data/images/thumb//images657524_IMG_0061.jpg HTTP/1.1" 200 3001 "http://trungtamtoan.com/" "Mozilla/5.0 (Windows NT 5.1; rv:19.0) Gecko/20100101 Firefox/19.0"
123.24.185.73 - - [25/Feb/2013:10:32:36 +0700] "GET /data/images/thumb//images657507_IMG_5235.jpg HTTP/1.1" 200 2618 "http://trungtamtoan.com/" "Mozilla/5.0 (Windows NT 5.1; rv:19.0) Gecko/20100101 Firefox/19.0"
123.24.185.73 - - [25/Feb/2013:10:32:36 +0700] "GET /data/images/thumb//admin_1344704443.png HTTP/1.1" 200 2394 "http://trungtamtoan.com/" "Mozilla/5.0 (Windows NT 5.1; rv:19.0) Gecko/20100101 Firefox/19.0"
123.24.185.73 - - [25/Feb/2013:10:32:36 +0700] "GET /data/images/thumb//admin_1344704125.jpg HTTP/1.1" 200 3737 "http://trungtamtoan.com/" "Mozilla/5.0 (Windows NT 5.1; rv:19.0) Gecko/20100101 Firefox/19.0"
123.24.185.73 - - [25/Feb/2013:10:32:36 +0700] "GET /data/images/thumb//a41d3d7c-f173-4889-b34b-df39659a38e7_220px-Pi_pie2.jpg HTTP/1.1" 200 3320 "http://trungtamtoan.com/" "Mozilla/5.0 (Windows NT 5.1; rv:19.0) Gecko/20100101 Firefox/19.0"
123.24.185.73 - - [25/Feb/2013:10:32:36 +0700] "GET /data/images/promotion/khamphabian.png HTTP/1.1" 200 12131 "http://trungtamtoan.com/" "Mozilla/5.0 (Windows NT 5.1; rv:19.0) Gecko/20100101 Firefox/19.0"
123.24.185.73 - - [25/Feb/2013:10:32:36 +0700] "GET /data/images/thumb//admin_1344779656.jpg HTTP/1.1" 200 4316 "http://trungtamtoan.com/" "Mozilla/5.0 (Windows NT 5.1; rv:19.0) Gecko/20100101 Firefox/19.0"
123.24.185.73 - - [25/Feb/2013:10:32:36 +0700] "GET /data/images/thumb//admin_1344779539.jpg HTTP/1.1" 200 3272 "http://trungtamtoan.com/" "Mozilla/5.0 (Windows NT 5.1; rv:19.0) Gecko/20100101 Firefox/19.0"
123.24.185.73 - - [25/Feb/2013:10:32:36 +0700] "GET /data/images/thumb//admin_1344779425.gif HTTP/1.1" 200 2595 "http://trungtamtoan.com/" "Mozilla/5.0 (Windows NT 5.1; rv:19.0) Gecko/20100101 Firefox/19.0"
123.24.185.73 - - [25/Feb/2013:10:32:35 +0700] "GET /webskins/js/jquery-1.7.2.js HTTP/1.1" 200 252881 "http://trungtamtoan.com/" "Mozilla/5.0 (Windows NT 5.1; rv:19.0) Gecko/20100101 Firefox/19.0"
123.24.185.73 - - [25/Feb/2013:10:32:38 +0700] "GET /webskins/skins/default/main/images/box-btm.png HTTP/1.1" 200 941 "http://trungtamtoan.com/webskins/skins/default/main/styles/common.css" "Mozilla/5.0 (Windows NT 5.1; rv:19.0) Gecko/20100101 Firefox/19.0"
123.24.185.73 - - [25/Feb/2013:10:32:38 +0700] "GET /webskins/skins/default/main/images/sidebar.png HTTP/1.1" 200 989 "http://trungtamtoan.com/webskins/skins/default/main/styles/common.css" "Mozilla/5.0 (Windows NT 5.1; rv:19.0) Gecko/20100101 Firefox/19.0"
123.24.185.73 - - [25/Feb/2013:10:32:38 +0700] "GET /webskins/skins/default/main/images/arrow_right.gif HTTP/1.1" 200 824 "http://trungtamtoan.com/webskins/skins/default/main/styles/common.css" "Mozilla/5.0 (Windows NT 5.1; rv:19.0) Gecko/20100101 Firefox/19.0"
123.24.185.73 - - [25/Feb/2013:10:32:38 +0700] "GET /webskins/skins/default/main/images/bg-footer.jpg HTTP/1.1" 200 8781 "http://trungtamtoan.com/webskins/skins/default/main/styles/common.css" "Mozilla/5.0 (Windows NT 5.1; rv:19.0) Gecko/20100101 Firefox/19.0"
123.24.185.73 - - [25/Feb/2013:10:32:38 +0700] "GET /webskins/plugins/TinySlideshow/images/left.gif HTTP/1.1" 200 167 "http://trungtamtoan.com/webskins/plugins/TinySlideshow/style.css" "Mozilla/5.0 (Windows NT 5.1; rv:19.0) Gecko/20100101 Firefox/19.0"
123.24.185.73 - - [25/Feb/2013:10:32:38 +0700] "GET /webskins/plugins/TinySlideshow/images/right.gif HTTP/1.1" 200 166 "http://trungtamtoan.com/webskins/plugins/TinySlideshow/style.css" "Mozilla/5.0 (Windows NT 5.1; rv:19.0) Gecko/20100101 Firefox/19.0"
123.24.185.73 - - [25/Feb/2013:10:32:38 +0700] "GET /webskins/plugins/TinySlideshow/images/scroll-left.gif HTTP/1.1" 200 81 "http://trungtamtoan.com/webskins/plugins/TinySlideshow/style.css" "Mozilla/5.0 (Windows NT 5.1; rv:19.0) Gecko/20100101 Firefox/19.0"
123.24.185.73 - - [25/Feb/2013:10:32:38 +0700] "GET /webskins/plugins/TinySlideshow/images/scroll-right.gif HTTP/1.1" 200 84 "http://trungtamtoan.com/webskins/plugins/TinySlideshow/style.css" "Mozilla/5.0 (Windows NT 5.1; rv:19.0) Gecko/20100101 Firefox/19.0"
123.24.185.73 - - [25/Feb/2013:10:32:38 +0700] "GET /webskins/skins/system/images/favicon.ico HTTP/1.1" 200 3971 "-" "Mozilla/5.0 (Windows NT 5.1; rv:19.0) Gecko/20100101 Firefox/19.0"
123.24.185.73 - - [25/Feb/2013:10:32:40 +0700] "GET /webskins/plugins/TinySlideshow/photos/1.jpg HTTP/1.1" 200 64759 "http://trungtamtoan.com/" "Mozilla/5.0 (Windows NT 5.1; rv:19.0) Gecko/20100101 Firefox/19.0"
173.199.120.67 - - [25/Feb/2013:10:39:17 +0700] "GET /?portal=mc_web&page=articleDetail&id=559 HTTP/1.1" 200 26544 "-" "Mozilla/5.0 (compatible; AhrefsBot/4.0; +http://ahrefs.com/robot/)"
173.199.120.67 - - [25/Feb/2013:10:40:38 +0700] "GET /?portal=mc_web&page=articleDetail&id=620 HTTP/1.1" 200 23731 "-" "Mozilla/5.0 (compatible; AhrefsBot/4.0; +http://ahrefs.com/robot/)"
173.199.120.67 - - [25/Feb/2013:10:42:36 +0700] "GET /?portal=mc_web&page=DocOfClass&classID=20&cateID=1 HTTP/1.1" 200 17224 "-" "Mozilla/5.0 (compatible; AhrefsBot/4.0; +http://ahrefs.com/robot/)"
173.199.120.67 - - [25/Feb/2013:10:44:27 +0700] "GET /?portal=mc_web&page=DocDetail&id=101 HTTP/1.1" 200 22776 "-" "Mozilla/5.0 (compatible; AhrefsBot/4.0; +http://ahrefs.com/robot/)"
173.199.120.67 - - [25/Feb/2013:10:49:01 +0700] "GET /?portal=mc_web&page=articleDetail&id=564 HTTP/1.1" 200 22952 "-" "Mozilla/5.0 (compatible; AhrefsBot/4.0; +http://ahrefs.com/robot/)"
173.199.120.67 - - [25/Feb/2013:10:51:37 +0700] "GET /?portal=mc_web&page=DocOfClass&classID=5&cateID=3 HTTP/1.1" 200 17612 "-" "Mozilla/5.0 (compatible; AhrefsBot/4.0; +http://ahrefs.com/robot/)"
173.199.120.67 - - [25/Feb/2013:10:54:10 +0700] "GET /?portal=mc_web&page=NewDoc&page_no=2 HTTP/1.1" 200 22614 "-" "Mozilla/5.0 (compatible; AhrefsBot/4.0; +http://ahrefs.com/robot/)"
173.199.120.67 - - [25/Feb/2013:11:07:22 +0700] "GET /?portal=mc_web&page=articleDetail&id=637 HTTP/1.1" 200 28616 "-" "Mozilla/5.0 (compatible; AhrefsBot/4.0; +http://ahrefs.com/robot/)"
173.199.120.67 - - [25/Feb/2013:11:28:40 +0700] "GET /?portal=mc_web&page=DocDetail&id=78 HTTP/1.1" 200 21805 "-" "Mozilla/5.0 (compatible; AhrefsBot/4.0; +http://ahrefs.com/robot/)"
173.199.120.67 - - [25/Feb/2013:11:33:46 +0700] "GET /?portal=mc_web&page=articleDetail&id=317 HTTP/1.1" 200 20942 "-" "Mozilla/5.0 (compatible; AhrefsBot/4.0; +http://ahrefs.com/robot/)"
173.199.120.67 - - [25/Feb/2013:11:42:43 +0700] "GET /?portal=mc_web&page=articleDetail&id=331 HTTP/1.1" 200 19063 "-" "Mozilla/5.0 (compatible; AhrefsBot/4.0; +http://ahrefs.com/robot/)"
173.199.120.67 - - [25/Feb/2013:11:48:27 +0700] "GET /?portal=mc_web&page=DocOfClass&classID=12&cateID=1 HTTP/1.1" 200 17612 "-" "Mozilla/5.0 (compatible; AhrefsBot/4.0; +http://ahrefs.com/robot/)"
173.199.120.67 - - [25/Feb/2013:11:51:16 +0700] "GET /?portal=mc_web&page=DocOfClass&classID=13&cateID=4 HTTP/1.1" 200 17224 "-" "Mozilla/5.0 (compatible; AhrefsBot/4.0; +http://ahrefs.com/robot/)"
173.199.120.67 - - [25/Feb/2013:11:59:18 +0700] "GET /?portal=mc_web&page=DocOfClass&classID=17&cateID=4&page_no=2%20 HTTP/1.1" 200 22852 "-" "Mozilla/5.0 (compatible; AhrefsBot/4.0; +http://ahrefs.com/robot/)"
173.199.120.67 - - [25/Feb/2013:12:01:30 +0700] "GET /?portal=mc_web&page=DocOfClass&classID=11&cateID=4 HTTP/1.1" 200 17612 "-" "Mozilla/5.0 (compatible; AhrefsBot/4.0; +http://ahrefs.com/robot/)"
173.199.120.67 - - [25/Feb/2013:12:03:36 +0700] "GET /?portal=mc_web&page=DocDetail&id=149 HTTP/1.1" 200 22745 "-" "Mozilla/5.0 (compatible; AhrefsBot/4.0; +http://ahrefs.com/robot/)"
95.108.248.30 - - [25/Feb/2013:12:10:34 +0700] "GET / HTTP/1.1" 200 19407 "-" "Mozilla/5.0 (compatible; YandexBot/3.0; MirrorDetector; +http://yandex.com/bots)"
95.108.248.30 - - [25/Feb/2013:12:10:37 +0700] "GET / HTTP/1.1" 200 19199 "-" "Mozilla/5.0 (compatible; YandexBot/3.0; MirrorDetector; +http://yandex.com/bots)"
95.108.248.30 - - [25/Feb/2013:12:10:45 +0700] "GET / HTTP/1.1" 200 19407 "-" "Mozilla/5.0 (compatible; YandexBot/3.0; MirrorDetector; +http://yandex.com/bots)"
95.108.248.30 - - [25/Feb/2013:12:10:51 +0700] "GET / HTTP/1.1" 200 19199 "-" "Mozilla/5.0 (compatible; YandexBot/3.0; MirrorDetector; +http://yandex.com/bots)"
199.36.240.17 - - [25/Feb/2013:12:17:33 +0700] "GET /robots.txt HTTP/1.1" 404 278 "-" "Mozilla/5.0 (compatible; YandexImages/3.0; +http://yandex.com/bots)"
199.36.240.17 - - [25/Feb/2013:12:40:58 +0700] "GET /data/images/imageForArticle/images651318_4.jpg HTTP/1.1" 304 0 "-" "Mozilla/5.0 (compatible; YandexImages/3.0; +http://yandex.com/bots)"
95.108.248.30 - - [25/Feb/2013:13:50:24 +0700] "GET /?portal=mc_web&page=regLearn HTTP/1.1" 200 26382 "-" "Mozilla/5.0 (compatible; YandexBot/3.0; +http://yandex.com/bots)"
208.115.111.73 - - [25/Feb/2013:14:01:18 +0700] "GET /?portal=mc_web&page=listTeacher HTTP/1.1" 200 16672 "-" "Mozilla/5.0 (compatible; Ezooms/1.0; ezooms.bot@gmail.com)"
208.115.111.73 - - [25/Feb/2013:14:01:38 +0700] "GET /?portal=mc_web&page=articleDetail&id=308 HTTP/1.1" 200 19917 "-" "Mozilla/5.0 (compatible; Ezooms/1.0; ezooms.bot@gmail.com)"
199.36.240.17 - - [25/Feb/2013:15:06:48 +0700] "GET /data/images/imageForArticle/images651456_1.jpg HTTP/1.1" 304 0 "-" "Mozilla/5.0 (compatible; YandexImages/3.0; +http://yandex.com/bots)"
173.199.120.67 - - [25/Feb/2013:15:26:29 +0700] "GET /?portal=mc_web&page=DocDetail&id=128 HTTP/1.1" 200 22755 "-" "Mozilla/5.0 (compatible; AhrefsBot/4.0; +http://ahrefs.com/robot/)"
173.199.120.67 - - [25/Feb/2013:15:28:03 +0700] "GET /?portal=mc_web&page=articleDetail&id=306 HTTP/1.1" 200 23007 "-" "Mozilla/5.0 (compatible; AhrefsBot/4.0; +http://ahrefs.com/robot/)"
95.108.248.30 - - [25/Feb/2013:15:30:13 +0700] "GET /?portal=mc_web&page=regTeach HTTP/1.1" 200 27479 "-" "Mozilla/5.0 (compatible; YandexBot/3.0; +http://yandex.com/bots)"
173.199.120.67 - - [25/Feb/2013:15:34:43 +0700] "GET /?portal=mc_web&page=articleDetail&id=586 HTTP/1.1" 200 26546 "-" "Mozilla/5.0 (compatible; AhrefsBot/4.0; +http://ahrefs.com/robot/)"
173.199.120.67 - - [25/Feb/2013:15:43:42 +0700] "GET /?portal=mc_web&page=articleDetail&id=560 HTTP/1.1" 200 25741 "-" "Mozilla/5.0 (compatible; AhrefsBot/4.0; +http://ahrefs.com/robot/)"
173.199.120.67 - - [25/Feb/2013:15:43:50 +0700] "GET /?portal=mc_web&page=articleDetail&id=566 HTTP/1.1" 200 28021 "-" "Mozilla/5.0 (compatible; AhrefsBot/4.0; +http://ahrefs.com/robot/)"
173.199.120.67 - - [25/Feb/2013:15:44:29 +0700] "GET /?portal=mc_web&page=Download&name=20120922/admin_1348309784.pdf HTTP/1.1" 200 298359 "-" "Mozilla/5.0 (compatible; AhrefsBot/4.0; +http://ahrefs.com/robot/)"
173.199.120.67 - - [25/Feb/2013:15:45:00 +0700] "GET /?portal=mc_web&page=articleDetail&id=556 HTTP/1.1" 200 24466 "-" "Mozilla/5.0 (compatible; AhrefsBot/4.0; +http://ahrefs.com/robot/)"
173.199.120.67 - - [25/Feb/2013:15:49:47 +0700] "GET /?portal=mc_web&page=DocOfClass&classID=20&cateID=3 HTTP/1.1" 200 17224 "-" "Mozilla/5.0 (compatible; AhrefsBot/4.0; +http://ahrefs.com/robot/)"
173.199.120.67 - - [25/Feb/2013:16:08:47 +0700] "GET /?portal=mc_web&page=articleDetail&id=589 HTTP/1.1" 200 21718 "-" "Mozilla/5.0 (compatible; AhrefsBot/4.0; +http://ahrefs.com/robot/)"
173.199.120.67 - - [25/Feb/2013:16:10:23 +0700] "GET /?portal=mc_web&page=articleDetail&id=560 HTTP/1.1" 200 25977 "-" "Mozilla/5.0 (compatible; AhrefsBot/4.0; +http://ahrefs.com/robot/)"
173.199.120.67 - - [25/Feb/2013:16:16:16 +0700] "GET /?portal=mc_web&page=DocOfClass&classID=5&cateID=4 HTTP/1.1" 200 17224 "-" "Mozilla/5.0 (compatible; AhrefsBot/4.0; +http://ahrefs.com/robot/)"
173.199.120.67 - - [25/Feb/2013:16:19:53 +0700] "GET /?portal=mc_web&page=Download&name=20120922/admin_1348310132.pdf HTTP/1.1" 200 215614 "-" "Mozilla/5.0 (compatible; AhrefsBot/4.0; +http://ahrefs.com/robot/)"
173.199.120.67 - - [25/Feb/2013:16:19:55 +0700] "GET /?portal=mc_web&page=DocDetail&id=158 HTTP/1.1" 200 22009 "-" "Mozilla/5.0 (compatible; AhrefsBot/4.0; +http://ahrefs.com/robot/)"
173.199.120.67 - - [25/Feb/2013:16:35:01 +0700] "GET /?portal=mc_web&page=articleDetail&id=306 HTTP/1.1" 200 23227 "-" "Mozilla/5.0 (compatible; AhrefsBot/4.0; +http://ahrefs.com/robot/)"
173.199.120.67 - - [25/Feb/2013:16:45:33 +0700] "GET /?portal=mc_web&page=articleDetail&id=642 HTTP/1.1" 200 22023 "-" "Mozilla/5.0 (compatible; AhrefsBot/4.0; +http://ahrefs.com/robot/)"
173.199.120.67 - - [25/Feb/2013:16:49:18 +0700] "GET /?portal=mc_web&page=articleDetail&id=642 HTTP/1.1" 200 22259 "-" "Mozilla/5.0 (compatible; AhrefsBot/4.0; +http://ahrefs.com/robot/)"
173.199.120.67 - - [25/Feb/2013:16:52:52 +0700] "GET /?portal=mc_web&page=DocOfClass&classID=2&cateID=4 HTTP/1.1" 200 17224 "-" "Mozilla/5.0 (compatible; AhrefsBot/4.0; +http://ahrefs.com/robot/)"
173.199.120.67 - - [25/Feb/2013:16:59:02 +0700] "GET / HTTP/1.1" 200 19199 "-" "Mozilla/5.0 (compatible; AhrefsBot/4.0; +http://ahrefs.com/robot/)"
173.199.120.67 - - [25/Feb/2013:17:00:27 +0700] "GET /?portal=mc_web&page=intro HTTP/1.1" 200 19423 "-" "Mozilla/5.0 (compatible; AhrefsBot/4.0; +http://ahrefs.com/robot/)"
95.108.248.30 - - [25/Feb/2013:17:08:55 +0700] "GET /?portal=mc_web&page=intro HTTP/1.1" 200 19423 "-" "Mozilla/5.0 (compatible; YandexBot/3.0; +http://yandex.com/bots)"
157.55.33.98 - - [25/Feb/2013:17:14:54 +0700] "GET /robots.txt HTTP/1.1" 404 274 "-" "Mozilla/5.0 (compatible; bingbot/2.0; +http://www.bing.com/bingbot.htm)"
173.199.120.67 - - [25/Feb/2013:17:15:31 +0700] "GET /?portal=mc_web&page=DocOfClass&classID=16&cateID=1 HTTP/1.1" 200 17224 "-" "Mozilla/5.0 (compatible; AhrefsBot/4.0; +http://ahrefs.com/robot/)"
157.55.33.98 - - [25/Feb/2013:17:16:40 +0700] "GET / HTTP/1.1" 200 19199 "-" "Mozilla/5.0 (compatible; bingbot/2.0; +http://www.bing.com/bingbot.htm)"
173.199.120.67 - - [25/Feb/2013:17:23:25 +0700] "GET /?portal=mc_web&page=articleDetail&id=587 HTTP/1.1" 200 24506 "-" "Mozilla/5.0 (compatible; AhrefsBot/4.0; +http://ahrefs.com/robot/)"
173.199.120.67 - - [25/Feb/2013:17:25:18 +0700] "GET /?portal=mc_web&page=articleDetail&id=596 HTTP/1.1" 200 23859 "-" "Mozilla/5.0 (compatible; AhrefsBot/4.0; +http://ahrefs.com/robot/)"
173.199.120.67 - - [25/Feb/2013:17:28:16 +0700] "GET /?portal=mc_web&page=Download&name=20120922/admin_1348309436.pdf HTTP/1.1" 200 135393 "-" "Mozilla/5.0 (compatible; AhrefsBot/4.0; +http://ahrefs.com/robot/)"
173.199.120.67 - - [25/Feb/2013:17:30:18 +0700] "GET /?portal=mc_web&page=DocDetail&id=97 HTTP/1.1" 200 22543 "-" "Mozilla/5.0 (compatible; AhrefsBot/4.0; +http://ahrefs.com/robot/)"
173.199.120.67 - - [25/Feb/2013:17:35:03 +0700] "GET /?portal=mc_web&page=DocDetail&id=137 HTTP/1.1" 200 23189 "-" "Mozilla/5.0 (compatible; AhrefsBot/4.0; +http://ahrefs.com/robot/)"
173.199.120.67 - - [25/Feb/2013:17:43:52 +0700] "GET /?portal=mc_web&page=NewDoc&page_no=2%20 HTTP/1.1" 200 22614 "-" "Mozilla/5.0 (compatible; AhrefsBot/4.0; +http://ahrefs.com/robot/)"
173.199.120.67 - - [25/Feb/2013:17:43:54 +0700] "GET /?portal=mc_web&page=resetPassword HTTP/1.1" 200 16142 "-" "Mozilla/5.0 (compatible; AhrefsBot/4.0; +http://ahrefs.com/robot/)"
123.26.53.99 - - [25/Feb/2013:18:29:53 +0700] "GET /data/document/20120906/admin_1346932141.JPG HTTP/1.1" 200 79099 "http://www.google.com.vn/blank.html" "Mozilla/5.0 (Windows NT 5.1) AppleWebKit/537.22 (KHTML, like Gecko) Chrome/25.0.1364.97 Safari/537.22"
202.46.55.29 - - [25/Feb/2013:18:44:16 +0700] "GET / HTTP/1.1" 200 19199 "-" "Mozilla/5.0 (compatible; Baiduspider/2.0; +http://www.baidu.com/search/spider.html)"
173.199.120.67 - - [25/Feb/2013:21:23:23 +0700] "GET /?portal=mc_web&page=articleDetail&id=551 HTTP/1.1" 200 27262 "-" "Mozilla/5.0 (compatible; AhrefsBot/4.0; +http://ahrefs.com/robot/)"
173.199.120.67 - - [25/Feb/2013:21:29:05 +0700] "GET /?portal=mc_web&page=DocOfClass&classID=7&cateID=4 HTTP/1.1" 200 17224 "-" "Mozilla/5.0 (compatible; AhrefsBot/4.0; +http://ahrefs.com/robot/)"
173.199.120.67 - - [25/Feb/2013:21:42:03 +0700] "GET /?portal=mc_web&page=DocDetail&id=94 HTTP/1.1" 200 22262 "-" "Mozilla/5.0 (compatible; AhrefsBot/4.0; +http://ahrefs.com/robot/)"
180.76.5.146 - - [25/Feb/2013:23:12:21 +0700] "GET /?portal=mc_web&page=articleDetail&id=449 HTTP/1.1" 200 24308 "-" "Mozilla/5.0 (compatible; Baiduspider/2.0; +http://www.baidu.com/search/spider.html)"
