180.76.5.58 - - [06/Feb/2013:10:06:06 +0700] "GET /?portal=mc_web&page=DocOfClass&classID=7&cateID=3 HTTP/1.1" 200 17612 "-" "Mozilla/5.0 (compatible; Baiduspider/2.0; +http://www.baidu.com/search/spider.html)"
37.140.141.10 - - [06/Feb/2013:11:56:58 +0700] "GET /data/images/imageForArticle/images648082_tt4141_1.jpg HTTP/1.1" 304 0 "-" "Mozilla/5.0 (compatible; YandexImages/3.0; +http://yandex.com/bots)"
37.140.141.10 - - [06/Feb/2013:12:24:23 +0700] "GET /data/images/imageForArticle/images650394_IMG_01.jpg HTTP/1.1" 304 0 "-" "Mozilla/5.0 (compatible; YandexImages/3.0; +http://yandex.com/bots)"
180.76.5.23 - - [06/Feb/2013:12:27:48 +0700] "GET /?portal=mc_web&page=articleDetail&id=269 HTTP/1.1" 200 27884 "-" "Mozilla/5.0 (compatible; Baiduspider/2.0; +http://www.baidu.com/search/spider.html)"
157.55.32.62 - - [06/Feb/2013:12:55:31 +0700] "GET /robots.txt HTTP/1.1" 404 274 "-" "Mozilla/5.0 (compatible; bingbot/2.0; +http://www.bing.com/bingbot.htm)"
157.55.32.62 - - [06/Feb/2013:12:57:18 +0700] "GET / HTTP/1.1" 200 19225 "-" "Mozilla/5.0 (compatible; bingbot/2.0; +http://www.bing.com/bingbot.htm)"
123.30.175.79 - - [06/Feb/2013:13:09:41 +0700] "GET /robots.txt HTTP/1.0" 404 274 "-" "coccoc/1.0 (http://help.coccoc.com/)"
123.30.175.79 - - [06/Feb/2013:13:09:55 +0700] "GET / HTTP/1.0" 200 19225 "-" "coccoc/1.0 (http://help.coccoc.com/)"
123.30.175.79 - - [06/Feb/2013:13:10:02 +0700] "GET /?portal=mc_web&page=articleDetail&id=637 HTTP/1.0" 200 28451 "-" "coccoc/1.0 (http://help.coccoc.com/)"
123.30.175.79 - - [06/Feb/2013:13:10:08 +0700] "GET /?portal=mc_web&page=articleDetail&id=638 HTTP/1.0" 200 22654 "-" "coccoc/1.0 (http://help.coccoc.com/)"
123.30.175.79 - - [06/Feb/2013:13:10:14 +0700] "GET /?portal=mc_web&page=articleDetail&id=639 HTTP/1.0" 200 27996 "-" "coccoc/1.0 (http://help.coccoc.com/)"
180.76.5.190 - - [06/Feb/2013:13:12:02 +0700] "GET /?portal=mc_web&page=DocDetail&id=150 HTTP/1.1" 200 23199 "-" "Mozilla/5.0 (compatible; Baiduspider/2.0; +http://www.baidu.com/search/spider.html)"
37.140.141.10 - - [06/Feb/2013:13:26:29 +0700] "GET /data/images/thumb/a41d3d7c-f173-4889-b34b-df39659a38e7_220px-Pi_pie2.jpg HTTP/1.1" 304 0 "-" "Mozilla/5.0 (compatible; YandexImages/3.0; +http://yandex.com/bots)"
37.140.141.10 - - [06/Feb/2013:13:33:26 +0700] "GET /data/images/imageForArticle/images648203_1.jpg HTTP/1.1" 304 0 "-" "Mozilla/5.0 (compatible; YandexImages/3.0; +http://yandex.com/bots)"
37.140.141.10 - - [06/Feb/2013:13:33:38 +0700] "GET /data/images/imageForArticle/images648216_9.jpg HTTP/1.1" 304 0 "-" "Mozilla/5.0 (compatible; YandexImages/3.0; +http://yandex.com/bots)"
208.115.113.89 - - [06/Feb/2013:14:09:48 +0700] "GET /robots.txt HTTP/1.1" 404 278 "-" "Mozilla/5.0 (compatible; Ezooms/1.0; ezooms.bot@gmail.com)"
208.115.113.89 - - [06/Feb/2013:14:09:48 +0700] "GET /robots.txt HTTP/1.1" 404 274 "-" "Mozilla/5.0 (compatible; Ezooms/1.0; ezooms.bot@gmail.com)"
118.70.248.17 - - [06/Feb/2013:15:13:32 +0700] "GET /data/images/thumb//images654650_1.jpg HTTP/1.1" 304 0 "-" "Mozilla/4.0 (compatible;)"
157.55.32.62 - - [06/Feb/2013:15:13:39 +0700] "GET / HTTP/1.1" 200 19225 "-" "Mozilla/5.0 (compatible; bingbot/2.0; +http://www.bing.com/bingbot.htm)"
65.55.210.153 - - [06/Feb/2013:15:14:00 +0700] "GET / HTTP/1.1" 200 19225 "-" "Mozilla/5.0 (Windows NT 6.1; WOW64) AppleWebKit/534+ (KHTML, like Gecko) BingPreview/1.0b"
65.55.210.153 - - [06/Feb/2013:15:14:02 +0700] "GET /webskins/skins/default/main/styles/common-ext.css HTTP/1.1" 200 1758 "http://trungtamtoan.com/" "Mozilla/5.0 (Windows NT 6.1; WOW64) AppleWebKit/534+ (KHTML, like Gecko) BingPreview/1.0b"
65.55.210.153 - - [06/Feb/2013:15:14:02 +0700] "GET /webskins/skins/default/main/styles/common.css HTTP/1.1" 200 45652 "http://trungtamtoan.com/" "Mozilla/5.0 (Windows NT 6.1; WOW64) AppleWebKit/534+ (KHTML, like Gecko) BingPreview/1.0b"
65.55.210.153 - - [06/Feb/2013:15:14:02 +0700] "GET /webskins/skins/platform/jquery.alerts/jquery.alerts.css HTTP/1.1" 200 1329 "http://trungtamtoan.com/" "Mozilla/5.0 (Windows NT 6.1; WOW64) AppleWebKit/534+ (KHTML, like Gecko) BingPreview/1.0b"
65.55.210.153 - - [06/Feb/2013:15:14:03 +0700] "GET /webskins/plugins/formValidator.2.2/css/validationEngine.jquery.css HTTP/1.1" 200 2320 "http://trungtamtoan.com/" "Mozilla/5.0 (Windows NT 6.1; WOW64) AppleWebKit/534+ (KHTML, like Gecko) BingPreview/1.0b"
65.55.210.153 - - [06/Feb/2013:15:14:04 +0700] "GET /modules/default/frontend/DefaultHeader.js HTTP/1.1" 200 581 "http://trungtamtoan.com/" "Mozilla/5.0 (Windows NT 6.1; WOW64) AppleWebKit/534+ (KHTML, like Gecko) BingPreview/1.0b"
65.55.210.153 - - [06/Feb/2013:15:14:04 +0700] "GET /modules/mcweb/MCwebNavigation.js HTTP/1.1" 200 75 "http://trungtamtoan.com/" "Mozilla/5.0 (Windows NT 6.1; WOW64) AppleWebKit/534+ (KHTML, like Gecko) BingPreview/1.0b"
65.55.210.153 - - [06/Feb/2013:15:14:05 +0700] "GET /modules/mcweb/MClog.js HTTP/1.1" 200 248 "http://trungtamtoan.com/" "Mozilla/5.0 (Windows NT 6.1; WOW64) AppleWebKit/534+ (KHTML, like Gecko) BingPreview/1.0b"
65.55.210.153 - - [06/Feb/2013:15:14:05 +0700] "GET /webskins/plugins/TinySlideshow/style.css HTTP/1.1" 200 1622 "http://trungtamtoan.com/" "Mozilla/5.0 (Windows NT 6.1; WOW64) AppleWebKit/534+ (KHTML, like Gecko) BingPreview/1.0b"
65.55.210.153 - - [06/Feb/2013:15:14:05 +0700] "GET /modules/mcweb/MCboard.js HTTP/1.1" 200 74 "http://trungtamtoan.com/" "Mozilla/5.0 (Windows NT 6.1; WOW64) AppleWebKit/534+ (KHTML, like Gecko) BingPreview/1.0b"
65.55.210.153 - - [06/Feb/2013:15:14:05 +0700] "GET /webskins/plugins/TinySlideshow/compressed.js HTTP/1.1" 200 4970 "http://trungtamtoan.com/" "Mozilla/5.0 (Windows NT 6.1; WOW64) AppleWebKit/534+ (KHTML, like Gecko) BingPreview/1.0b"
65.55.210.153 - - [06/Feb/2013:15:14:05 +0700] "GET /webskins/plugins/TinySlideshow/script.js HTTP/1.1" 200 5547 "http://trungtamtoan.com/" "Mozilla/5.0 (Windows NT 6.1; WOW64) AppleWebKit/534+ (KHTML, like Gecko) BingPreview/1.0b"
65.55.210.153 - - [06/Feb/2013:15:14:05 +0700] "GET /webskins/js/jquery.alerts.js HTTP/1.1" 200 6875 "http://trungtamtoan.com/" "Mozilla/5.0 (Windows NT 6.1; WOW64) AppleWebKit/534+ (KHTML, like Gecko) BingPreview/1.0b"
65.55.210.153 - - [06/Feb/2013:15:14:06 +0700] "GET /webskins/plugins/formValidator.2.2/js/languages/jquery.validationEngine-vi2.js HTTP/1.1" 200 8408 "http://trungtamtoan.com/" "Mozilla/5.0 (Windows NT 6.1; WOW64) AppleWebKit/534+ (KHTML, like Gecko) BingPreview/1.0b"
65.55.210.153 - - [06/Feb/2013:15:14:07 +0700] "GET /webskins/plugins/formValidator.2.2/js/jquery.validationEngine.js HTTP/1.1" 200 48957 "http://trungtamtoan.com/" "Mozilla/5.0 (Windows NT 6.1; WOW64) AppleWebKit/534+ (KHTML, like Gecko) BingPreview/1.0b"
65.55.210.153 - - [06/Feb/2013:15:14:07 +0700] "GET /webskins/plugins/formValidator.2.2/js/contrib/other-validations.js HTTP/1.1" 200 968 "http://trungtamtoan.com/" "Mozilla/5.0 (Windows NT 6.1; WOW64) AppleWebKit/534+ (KHTML, like Gecko) BingPreview/1.0b"
65.55.210.153 - - [06/Feb/2013:15:14:02 +0700] "GET /webskins/js/jquery-1.7.2.js HTTP/1.1" 200 252881 "http://trungtamtoan.com/" "Mozilla/5.0 (Windows NT 6.1; WOW64) AppleWebKit/534+ (KHTML, like Gecko) BingPreview/1.0b"
37.140.141.10 - - [06/Feb/2013:15:48:25 +0700] "GET /data/images/thumb/images653798_1.jpg HTTP/1.1" 304 0 "-" "Mozilla/5.0 (compatible; YandexImages/3.0; +http://yandex.com/bots)"
208.115.111.73 - - [06/Feb/2013:16:02:07 +0700] "GET /robots.txt HTTP/1.1" 404 278 "-" "Mozilla/5.0 (compatible; Ezooms/1.0; ezooms.bot@gmail.com)"
208.115.111.73 - - [06/Feb/2013:16:02:07 +0700] "GET /robots.txt HTTP/1.1" 404 274 "-" "Mozilla/5.0 (compatible; Ezooms/1.0; ezooms.bot@gmail.com)"
37.140.141.10 - - [06/Feb/2013:16:42:18 +0700] "GET /data/images/imageForArticle/images650697_91edatduocmuctieudoimoigiaoducDH.jpg HTTP/1.1" 304 0 "-" "Mozilla/5.0 (compatible; YandexImages/3.0; +http://yandex.com/bots)"
157.55.32.113 - - [06/Feb/2013:17:04:43 +0700] "GET /robots.txt HTTP/1.1" 404 278 "-" "Mozilla/5.0 (compatible; bingbot/2.0; +http://www.bing.com/bingbot.htm)"
157.55.32.113 - - [06/Feb/2013:17:06:16 +0700] "GET /?portal=mc_web&page=Download&name=20120922/ HTTP/1.1" 200 131 "-" "Mozilla/5.0 (compatible; bingbot/2.0; +http://www.bing.com/bingbot.htm)"
37.140.141.10 - - [06/Feb/2013:17:12:37 +0700] "GET /robots.txt HTTP/1.1" 404 274 "-" "Mozilla/5.0 (compatible; YandexBot/3.0; +http://yandex.com/bots)"
180.76.5.66 - - [06/Feb/2013:17:16:16 +0700] "GET /?portal=mc_web&page=DocDetail&id=154 HTTP/1.1" 200 22517 "-" "Mozilla/5.0 (compatible; Baiduspider/2.0; +http://www.baidu.com/search/spider.html)"
199.36.240.17 - - [06/Feb/2013:17:55:43 +0700] "GET /robots.txt HTTP/1.1" 404 278 "-" "Mozilla/5.0 (compatible; YandexImages/3.0; +http://yandex.com/bots)"
199.36.240.17 - - [06/Feb/2013:17:57:18 +0700] "GET /robots.txt HTTP/1.1" 404 274 "-" "Mozilla/5.0 (compatible; YandexImages/3.0; +http://yandex.com/bots)"
208.115.111.73 - - [06/Feb/2013:18:00:30 +0700] "GET /?portal=mc_web&page=DocDetail&id=80 HTTP/1.1" 200 21338 "-" "Mozilla/5.0 (compatible; Ezooms/1.0; ezooms.bot@gmail.com)"
180.76.5.52 - - [06/Feb/2013:18:00:30 +0700] "GET /?portal=mc_web&page=articleDetail&id=180 HTTP/1.1" 200 26560 "-" "Mozilla/5.0 (compatible; Baiduspider/2.0; +http://www.baidu.com/search/spider.html)"
208.115.111.73 - - [06/Feb/2013:18:00:34 +0700] "GET /?portal=mc_web&page=DocOfClass&classID=9&cateID=3 HTTP/1.1" 200 17224 "-" "Mozilla/5.0 (compatible; Ezooms/1.0; ezooms.bot@gmail.com)"
208.115.111.73 - - [06/Feb/2013:18:00:36 +0700] "GET / HTTP/1.1" 200 19433 "-" "Mozilla/5.0 (compatible; Ezooms/1.0; ezooms.bot@gmail.com)"
199.36.240.17 - - [06/Feb/2013:18:26:26 +0700] "GET /data/images/imageForArticle/images648230_IMG_5167.jpg HTTP/1.1" 304 0 "-" "Mozilla/5.0 (compatible; YandexImages/3.0; +http://yandex.com/bots)"
37.140.141.10 - - [06/Feb/2013:18:36:11 +0700] "GET /robots.txt HTTP/1.1" 404 278 "-" "Mozilla/5.0 (compatible; YandexBot/3.0; +http://yandex.com/bots)"
37.140.141.10 - - [06/Feb/2013:18:36:13 +0700] "GET /data/images/thumb/images653798_1.jpg HTTP/1.1" 304 0 "-" "Mozilla/5.0 (compatible; YandexImages/3.0; +http://yandex.com/bots)"
199.36.240.17 - - [06/Feb/2013:18:48:38 +0700] "GET /data/images/imageForArticle/images651312_images647454_t408379.jpg HTTP/1.1" 304 0 "-" "Mozilla/5.0 (compatible; YandexImages/3.0; +http://yandex.com/bots)"
199.36.240.17 - - [06/Feb/2013:19:03:27 +0700] "GET /data/avatar/new.gif HTTP/1.1" 304 0 "-" "Mozilla/5.0 (compatible; YandexImages/3.0; +http://yandex.com/bots)"
199.36.240.17 - - [06/Feb/2013:19:09:56 +0700] "GET /data/images/imageForArticle/images654114_1.jpg HTTP/1.1" 304 0 "-" "Mozilla/5.0 (compatible; YandexImages/3.0; +http://yandex.com/bots)"
113.168.144.70 - - [06/Feb/2013:19:21:07 +0700] "GET / HTTP/1.1" 200 19225 "-" "Mozilla/5.0 (Windows NT 6.1; WOW64; rv:19.0) Gecko/20100101 Firefox/19.0"
113.168.144.70 - - [06/Feb/2013:19:21:08 +0700] "GET /webskins/plugins/TinySlideshow/style.css HTTP/1.1" 200 1622 "http://trungtamtoan.com/" "Mozilla/5.0 (Windows NT 6.1; WOW64; rv:19.0) Gecko/20100101 Firefox/19.0"
113.168.144.70 - - [06/Feb/2013:19:21:08 +0700] "GET /data/avatar/new.gif HTTP/1.1" 200 2954 "http://trungtamtoan.com/" "Mozilla/5.0 (Windows NT 6.1; WOW64; rv:19.0) Gecko/20100101 Firefox/19.0"
113.168.144.70 - - [06/Feb/2013:19:21:08 +0700] "GET /webskins/plugins/TinySlideshow/thumbnails/5.jpg HTTP/1.1" 200 8452 "http://trungtamtoan.com/" "Mozilla/5.0 (Windows NT 6.1; WOW64; rv:19.0) Gecko/20100101 Firefox/19.0"
113.168.144.70 - - [06/Feb/2013:19:21:08 +0700] "GET /data/avatar/thumb/arrow_right.gif HTTP/1.1" 200 824 "http://trungtamtoan.com/" "Mozilla/5.0 (Windows NT 6.1; WOW64; rv:19.0) Gecko/20100101 Firefox/19.0"
113.168.144.70 - - [06/Feb/2013:19:21:08 +0700] "GET /data/images/thumb//admin_1346932141.jpg HTTP/1.1" 200 4793 "http://trungtamtoan.com/" "Mozilla/5.0 (Windows NT 6.1; WOW64; rv:19.0) Gecko/20100101 Firefox/19.0"
113.168.144.70 - - [06/Feb/2013:19:21:08 +0700] "GET /data/images/thumb//images655210_1.jpg HTTP/1.1" 304 0 "http://trungtamtoan.com/" "Mozilla/5.0 (Windows NT 6.1; WOW64; rv:19.0) Gecko/20100101 Firefox/19.0"
113.168.144.70 - - [06/Feb/2013:19:21:08 +0700] "GET /data/images/thumb//images655152_chaycongchuc.jpg HTTP/1.1" 304 0 "http://trungtamtoan.com/" "Mozilla/5.0 (Windows NT 6.1; WOW64; rv:19.0) Gecko/20100101 Firefox/19.0"
113.168.144.70 - - [06/Feb/2013:19:21:08 +0700] "GET /data/images/thumb//images655206_IMG_2296.jpg HTTP/1.1" 304 0 "http://trungtamtoan.com/" "Mozilla/5.0 (Windows NT 6.1; WOW64; rv:19.0) Gecko/20100101 Firefox/19.0"
113.168.144.70 - - [06/Feb/2013:19:21:08 +0700] "GET /data/images/thumb//a41d3d7c-f173-4889-b34b-df39659a38e7_220px-Pi_pie2.jpg HTTP/1.1" 200 3320 "http://trungtamtoan.com/" "Mozilla/5.0 (Windows NT 6.1; WOW64; rv:19.0) Gecko/20100101 Firefox/19.0"
113.168.144.70 - - [06/Feb/2013:19:21:08 +0700] "GET /data/images/thumb//admin_1344779425.gif HTTP/1.1" 200 2595 "http://trungtamtoan.com/" "Mozilla/5.0 (Windows NT 6.1; WOW64; rv:19.0) Gecko/20100101 Firefox/19.0"
113.168.144.70 - - [06/Feb/2013:19:21:08 +0700] "GET /webskins/plugins/TinySlideshow/images/left.gif HTTP/1.1" 200 167 "http://trungtamtoan.com/webskins/plugins/TinySlideshow/style.css" "Mozilla/5.0 (Windows NT 6.1; WOW64; rv:19.0) Gecko/20100101 Firefox/19.0"
113.168.144.70 - - [06/Feb/2013:19:21:08 +0700] "GET /webskins/plugins/TinySlideshow/images/scroll-left.gif HTTP/1.1" 200 81 "http://trungtamtoan.com/webskins/plugins/TinySlideshow/style.css" "Mozilla/5.0 (Windows NT 6.1; WOW64; rv:19.0) Gecko/20100101 Firefox/19.0"
113.168.144.70 - - [06/Feb/2013:19:21:08 +0700] "GET /webskins/skins/default/main/images/bg-footer.jpg HTTP/1.1" 200 8781 "http://trungtamtoan.com/webskins/skins/default/main/styles/common.css" "Mozilla/5.0 (Windows NT 6.1; WOW64; rv:19.0) Gecko/20100101 Firefox/19.0"
113.168.144.70 - - [06/Feb/2013:19:21:09 +0700] "GET /webskins/plugins/TinySlideshow/images/link.gif HTTP/1.1" 200 234 "http://trungtamtoan.com/webskins/plugins/TinySlideshow/style.css" "Mozilla/5.0 (Windows NT 6.1; WOW64; rv:19.0) Gecko/20100101 Firefox/19.0"
113.168.144.70 - - [06/Feb/2013:19:21:14 +0700] "GET /webskins/plugins/TinySlideshow/photos/2.jpg HTTP/1.1" 200 132630 "http://trungtamtoan.com/" "Mozilla/5.0 (Windows NT 6.1; WOW64; rv:19.0) Gecko/20100101 Firefox/19.0"
113.168.144.70 - - [06/Feb/2013:19:21:24 +0700] "GET /webskins/plugins/TinySlideshow/photos/4.jpg HTTP/1.1" 200 141622 "http://trungtamtoan.com/" "Mozilla/5.0 (Windows NT 6.1; WOW64; rv:19.0) Gecko/20100101 Firefox/19.0"
113.168.144.70 - - [06/Feb/2013:19:21:29 +0700] "GET /webskins/plugins/TinySlideshow/photos/5.jpg HTTP/1.1" 200 159357 "http://trungtamtoan.com/" "Mozilla/5.0 (Windows NT 6.1; WOW64; rv:19.0) Gecko/20100101 Firefox/19.0"
113.168.144.70 - - [06/Feb/2013:19:21:35 +0700] "GET /webskins/plugins/TinySlideshow/photos/6.jpg HTTP/1.1" 200 176947 "http://trungtamtoan.com/" "Mozilla/5.0 (Windows NT 6.1; WOW64; rv:19.0) Gecko/20100101 Firefox/19.0"
199.36.240.17 - - [06/Feb/2013:19:24:33 +0700] "GET /data/images/thumb/images652938_2(1).png HTTP/1.1" 404 303 "-" "Mozilla/5.0 (compatible; YandexImages/3.0; +http://yandex.com/bots)"
199.36.240.17 - - [06/Feb/2013:19:36:42 +0700] "GET /data/images/imageForArticle/images651177_nss_1290064554.jpg HTTP/1.1" 304 0 "-" "Mozilla/5.0 (compatible; YandexImages/3.0; +http://yandex.com/bots)"
157.56.93.150 - - [06/Feb/2013:19:42:22 +0700] "GET /robots.txt HTTP/1.1" 404 274 "-" "Mozilla/5.0 (compatible; bingbot/2.0; +http://www.bing.com/bingbot.htm)"
157.56.93.150 - - [06/Feb/2013:19:44:16 +0700] "GET /?portal=mc_web&page=regTeach HTTP/1.1" 200 27293 "-" "Mozilla/5.0 (compatible; bingbot/2.0; +http://www.bing.com/bingbot.htm)"
180.76.6.231 - - [06/Feb/2013:19:46:34 +0700] "GET /?portal=mc_web&page=Download&name=20120922/admin_1348309023.pdf HTTP/1.1" 200 236189 "-" "Mozilla/5.0 (compatible; Baiduspider/2.0; +http://www.baidu.com/search/spider.html)"
199.36.240.17 - - [06/Feb/2013:20:04:48 +0700] "GET /data/images/imageForArticle/images651947_9.jpg HTTP/1.1" 304 0 "-" "Mozilla/5.0 (compatible; YandexImages/3.0; +http://yandex.com/bots)"
208.115.111.73 - - [06/Feb/2013:20:05:05 +0700] "GET /robots.txt HTTP/1.1" 404 278 "-" "Mozilla/5.0 (compatible; Ezooms/1.0; ezooms.bot@gmail.com)"
208.115.111.73 - - [06/Feb/2013:20:05:05 +0700] "GET /robots.txt HTTP/1.1" 404 274 "-" "Mozilla/5.0 (compatible; Ezooms/1.0; ezooms.bot@gmail.com)"
199.36.240.17 - - [06/Feb/2013:20:21:54 +0700] "GET /data/images/thumb/images654656_IMG_5467_resize.jpg HTTP/1.1" 304 0 "-" "Mozilla/5.0 (compatible; YandexImages/3.0; +http://yandex.com/bots)"
199.36.240.17 - - [06/Feb/2013:20:22:38 +0700] "GET /data/images/imageForArticle/images653798_1.jpg HTTP/1.1" 304 0 "-" "Mozilla/5.0 (compatible; YandexImages/3.0; +http://yandex.com/bots)"
180.76.5.183 - - [06/Feb/2013:20:36:43 +0700] "GET /?portal=mc_web&page=regLearn HTTP/1.1" 200 26408 "-" "Mozilla/5.0 (compatible; Baiduspider/2.0; +http://www.baidu.com/search/spider.html)"
199.36.240.17 - - [06/Feb/2013:20:38:57 +0700] "GET /data/images/imageForArticle/images649990_1.jpg HTTP/1.1" 304 0 "-" "Mozilla/5.0 (compatible; YandexImages/3.0; +http://yandex.com/bots)"
199.36.240.17 - - [06/Feb/2013:20:40:27 +0700] "GET /data/images/imageForArticle/images650321_IMG_02.jpg HTTP/1.1" 304 0 "-" "Mozilla/5.0 (compatible; YandexImages/3.0; +http://yandex.com/bots)"
199.36.240.17 - - [06/Feb/2013:21:02:36 +0700] "GET /data/images/imageForArticle/images648203_1.jpg HTTP/1.1" 304 0 "-" "Mozilla/5.0 (compatible; YandexImages/3.0; +http://yandex.com/bots)"
199.36.240.17 - - [06/Feb/2013:21:11:31 +0700] "GET /data/images/imageForArticle/images651316_3.jpg HTTP/1.1" 304 0 "-" "Mozilla/5.0 (compatible; YandexImages/3.0; +http://yandex.com/bots)"
199.36.240.17 - - [06/Feb/2013:21:11:37 +0700] "GET /webskins/plugins/TinySlideshow/thumbnails/6.jpg HTTP/1.1" 304 0 "-" "Mozilla/5.0 (compatible; YandexImages/3.0; +http://yandex.com/bots)"
199.36.240.17 - - [06/Feb/2013:21:11:54 +0700] "GET /data/images/thumb/images654335_3hontre.jpg HTTP/1.1" 304 0 "-" "Mozilla/5.0 (compatible; YandexImages/3.0; +http://yandex.com/bots)"
37.140.141.10 - - [06/Feb/2013:21:13:56 +0700] "GET /robots.txt HTTP/1.1" 404 274 "-" "Mozilla/5.0 (compatible; YandexBot/3.0; +http://yandex.com/bots)"
37.140.141.10 - - [06/Feb/2013:21:13:59 +0700] "GET /data/images/imageForArticle/images649972_anh3,lemittinhvaraquan(1).jpg HTTP/1.1" 304 0 "-" "Mozilla/5.0 (compatible; YandexImages/3.0; +http://yandex.com/bots)"
199.36.240.17 - - [06/Feb/2013:21:35:00 +0700] "GET /data/images/imageForArticle/images648317_image001.gif HTTP/1.1" 304 0 "-" "Mozilla/5.0 (compatible; YandexImages/3.0; +http://yandex.com/bots)"
199.36.240.17 - - [06/Feb/2013:21:44:02 +0700] "GET /data/images/imageForArticle/images653448_3.jpg HTTP/1.1" 304 0 "-" "Mozilla/5.0 (compatible; YandexImages/3.0; +http://yandex.com/bots)"
180.76.6.213 - - [06/Feb/2013:21:46:13 +0700] "GET /robots.txt HTTP/1.1" 404 278 "-" "Mozilla/5.0 (Windows NT 5.1; rv:6.0.2) Gecko/20100101 Firefox/6.0.2"
208.115.111.73 - - [06/Feb/2013:22:04:41 +0700] "GET /?portal=mc_web&page=DocOfClass&classID=16&cateID=1 HTTP/1.1" 200 17612 "-" "Mozilla/5.0 (compatible; Ezooms/1.0; ezooms.bot@gmail.com)"
208.115.111.73 - - [06/Feb/2013:22:05:09 +0700] "GET /?portal=mc_web&page=DocOfClass&classID=9&cateID=1 HTTP/1.1" 200 17224 "-" "Mozilla/5.0 (compatible; Ezooms/1.0; ezooms.bot@gmail.com)"
208.115.111.73 - - [06/Feb/2013:22:05:32 +0700] "GET /?portal=mc_web&page=articleDetail&id=319 HTTP/1.1" 200 24423 "-" "Mozilla/5.0 (compatible; Ezooms/1.0; ezooms.bot@gmail.com)"
208.115.113.89 - - [06/Feb/2013:22:10:15 +0700] "GET /robots.txt HTTP/1.1" 404 278 "-" "Mozilla/5.0 (compatible; Ezooms/1.0; ezooms.bot@gmail.com)"
208.115.113.89 - - [06/Feb/2013:22:10:15 +0700] "GET /robots.txt HTTP/1.1" 404 274 "-" "Mozilla/5.0 (compatible; Ezooms/1.0; ezooms.bot@gmail.com)"
199.36.240.17 - - [06/Feb/2013:22:12:12 +0700] "GET /data/images/thumb/images653798_1.jpg HTTP/1.1" 304 0 "-" "Mozilla/5.0 (compatible; YandexImages/3.0; +http://yandex.com/bots)"
199.36.240.17 - - [06/Feb/2013:22:36:02 +0700] "GET /data/images/thumb/images654449_1.jpg HTTP/1.1" 304 0 "-" "Mozilla/5.0 (compatible; YandexImages/3.0; +http://yandex.com/bots)"
37.140.141.10 - - [06/Feb/2013:22:37:09 +0700] "GET / HTTP/1.1" 200 19225 "-" "Mozilla/5.0 (compatible; YandexBot/3.0; +http://yandex.com/bots)"
37.140.141.10 - - [06/Feb/2013:22:37:28 +0700] "GET /?portal=mc_web&page=articleDetail&id=641 HTTP/1.1" 200 25130 "-" "Mozilla/5.0 (compatible; YandexBot/3.0; +http://yandex.com/bots)"
199.36.240.17 - - [06/Feb/2013:22:37:42 +0700] "GET /data/images/imageForArticle/images651193_2.jpg HTTP/1.1" 304 0 "-" "Mozilla/5.0 (compatible; YandexImages/3.0; +http://yandex.com/bots)"
37.140.141.10 - - [06/Feb/2013:22:42:00 +0700] "GET /?portal=mc_web&page=articleDetail&id=640 HTTP/1.1" 200 34427 "-" "Mozilla/5.0 (compatible; YandexBot/3.0; +http://yandex.com/bots)"
199.36.240.17 - - [06/Feb/2013:23:00:39 +0700] "GET /data/images/imageForArticle/images648213_2.jpg HTTP/1.1" 304 0 "-" "Mozilla/5.0 (compatible; YandexImages/3.0; +http://yandex.com/bots)"
37.140.141.10 - - [06/Feb/2013:23:02:12 +0700] "GET /?portal=mc_web&page=articleDetail&id=642 HTTP/1.1" 200 20743 "-" "Mozilla/5.0 (compatible; YandexBot/3.0; +http://yandex.com/bots)"
69.171.237.8 - - [06/Feb/2013:23:09:19 +0700] "GET /?portal=mc_web&page=articleDetail&id=331 HTTP/1.1" 200 18873 "-" "facebookexternalhit/1.1 (+http://www.facebook.com/externalhit_uatext.php)"
69.171.237.8 - - [06/Feb/2013:23:09:21 +0700] "HEAD /data/avatar/new.gif HTTP/1.1" 206 0 "-" "facebookexternalhit/1.1 (+http://www.facebook.com/externalhit_uatext.php)"
69.171.237.8 - - [06/Feb/2013:23:09:21 +0700] "HEAD /data/images/thumb//admin_1344704443.png HTTP/1.1" 206 0 "-" "facebookexternalhit/1.1 (+http://www.facebook.com/externalhit_uatext.php)"
69.171.237.10 - - [06/Feb/2013:23:09:21 +0700] "HEAD /data/images/thumb//a41d3d7c-f173-4889-b34b-df39659a38e7_220px-Pi_pie2.jpg HTTP/1.1" 206 0 "-" "facebookexternalhit/1.1 (+http://www.facebook.com/externalhit_uatext.php)"
69.171.237.10 - - [06/Feb/2013:23:09:21 +0700] "HEAD /data/images/thumb//admin_1344704125.jpg HTTP/1.1" 206 0 "-" "facebookexternalhit/1.1 (+http://www.facebook.com/externalhit_uatext.php)"
69.171.237.10 - - [06/Feb/2013:23:09:21 +0700] "HEAD /data/images/thumb//admin_1344779539.jpg HTTP/1.1" 206 0 "-" "facebookexternalhit/1.1 (+http://www.facebook.com/externalhit_uatext.php)"
69.171.237.11 - - [06/Feb/2013:23:09:22 +0700] "HEAD /data/images/thumb//admin_1344779656.jpg HTTP/1.1" 206 0 "-" "facebookexternalhit/1.1 (+http://www.facebook.com/externalhit_uatext.php)"
69.171.237.12 - - [06/Feb/2013:23:09:22 +0700] "HEAD /data/images/thumb//images655152_chaycongchuc.jpg HTTP/1.1" 206 0 "-" "facebookexternalhit/1.1 (+http://www.facebook.com/externalhit_uatext.php)"
69.171.237.10 - - [06/Feb/2013:23:09:22 +0700] "HEAD /data/images/thumb//images655206_IMG_2296.jpg HTTP/1.1" 206 0 "-" "facebookexternalhit/1.1 (+http://www.facebook.com/externalhit_uatext.php)"
69.171.237.10 - - [06/Feb/2013:23:09:22 +0700] "HEAD /data/images/thumb//admin_1346932141.jpg HTTP/1.1" 206 0 "-" "facebookexternalhit/1.1 (+http://www.facebook.com/externalhit_uatext.php)"
69.171.237.12 - - [06/Feb/2013:23:09:23 +0700] "HEAD /data/avatar/mathlogo.gif HTTP/1.1" 206 0 "-" "facebookexternalhit/1.1 (+http://www.facebook.com/externalhit_uatext.php)"
69.171.237.12 - - [06/Feb/2013:23:09:23 +0700] "HEAD /data/images/thumb//admin_1344779425.gif HTTP/1.1" 206 0 "-" "facebookexternalhit/1.1 (+http://www.facebook.com/externalhit_uatext.php)"
1.202.218.116 - - [06/Feb/2013:23:10:38 +0700] "GET /robots.txt HTTP/1.1" 404 274 "-" "Mozilla/5.0 ()"
1.202.218.110 - - [06/Feb/2013:23:10:41 +0700] "GET /?portal=mc_web&page=intro HTTP/1.1" 200 19265 "-" "Mozilla/5.0 (compatible; JikeSpider; +http://shoulu.jike.com/spider.html)"
69.171.233.0 - - [06/Feb/2013:23:13:42 +0700] "GET /data/images/thumb//images655210_1.jpg HTTP/1.1" 206 3166 "-" "facebookexternalhit/1.1 (+http://www.facebook.com/externalhit_uatext.php)"
199.36.240.17 - - [06/Feb/2013:23:14:00 +0700] "GET /data/images/imageForArticle/images651195_8.jpg HTTP/1.1" 304 0 "-" "Mozilla/5.0 (compatible; YandexImages/3.0; +http://yandex.com/bots)"
69.171.237.8 - - [06/Feb/2013:23:16:01 +0700] "GET /?portal=mc_web&page=articleDetail&id=329 HTTP/1.1" 200 19182 "-" "facebookexternalhit/1.1 (+http://www.facebook.com/externalhit_uatext.php)"
69.171.237.11 - - [06/Feb/2013:23:16:05 +0700] "HEAD /data/images/thumb//admin_1344704443.png HTTP/1.1" 206 0 "-" "facebookexternalhit/1.1 (+http://www.facebook.com/externalhit_uatext.php)"
69.171.233.1 - - [06/Feb/2013:23:16:07 +0700] "GET /data/images/thumb//admin_1344704443.png HTTP/1.1" 206 2394 "-" "facebookexternalhit/1.1 (+http://www.facebook.com/externalhit_uatext.php)"
69.171.229.118 - - [06/Feb/2013:23:16:30 +0700] "HEAD /data/avatar/mathlogo.gif HTTP/1.1" 206 0 "-" "facebookexternalhit/1.1 (+http://www.facebook.com/externalhit_uatext.php)"
69.171.229.118 - - [06/Feb/2013:23:16:30 +0700] "HEAD /data/images/thumb//admin_1344779425.gif HTTP/1.1" 206 0 "-" "facebookexternalhit/1.1 (+http://www.facebook.com/externalhit_uatext.php)"
69.171.229.118 - - [06/Feb/2013:23:16:30 +0700] "HEAD /data/images/thumb//admin_1346932141.jpg HTTP/1.1" 206 0 "-" "facebookexternalhit/1.1 (+http://www.facebook.com/externalhit_uatext.php)"
69.171.229.115 - - [06/Feb/2013:23:16:30 +0700] "HEAD /data/images/thumb//images655206_IMG_2296.jpg HTTP/1.1" 206 0 "-" "facebookexternalhit/1.1 (+http://www.facebook.com/externalhit_uatext.php)"
69.171.229.116 - - [06/Feb/2013:23:16:31 +0700] "HEAD /data/images/thumb//a41d3d7c-f173-4889-b34b-df39659a38e7_220px-Pi_pie2.jpg HTTP/1.1" 206 0 "-" "facebookexternalhit/1.1 (+http://www.facebook.com/externalhit_uatext.php)"
69.171.229.115 - - [06/Feb/2013:23:16:31 +0700] "HEAD /data/avatar/new.gif HTTP/1.1" 206 0 "-" "facebookexternalhit/1.1 (+http://www.facebook.com/externalhit_uatext.php)"
69.171.229.116 - - [06/Feb/2013:23:16:32 +0700] "HEAD /data/images/thumb//images655210_1.jpg HTTP/1.1" 206 0 "-" "facebookexternalhit/1.1 (+http://www.facebook.com/externalhit_uatext.php)"
69.171.229.116 - - [06/Feb/2013:23:16:32 +0700] "HEAD /data/images/thumb//admin_1344779656.jpg HTTP/1.1" 206 0 "-" "facebookexternalhit/1.1 (+http://www.facebook.com/externalhit_uatext.php)"
69.171.229.114 - - [06/Feb/2013:23:16:32 +0700] "HEAD /data/images/thumb//admin_1344779539.jpg HTTP/1.1" 206 0 "-" "facebookexternalhit/1.1 (+http://www.facebook.com/externalhit_uatext.php)"
69.171.229.114 - - [06/Feb/2013:23:16:32 +0700] "HEAD /data/images/promotion/ads1.png HTTP/1.1" 206 0 "-" "facebookexternalhit/1.1 (+http://www.facebook.com/externalhit_uatext.php)"
69.171.229.114 - - [06/Feb/2013:23:16:32 +0700] "HEAD /data/images/promotion/khamphabian.png HTTP/1.1" 206 0 "-" "facebookexternalhit/1.1 (+http://www.facebook.com/externalhit_uatext.php)"
69.171.225.247 - - [06/Feb/2013:23:16:33 +0700] "GET /data/images/thumb//admin_1344779656.jpg HTTP/1.1" 206 4316 "-" "facebookexternalhit/1.1 (+http://www.facebook.com/externalhit_uatext.php)"
69.171.225.250 - - [06/Feb/2013:23:16:33 +0700] "GET /data/avatar/new.gif HTTP/1.1" 206 2954 "-" "facebookexternalhit/1.1 (+http://www.facebook.com/externalhit_uatext.php)"
69.171.225.247 - - [06/Feb/2013:23:16:33 +0700] "GET /data/images/thumb//images655210_1.jpg HTTP/1.1" 206 3166 "-" "facebookexternalhit/1.1 (+http://www.facebook.com/externalhit_uatext.php)"
69.171.225.247 - - [06/Feb/2013:23:16:33 +0700] "GET /data/images/thumb//images655152_chaycongchuc.jpg HTTP/1.1" 206 2527 "-" "facebookexternalhit/1.1 (+http://www.facebook.com/externalhit_uatext.php)"
69.171.225.251 - - [06/Feb/2013:23:16:33 +0700] "GET /data/images/thumb//a41d3d7c-f173-4889-b34b-df39659a38e7_220px-Pi_pie2.jpg HTTP/1.1" 206 3320 "-" "facebookexternalhit/1.1 (+http://www.facebook.com/externalhit_uatext.php)"
69.171.225.247 - - [06/Feb/2013:23:16:33 +0700] "GET /data/images/promotion/khamphabian.png HTTP/1.1" 206 12131 "-" "facebookexternalhit/1.1 (+http://www.facebook.com/externalhit_uatext.php)"
69.171.229.112 - - [06/Feb/2013:23:16:33 +0700] "HEAD /data/images/thumb//images655152_chaycongchuc.jpg HTTP/1.1" 206 0 "-" "facebookexternalhit/1.1 (+http://www.facebook.com/externalhit_uatext.php)"
69.171.225.251 - - [06/Feb/2013:23:16:35 +0700] "GET /data/images/thumb//admin_1344779539.jpg HTTP/1.1" 206 3272 "-" "facebookexternalhit/1.1 (+http://www.facebook.com/externalhit_uatext.php)"
69.171.237.11 - - [06/Feb/2013:23:18:03 +0700] "GET /?portal=mc_web&page=articleDetail&id=330 HTTP/1.1" 200 19821 "-" "facebookexternalhit/1.1 (+http://www.facebook.com/externalhit_uatext.php)"
69.171.229.118 - - [06/Feb/2013:23:19:01 +0700] "GET /?portal=mc_web&page=articleDetail&id=319 HTTP/1.1" 200 24423 "-" "facebookexternalhit/1.1 (+http://www.facebook.com/externalhit_uatext.php)"
69.171.229.118 - - [06/Feb/2013:23:19:05 +0700] "HEAD /data/avatar/mathlogo.gif HTTP/1.1" 206 0 "-" "facebookexternalhit/1.1 (+http://www.facebook.com/externalhit_uatext.php)"
69.171.229.114 - - [06/Feb/2013:23:19:05 +0700] "HEAD /data/images/thumb//images655206_IMG_2296.jpg HTTP/1.1" 206 0 "-" "facebookexternalhit/1.1 (+http://www.facebook.com/externalhit_uatext.php)"
69.171.229.116 - - [06/Feb/2013:23:19:05 +0700] "HEAD /data/images/promotion/ads1.png HTTP/1.1" 206 0 "-" "facebookexternalhit/1.1 (+http://www.facebook.com/externalhit_uatext.php)"
69.171.229.116 - - [06/Feb/2013:23:19:05 +0700] "HEAD /data/images/thumb//admin_1344779656.jpg HTTP/1.1" 206 0 "-" "facebookexternalhit/1.1 (+http://www.facebook.com/externalhit_uatext.php)"
69.171.229.116 - - [06/Feb/2013:23:19:05 +0700] "HEAD /data/images/thumb//admin_1344704443.png HTTP/1.1" 206 0 "-" "facebookexternalhit/1.1 (+http://www.facebook.com/externalhit_uatext.php)"
69.171.229.118 - - [06/Feb/2013:23:19:05 +0700] "HEAD /data/images/thumb//admin_1344704125.jpg HTTP/1.1" 206 0 "-" "facebookexternalhit/1.1 (+http://www.facebook.com/externalhit_uatext.php)"
69.171.229.112 - - [06/Feb/2013:23:19:06 +0700] "HEAD /data/images/thumb//admin_1344779425.gif HTTP/1.1" 206 0 "-" "facebookexternalhit/1.1 (+http://www.facebook.com/externalhit_uatext.php)"
69.171.229.112 - - [06/Feb/2013:23:19:06 +0700] "HEAD /data/images/thumb//a41d3d7c-f173-4889-b34b-df39659a38e7_220px-Pi_pie2.jpg HTTP/1.1" 206 0 "-" "facebookexternalhit/1.1 (+http://www.facebook.com/externalhit_uatext.php)"
69.171.224.116 - - [06/Feb/2013:23:22:07 +0700] "GET /?portal=mc_web&page=articleDetail&id=399 HTTP/1.1" 200 17678 "-" "facebookexternalhit/1.1 (+http://www.facebook.com/externalhit_uatext.php)"
69.171.224.116 - - [06/Feb/2013:23:22:08 +0700] "HEAD /data/images/thumb//images655210_1.jpg HTTP/1.1" 206 0 "-" "facebookexternalhit/1.1 (+http://www.facebook.com/externalhit_uatext.php)"
69.171.224.118 - - [06/Feb/2013:23:22:11 +0700] "HEAD /data/images/thumb//images655152_chaycongchuc.jpg HTTP/1.1" 206 0 "-" "facebookexternalhit/1.1 (+http://www.facebook.com/externalhit_uatext.php)"
69.171.224.118 - - [06/Feb/2013:23:22:11 +0700] "HEAD /data/images/thumb//admin_1344779425.gif HTTP/1.1" 206 0 "-" "facebookexternalhit/1.1 (+http://www.facebook.com/externalhit_uatext.php)"
69.171.225.244 - - [06/Feb/2013:23:22:12 +0700] "GET /data/images/thumb//admin_1344779425.gif HTTP/1.1" 206 2595 "-" "facebookexternalhit/1.1 (+http://www.facebook.com/externalhit_uatext.php)"
69.171.225.251 - - [06/Feb/2013:23:22:12 +0700] "GET /data/images/thumb//images655152_chaycongchuc.jpg HTTP/1.1" 206 2527 "-" "facebookexternalhit/1.1 (+http://www.facebook.com/externalhit_uatext.php)"
