37.140.141.10 - - [07/Feb/2013:00:00:59 +0700] "GET /?portal=mc_web&page=articleDetail&id=313 HTTP/1.1" 200 51362 "-" "Mozilla/5.0 (compatible; YandexBot/3.0; +http://yandex.com/bots)"
208.115.113.89 - - [07/Feb/2013:00:18:30 +0700] "GET /?portal=mc_web&page=DocOfClass&classID=13&cateID=4 HTTP/1.1" 200 17224 "-" "Mozilla/5.0 (compatible; Ezooms/1.0; ezooms.bot@gmail.com)"
208.115.113.89 - - [07/Feb/2013:00:18:34 +0700] "GET /?portal=mc_web&page=DocOfClass&classID=2&cateID=3 HTTP/1.1" 200 17224 "-" "Mozilla/5.0 (compatible; Ezooms/1.0; ezooms.bot@gmail.com)"
208.115.113.89 - - [07/Feb/2013:00:18:38 +0700] "GET /?portal=mc_web&page=articleDetail&id=307 HTTP/1.1" 200 20131 "-" "Mozilla/5.0 (compatible; Ezooms/1.0; ezooms.bot@gmail.com)"
208.115.113.89 - - [07/Feb/2013:00:18:43 +0700] "GET /?portal=mc_web&page=articleDetail&id=307 HTTP/1.1" 200 20327 "-" "Mozilla/5.0 (compatible; Ezooms/1.0; ezooms.bot@gmail.com)"
208.115.113.89 - - [07/Feb/2013:00:18:45 +0700] "GET /?portal=mc_web&page=articleDetail&id=626 HTTP/1.1" 200 22996 "-" "Mozilla/5.0 (compatible; Ezooms/1.0; ezooms.bot@gmail.com)"
208.115.113.89 - - [07/Feb/2013:00:20:08 +0700] "GET /?portal=mc_web&page=articleDetail&id=505 HTTP/1.1" 200 22511 "-" "Mozilla/5.0 (compatible; Ezooms/1.0; ezooms.bot@gmail.com)"
37.140.141.10 - - [07/Feb/2013:00:22:02 +0700] "GET /?portal=mc_web&page=regTeach HTTP/1.1" 200 27293 "-" "Mozilla/5.0 (compatible; YandexBot/3.0; +http://yandex.com/bots)"
199.36.240.17 - - [07/Feb/2013:01:15:33 +0700] "GET /data/images/imageForArticle/images648423_images648274_IMG_2247.jpg HTTP/1.1" 304 0 "-" "Mozilla/5.0 (compatible; YandexImages/3.0; +http://yandex.com/bots)"
199.36.240.17 - - [07/Feb/2013:01:17:57 +0700] "GET /data/images/imageForArticle/images651314_2.jpg HTTP/1.1" 304 0 "-" "Mozilla/5.0 (compatible; YandexImages/3.0; +http://yandex.com/bots)"
37.140.141.10 - - [07/Feb/2013:01:31:04 +0700] "GET /?portal=mc_web&page=articleDetail&id=307 HTTP/1.1" 200 20131 "-" "Mozilla/5.0 (compatible; YandexBot/3.0; +http://yandex.com/bots)"
173.199.120.171 - - [07/Feb/2013:01:46:00 +0700] "GET /?portal=mc_web&page=articleDetail&id=631 HTTP/1.1" 200 29348 "-" "Mozilla/5.0 (compatible; AhrefsBot/4.0; +http://ahrefs.com/robot/)"
199.36.240.17 - - [07/Feb/2013:01:48:03 +0700] "GET /data/images/imageForArticle/images654132_image003.jpg HTTP/1.1" 304 0 "-" "Mozilla/5.0 (compatible; YandexImages/3.0; +http://yandex.com/bots)"
199.36.240.17 - - [07/Feb/2013:01:51:04 +0700] "GET /data/images/thumb/images654335_3hontre.jpg HTTP/1.1" 304 0 "-" "Mozilla/5.0 (compatible; YandexImages/3.0; +http://yandex.com/bots)"
37.140.141.10 - - [07/Feb/2013:02:25:08 +0700] "GET /?portal=mc_web&page=articleDetail&id=330 HTTP/1.1" 200 19821 "-" "Mozilla/5.0 (compatible; YandexBot/3.0; +http://yandex.com/bots)"
199.36.240.17 - - [07/Feb/2013:02:35:31 +0700] "GET /data/images/imageForArticle/images648273_IMG_2235.jpg HTTP/1.1" 304 0 "-" "Mozilla/5.0 (compatible; YandexImages/3.0; +http://yandex.com/bots)"
199.36.240.17 - - [07/Feb/2013:03:02:41 +0700] "GET /data/images/imageForArticle/images648526_5.jpg HTTP/1.1" 304 0 "-" "Mozilla/5.0 (compatible; YandexImages/3.0; +http://yandex.com/bots)"
199.36.240.17 - - [07/Feb/2013:03:04:09 +0700] "GET /data/images/thumb/images654650_1.jpg HTTP/1.1" 304 0 "-" "Mozilla/5.0 (compatible; YandexImages/3.0; +http://yandex.com/bots)"
199.36.240.17 - - [07/Feb/2013:03:04:41 +0700] "GET /data/images/thumb/images653918_SDC14892.jpg HTTP/1.1" 304 0 "-" "Mozilla/5.0 (compatible; YandexImages/3.0; +http://yandex.com/bots)"
173.199.120.171 - - [07/Feb/2013:03:26:38 +0700] "GET /?portal=mc_web&page=DocDetail&id=151 HTTP/1.1" 200 22745 "-" "Mozilla/5.0 (compatible; AhrefsBot/4.0; +http://ahrefs.com/robot/)"
173.199.120.171 - - [07/Feb/2013:03:43:45 +0700] "GET /?portal=mc_web&page=articleDetail&id=565 HTTP/1.1" 200 30344 "-" "Mozilla/5.0 (compatible; AhrefsBot/4.0; +http://ahrefs.com/robot/)"
37.140.141.10 - - [07/Feb/2013:03:44:03 +0700] "GET /robots.txt HTTP/1.1" 404 278 "-" "Mozilla/5.0 (compatible; YandexBot/3.0; +http://yandex.com/bots)"
37.140.141.10 - - [07/Feb/2013:03:44:05 +0700] "GET /webskins/plugins/TinySlideshow/thumbnails/3.jpg HTTP/1.1" 304 0 "-" "Mozilla/5.0 (compatible; YandexImages/3.0; +http://yandex.com/bots)"
37.140.141.10 - - [07/Feb/2013:04:13:21 +0700] "GET /?portal=mc_web&page=articleDetail&id=399 HTTP/1.1" 200 17678 "-" "Mozilla/5.0 (compatible; YandexBot/3.0; +http://yandex.com/bots)"
208.115.111.73 - - [07/Feb/2013:04:13:58 +0700] "GET /robots.txt HTTP/1.1" 404 274 "-" "Mozilla/5.0 (compatible; Ezooms/1.0; ezooms.bot@gmail.com)"
208.115.111.73 - - [07/Feb/2013:04:13:59 +0700] "GET /robots.txt HTTP/1.1" 404 278 "-" "Mozilla/5.0 (compatible; Ezooms/1.0; ezooms.bot@gmail.com)"
37.140.141.10 - - [07/Feb/2013:04:36:54 +0700] "GET /data/images/imageForArticle/images650697_91edatduocmuctieudoimoigiaoducDH.jpg HTTP/1.1" 304 0 "-" "Mozilla/5.0 (compatible; YandexImages/3.0; +http://yandex.com/bots)"
173.199.120.171 - - [07/Feb/2013:04:53:11 +0700] "GET /?portal=mc_web&page=NewDoc&page_no=3%20 HTTP/1.1" 200 22140 "-" "Mozilla/5.0 (compatible; AhrefsBot/4.0; +http://ahrefs.com/robot/)"
173.199.120.171 - - [07/Feb/2013:04:58:03 +0700] "GET /?portal=mc_web&page=DocOfClass&classID=11&cateID=4 HTTP/1.1" 200 17224 "-" "Mozilla/5.0 (compatible; AhrefsBot/4.0; +http://ahrefs.com/robot/)"
37.140.141.10 - - [07/Feb/2013:05:01:00 +0700] "GET /?portal=mc_web&page=resetPassword HTTP/1.1" 200 15964 "-" "Mozilla/5.0 (compatible; YandexBot/3.0; +http://yandex.com/bots)"
37.140.141.10 - - [07/Feb/2013:05:30:59 +0700] "GET /data/images/imageForArticle/images651316_3.jpg HTTP/1.1" 304 0 "-" "Mozilla/5.0 (compatible; YandexImages/3.0; +http://yandex.com/bots)"
37.140.141.10 - - [07/Feb/2013:05:57:57 +0700] "GET /?portal=mc_web&page=articleDetail&id=308 HTTP/1.1" 200 19943 "-" "Mozilla/5.0 (compatible; YandexBot/3.0; +http://yandex.com/bots)"
208.115.113.89 - - [07/Feb/2013:06:10:01 +0700] "GET /robots.txt HTTP/1.1" 404 274 "-" "Mozilla/5.0 (compatible; Ezooms/1.0; ezooms.bot@gmail.com)"
208.115.113.89 - - [07/Feb/2013:06:10:01 +0700] "GET /robots.txt HTTP/1.1" 404 278 "-" "Mozilla/5.0 (compatible; Ezooms/1.0; ezooms.bot@gmail.com)"
173.199.120.171 - - [07/Feb/2013:06:27:02 +0700] "GET /?portal=mc_web&page=articleDetail&id=561 HTTP/1.1" 200 25016 "-" "Mozilla/5.0 (compatible; AhrefsBot/4.0; +http://ahrefs.com/robot/)"
173.199.120.171 - - [07/Feb/2013:06:47:46 +0700] "GET /?portal=mc_web&page=DocOfClass&classID=11&cateID=2 HTTP/1.1" 200 17224 "-" "Mozilla/5.0 (compatible; AhrefsBot/4.0; +http://ahrefs.com/robot/)"
37.140.141.10 - - [07/Feb/2013:07:01:17 +0700] "GET /?portal=mc_web&page=NewDoc HTTP/1.1" 200 22014 "-" "Mozilla/5.0 (compatible; YandexBot/3.0; +http://yandex.com/bots)"
37.140.141.10 - - [07/Feb/2013:07:23:14 +0700] "GET /?portal=mc_web&page=articleDetail&id=639 HTTP/1.1" 200 28224 "-" "Mozilla/5.0 (compatible; YandexBot/3.0; +http://yandex.com/bots)"
37.140.141.10 - - [07/Feb/2013:07:23:22 +0700] "GET /data/images/thumb/a41d3d7c-f173-4889-b34b-df39659a38e7_220px-Pi_pie2.jpg HTTP/1.1" 304 0 "-" "Mozilla/5.0 (compatible; YandexImages/3.0; +http://yandex.com/bots)"
173.199.120.171 - - [07/Feb/2013:08:11:14 +0700] "GET /?portal=mc_web&page=DocOfClass&classID=7&cateID=2 HTTP/1.1" 200 17224 "-" "Mozilla/5.0 (compatible; AhrefsBot/4.0; +http://ahrefs.com/robot/)"
173.199.120.171 - - [07/Feb/2013:08:12:04 +0700] "GET /?portal=mc_web&page=articleDetail&id=614 HTTP/1.1" 200 30055 "-" "Mozilla/5.0 (compatible; AhrefsBot/4.0; +http://ahrefs.com/robot/)"
37.140.141.10 - - [07/Feb/2013:08:26:27 +0700] "GET /data/images/thumb/images654132_image003.jpg HTTP/1.1" 304 0 "-" "Mozilla/5.0 (compatible; YandexImages/3.0; +http://yandex.com/bots)"
173.199.120.171 - - [07/Feb/2013:08:53:16 +0700] "GET /?portal=mc_web&page=listTeacherb HTTP/1.1" 200 16493 "-" "Mozilla/5.0 (compatible; AhrefsBot/4.0; +http://ahrefs.com/robot/)"
113.168.144.70 - - [07/Feb/2013:08:55:20 +0700] "GET / HTTP/1.1" 200 19225 "-" "Mozilla/5.0 (Windows NT 6.1; WOW64; rv:19.0) Gecko/20100101 Firefox/19.0"
113.168.144.70 - - [07/Feb/2013:08:55:21 +0700] "GET /data/images/thumb//admin_1346932141.jpg HTTP/1.1" 200 4793 "http://trungtamtoan.com/" "Mozilla/5.0 (Windows NT 6.1; WOW64; rv:19.0) Gecko/20100101 Firefox/19.0"
113.168.144.70 - - [07/Feb/2013:08:55:23 +0700] "GET /?portal=mc_web&page=articleDetail&id=307 HTTP/1.1" 200 20131 "http://trungtamtoan.com/" "Mozilla/5.0 (Windows NT 6.1; WOW64; rv:19.0) Gecko/20100101 Firefox/19.0"
113.168.144.70 - - [07/Feb/2013:08:55:24 +0700] "GET /data/images/thumb//admin_1346932141.jpg HTTP/1.1" 200 4793 "http://trungtamtoan.com/?portal=mc_web&page=articleDetail&id=307" "Mozilla/5.0 (Windows NT 6.1; WOW64; rv:19.0) Gecko/20100101 Firefox/19.0"
113.168.144.70 - - [07/Feb/2013:08:55:24 +0700] "GET /data/avatar/defaultimage.jpg HTTP/1.1" 200 30691 "http://trungtamtoan.com/?portal=mc_web&page=articleDetail&id=307" "Mozilla/5.0 (Windows NT 6.1; WOW64; rv:19.0) Gecko/20100101 Firefox/19.0"
113.168.144.70 - - [07/Feb/2013:08:55:24 +0700] "POST /ajax.php?path=mcweb&fnc=mcweb.comment.process HTTP/1.1" 200 33 "http://trungtamtoan.com/?portal=mc_web&page=articleDetail&id=307" "Mozilla/5.0 (Windows NT 6.1; WOW64; rv:19.0) Gecko/20100101 Firefox/19.0"
66.220.152.3 - - [07/Feb/2013:08:55:29 +0700] "GET /?portal=mc_web&page=articleDetail&id=307 HTTP/1.1" 200 20131 "-" "facebookexternalhit/1.1 (+http://www.facebook.com/externalhit_uatext.php)"
173.199.116.227 - - [07/Feb/2013:09:03:36 +0700] "GET /robots.txt HTTP/1.1" 404 278 "-" "Mozilla/5.0 (compatible; AhrefsBot/4.0; +http://ahrefs.com/robot/)"
173.199.116.227 - - [07/Feb/2013:09:03:39 +0700] "GET /robots.txt HTTP/1.1" 404 274 "-" "Mozilla/5.0 (compatible; AhrefsBot/4.0; +http://ahrefs.com/robot/)"
37.140.141.10 - - [07/Feb/2013:09:23:14 +0700] "GET /robots.txt HTTP/1.1" 404 274 "-" "Mozilla/5.0 (compatible; YandexBot/3.0; +http://yandex.com/bots)"
37.140.141.10 - - [07/Feb/2013:09:23:16 +0700] "GET /?portal=mc_web&page=articleDetail&id=329 HTTP/1.1" 200 19182 "-" "Mozilla/5.0 (compatible; YandexBot/3.0; +http://yandex.com/bots)"
123.30.175.82 - - [07/Feb/2013:09:58:12 +0700] "GET /robots.txt HTTP/1.0" 404 274 "-" "coccoc/1.0 (http://help.coccoc.com/)"
123.30.175.82 - - [07/Feb/2013:09:58:27 +0700] "GET / HTTP/1.0" 200 19225 "-" "coccoc/1.0 (http://help.coccoc.com/)"
123.30.175.82 - - [07/Feb/2013:09:58:33 +0700] "GET /?portal=mc_web&page=articleDetail&id=640 HTTP/1.0" 200 34427 "-" "coccoc/1.0 (http://help.coccoc.com/)"
123.30.175.82 - - [07/Feb/2013:09:58:41 +0700] "GET /?portal=mc_web&page=articleDetail&id=641 HTTP/1.0" 200 25130 "-" "coccoc/1.0 (http://help.coccoc.com/)"
123.30.175.82 - - [07/Feb/2013:09:58:47 +0700] "GET /?portal=mc_web&page=articleDetail&id=642 HTTP/1.0" 200 20743 "-" "coccoc/1.0 (http://help.coccoc.com/)"
123.30.175.82 - - [07/Feb/2013:09:58:54 +0700] "GET /?portal=mc_web&page=articleDetail&id=566 HTTP/1.0" 200 27856 "-" "coccoc/1.0 (http://help.coccoc.com/)"
123.30.175.82 - - [07/Feb/2013:09:59:02 +0700] "GET /?portal=mc_web&page=articleDetail&id=567 HTTP/1.0" 200 31177 "-" "coccoc/1.0 (http://help.coccoc.com/)"
123.30.175.82 - - [07/Feb/2013:09:59:09 +0700] "GET /?portal=mc_web&page=articleDetail&id=568 HTTP/1.0" 200 25436 "-" "coccoc/1.0 (http://help.coccoc.com/)"
123.30.175.82 - - [07/Feb/2013:09:59:15 +0700] "GET /robots.txt HTTP/1.0" 404 278 "-" "coccoc/1.0 (http://help.coccoc.com/)"
123.30.175.82 - - [07/Feb/2013:09:59:32 +0700] "GET / HTTP/1.0" 200 19433 "-" "coccoc/1.0 (http://help.coccoc.com/)"
123.30.175.82 - - [07/Feb/2013:09:59:39 +0700] "GET /?portal=mc_web&page=articleDetail&id=640 HTTP/1.0" 200 34651 "-" "coccoc/1.0 (http://help.coccoc.com/)"
123.30.175.82 - - [07/Feb/2013:09:59:48 +0700] "GET /?portal=mc_web&page=articleDetail&id=641 HTTP/1.0" 200 25350 "-" "coccoc/1.0 (http://help.coccoc.com/)"
123.30.175.82 - - [07/Feb/2013:09:59:55 +0700] "GET /?portal=mc_web&page=articleDetail&id=642 HTTP/1.0" 200 20959 "-" "coccoc/1.0 (http://help.coccoc.com/)"
123.30.175.82 - - [07/Feb/2013:10:00:02 +0700] "GET /?portal=mc_web&page=articleDetail&id=566 HTTP/1.0" 200 28092 "-" "coccoc/1.0 (http://help.coccoc.com/)"
123.30.175.82 - - [07/Feb/2013:10:00:09 +0700] "GET /?portal=mc_web&page=articleDetail&id=567 HTTP/1.0" 200 31413 "-" "coccoc/1.0 (http://help.coccoc.com/)"
208.115.111.73 - - [07/Feb/2013:10:00:12 +0700] "GET /?portal=mc_web&page=articleDetail&id=275 HTTP/1.1" 200 32532 "-" "Mozilla/5.0 (compatible; Ezooms/1.0; ezooms.bot@gmail.com)"
123.30.175.82 - - [07/Feb/2013:10:00:15 +0700] "GET /?portal=mc_web&page=articleDetail&id=568 HTTP/1.0" 200 25672 "-" "coccoc/1.0 (http://help.coccoc.com/)"
123.30.175.82 - - [07/Feb/2013:10:00:22 +0700] "GET /?portal=mc_web&page=articleDetail&id=198 HTTP/1.0" 200 23400 "-" "coccoc/1.0 (http://help.coccoc.com/)"
208.115.111.73 - - [07/Feb/2013:10:00:22 +0700] "GET /?portal=mc_web&page=articleDetail&id=317 HTTP/1.1" 200 20740 "-" "Mozilla/5.0 (compatible; Ezooms/1.0; ezooms.bot@gmail.com)"
123.30.175.82 - - [07/Feb/2013:10:00:28 +0700] "GET /?portal=mc_web&page=articleDetail&id=199 HTTP/1.0" 200 28172 "-" "coccoc/1.0 (http://help.coccoc.com/)"
123.30.175.82 - - [07/Feb/2013:10:00:37 +0700] "GET /?portal=mc_web&page=articleDetail&id=200 HTTP/1.0" 200 25655 "-" "coccoc/1.0 (http://help.coccoc.com/)"
208.115.111.73 - - [07/Feb/2013:10:00:39 +0700] "GET /?portal=mc_web&page=DocDetail&id=64 HTTP/1.1" 200 21800 "-" "Mozilla/5.0 (compatible; Ezooms/1.0; ezooms.bot@gmail.com)"
123.30.175.82 - - [07/Feb/2013:10:00:53 +0700] "GET /?portal=mc_web&page=articleDetail&id=201 HTTP/1.0" 200 32236 "-" "coccoc/1.0 (http://help.coccoc.com/)"
123.30.175.82 - - [07/Feb/2013:10:00:59 +0700] "GET /?portal=mc_web&page=articleDetail&id=202 HTTP/1.0" 200 22722 "-" "coccoc/1.0 (http://help.coccoc.com/)"
123.30.175.82 - - [07/Feb/2013:10:01:06 +0700] "GET /?portal=mc_web&page=articleDetail&id=564 HTTP/1.0" 200 23259 "-" "coccoc/1.0 (http://help.coccoc.com/)"
123.30.175.82 - - [07/Feb/2013:10:01:12 +0700] "GET /?portal=mc_web&page=articleDetail&id=565 HTTP/1.0" 200 30580 "-" "coccoc/1.0 (http://help.coccoc.com/)"
208.115.111.73 - - [07/Feb/2013:10:01:17 +0700] "GET /?portal=mc_web&page=DocOfClass&classID=11&cateID=1 HTTP/1.1" 200 17612 "-" "Mozilla/5.0 (compatible; Ezooms/1.0; ezooms.bot@gmail.com)"
208.115.111.73 - - [07/Feb/2013:10:01:20 +0700] "GET /?portal=mc_web&page=articleDetail&id=571 HTTP/1.1" 200 23458 "-" "Mozilla/5.0 (compatible; Ezooms/1.0; ezooms.bot@gmail.com)"
208.115.113.89 - - [07/Feb/2013:10:08:28 +0700] "GET /robots.txt HTTP/1.1" 404 274 "-" "Mozilla/5.0 (compatible; Ezooms/1.0; ezooms.bot@gmail.com)"
1.202.218.70 - - [07/Feb/2013:10:09:24 +0700] "HEAD / HTTP/1.1" 200 0 "-" "Mozilla/5.0 (compatible; JikeSpider; +http://shoulu.jike.com/spider.html)"
101.226.168.226 - - [07/Feb/2013:10:18:38 +0700] "GET /?name=20120922/admin_1348309848.pdf&page=Download&portal=mc_web HTTP/1.1" 200 269937 "http://trungtamtoan.com/?name=20120922/admin_1348309848.pdf&page=Download&portal=mc_web" "Mozilla/4.0 (compatible; MSIE 8.0; Windows NT 6.1; Trident/4.0; SLCC2; .NET CLR 2.0.50727; .NET CLR 3.5.30729; .NET CLR 3.0.30729; Media Center PC 6.0; MDDR; .NET4.0C; .NET4.0E; .NET CLR 1.1.4322; Tablet PC 2.0); 360Spider"
101.226.168.223 - - [07/Feb/2013:10:19:19 +0700] "GET /?id=138&page=DocDetail&portal=mc_web HTTP/1.1" 200 22755 "http://trungtamtoan.com/?id=138&page=DocDetail&portal=mc_web" "Mozilla/4.0 (compatible; MSIE 8.0; Windows NT 6.1; Trident/4.0; SLCC2; .NET CLR 2.0.50727; .NET CLR 3.5.30729; .NET CLR 3.0.30729; Media Center PC 6.0; MDDR; .NET4.0C; .NET4.0E; .NET CLR 1.1.4322; Tablet PC 2.0); 360Spider"
101.226.168.226 - - [07/Feb/2013:10:19:19 +0700] "GET /?id=317&page=articleDetail&portal=mc_web HTTP/1.1" 200 20740 "http://trungtamtoan.com/?id=317&page=articleDetail&portal=mc_web" "Mozilla/4.0 (compatible; MSIE 8.0; Windows NT 6.1; Trident/4.0; SLCC2; .NET CLR 2.0.50727; .NET CLR 3.5.30729; .NET CLR 3.0.30729; Media Center PC 6.0; MDDR; .NET4.0C; .NET4.0E; .NET CLR 1.1.4322; Tablet PC 2.0); 360Spider"
182.118.21.237 - - [07/Feb/2013:10:19:23 +0700] "GET /?id=81&page=DocDetail&portal=mc_web HTTP/1.1" 200 21338 "http://trungtamtoan.com/?id=81&page=DocDetail&portal=mc_web" "Mozilla/5.0 (Windows; U; Windows NT 5.1; zh-CN; rv:1.8.0.11) Gecko/20070312 Firefox/1.5.0.11; 360Spider"
101.226.167.212 - - [07/Feb/2013:10:19:33 +0700] "GET /?id=101&page=DocDetail&portal=mc_web HTTP/1.1" 200 22776 "http://trungtamtoan.com/?id=101&page=DocDetail&portal=mc_web" "Mozilla/4.0 (compatible; MSIE 8.0; Windows NT 6.1; Trident/4.0; SLCC2; .NET CLR 2.0.50727; .NET CLR 3.5.30729; .NET CLR 3.0.30729; Media Center PC 6.0; MDDR; .NET4.0C; .NET4.0E; .NET CLR 1.1.4322; Tablet PC 2.0); 360Spider"
182.118.21.234 - - [07/Feb/2013:10:19:37 +0700] "GET /?name=20120922/admin_1348309352.pdf&page=Download&portal=mc_web HTTP/1.1" 200 128807 "http://trungtamtoan.com/?name=20120922/admin_1348309352.pdf&page=Download&portal=mc_web" "Mozilla/5.0 (Windows; U; Windows NT 5.1; zh-CN; rv:1.8.0.11) Gecko/20070312 Firefox/1.5.0.11; 360Spider"
182.118.21.231 - - [07/Feb/2013:10:19:37 +0700] "GET /?id=96&page=DocDetail&portal=mc_web HTTP/1.1" 200 22273 "http://trungtamtoan.com/?id=96&page=DocDetail&portal=mc_web" "Mozilla/5.0 (Windows; U; Windows NT 5.1; zh-CN; rv:1.8.0.11) Gecko/20070312 Firefox/1.5.0.11; 360Spider"
182.118.21.234 - - [07/Feb/2013:10:19:37 +0700] "GET /?id=97&page=DocDetail&portal=mc_web HTTP/1.1" 200 22543 "http://trungtamtoan.com/?id=97&page=DocDetail&portal=mc_web" "Mozilla/5.0 (Windows; U; Windows NT 5.1; zh-CN; rv:1.8.0.11) Gecko/20070312 Firefox/1.5.0.11; 360Spider"
182.118.21.231 - - [07/Feb/2013:10:19:41 +0700] "GET /?page=newdoc&page_no=1&portal=mc_web HTTP/1.1" 200 22007 "http://trungtamtoan.com/?page=newdoc&page_no=1&portal=mc_web" "Mozilla/5.0 (Windows; U; Windows NT 5.1; zh-CN; rv:1.8.0.11) Gecko/20070312 Firefox/1.5.0.11; 360Spider"
101.226.168.223 - - [07/Feb/2013:10:19:57 +0700] "GET /?id=594&page=articleDetail&portal=mc_web HTTP/1.1" 200 29797 "http://trungtamtoan.com/?id=594&page=articleDetail&portal=mc_web" "Mozilla/4.0 (compatible; MSIE 8.0; Windows NT 6.1; Trident/4.0; SLCC2; .NET CLR 2.0.50727; .NET CLR 3.5.30729; .NET CLR 3.0.30729; Media Center PC 6.0; MDDR; .NET4.0C; .NET4.0E; .NET CLR 1.1.4322; Tablet PC 2.0); 360Spider"
101.226.168.226 - - [07/Feb/2013:10:19:57 +0700] "GET /?id=64&page=DocDetail&portal=mc_web HTTP/1.1" 200 21380 "http://trungtamtoan.com/?id=64&page=DocDetail&portal=mc_web" "Mozilla/4.0 (compatible; MSIE 8.0; Windows NT 6.1; Trident/4.0; SLCC2; .NET CLR 2.0.50727; .NET CLR 3.5.30729; .NET CLR 3.0.30729; Media Center PC 6.0; MDDR; .NET4.0C; .NET4.0E; .NET CLR 1.1.4322; Tablet PC 2.0); 360Spider"
101.226.167.212 - - [07/Feb/2013:10:20:08 +0700] "GET /?id=103&page=DocDetail&portal=mc_web HTTP/1.1" 200 22763 "http://trungtamtoan.com/?id=103&page=DocDetail&portal=mc_web" "Mozilla/4.0 (compatible; MSIE 8.0; Windows NT 6.1; Trident/4.0; SLCC2; .NET CLR 2.0.50727; .NET CLR 3.5.30729; .NET CLR 3.0.30729; Media Center PC 6.0; MDDR; .NET4.0C; .NET4.0E; .NET CLR 1.1.4322; Tablet PC 2.0); 360Spider"
101.226.167.214 - - [07/Feb/2013:10:20:49 +0700] "GET /?id=104&page=DocDetail&portal=mc_web HTTP/1.1" 200 22768 "http://trungtamtoan.com/?id=104&page=DocDetail&portal=mc_web" "Mozilla/4.0 (compatible; MSIE 8.0; Windows NT 6.1; Trident/4.0; SLCC2; .NET CLR 2.0.50727; .NET CLR 3.5.30729; .NET CLR 3.0.30729; Media Center PC 6.0; MDDR; .NET4.0C; .NET4.0E; .NET CLR 1.1.4322; Tablet PC 2.0); 360Spider"
101.226.168.226 - - [07/Feb/2013:10:21:30 +0700] "GET /?id=78&page=DocDetail&portal=mc_web HTTP/1.1" 200 21385 "http://trungtamtoan.com/?id=78&page=DocDetail&portal=mc_web" "Mozilla/4.0 (compatible; MSIE 8.0; Windows NT 6.1; Trident/4.0; SLCC2; .NET CLR 2.0.50727; .NET CLR 3.5.30729; .NET CLR 3.0.30729; Media Center PC 6.0; MDDR; .NET4.0C; .NET4.0E; .NET CLR 1.1.4322; Tablet PC 2.0); 360Spider"
101.226.166.201 - - [07/Feb/2013:10:23:00 +0700] "GET /?id=109&page=DocDetail&portal=mc_web HTTP/1.1" 200 22745 "http://trungtamtoan.com/?id=109&page=DocDetail&portal=mc_web" "Mozilla/4.0 (compatible; MSIE 8.0; Windows NT 6.1; Trident/4.0; SLCC2; .NET CLR 2.0.50727; .NET CLR 3.5.30729; .NET CLR 3.0.30729; Media Center PC 6.0; MDDR; .NET4.0C; .NET4.0E; .NET CLR 1.1.4322; Tablet PC 2.0); 360Spider"
101.226.166.196 - - [07/Feb/2013:10:23:00 +0700] "GET /?id=108&page=DocDetail&portal=mc_web HTTP/1.1" 200 22755 "http://trungtamtoan.com/?id=108&page=DocDetail&portal=mc_web" "Mozilla/4.0 (compatible; MSIE 8.0; Windows NT 6.1; Trident/4.0; SLCC2; .NET CLR 2.0.50727; .NET CLR 3.5.30729; .NET CLR 3.0.30729; Media Center PC 6.0; MDDR; .NET4.0C; .NET4.0E; .NET CLR 1.1.4322; Tablet PC 2.0); 360Spider"
101.226.167.231 - - [07/Feb/2013:10:22:59 +0700] "GET /?id=107&page=DocDetail&portal=mc_web HTTP/1.1" 200 22745 "http://trungtamtoan.com/?id=107&page=DocDetail&portal=mc_web" "Mozilla/4.0 (compatible; MSIE 8.0; Windows NT 6.1; Trident/4.0; SLCC2; .NET CLR 2.0.50727; .NET CLR 3.5.30729; .NET CLR 3.0.30729; Media Center PC 6.0; MDDR; .NET4.0C; .NET4.0E; .NET CLR 1.1.4322; Tablet PC 2.0); 360Spider"
101.226.166.195 - - [07/Feb/2013:10:23:00 +0700] "GET /?id=110&page=DocDetail&portal=mc_web HTTP/1.1" 200 22755 "http://trungtamtoan.com/?id=110&page=DocDetail&portal=mc_web" "Mozilla/4.0 (compatible; MSIE 8.0; Windows NT 6.1; Trident/4.0; SLCC2; .NET CLR 2.0.50727; .NET CLR 3.5.30729; .NET CLR 3.0.30729; Media Center PC 6.0; MDDR; .NET4.0C; .NET4.0E; .NET CLR 1.1.4322; Tablet PC 2.0); 360Spider"
101.226.167.254 - - [07/Feb/2013:10:23:19 +0700] "GET /?id=127&page=DocDetail&portal=mc_web HTTP/1.1" 200 22745 "http://trungtamtoan.com/?id=127&page=DocDetail&portal=mc_web" "Mozilla/4.0 (compatible; MSIE 8.0; Windows NT 6.1; Trident/4.0; SLCC2; .NET CLR 2.0.50727; .NET CLR 3.5.30729; .NET CLR 3.0.30729; Media Center PC 6.0; MDDR; .NET4.0C; .NET4.0E; .NET CLR 1.1.4322; Tablet PC 2.0); 360Spider"
101.226.166.195 - - [07/Feb/2013:10:23:58 +0700] "GET /?id=115&page=DocDetail&portal=mc_web HTTP/1.1" 200 22746 "http://trungtamtoan.com/?id=115&page=DocDetail&portal=mc_web" "Mozilla/4.0 (compatible; MSIE 8.0; Windows NT 6.1; Trident/4.0; SLCC2; .NET CLR 2.0.50727; .NET CLR 3.5.30729; .NET CLR 3.0.30729; Media Center PC 6.0; MDDR; .NET4.0C; .NET4.0E; .NET CLR 1.1.4322; Tablet PC 2.0); 360Spider"
101.226.166.201 - - [07/Feb/2013:10:24:28 +0700] "GET /?id=117&page=DocDetail&portal=mc_web HTTP/1.1" 200 22746 "http://trungtamtoan.com/?id=117&page=DocDetail&portal=mc_web" "Mozilla/4.0 (compatible; MSIE 8.0; Windows NT 6.1; Trident/4.0; SLCC2; .NET CLR 2.0.50727; .NET CLR 3.5.30729; .NET CLR 3.0.30729; Media Center PC 6.0; MDDR; .NET4.0C; .NET4.0E; .NET CLR 1.1.4322; Tablet PC 2.0); 360Spider"
182.118.25.208 - - [07/Feb/2013:10:34:47 +0700] "GET /?name=20120922/admin_1348309469.pdf&page=Download&portal=mc_web HTTP/1.1" 200 191959 "http://trungtamtoan.com/?name=20120922/admin_1348309469.pdf&page=Download&portal=mc_web" "Mozilla/5.0 (Windows; U; Windows NT 5.1; zh-CN; rv:1.8.0.11) Gecko/20070312 Firefox/1.5.0.11; 360Spider"
182.118.25.208 - - [07/Feb/2013:10:35:05 +0700] "GET /?id=129&page=DocDetail&portal=mc_web HTTP/1.1" 200 22745 "http://trungtamtoan.com/?id=129&page=DocDetail&portal=mc_web" "Mozilla/5.0 (Windows; U; Windows NT 5.1; zh-CN; rv:1.8.0.11) Gecko/20070312 Firefox/1.5.0.11; 360Spider"
182.118.25.207 - - [07/Feb/2013:10:35:12 +0700] "GET /?name=20120922/admin_1348309876.pdf&page=Download&portal=mc_web HTTP/1.1" 200 223804 "http://trungtamtoan.com/?name=20120922/admin_1348309876.pdf&page=Download&portal=mc_web" "Mozilla/5.0 (Windows; U; Windows NT 5.1; zh-CN; rv:1.8.0.11) Gecko/20070312 Firefox/1.5.0.11; 360Spider"
182.118.25.208 - - [07/Feb/2013:10:35:27 +0700] "GET /?name=20120922/admin_1348309527.pdf&page=Download&portal=mc_web HTTP/1.1" 200 125234 "http://trungtamtoan.com/?name=20120922/admin_1348309527.pdf&page=Download&portal=mc_web" "Mozilla/5.0 (Windows; U; Windows NT 5.1; zh-CN; rv:1.8.0.11) Gecko/20070312 Firefox/1.5.0.11; 360Spider"
37.140.141.10 - - [07/Feb/2013:10:40:10 +0700] "GET /?portal=mc_web&page=listClass HTTP/1.1" 200 16508 "-" "Mozilla/5.0 (compatible; YandexBot/3.0; +http://yandex.com/bots)"
182.118.25.212 - - [07/Feb/2013:10:41:34 +0700] "GET /?name=20120922/admin_1348310191.pdf&page=Download&portal=mc_web HTTP/1.1" 200 209772 "http://trungtamtoan.com/?name=20120922/admin_1348310191.pdf&page=Download&portal=mc_web" "Mozilla/5.0 (Windows; U; Windows NT 5.1; zh-CN; rv:1.8.0.11) Gecko/20070312 Firefox/1.5.0.11; 360Spider"
182.118.25.212 - - [07/Feb/2013:10:41:34 +0700] "GET /?name=20120922/admin_1348310158.pdf&page=Download&portal=mc_web HTTP/1.1" 200 292409 "http://trungtamtoan.com/?name=20120922/admin_1348310158.pdf&page=Download&portal=mc_web" "Mozilla/5.0 (Windows; U; Windows NT 5.1; zh-CN; rv:1.8.0.11) Gecko/20070312 Firefox/1.5.0.11; 360Spider"
118.70.248.17 - - [07/Feb/2013:11:57:48 +0700] "GET /data/document/20120906/admin_1346932141.JPG HTTP/1.1" 200 79099 "http://www.fsoft.com.vn/Lists/Rao%20vt/Flat.aspx?RootFolder=%2fLists%2fRao%20vt%2f%c4%90%c4%83ng%20tin%20t%c3%acm%20gia%20s%c6%b0%20to%c3%a1n%2c%20t%c3%acm%20l%e1%bb%9bp%20d%e1%ba%a1y%20th%c3%aam%20to%c3%a1n&FolderCTID=0x012002003A575BB681FC5941B88EFDB01AAC7109" "Mozilla/5.0 (Windows NT 6.1; rv:14.0) Gecko/20100101 Firefox/14.0.1"
208.115.113.89 - - [07/Feb/2013:12:10:12 +0700] "GET /?portal=mc_web&page=DocDetail&id=129 HTTP/1.1" 200 22745 "-" "Mozilla/5.0 (compatible; Ezooms/1.0; ezooms.bot@gmail.com)"
208.115.113.89 - - [07/Feb/2013:12:10:18 +0700] "GET /?portal=mc_web&page=DocOfClass&classID=13&cateID=2 HTTP/1.1" 200 17224 "-" "Mozilla/5.0 (compatible; Ezooms/1.0; ezooms.bot@gmail.com)"
157.55.33.80 - - [07/Feb/2013:12:10:45 +0700] "GET /?portal=mc_web&page=articleDetail&id=599 HTTP/1.1" 200 25729 "-" "Mozilla/5.0 (compatible; bingbot/2.0; +http://www.bing.com/bingbot.htm)"
157.55.33.80 - - [07/Feb/2013:12:12:26 +0700] "GET /?portal=mc_web&page=articleDetail&id=599 HTTP/1.0" 200 25729 "-" "Mozilla/5.0 (compatible; bingbot/2.0; +http://www.bing.com/bingbot.htm)"
37.140.141.10 - - [07/Feb/2013:13:18:48 +0700] "GET /webskins/plugins/TinySlideshow/thumbnails/6.jpg HTTP/1.1" 304 0 "-" "Mozilla/5.0 (compatible; YandexImages/3.0; +http://yandex.com/bots)"
37.140.141.10 - - [07/Feb/2013:13:45:41 +0700] "GET /?portal=mc_web&page=intro HTTP/1.1" 200 19449 "-" "Mozilla/5.0 (compatible; YandexBot/3.0; +http://yandex.com/bots)"
208.115.111.73 - - [07/Feb/2013:14:02:31 +0700] "GET /?portal=mc_web&page=DocDetail&id=93 HTTP/1.1" 200 22002 "-" "Mozilla/5.0 (compatible; Ezooms/1.0; ezooms.bot@gmail.com)"
208.115.111.73 - - [07/Feb/2013:14:02:38 +0700] "GET /?portal=mc_web&page=articleDetail&id=573 HTTP/1.1" 200 22712 "-" "Mozilla/5.0 (compatible; Ezooms/1.0; ezooms.bot@gmail.com)"
208.115.111.73 - - [07/Feb/2013:14:02:42 +0700] "GET /?portal=mc_web&page=DocOfClass&classID=12&cateID=2 HTTP/1.1" 200 17224 "-" "Mozilla/5.0 (compatible; Ezooms/1.0; ezooms.bot@gmail.com)"
208.115.113.89 - - [07/Feb/2013:14:07:31 +0700] "GET /robots.txt HTTP/1.1" 404 274 "-" "Mozilla/5.0 (compatible; Ezooms/1.0; ezooms.bot@gmail.com)"
208.115.113.89 - - [07/Feb/2013:14:07:32 +0700] "GET /robots.txt HTTP/1.1" 404 278 "-" "Mozilla/5.0 (compatible; Ezooms/1.0; ezooms.bot@gmail.com)"
173.199.120.171 - - [07/Feb/2013:14:58:50 +0700] "GET /?portal=mc_web&page=articleDetail&id=629 HTTP/1.1" 200 26852 "-" "Mozilla/5.0 (compatible; AhrefsBot/4.0; +http://ahrefs.com/robot/)"
118.70.248.17 - - [07/Feb/2013:15:13:28 +0700] "GET /data/images/thumb//images656679_TT-Bo-GDDT.jpg HTTP/1.1" 304 0 "-" "Mozilla/4.0 (compatible;)"
208.115.111.73 - - [07/Feb/2013:16:03:24 +0700] "GET /robots.txt HTTP/1.1" 404 274 "-" "Mozilla/5.0 (compatible; Ezooms/1.0; ezooms.bot@gmail.com)"
123.30.175.81 - - [07/Feb/2013:16:07:02 +0700] "GET /?portal=mc_web&page=Download&name=20120906/admin_1346951452.pdf HTTP/1.0" 200 98441 "-" "coccoc/1.0 (http://help.coccoc.com/)"
180.76.5.22 - - [07/Feb/2013:16:23:07 +0700] "GET /?portal=mc_web&page=DocOfClass&classID=10&cateID=4 HTTP/1.1" 200 17224 "-" "Mozilla/5.0 (compatible; Baiduspider/2.0; +http://www.baidu.com/search/spider.html)"
208.115.113.89 - - [07/Feb/2013:18:06:47 +0700] "GET /robots.txt HTTP/1.1" 404 278 "-" "Mozilla/5.0 (compatible; Ezooms/1.0; ezooms.bot@gmail.com)"
208.115.113.89 - - [07/Feb/2013:18:06:49 +0700] "GET /robots.txt HTTP/1.1" 404 274 "-" "Mozilla/5.0 (compatible; Ezooms/1.0; ezooms.bot@gmail.com)"
37.140.141.10 - - [07/Feb/2013:18:07:56 +0700] "GET /robots.txt HTTP/1.1" 404 278 "-" "Mozilla/5.0 (compatible; YandexBot/3.0; +http://yandex.com/bots)"
37.140.141.10 - - [07/Feb/2013:18:07:58 +0700] "GET / HTTP/1.1" 200 19278 "-" "Mozilla/5.0 (compatible; YandexBot/3.0; MirrorDetector; +http://yandex.com/bots)"
37.140.141.10 - - [07/Feb/2013:18:07:59 +0700] "GET / HTTP/1.1" 200 19486 "-" "Mozilla/5.0 (compatible; YandexBot/3.0; MirrorDetector; +http://yandex.com/bots)"
37.140.141.10 - - [07/Feb/2013:18:08:04 +0700] "GET / HTTP/1.1" 200 19278 "-" "Mozilla/5.0 (compatible; YandexBot/3.0; MirrorDetector; +http://yandex.com/bots)"
37.140.141.10 - - [07/Feb/2013:18:08:05 +0700] "GET / HTTP/1.1" 200 19486 "-" "Mozilla/5.0 (compatible; YandexBot/3.0; MirrorDetector; +http://yandex.com/bots)"
180.76.5.111 - - [07/Feb/2013:19:13:42 +0700] "GET /?portal=mc_web&page=listTeacherb HTTP/1.1" 200 16742 "-" "Mozilla/5.0 (compatible; Baiduspider/2.0; +http://www.baidu.com/search/spider.html)"
1.202.218.112 - - [07/Feb/2013:19:19:19 +0700] "HEAD /?portal=mc_web&page=articleDetail&id=610 HTTP/1.1" 200 0 "-" "Mozilla/5.0 (compatible; JikeSpider; +http://shoulu.jike.com/spider.html)"
1.202.218.114 - - [07/Feb/2013:19:19:26 +0700] "GET /?portal=mc_web&page=articleDetail&id=610 HTTP/1.1" 200 27395 "-" "Mozilla/5.0 (compatible; JikeSpider; +http://shoulu.jike.com/spider.html)"
198.27.74.10 - - [07/Feb/2013:19:49:57 +0700] "GET / HTTP/1.1" 200 19278 "-" "Mozilla/5.0 (compatible; MSIE 10.0; 68K; .NET CLR; Trident/5.0)"
118.70.248.17 - - [07/Feb/2013:19:59:19 +0700] "GET /data/images/thumb//images656664_y.jpg HTTP/1.1" 304 0 "-" "Mozilla/4.0 (compatible;)"
115.78.131.180 - - [07/Feb/2013:20:51:40 +0700] "GET / HTTP/1.1" 200 19278 "-" "Mozilla/5.0 (Windows; U; Windows NT 5.1; en-US; rv:x.x.x) Gecko/20041107 Firefox/x.x"
66.249.76.151 - - [07/Feb/2013:21:01:21 +0700] "GET /robots.txt HTTP/1.1" 404 278 "-" "Mozilla/5.0 (compatible; Googlebot/2.1; +http://www.google.com/bot.html)"
66.249.76.151 - - [07/Feb/2013:21:01:22 +0700] "GET /data/images/thumb//images649522__BAC0003.jpg HTTP/1.1" 304 0 "-" "Googlebot-Image/1.0"
113.52.56.204 - - [07/Feb/2013:21:48:19 +0700] "GET /robots.txt HTTP/1.1" 404 274 "-" "Yeti/1.1 (NHN Corp.; http://help.naver.com/robots/)"
113.52.56.204 - - [07/Feb/2013:21:48:24 +0700] "GET / HTTP/1.1" 200 19278 "-" "Yeti/1.1 (NHN Corp.; http://help.naver.com/robots/)"
1.202.218.114 - - [07/Feb/2013:22:10:09 +0700] "HEAD /?portal=mc_web&page=index HTTP/1.1" 200 0 "-" "Mozilla/5.0 (compatible; JikeSpider; +http://shoulu.jike.com/spider.html)"
1.202.218.111 - - [07/Feb/2013:22:10:10 +0700] "GET /?portal=mc_web&page=index HTTP/1.1" 200 19278 "-" "Mozilla/5.0 (compatible; JikeSpider; +http://shoulu.jike.com/spider.html)"
208.115.113.89 - - [07/Feb/2013:22:14:22 +0700] "GET /robots.txt HTTP/1.1" 404 274 "-" "Mozilla/5.0 (compatible; Ezooms/1.0; ezooms.bot@gmail.com)"
37.140.141.10 - - [07/Feb/2013:22:15:50 +0700] "GET /webskins/plugins/TinySlideshow/thumbnails/5.jpg HTTP/1.1" 304 0 "-" "Mozilla/5.0 (compatible; YandexImages/3.0; +http://yandex.com/bots)"
37.140.141.10 - - [07/Feb/2013:22:18:00 +0700] "GET /robots.txt HTTP/1.1" 404 274 "-" "Mozilla/5.0 (compatible; YandexBot/3.0; +http://yandex.com/bots)"
37.140.141.10 - - [07/Feb/2013:22:18:05 +0700] "GET /data/images/imageForArticle/images648231_02.jpg HTTP/1.1" 304 0 "-" "Mozilla/5.0 (compatible; YandexImages/3.0; +http://yandex.com/bots)"
118.70.248.17 - - [07/Feb/2013:22:32:11 +0700] "GET /data/images/thumb//images656682_IMG_02.jpg HTTP/1.1" 304 0 "-" "Mozilla/4.0 (compatible;)"
180.76.5.19 - - [07/Feb/2013:22:38:08 +0700] "GET / HTTP/1.1" 200 19278 "-" "Mozilla/5.0 (compatible; Baiduspider/2.0; +http://www.baidu.com/search/spider.html)"
82.198.9.130 - - [07/Feb/2013:22:56:54 +0700] "GET /?portal=mc_web&page=regLearn HTTP/1.1" 200 26249 "-" "Mozilla/5.0 (Windows; U; Windows NT 5.1; en-US; rv:1.9.0.5) Gecko/2008120122 Firefox/3.0.5"
63.138.193.130 - - [07/Feb/2013:22:57:28 +0700] "GET /?portal=mc_web&page=regLearn HTTP/1.1" 200 26249 "-" "Mozilla/5.0 (Windows; U; Windows NT 5.1; en-US; rv:1.9.0.5) Gecko/2008120122 Firefox/3.0.5"
63.138.193.130 - - [07/Feb/2013:22:57:35 +0700] "POST /?portal=mc_web&page=regLearn HTTP/1.1" 200 26713 "http://trungtamtoan.com/?portal=mc_web&page=regLearn" "Mozilla/5.0 (Windows; U; Windows NT 5.1; en-US; rv:1.9.0.5) Gecko/2008120122 Firefox/3.0.5"
180.76.5.156 - - [07/Feb/2013:23:58:08 +0700] "GET /?portal=mc_web&page=articleDetail&id=377 HTTP/1.1" 200 28901 "-" "Mozilla/5.0 (compatible; Baiduspider/2.0; +http://www.baidu.com/search/spider.html)"
