199.36.240.17 - - [10/Feb/2013:00:09:02 +0700] "GET /data/images/imageForArticle/images650050_Huychuong.jpg HTTP/1.1" 200 11673 "-" "Mozilla/5.0 (compatible; YandexImages/3.0; +http://yandex.com/bots)"
208.115.113.89 - - [10/Feb/2013:00:10:34 +0700] "GET /?portal=mc_web&page=DocOfClass&classID=7&cateID=3 HTTP/1.1" 200 17612 "-" "Mozilla/5.0 (compatible; Ezooms/1.0; ezooms.bot@gmail.com)"
208.115.113.89 - - [10/Feb/2013:00:12:53 +0700] "GET /?portal=mc_web&page=articleDetail&id=551 HTTP/1.1" 200 27692 "-" "Mozilla/5.0 (compatible; Ezooms/1.0; ezooms.bot@gmail.com)"
208.115.113.89 - - [10/Feb/2013:00:13:08 +0700] "GET /?portal=mc_web&page=intro HTTP/1.1" 200 19502 "-" "Mozilla/5.0 (compatible; Ezooms/1.0; ezooms.bot@gmail.com)"
1.202.218.114 - - [10/Feb/2013:00:20:05 +0700] "GET /?portal=mc_web&page=articleDetail&id=612 HTTP/1.1" 200 31846 "-" "Mozilla/5.0 (compatible; JikeSpider; +http://shoulu.jike.com/spider.html)"
157.55.32.62 - - [10/Feb/2013:00:37:10 +0700] "GET /robots.txt HTTP/1.1" 404 274 "-" "Mozilla/5.0 (compatible; bingbot/2.0; +http://www.bing.com/bingbot.htm)"
199.36.240.17 - - [10/Feb/2013:00:37:26 +0700] "GET /data/images/thumb/images654449_1.jpg HTTP/1.1" 200 3936 "-" "Mozilla/5.0 (compatible; YandexImages/3.0; +http://yandex.com/bots)"
157.55.32.62 - - [10/Feb/2013:00:38:47 +0700] "GET / HTTP/1.1" 200 19278 "-" "Mozilla/5.0 (compatible; bingbot/2.0; +http://www.bing.com/bingbot.htm)"
199.36.240.17 - - [10/Feb/2013:01:07:47 +0700] "GET /data/images/imageForArticle/images649747_LanhdaoSolamviec....jpg HTTP/1.1" 304 0 "-" "Mozilla/5.0 (compatible; YandexImages/3.0; +http://yandex.com/bots)"
199.36.240.17 - - [10/Feb/2013:01:30:39 +0700] "GET /webskins/plugins/TinySlideshow/thumbnails/1.jpg HTTP/1.1" 200 7531 "-" "Mozilla/5.0 (compatible; YandexImages/3.0; +http://yandex.com/bots)"
199.36.240.17 - - [10/Feb/2013:01:38:04 +0700] "GET /data/images/imageForArticle/images653170_1.jpg HTTP/1.1" 200 23986 "-" "Mozilla/5.0 (compatible; YandexImages/3.0; +http://yandex.com/bots)"
199.36.240.17 - - [10/Feb/2013:02:07:51 +0700] "GET /data/images/imageForArticle/images648082_tt4141_1.jpg HTTP/1.1" 200 32704 "-" "Mozilla/5.0 (compatible; YandexImages/3.0; +http://yandex.com/bots)"
208.115.113.89 - - [10/Feb/2013:02:09:15 +0700] "GET /robots.txt HTTP/1.1" 404 274 "-" "Mozilla/5.0 (compatible; Ezooms/1.0; ezooms.bot@gmail.com)"
37.140.141.10 - - [10/Feb/2013:02:21:09 +0700] "GET /robots.txt HTTP/1.1" 404 274 "-" "Mozilla/5.0 (compatible; YandexBot/3.0; +http://yandex.com/bots)"
199.36.240.17 - - [10/Feb/2013:02:35:09 +0700] "GET /data/images/imageForArticle/images648323_image002.jpg HTTP/1.1" 200 21415 "-" "Mozilla/5.0 (compatible; YandexImages/3.0; +http://yandex.com/bots)"
199.36.240.17 - - [10/Feb/2013:03:03:09 +0700] "GET /data/images/imageForArticle/images649707_LekhaigiangnamhocmoioCanCauSiMaCai.jpg HTTP/1.1" 304 0 "-" "Mozilla/5.0 (compatible; YandexImages/3.0; +http://yandex.com/bots)"
199.36.240.17 - - [10/Feb/2013:03:09:59 +0700] "GET /data/images/thumb/images654676_anh1,quangngai,xaydungtruongchuanquocgia.jpg HTTP/1.1" 200 2964 "-" "Mozilla/5.0 (compatible; YandexImages/3.0; +http://yandex.com/bots)"
118.70.248.17 - - [10/Feb/2013:03:12:28 +0700] "GET /data/images/thumb//images656679_TT-Bo-GDDT.jpg HTTP/1.1" 304 0 "-" "Mozilla/4.0 (compatible;)"
37.140.141.10 - - [10/Feb/2013:03:16:54 +0700] "GET /?portal=mc_web&page=articleDetail&id=616 HTTP/1.1" 200 21694 "-" "Mozilla/5.0 (compatible; YandexBot/3.0; +http://yandex.com/bots)"
37.140.141.10 - - [10/Feb/2013:03:17:01 +0700] "GET /?portal=mc_web&page=ClassDetail&id=50 HTTP/1.1" 200 18532 "-" "Mozilla/5.0 (compatible; YandexBot/3.0; +http://yandex.com/bots)"
37.140.141.10 - - [10/Feb/2013:03:17:05 +0700] "GET /?portal=mc_web&page=articleDetail&id=636 HTTP/1.1" 200 26012 "-" "Mozilla/5.0 (compatible; YandexBot/3.0; +http://yandex.com/bots)"
37.140.141.10 - - [10/Feb/2013:03:17:09 +0700] "GET /data/images/imageForArticle/images649747_LanhdaoSolamviec....jpg HTTP/1.1" 304 0 "-" "Mozilla/5.0 (compatible; YandexImages/3.0; +http://yandex.com/bots)"
199.36.240.17 - - [10/Feb/2013:03:32:52 +0700] "GET /data/images/imageForArticle/images649121_IMG_5132.jpg HTTP/1.1" 200 22990 "-" "Mozilla/5.0 (compatible; YandexImages/3.0; +http://yandex.com/bots)"
37.140.141.10 - - [10/Feb/2013:03:46:02 +0700] "GET /?portal=mc_web&page=articleDetail&id=331 HTTP/1.1" 200 19142 "-" "Mozilla/5.0 (compatible; YandexBot/3.0; +http://yandex.com/bots)"
199.36.240.17 - - [10/Feb/2013:04:02:28 +0700] "GET /data/images/imageForArticle/images648877_images447437_sinh-vien.jpg HTTP/1.1" 200 28989 "-" "Mozilla/5.0 (compatible; YandexImages/3.0; +http://yandex.com/bots)"
182.118.22.222 - - [10/Feb/2013:04:05:18 +0700] "GET /?cateID=2&classID=15&page=DocOfClass&portal=mc_web HTTP/1.1" 200 17224 "http://trungtamtoan.com/?cateID=2&classID=15&page=DocOfClass&portal=mc_web" "Mozilla/5.0 (Windows; U; Windows NT 5.1; zh-CN; rv:1.8.0.11) Gecko/20070312 Firefox/1.5.0.11; 360Spider"
37.140.141.10 - - [10/Feb/2013:04:12:28 +0700] "GET /data/images/imageForArticle/images649672_thanhtra01062011_5bfca.jpeg HTTP/1.1" 404 332 "-" "Mozilla/5.0 (compatible; YandexImages/3.0; +http://yandex.com/bots)"
199.36.240.17 - - [10/Feb/2013:04:26:29 +0700] "GET /data/images/imageForArticle/images648203_1.jpg HTTP/1.1" 200 21523 "-" "Mozilla/5.0 (compatible; YandexImages/3.0; +http://yandex.com/bots)"
199.36.240.17 - - [10/Feb/2013:04:47:31 +0700] "GET /data/images/thumb/images654776_image003.jpg HTTP/1.1" 200 3136 "-" "Mozilla/5.0 (compatible; YandexImages/3.0; +http://yandex.com/bots)"
199.36.240.17 - - [10/Feb/2013:04:56:24 +0700] "GET /data/images/imageForArticle/images649970_anh1,lemittinhvaraquan.jpg HTTP/1.1" 304 0 "-" "Mozilla/5.0 (compatible; YandexImages/3.0; +http://yandex.com/bots)"
180.76.5.187 - - [10/Feb/2013:04:57:18 +0700] "GET /?portal=mc_web&page=NewDoc&page_no=3 HTTP/1.1" 200 22140 "-" "Mozilla/5.0 (compatible; Baiduspider/2.0; +http://www.baidu.com/search/spider.html)"
199.36.240.17 - - [10/Feb/2013:05:24:53 +0700] "GET /data/images/imageForArticle/images653173_IMG_4081.jpg HTTP/1.1" 200 22219 "-" "Mozilla/5.0 (compatible; YandexImages/3.0; +http://yandex.com/bots)"
208.115.111.73 - - [10/Feb/2013:05:59:38 +0700] "GET /?portal=mc_web&page=listTeacher HTTP/1.1" 200 16751 "-" "Mozilla/5.0 (compatible; Ezooms/1.0; ezooms.bot@gmail.com)"
208.115.111.73 - - [10/Feb/2013:06:00:01 +0700] "GET /?portal=mc_web&page=DocOfClass&classID=2&cateID=4 HTTP/1.1" 200 17224 "-" "Mozilla/5.0 (compatible; Ezooms/1.0; ezooms.bot@gmail.com)"
208.115.111.73 - - [10/Feb/2013:06:00:06 +0700] "GET /?portal=mc_web&page=DocOfClass&classID=20&cateID=3 HTTP/1.1" 200 17224 "-" "Mozilla/5.0 (compatible; Ezooms/1.0; ezooms.bot@gmail.com)"
208.115.111.73 - - [10/Feb/2013:06:00:12 +0700] "GET /?portal=mc_web&page=articleDetail&id=308 HTTP/1.1" 200 19996 "-" "Mozilla/5.0 (compatible; Ezooms/1.0; ezooms.bot@gmail.com)"
199.36.240.17 - - [10/Feb/2013:06:06:55 +0700] "GET /data/avatar/thumb/arrow_right.gif HTTP/1.1" 200 824 "-" "Mozilla/5.0 (compatible; YandexImages/3.0; +http://yandex.com/bots)"
199.36.240.17 - - [10/Feb/2013:06:26:52 +0700] "GET /data/images/thumb/images654650_1.jpg HTTP/1.1" 200 2335 "-" "Mozilla/5.0 (compatible; YandexImages/3.0; +http://yandex.com/bots)"
37.140.141.10 - - [10/Feb/2013:06:39:16 +0700] "GET /?portal=mc_web&page=articleDetail&id=579 HTTP/1.1" 200 27135 "-" "Mozilla/5.0 (compatible; YandexBot/3.0; +http://yandex.com/bots)"
199.36.240.17 - - [10/Feb/2013:06:42:23 +0700] "GET /data/images/thumb/images654770_1.jpg HTTP/1.1" 200 3432 "-" "Mozilla/5.0 (compatible; YandexImages/3.0; +http://yandex.com/bots)"
37.140.141.10 - - [10/Feb/2013:06:48:25 +0700] "GET /data/images/thumb/images654450_1.jpg HTTP/1.1" 304 0 "-" "Mozilla/5.0 (compatible; YandexImages/3.0; +http://yandex.com/bots)"
199.36.240.17 - - [10/Feb/2013:07:17:23 +0700] "GET /data/images/imageForArticle/images648231_02.jpg HTTP/1.1" 200 26902 "-" "Mozilla/5.0 (compatible; YandexImages/3.0; +http://yandex.com/bots)"
37.140.141.10 - - [10/Feb/2013:07:32:34 +0700] "GET / HTTP/1.1" 200 19278 "-" "Mozilla/5.0 (compatible; YandexBot/3.0; +http://yandex.com/bots)"
180.76.6.21 - - [10/Feb/2013:07:41:54 +0700] "GET /?portal=mc_web&page=articleDetail&id=210 HTTP/1.1" 200 23334 "-" "Mozilla/5.0 (compatible; Baiduspider/2.0; +http://www.baidu.com/search/spider.html)"
199.36.240.17 - - [10/Feb/2013:07:49:26 +0700] "GET /data/images/imageForArticle/images652085_Loathanh.jpg HTTP/1.1" 304 0 "-" "Mozilla/5.0 (compatible; YandexImages/3.0; +http://yandex.com/bots)"
123.30.175.79 - - [10/Feb/2013:07:54:54 +0700] "GET / HTTP/1.0" 200 19278 "-" "coccoc/1.0 (http://help.coccoc.com/)"
123.30.175.79 - - [10/Feb/2013:07:55:01 +0700] "GET /data/images/imageForArticle/images655206_IMG_2296.jpg HTTP/1.0" 200 20952 "-" "coccoc/1.0 (http://help.coccoc.com/)"
123.30.175.79 - - [10/Feb/2013:07:55:08 +0700] "GET /data/images/imageForArticle/images655207_12.jpg HTTP/1.0" 200 23355 "-" "coccoc/1.0 (http://help.coccoc.com/)"
123.30.175.79 - - [10/Feb/2013:07:55:14 +0700] "GET /data/images/imageForArticle/images655152_chaycongchuc.jpg HTTP/1.0" 200 27644 "-" "coccoc/1.0 (http://help.coccoc.com/)"
123.30.175.79 - - [10/Feb/2013:07:55:21 +0700] "GET /data/images/imageForArticle/images655153_thicongchuc.jpg HTTP/1.0" 200 15247 "-" "coccoc/1.0 (http://help.coccoc.com/)"
123.30.175.79 - - [10/Feb/2013:07:55:27 +0700] "GET /data/images/imageForArticle/images655210_1.jpg HTTP/1.0" 200 21229 "-" "coccoc/1.0 (http://help.coccoc.com/)"
123.30.175.79 - - [10/Feb/2013:07:55:33 +0700] "GET /data/images/imageForArticle/images650301_1.jpg HTTP/1.0" 200 20109 "-" "coccoc/1.0 (http://help.coccoc.com/)"
123.30.175.79 - - [10/Feb/2013:07:55:40 +0700] "GET /data/images/imageForArticle/images650452_190911-161849.jpg HTTP/1.0" 200 20183 "-" "coccoc/1.0 (http://help.coccoc.com/)"
123.30.175.79 - - [10/Feb/2013:07:55:47 +0700] "GET /data/images/imageForArticle/images650461_IMG_05.jpg HTTP/1.0" 200 20963 "-" "coccoc/1.0 (http://help.coccoc.com/)"
123.30.175.79 - - [10/Feb/2013:07:56:02 +0700] "GET / HTTP/1.0" 200 19486 "-" "coccoc/1.0 (http://help.coccoc.com/)"
123.30.175.79 - - [10/Feb/2013:07:56:08 +0700] "GET /data/images/imageForArticle/images655206_IMG_2296.jpg HTTP/1.0" 200 20952 "-" "coccoc/1.0 (http://help.coccoc.com/)"
123.30.175.79 - - [10/Feb/2013:07:56:14 +0700] "GET /data/images/imageForArticle/images655207_12.jpg HTTP/1.0" 200 23355 "-" "coccoc/1.0 (http://help.coccoc.com/)"
123.30.175.79 - - [10/Feb/2013:07:56:21 +0700] "GET /data/images/imageForArticle/images655152_chaycongchuc.jpg HTTP/1.0" 200 27644 "-" "coccoc/1.0 (http://help.coccoc.com/)"
123.30.175.79 - - [10/Feb/2013:07:56:27 +0700] "GET /data/images/imageForArticle/images655153_thicongchuc.jpg HTTP/1.0" 200 15247 "-" "coccoc/1.0 (http://help.coccoc.com/)"
123.30.175.79 - - [10/Feb/2013:07:56:33 +0700] "GET /data/images/imageForArticle/images655210_1.jpg HTTP/1.0" 200 21229 "-" "coccoc/1.0 (http://help.coccoc.com/)"
123.30.175.79 - - [10/Feb/2013:07:56:39 +0700] "GET /data/images/imageForArticle/images650301_1.jpg HTTP/1.0" 200 20109 "-" "coccoc/1.0 (http://help.coccoc.com/)"
123.30.175.79 - - [10/Feb/2013:07:56:47 +0700] "GET /data/images/imageForArticle/images650452_190911-161849.jpg HTTP/1.0" 200 20183 "-" "coccoc/1.0 (http://help.coccoc.com/)"
123.30.175.79 - - [10/Feb/2013:07:56:54 +0700] "GET /data/images/imageForArticle/images650461_IMG_05.jpg HTTP/1.0" 200 20963 "-" "coccoc/1.0 (http://help.coccoc.com/)"
123.30.175.79 - - [10/Feb/2013:07:57:01 +0700] "GET /data/images/imageForArticle/images644469_1.jpg HTTP/1.0" 200 23658 "-" "coccoc/1.0 (http://help.coccoc.com/)"
123.30.175.81 - - [10/Feb/2013:07:57:11 +0700] "GET /data/images/imageForArticle/images644508_1.jpg HTTP/1.0" 200 22567 "-" "coccoc/1.0 (http://help.coccoc.com/)"
123.30.175.81 - - [10/Feb/2013:07:57:17 +0700] "GET /data/images/imageForArticle/images644534_IMG_8173.jpg HTTP/1.0" 200 21286 "-" "coccoc/1.0 (http://help.coccoc.com/)"
123.30.175.81 - - [10/Feb/2013:07:57:23 +0700] "GET /data/images/imageForArticle/images644522_5.jpg HTTP/1.0" 200 20013 "-" "coccoc/1.0 (http://help.coccoc.com/)"
123.30.175.81 - - [10/Feb/2013:07:57:29 +0700] "GET /data/images/imageForArticle/images644525_6.jpg HTTP/1.0" 200 22367 "-" "coccoc/1.0 (http://help.coccoc.com/)"
123.30.175.81 - - [10/Feb/2013:07:57:36 +0700] "GET /data/images/imageForArticle/images644528_7.jpg HTTP/1.0" 200 32020 "-" "coccoc/1.0 (http://help.coccoc.com/)"
123.30.175.81 - - [10/Feb/2013:07:57:43 +0700] "GET /data/images/imageForArticle/images644543_1.jpg HTTP/1.0" 200 25224 "-" "coccoc/1.0 (http://help.coccoc.com/)"
123.30.175.81 - - [10/Feb/2013:07:57:49 +0700] "GET /data/images/imageForArticle/images650427_images286959_1.jpg HTTP/1.0" 200 20804 "-" "coccoc/1.0 (http://help.coccoc.com/)"
123.30.175.81 - - [10/Feb/2013:07:57:55 +0700] "GET /data/images/imageForArticle/images650433_anh1asean.jpg HTTP/1.0" 200 19756 "-" "coccoc/1.0 (http://help.coccoc.com/)"
123.30.175.81 - - [10/Feb/2013:07:58:02 +0700] "GET /data/images/imageForArticle/images650434_anh3asean.jpg HTTP/1.0" 200 22787 "-" "coccoc/1.0 (http://help.coccoc.com/)"
123.30.175.81 - - [10/Feb/2013:07:58:08 +0700] "GET /data/images/imageForArticle/images650435_anh5asean.jpg HTTP/1.0" 200 28189 "-" "coccoc/1.0 (http://help.coccoc.com/)"
37.140.141.10 - - [10/Feb/2013:08:05:12 +0700] "GET /robots.txt HTTP/1.1" 404 278 "-" "Mozilla/5.0 (compatible; YandexBot/3.0; +http://yandex.com/bots)"
199.36.240.17 - - [10/Feb/2013:08:23:33 +0700] "GET /data/images/imageForArticle/images648839_TTQuy.jpg HTTP/1.1" 304 0 "-" "Mozilla/5.0 (compatible; YandexImages/3.0; +http://yandex.com/bots)"
199.36.240.17 - - [10/Feb/2013:08:41:28 +0700] "GET /data/images/thumb/images653798_1.jpg HTTP/1.1" 200 2939 "-" "Mozilla/5.0 (compatible; YandexImages/3.0; +http://yandex.com/bots)"
199.36.240.17 - - [10/Feb/2013:08:56:42 +0700] "GET /data/images/imageForArticle/images648213_2.jpg HTTP/1.1" 200 27974 "-" "Mozilla/5.0 (compatible; YandexImages/3.0; +http://yandex.com/bots)"
199.36.240.17 - - [10/Feb/2013:09:29:59 +0700] "GET /data/images/imageForArticle/images648317_image001.gif HTTP/1.1" 200 25653 "-" "Mozilla/5.0 (compatible; YandexImages/3.0; +http://yandex.com/bots)"
37.140.141.10 - - [10/Feb/2013:09:41:16 +0700] "GET /data/images/imageForArticle/images650979_Bang-xep-hang-1.jpg HTTP/1.1" 200 19562 "-" "Mozilla/5.0 (compatible; YandexImages/3.0; +http://yandex.com/bots)"
37.140.141.10 - - [10/Feb/2013:09:43:26 +0700] "GET / HTTP/1.1" 200 19486 "-" "Mozilla/5.0 (compatible; YandexBot/3.0; +http://yandex.com/bots)"
37.140.141.10 - - [10/Feb/2013:09:50:52 +0700] "GET /data/images/imageForArticle/images653798_1.jpg HTTP/1.1" 200 26355 "-" "Mozilla/5.0 (compatible; YandexImages/3.0; +http://yandex.com/bots)"
37.140.141.10 - - [10/Feb/2013:09:54:00 +0700] "GET /?portal=mc_web&page=articleDetail&id=481 HTTP/1.1" 200 26424 "-" "Mozilla/5.0 (compatible; YandexBot/3.0; +http://yandex.com/bots)"
199.36.240.17 - - [10/Feb/2013:09:59:33 +0700] "GET /data/images/imageForArticle/images650750_6.jpg HTTP/1.1" 304 0 "-" "Mozilla/5.0 (compatible; YandexImages/3.0; +http://yandex.com/bots)"
208.115.111.73 - - [10/Feb/2013:10:01:52 +0700] "GET /?portal=mc_web&page=DocOfClass&classID=13&cateID=3 HTTP/1.1" 200 17224 "-" "Mozilla/5.0 (compatible; Ezooms/1.0; ezooms.bot@gmail.com)"
208.115.111.73 - - [10/Feb/2013:10:02:10 +0700] "GET /?portal=mc_web&page=DocOfClass&classID=15&cateID=4 HTTP/1.1" 200 17224 "-" "Mozilla/5.0 (compatible; Ezooms/1.0; ezooms.bot@gmail.com)"
199.36.240.17 - - [10/Feb/2013:10:31:10 +0700] "GET /data/images/imageForArticle/images648212_3.jpg HTTP/1.1" 200 14911 "-" "Mozilla/5.0 (compatible; YandexImages/3.0; +http://yandex.com/bots)"
199.36.240.17 - - [10/Feb/2013:10:54:17 +0700] "GET /data/images/promotion/khamphabian.png HTTP/1.1" 200 12131 "-" "Mozilla/5.0 (compatible; YandexImages/3.0; +http://yandex.com/bots)"
199.36.240.17 - - [10/Feb/2013:11:05:16 +0700] "GET /data/images/imageForArticle/images650248_2.jpg HTTP/1.1" 304 0 "-" "Mozilla/5.0 (compatible; YandexImages/3.0; +http://yandex.com/bots)"
180.76.5.150 - - [10/Feb/2013:11:23:26 +0700] "GET /?portal=mc_web&page=articleDetail&id=374 HTTP/1.1" 200 23805 "-" "Mozilla/5.0 (compatible; Baiduspider/2.0; +http://www.baidu.com/search/spider.html)"
199.36.240.17 - - [10/Feb/2013:11:49:16 +0700] "GET /data/images/imageForArticle/images648216_9.jpg HTTP/1.1" 200 43805 "-" "Mozilla/5.0 (compatible; YandexImages/3.0; +http://yandex.com/bots)"
199.36.240.17 - - [10/Feb/2013:12:27:36 +0700] "GET /data/images/imageForArticle/images648208_3.jpg HTTP/1.1" 304 0 "-" "Mozilla/5.0 (compatible; YandexImages/3.0; +http://yandex.com/bots)"
37.140.141.10 - - [10/Feb/2013:12:31:14 +0700] "GET /?portal=mc_web&page=NewDoc HTTP/1.1" 200 22014 "-" "Mozilla/5.0 (compatible; YandexBot/3.0; +http://yandex.com/bots)"
180.76.5.48 - - [10/Feb/2013:12:41:23 +0700] "GET /?portal=mc_web&page=index HTTP/1.1" 200 19486 "-" "Mozilla/5.0 (compatible; Baiduspider/2.0; +http://www.baidu.com/search/spider.html)"
208.115.111.73 - - [10/Feb/2013:13:00:15 +0700] "GET /robots.txt HTTP/1.1" 404 274 "-" "Mozilla/5.0 (compatible; Ezooms/1.0; ezooms.bot@gmail.com)"
199.36.240.17 - - [10/Feb/2013:13:03:10 +0700] "GET /webskins/plugins/TinySlideshow/thumbnails/2.jpg HTTP/1.1" 200 8056 "-" "Mozilla/5.0 (compatible; YandexImages/3.0; +http://yandex.com/bots)"
199.36.240.17 - - [10/Feb/2013:13:04:29 +0700] "GET /data/images/imageForArticle/images649239_image001.jpg HTTP/1.1" 304 0 "-" "Mozilla/5.0 (compatible; YandexImages/3.0; +http://yandex.com/bots)"
37.140.141.10 - - [10/Feb/2013:13:08:31 +0700] "GET /data/images/imageForArticle/images648136_IMG_2249.jpg HTTP/1.1" 304 0 "-" "Mozilla/5.0 (compatible; YandexImages/3.0; +http://yandex.com/bots)"
199.36.240.17 - - [10/Feb/2013:13:39:26 +0700] "GET /data/images/thumb/images654114_1.jpg HTTP/1.1" 200 2823 "-" "Mozilla/5.0 (compatible; YandexImages/3.0; +http://yandex.com/bots)"
37.140.141.10 - - [10/Feb/2013:14:14:45 +0700] "GET /data/images/imageForArticle/images648208_3.jpg HTTP/1.1" 304 0 "-" "Mozilla/5.0 (compatible; YandexImages/3.0; +http://yandex.com/bots)"
199.36.240.17 - - [10/Feb/2013:14:15:45 +0700] "GET /data/images/imageForArticle/images650394_IMG_01.jpg HTTP/1.1" 200 32058 "-" "Mozilla/5.0 (compatible; YandexImages/3.0; +http://yandex.com/bots)"
37.140.141.10 - - [10/Feb/2013:14:33:16 +0700] "GET /robots.txt HTTP/1.1" 404 274 "-" "Mozilla/5.0 (compatible; YandexBot/3.0; +http://yandex.com/bots)"
37.140.141.10 - - [10/Feb/2013:14:33:15 +0700] "GET / HTTP/1.1" 200 19486 "-" "Mozilla/5.0 (compatible; YandexBot/3.0; MirrorDetector; +http://yandex.com/bots)"
37.140.141.10 - - [10/Feb/2013:14:33:18 +0700] "GET / HTTP/1.1" 200 19278 "-" "Mozilla/5.0 (compatible; YandexBot/3.0; MirrorDetector; +http://yandex.com/bots)"
37.140.141.10 - - [10/Feb/2013:14:33:27 +0700] "GET / HTTP/1.1" 200 19278 "-" "Mozilla/5.0 (compatible; YandexBot/3.0; MirrorDetector; +http://yandex.com/bots)"
37.140.141.10 - - [10/Feb/2013:14:33:28 +0700] "GET / HTTP/1.1" 200 19486 "-" "Mozilla/5.0 (compatible; YandexBot/3.0; MirrorDetector; +http://yandex.com/bots)"
37.140.141.10 - - [10/Feb/2013:14:40:00 +0700] "GET /data/images/thumb/images653798_1.jpg HTTP/1.1" 200 2939 "-" "Mozilla/5.0 (compatible; YandexImages/3.0; +http://yandex.com/bots)"
208.115.111.73 - - [10/Feb/2013:14:51:04 +0700] "GET /?portal=mc_web&page=DocOfClass&classID=13&cateID=3 HTTP/1.1" 200 17224 "-" "Mozilla/5.0 (compatible; Ezooms/1.0; ezooms.bot@gmail.com)"
208.115.111.73 - - [10/Feb/2013:14:52:09 +0700] "GET /?portal=mc_web&page=DocOfClass&classID=15&cateID=4 HTTP/1.1" 200 17224 "-" "Mozilla/5.0 (compatible; Ezooms/1.0; ezooms.bot@gmail.com)"
199.36.240.17 - - [10/Feb/2013:14:54:47 +0700] "GET /data/images/imageForArticle/images651193_2.jpg HTTP/1.1" 200 23540 "-" "Mozilla/5.0 (compatible; YandexImages/3.0; +http://yandex.com/bots)"
180.76.5.168 - - [10/Feb/2013:15:20:04 +0700] "GET /?portal=mc_web&page=DocOfClass&classID=2&cateID=3 HTTP/1.1" 200 17612 "-" "Mozilla/5.0 (compatible; Baiduspider/2.0; +http://www.baidu.com/search/spider.html)"
199.36.240.17 - - [10/Feb/2013:15:34:21 +0700] "GET /data/images/imageForArticle/images654450_1.jpg HTTP/1.1" 200 23918 "-" "Mozilla/5.0 (compatible; YandexImages/3.0; +http://yandex.com/bots)"
37.140.141.10 - - [10/Feb/2013:15:41:19 +0700] "GET /data/images/imageForArticle/images649507_anh1,truongDhQuangNamdon2000tanHSSV.jpg HTTP/1.1" 200 20078 "-" "Mozilla/5.0 (compatible; YandexImages/3.0; +http://yandex.com/bots)"
199.36.240.17 - - [10/Feb/2013:15:57:00 +0700] "GET /webskins/plugins/TinySlideshow/thumbnails/5.jpg HTTP/1.1" 200 8452 "-" "Mozilla/5.0 (compatible; YandexImages/3.0; +http://yandex.com/bots)"
208.115.111.73 - - [10/Feb/2013:16:06:20 +0700] "GET /robots.txt HTTP/1.1" 404 274 "-" "Mozilla/5.0 (compatible; Ezooms/1.0; ezooms.bot@gmail.com)"
199.36.240.17 - - [10/Feb/2013:16:18:39 +0700] "GET /data/images/imageForArticle/images654120_1.jpg HTTP/1.1" 200 20247 "-" "Mozilla/5.0 (compatible; YandexImages/3.0; +http://yandex.com/bots)"
37.140.141.10 - - [10/Feb/2013:16:26:11 +0700] "GET /?portal=mc_web&page=articleDetail&id=628 HTTP/1.1" 200 26111 "-" "Mozilla/5.0 (compatible; YandexBot/3.0; +http://yandex.com/bots)"
199.36.240.17 - - [10/Feb/2013:17:02:12 +0700] "GET /data/images/thumb/images653174_image001.jpg HTTP/1.1" 304 0 "-" "Mozilla/5.0 (compatible; YandexImages/3.0; +http://yandex.com/bots)"
199.36.240.17 - - [10/Feb/2013:17:40:44 +0700] "GET /data/images/imageForArticle/images648067_H_ctroM__khiengn__cv_n_uc_mchi_u.jpg HTTP/1.1" 200 19640 "-" "Mozilla/5.0 (compatible; YandexImages/3.0; +http://yandex.com/bots)"
37.140.141.10 - - [10/Feb/2013:17:53:47 +0700] "GET /?portal=mc_web&page=articleDetail&id=638 HTTP/1.1" 200 23272 "-" "Mozilla/5.0 (compatible; YandexBot/3.0; +http://yandex.com/bots)"
199.36.240.17 - - [10/Feb/2013:18:22:59 +0700] "GET /data/images/imageForArticle/images648273_IMG_2235.jpg HTTP/1.1" 200 27022 "-" "Mozilla/5.0 (compatible; YandexImages/3.0; +http://yandex.com/bots)"
37.140.141.10 - - [10/Feb/2013:18:36:12 +0700] "GET /data/images/imageForArticle/images651195_8.jpg HTTP/1.1" 200 26357 "-" "Mozilla/5.0 (compatible; YandexImages/3.0; +http://yandex.com/bots)"
1.202.218.113 - - [10/Feb/2013:19:26:38 +0700] "HEAD /?portal=mc_web&page=ClassDetail&id=50 HTTP/1.1" 200 0 "-" "Mozilla/5.0 (compatible; JikeSpider; +http://shoulu.jike.com/spider.html)"
1.202.218.116 - - [10/Feb/2013:19:26:39 +0700] "GET /?portal=mc_web&page=ClassDetail&id=50 HTTP/1.1" 200 18532 "-" "Mozilla/5.0 (compatible; JikeSpider; +http://shoulu.jike.com/spider.html)"
1.202.218.112 - - [10/Feb/2013:19:26:42 +0700] "GET /?portal=mc_web&page=listTeacher HTTP/1.1" 200 16555 "-" "Mozilla/5.0 (compatible; JikeSpider; +http://shoulu.jike.com/spider.html)"
37.140.141.10 - - [10/Feb/2013:19:49:20 +0700] "GET /?portal=mc_web&page=articleDetail&id=605 HTTP/1.1" 200 25360 "-" "Mozilla/5.0 (compatible; YandexBot/3.0; +http://yandex.com/bots)"
202.46.58.23 - - [10/Feb/2013:19:51:27 +0700] "GET /?portal=mc_web&page=articleDetail&id=624 HTTP/1.1" 200 32020 "-" "Mozilla/5.0 (Windows NT 5.1; rv:6.0.2) Gecko/20100101 Firefox/6.0.2"
202.46.62.24 - - [10/Feb/2013:19:51:27 +0700] "GET /?portal=mc_web&page=articleDetail&id=624 HTTP/1.1" 200 32256 "-" "Mozilla/5.0 (Windows NT 5.1; rv:6.0.2) Gecko/20100101 Firefox/6.0.2"
202.46.54.34 - - [10/Feb/2013:19:51:27 +0700] "GET /?portal=mc_web&page=articleDetail&id=636 HTTP/1.1" 200 26248 "-" "Mozilla/5.0 (Windows NT 5.1; rv:6.0.2) Gecko/20100101 Firefox/6.0.2"
202.46.52.28 - - [10/Feb/2013:19:51:26 +0700] "GET /?portal=mc_web&page=articleDetail&id=636 HTTP/1.1" 200 26012 "-" "Mozilla/5.0 (Windows NT 5.1; rv:6.0.2) Gecko/20100101 Firefox/6.0.2"
202.46.54.40 - - [10/Feb/2013:19:51:28 +0700] "GET /?portal=mc_web&page=articleDetail&id=181 HTTP/1.1" 200 28640 "-" "Mozilla/5.0 (Windows NT 5.1; rv:6.0.2) Gecko/20100101 Firefox/6.0.2"
202.46.57.67 - - [10/Feb/2013:19:51:28 +0700] "GET /?portal=mc_web&page=articleDetail&id=181 HTTP/1.1" 200 28860 "-" "Mozilla/5.0 (Windows NT 5.1; rv:6.0.2) Gecko/20100101 Firefox/6.0.2"
208.115.111.73 - - [10/Feb/2013:20:04:39 +0700] "GET /robots.txt HTTP/1.1" 404 278 "-" "Mozilla/5.0 (compatible; Ezooms/1.0; ezooms.bot@gmail.com)"
208.115.111.73 - - [10/Feb/2013:20:04:39 +0700] "GET /robots.txt HTTP/1.1" 404 274 "-" "Mozilla/5.0 (compatible; Ezooms/1.0; ezooms.bot@gmail.com)"
180.76.5.194 - - [10/Feb/2013:20:13:07 +0700] "GET /?portal=mc_web&page=articleDetail&id=302 HTTP/1.1" 200 45106 "-" "Mozilla/5.0 (compatible; Baiduspider/2.0; +http://www.baidu.com/search/spider.html)"
206.225.83.83 - - [10/Feb/2013:20:37:43 +0700] "GET / HTTP/1.1" 200 19486 "-" "Mozilla/4.0 (compatible; MSIE 8.0; Windows NT 6.2; Trident/4.0; SLCC2; .NET CLR 2.0.50727; .NET CLR 3.5.30729; .NET CLR 3.0.30729; Media Center PC 6.0)"
37.140.141.10 - - [10/Feb/2013:20:54:53 +0700] "GET /robots.txt HTTP/1.1" 404 278 "-" "Mozilla/5.0 (compatible; YandexBot/3.0; +http://yandex.com/bots)"
37.140.141.10 - - [10/Feb/2013:20:54:56 +0700] "GET /data/images/thumb/images654335_3hontre.jpg HTTP/1.1" 200 2342 "-" "Mozilla/5.0 (compatible; YandexImages/3.0; +http://yandex.com/bots)"
180.76.5.154 - - [10/Feb/2013:21:17:52 +0700] "GET /?portal=mc_web&page=regLearn HTTP/1.1" 200 26461 "-" "Mozilla/5.0 (compatible; Baiduspider/2.0; +http://www.baidu.com/search/spider.html)"
208.115.113.89 - - [10/Feb/2013:22:08:35 +0700] "GET /robots.txt HTTP/1.1" 404 278 "-" "Mozilla/5.0 (compatible; Ezooms/1.0; ezooms.bot@gmail.com)"
69.171.229.116 - - [10/Feb/2013:22:23:08 +0700] "GET /data/avatar/defaultimage.jpg HTTP/1.1" 200 30691 "-" "facebookexternalhit/1.0 (+http://www.facebook.com/externalhit_uatext.php)"
69.171.229.116 - - [10/Feb/2013:22:22:58 +0700] "GET /data/avatar/defaultimage.jpg HTTP/1.1" 206 30691 "-" "facebookexternalhit/1.1 (+http://www.facebook.com/externalhit_uatext.php)"
37.140.141.10 - - [10/Feb/2013:22:28:25 +0700] "GET /data/images/imageForArticle/images649747_LanhdaoSolamviec....jpg HTTP/1.1" 304 0 "-" "Mozilla/5.0 (compatible; YandexImages/3.0; +http://yandex.com/bots)"
37.140.141.10 - - [10/Feb/2013:22:48:30 +0700] "GET /webskins/plugins/TinySlideshow/thumbnails/5.jpg HTTP/1.1" 200 8452 "-" "Mozilla/5.0 (compatible; YandexImages/3.0; +http://yandex.com/bots)"
37.140.141.10 - - [10/Feb/2013:22:55:03 +0700] "GET /?portal=mc_web&page=articleDetail&id=613 HTTP/1.1" 200 43267 "-" "Mozilla/5.0 (compatible; YandexBot/3.0; +http://yandex.com/bots)"
199.36.240.17 - - [10/Feb/2013:23:08:04 +0700] "GET /robots.txt HTTP/1.1" 404 278 "-" "Mozilla/5.0 (compatible; YandexImages/3.0; +http://yandex.com/bots)"
199.36.240.17 - - [10/Feb/2013:23:10:42 +0700] "GET /robots.txt HTTP/1.1" 404 274 "-" "Mozilla/5.0 (compatible; YandexImages/3.0; +http://yandex.com/bots)"
37.140.141.10 - - [10/Feb/2013:23:23:49 +0700] "GET /data/images/thumb/images653174_image001.jpg HTTP/1.1" 304 0 "-" "Mozilla/5.0 (compatible; YandexImages/3.0; +http://yandex.com/bots)"
199.36.240.17 - - [10/Feb/2013:23:38:33 +0700] "GET /data/images/imageForArticle/images654422_nq.jpg HTTP/1.1" 200 20154 "-" "Mozilla/5.0 (compatible; YandexImages/3.0; +http://yandex.com/bots)"
