208.115.111.73 - - [11/Feb/2013:00:02:08 +0700] "GET /robots.txt HTTP/1.1" 404 274 "-" "Mozilla/5.0 (compatible; Ezooms/1.0; ezooms.bot@gmail.com)"
208.115.111.73 - - [11/Feb/2013:00:02:09 +0700] "GET /robots.txt HTTP/1.1" 404 278 "-" "Mozilla/5.0 (compatible; Ezooms/1.0; ezooms.bot@gmail.com)"
199.36.240.17 - - [11/Feb/2013:00:06:26 +0700] "GET /data/images/thumb/images654770_1.jpg HTTP/1.1" 200 3432 "-" "Mozilla/5.0 (compatible; YandexImages/3.0; +http://yandex.com/bots)"
208.115.113.89 - - [11/Feb/2013:00:15:28 +0700] "GET /?portal=mc_web&page=articleDetail&id=559 HTTP/1.1" 200 26738 "-" "Mozilla/5.0 (compatible; Ezooms/1.0; ezooms.bot@gmail.com)"
199.36.240.17 - - [11/Feb/2013:00:32:55 +0700] "GET /data/images/imageForArticle/images648323_image002.jpg HTTP/1.1" 200 21415 "-" "Mozilla/5.0 (compatible; YandexImages/3.0; +http://yandex.com/bots)"
37.140.141.10 - - [11/Feb/2013:00:53:10 +0700] "GET /data/images/thumb/images654450_1.jpg HTTP/1.1" 200 3354 "-" "Mozilla/5.0 (compatible; YandexImages/3.0; +http://yandex.com/bots)"
199.36.240.17 - - [11/Feb/2013:00:57:08 +0700] "GET /data/images/thumb/images653918_SDC14892.jpg HTTP/1.1" 200 2073 "-" "Mozilla/5.0 (compatible; YandexImages/3.0; +http://yandex.com/bots)"
199.36.240.17 - - [11/Feb/2013:01:22:07 +0700] "GET /data/images/imageForArticle/images648216_9.jpg HTTP/1.1" 200 43805 "-" "Mozilla/5.0 (compatible; YandexImages/3.0; +http://yandex.com/bots)"
199.36.240.17 - - [11/Feb/2013:01:25:56 +0700] "GET /data/images/thumb/images654676_anh1,quangngai,xaydungtruongchuanquocgia.jpg HTTP/1.1" 200 2964 "-" "Mozilla/5.0 (compatible; YandexImages/3.0; +http://yandex.com/bots)"
37.140.141.10 - - [11/Feb/2013:01:35:20 +0700] "GET /data/images/imageForArticle/images650070_1.jpg HTTP/1.1" 304 0 "-" "Mozilla/5.0 (compatible; YandexImages/3.0; +http://yandex.com/bots)"
199.36.240.17 - - [11/Feb/2013:01:49:03 +0700] "GET /data/images/imageForArticle/images651198_3.jpg HTTP/1.1" 304 0 "-" "Mozilla/5.0 (compatible; YandexImages/3.0; +http://yandex.com/bots)"
199.36.240.17 - - [11/Feb/2013:02:11:56 +0700] "GET /data/images/imageForArticle/images648082_tt4141_1.jpg HTTP/1.1" 200 32704 "-" "Mozilla/5.0 (compatible; YandexImages/3.0; +http://yandex.com/bots)"
180.76.5.177 - - [11/Feb/2013:02:40:00 +0700] "GET /?portal=mc_web&page=articleDetail&id=595 HTTP/1.1" 200 27376 "-" "Mozilla/5.0 (compatible; Baiduspider/2.0; +http://www.baidu.com/search/spider.html)"
180.76.5.7 - - [11/Feb/2013:03:24:08 +0700] "GET /?portal=mc_web&page=articleDetail&id=344 HTTP/1.1" 200 205942 "-" "Mozilla/5.0 (compatible; Baiduspider/2.0; +http://www.baidu.com/search/spider.html)"
208.115.111.73 - - [11/Feb/2013:04:09:24 +0700] "GET /robots.txt HTTP/1.1" 404 278 "-" "Mozilla/5.0 (compatible; Ezooms/1.0; ezooms.bot@gmail.com)"
208.115.111.73 - - [11/Feb/2013:04:09:24 +0700] "GET /robots.txt HTTP/1.1" 404 274 "-" "Mozilla/5.0 (compatible; Ezooms/1.0; ezooms.bot@gmail.com)"
208.115.111.73 - - [11/Feb/2013:05:57:55 +0700] "GET /?portal=mc_web&page=DocOfClass&classID=11&cateID=2 HTTP/1.1" 200 17224 "-" "Mozilla/5.0 (compatible; Ezooms/1.0; ezooms.bot@gmail.com)"
208.115.111.73 - - [11/Feb/2013:05:58:10 +0700] "GET /?portal=mc_web&page=articleDetail&id=614 HTTP/1.1" 200 30178 "-" "Mozilla/5.0 (compatible; Ezooms/1.0; ezooms.bot@gmail.com)"
208.115.111.73 - - [11/Feb/2013:05:59:21 +0700] "GET /?portal=mc_web&page=articleDetail&id=535 HTTP/1.1" 200 27336 "-" "Mozilla/5.0 (compatible; Ezooms/1.0; ezooms.bot@gmail.com)"
208.115.111.73 - - [11/Feb/2013:05:59:50 +0700] "GET /?portal=mc_web&page=articleDetail&id=615 HTTP/1.1" 200 23677 "-" "Mozilla/5.0 (compatible; Ezooms/1.0; ezooms.bot@gmail.com)"
208.115.113.89 - - [11/Feb/2013:06:11:25 +0700] "GET /robots.txt HTTP/1.1" 404 278 "-" "Mozilla/5.0 (compatible; Ezooms/1.0; ezooms.bot@gmail.com)"
199.30.16.42 - - [11/Feb/2013:07:18:02 +0700] "GET /robots.txt HTTP/1.1" 404 274 "-" "msnbot-media/1.1 (+http://search.msn.com/msnbot.htm)"
199.30.16.42 - - [11/Feb/2013:07:18:03 +0700] "GET /data/images/thumb/images655152_chaycongchuc.jpg HTTP/1.1" 200 2527 "-" "msnbot-media/1.1 (+http://search.msn.com/msnbot.htm)"
113.185.3.39 - - [11/Feb/2013:08:01:44 +0700] "GET / HTTP/1.1" 200 19278 "http://khamphabian.net/index.php?language=vi&nv=banners&op=click&id=3" "Mozilla/5.0 (Linux; U; Android 4.1.1; vi-vn; GT-N7100 Build/JRO03C) AppleWebKit/534.30 (KHTML, like Gecko) Version/4.0 Mobile Safari/534.30"
113.185.3.39 - - [11/Feb/2013:08:01:45 +0700] "GET /webskins/skins/default/main/styles/common.css HTTP/1.1" 200 45652 "http://trungtamtoan.com/" "Mozilla/5.0 (Linux; U; Android 4.1.1; vi-vn; GT-N7100 Build/JRO03C) AppleWebKit/534.30 (KHTML, like Gecko) Version/4.0 Mobile Safari/534.30"
113.185.3.39 - - [11/Feb/2013:08:01:45 +0700] "GET /webskins/skins/default/main/styles/common-ext.css HTTP/1.1" 200 1758 "http://trungtamtoan.com/" "Mozilla/5.0 (Linux; U; Android 4.1.1; vi-vn; GT-N7100 Build/JRO03C) AppleWebKit/534.30 (KHTML, like Gecko) Version/4.0 Mobile Safari/534.30"
113.185.3.39 - - [11/Feb/2013:08:01:46 +0700] "GET /webskins/skins/platform/jquery.alerts/jquery.alerts.css HTTP/1.1" 200 1329 "http://trungtamtoan.com/" "Mozilla/5.0 (Linux; U; Android 4.1.1; vi-vn; GT-N7100 Build/JRO03C) AppleWebKit/534.30 (KHTML, like Gecko) Version/4.0 Mobile Safari/534.30"
113.185.3.39 - - [11/Feb/2013:08:01:46 +0700] "GET /modules/default/frontend/DefaultHeader.js HTTP/1.1" 200 581 "http://trungtamtoan.com/" "Mozilla/5.0 (Linux; U; Android 4.1.1; vi-vn; GT-N7100 Build/JRO03C) AppleWebKit/534.30 (KHTML, like Gecko) Version/4.0 Mobile Safari/534.30"
113.185.3.39 - - [11/Feb/2013:08:01:46 +0700] "GET /modules/mcweb/MCwebNavigation.js HTTP/1.1" 200 75 "http://trungtamtoan.com/" "Mozilla/5.0 (Linux; U; Android 4.1.1; vi-vn; GT-N7100 Build/JRO03C) AppleWebKit/534.30 (KHTML, like Gecko) Version/4.0 Mobile Safari/534.30"
113.185.3.39 - - [11/Feb/2013:08:01:46 +0700] "GET /webskins/plugins/formValidator.2.2/css/validationEngine.jquery.css HTTP/1.1" 200 2320 "http://trungtamtoan.com/" "Mozilla/5.0 (Linux; U; Android 4.1.1; vi-vn; GT-N7100 Build/JRO03C) AppleWebKit/534.30 (KHTML, like Gecko) Version/4.0 Mobile Safari/534.30"
113.185.3.39 - - [11/Feb/2013:08:01:46 +0700] "GET /modules/mcweb/MClog.js HTTP/1.1" 200 248 "http://trungtamtoan.com/" "Mozilla/5.0 (Linux; U; Android 4.1.1; vi-vn; GT-N7100 Build/JRO03C) AppleWebKit/534.30 (KHTML, like Gecko) Version/4.0 Mobile Safari/534.30"
113.185.3.39 - - [11/Feb/2013:08:01:46 +0700] "GET /modules/mcweb/MCboard.js HTTP/1.1" 200 74 "http://trungtamtoan.com/" "Mozilla/5.0 (Linux; U; Android 4.1.1; vi-vn; GT-N7100 Build/JRO03C) AppleWebKit/534.30 (KHTML, like Gecko) Version/4.0 Mobile Safari/534.30"
113.185.3.39 - - [11/Feb/2013:08:01:46 +0700] "GET /webskins/plugins/TinySlideshow/compressed.js HTTP/1.1" 200 4970 "http://trungtamtoan.com/" "Mozilla/5.0 (Linux; U; Android 4.1.1; vi-vn; GT-N7100 Build/JRO03C) AppleWebKit/534.30 (KHTML, like Gecko) Version/4.0 Mobile Safari/534.30"
113.185.3.39 - - [11/Feb/2013:08:01:46 +0700] "GET /webskins/plugins/TinySlideshow/script.js HTTP/1.1" 200 5547 "http://trungtamtoan.com/" "Mozilla/5.0 (Linux; U; Android 4.1.1; vi-vn; GT-N7100 Build/JRO03C) AppleWebKit/534.30 (KHTML, like Gecko) Version/4.0 Mobile Safari/534.30"
113.185.3.39 - - [11/Feb/2013:08:01:47 +0700] "GET /webskins/plugins/TinySlideshow/style.css HTTP/1.1" 200 1622 "http://trungtamtoan.com/" "Mozilla/5.0 (Linux; U; Android 4.1.1; vi-vn; GT-N7100 Build/JRO03C) AppleWebKit/534.30 (KHTML, like Gecko) Version/4.0 Mobile Safari/534.30"
113.185.3.39 - - [11/Feb/2013:08:01:47 +0700] "GET /webskins/js/jquery.alerts.js HTTP/1.1" 200 6875 "http://trungtamtoan.com/" "Mozilla/5.0 (Linux; U; Android 4.1.1; vi-vn; GT-N7100 Build/JRO03C) AppleWebKit/534.30 (KHTML, like Gecko) Version/4.0 Mobile Safari/534.30"
113.185.3.39 - - [11/Feb/2013:08:01:47 +0700] "GET /webskins/plugins/formValidator.2.2/js/languages/jquery.validationEngine-vi2.js HTTP/1.1" 200 8408 "http://trungtamtoan.com/" "Mozilla/5.0 (Linux; U; Android 4.1.1; vi-vn; GT-N7100 Build/JRO03C) AppleWebKit/534.30 (KHTML, like Gecko) Version/4.0 Mobile Safari/534.30"
113.185.3.39 - - [11/Feb/2013:08:01:47 +0700] "GET /webskins/plugins/formValidator.2.2/js/contrib/other-validations.js HTTP/1.1" 200 968 "http://trungtamtoan.com/" "Mozilla/5.0 (Linux; U; Android 4.1.1; vi-vn; GT-N7100 Build/JRO03C) AppleWebKit/534.30 (KHTML, like Gecko) Version/4.0 Mobile Safari/534.30"
113.185.3.39 - - [11/Feb/2013:08:01:45 +0700] "GET /webskins/js/jquery-1.7.2.js HTTP/1.1" 200 252881 "http://trungtamtoan.com/" "Mozilla/5.0 (Linux; U; Android 4.1.1; vi-vn; GT-N7100 Build/JRO03C) AppleWebKit/534.30 (KHTML, like Gecko) Version/4.0 Mobile Safari/534.30"
113.185.3.39 - - [11/Feb/2013:08:01:47 +0700] "GET /webskins/plugins/formValidator.2.2/js/jquery.validationEngine.js HTTP/1.1" 200 48957 "http://trungtamtoan.com/" "Mozilla/5.0 (Linux; U; Android 4.1.1; vi-vn; GT-N7100 Build/JRO03C) AppleWebKit/534.30 (KHTML, like Gecko) Version/4.0 Mobile Safari/534.30"
113.185.3.39 - - [11/Feb/2013:08:01:48 +0700] "GET /data/avatar/mathlogo.gif HTTP/1.1" 200 7928 "http://trungtamtoan.com/" "Mozilla/5.0 (Linux; U; Android 4.1.1; vi-vn; GT-N7100 Build/JRO03C) AppleWebKit/534.30 (KHTML, like Gecko) Version/4.0 Mobile Safari/534.30"
113.185.3.39 - - [11/Feb/2013:08:01:48 +0700] "GET /webskins/skins/default/main/images/box-btm.png HTTP/1.1" 200 941 "http://trungtamtoan.com/" "Mozilla/5.0 (Linux; U; Android 4.1.1; vi-vn; GT-N7100 Build/JRO03C) AppleWebKit/534.30 (KHTML, like Gecko) Version/4.0 Mobile Safari/534.30"
113.185.3.39 - - [11/Feb/2013:08:01:48 +0700] "GET /webskins/skins/default/main/images/sidebar.png HTTP/1.1" 200 989 "http://trungtamtoan.com/" "Mozilla/5.0 (Linux; U; Android 4.1.1; vi-vn; GT-N7100 Build/JRO03C) AppleWebKit/534.30 (KHTML, like Gecko) Version/4.0 Mobile Safari/534.30"
113.185.3.39 - - [11/Feb/2013:08:01:48 +0700] "GET /webskins/skins/default/main/images/arrow_right.gif HTTP/1.1" 200 824 "http://trungtamtoan.com/" "Mozilla/5.0 (Linux; U; Android 4.1.1; vi-vn; GT-N7100 Build/JRO03C) AppleWebKit/534.30 (KHTML, like Gecko) Version/4.0 Mobile Safari/534.30"
113.185.3.39 - - [11/Feb/2013:08:01:48 +0700] "GET /data/avatar/new.gif HTTP/1.1" 200 2954 "http://trungtamtoan.com/" "Mozilla/5.0 (Linux; U; Android 4.1.1; vi-vn; GT-N7100 Build/JRO03C) AppleWebKit/534.30 (KHTML, like Gecko) Version/4.0 Mobile Safari/534.30"
113.185.3.39 - - [11/Feb/2013:08:01:49 +0700] "GET /webskins/plugins/TinySlideshow/thumbnails/2.jpg HTTP/1.1" 200 8056 "http://trungtamtoan.com/" "Mozilla/5.0 (Linux; U; Android 4.1.1; vi-vn; GT-N7100 Build/JRO03C) AppleWebKit/534.30 (KHTML, like Gecko) Version/4.0 Mobile Safari/534.30"
113.185.3.39 - - [11/Feb/2013:08:01:49 +0700] "GET /webskins/plugins/TinySlideshow/thumbnails/1.jpg HTTP/1.1" 200 7531 "http://trungtamtoan.com/" "Mozilla/5.0 (Linux; U; Android 4.1.1; vi-vn; GT-N7100 Build/JRO03C) AppleWebKit/534.30 (KHTML, like Gecko) Version/4.0 Mobile Safari/534.30"
113.185.3.39 - - [11/Feb/2013:08:01:49 +0700] "GET /webskins/plugins/TinySlideshow/thumbnails/4.jpg HTTP/1.1" 200 8127 "http://trungtamtoan.com/" "Mozilla/5.0 (Linux; U; Android 4.1.1; vi-vn; GT-N7100 Build/JRO03C) AppleWebKit/534.30 (KHTML, like Gecko) Version/4.0 Mobile Safari/534.30"
113.185.3.39 - - [11/Feb/2013:08:01:49 +0700] "GET /webskins/plugins/TinySlideshow/thumbnails/5.jpg HTTP/1.1" 200 8452 "http://trungtamtoan.com/" "Mozilla/5.0 (Linux; U; Android 4.1.1; vi-vn; GT-N7100 Build/JRO03C) AppleWebKit/534.30 (KHTML, like Gecko) Version/4.0 Mobile Safari/534.30"
113.185.3.39 - - [11/Feb/2013:08:01:49 +0700] "GET /data/images/promotion/ads1.png HTTP/1.1" 200 58888 "http://trungtamtoan.com/" "Mozilla/5.0 (Linux; U; Android 4.1.1; vi-vn; GT-N7100 Build/JRO03C) AppleWebKit/534.30 (KHTML, like Gecko) Version/4.0 Mobile Safari/534.30"
113.185.3.39 - - [11/Feb/2013:08:01:49 +0700] "GET /webskins/plugins/TinySlideshow/thumbnails/3.jpg HTTP/1.1" 200 28442 "http://trungtamtoan.com/" "Mozilla/5.0 (Linux; U; Android 4.1.1; vi-vn; GT-N7100 Build/JRO03C) AppleWebKit/534.30 (KHTML, like Gecko) Version/4.0 Mobile Safari/534.30"
157.55.32.62 - - [11/Feb/2013:08:15:37 +0700] "GET /robots.txt HTTP/1.1" 404 274 "-" "Mozilla/5.0 (compatible; bingbot/2.0; +http://www.bing.com/bingbot.htm)"
157.55.32.62 - - [11/Feb/2013:08:17:23 +0700] "GET / HTTP/1.1" 200 19278 "-" "Mozilla/5.0 (compatible; bingbot/2.0; +http://www.bing.com/bingbot.htm)"
180.76.5.147 - - [11/Feb/2013:08:54:38 +0700] "GET /?portal=mc_web&page=DocDetail&id=149 HTTP/1.1" 200 23189 "-" "Mozilla/5.0 (compatible; Baiduspider/2.0; +http://www.baidu.com/search/spider.html)"
180.76.6.227 - - [11/Feb/2013:09:51:22 +0700] "GET /?portal=mc_web&page=articleDetail&id=396 HTTP/1.1" 200 37371 "-" "Mozilla/5.0 (compatible; Baiduspider/2.0; +http://www.baidu.com/search/spider.html)"
199.30.16.50 - - [11/Feb/2013:09:59:07 +0700] "GET /robots.txt HTTP/1.1" 404 274 "-" "msnbot-media/1.1 (+http://search.msn.com/msnbot.htm)"
199.30.16.50 - - [11/Feb/2013:09:59:08 +0700] "GET /data/images/thumb/admin_1344779425.gif HTTP/1.1" 200 2595 "-" "msnbot-media/1.1 (+http://search.msn.com/msnbot.htm)"
208.115.111.73 - - [11/Feb/2013:10:00:42 +0700] "GET /?portal=mc_web&page=articleDetail&id=306 HTTP/1.1" 200 23306 "-" "Mozilla/5.0 (compatible; Ezooms/1.0; ezooms.bot@gmail.com)"
208.115.111.73 - - [11/Feb/2013:10:00:46 +0700] "GET /?portal=mc_web&page=articleDetail&id=504 HTTP/1.1" 200 21844 "-" "Mozilla/5.0 (compatible; Ezooms/1.0; ezooms.bot@gmail.com)"
208.115.111.73 - - [11/Feb/2013:10:00:50 +0700] "GET /?portal=mc_web&page=DocOfClass&classID=3&cateID=3 HTTP/1.1" 200 17224 "-" "Mozilla/5.0 (compatible; Ezooms/1.0; ezooms.bot@gmail.com)"
208.115.111.73 - - [11/Feb/2013:10:00:51 +0700] "GET /?portal=mc_web&page=articleDetail&id=642 HTTP/1.1" 200 21889 "-" "Mozilla/5.0 (compatible; Ezooms/1.0; ezooms.bot@gmail.com)"
208.115.111.73 - - [11/Feb/2013:10:00:51 +0700] "GET /?portal=mc_web&page=DocOfClass&classID=15&cateID=2 HTTP/1.1" 200 17224 "-" "Mozilla/5.0 (compatible; Ezooms/1.0; ezooms.bot@gmail.com)"
208.115.111.73 - - [11/Feb/2013:10:01:01 +0700] "GET /?portal=mc_web&page=articleDetail&id=625 HTTP/1.1" 200 27591 "-" "Mozilla/5.0 (compatible; Ezooms/1.0; ezooms.bot@gmail.com)"
208.115.111.73 - - [11/Feb/2013:10:01:06 +0700] "GET /?portal=mc_web&page=index HTTP/1.1" 200 19278 "-" "Mozilla/5.0 (compatible; Ezooms/1.0; ezooms.bot@gmail.com)"
37.140.141.10 - - [11/Feb/2013:10:17:28 +0700] "GET /robots.txt HTTP/1.1" 404 278 "-" "Mozilla/5.0 (compatible; YandexBot/3.0; +http://yandex.com/bots)"
199.36.240.17 - - [11/Feb/2013:10:23:59 +0700] "GET /data/images/imageForArticle/images650349_DSC_2243.jpg HTTP/1.1" 304 0 "-" "Mozilla/5.0 (compatible; YandexImages/3.0; +http://yandex.com/bots)"
37.140.141.10 - - [11/Feb/2013:10:28:57 +0700] "GET /data/images/imageForArticle/images654422_nq.jpg HTTP/1.1" 200 20154 "-" "Mozilla/5.0 (compatible; YandexImages/3.0; +http://yandex.com/bots)"
118.70.248.17 - - [11/Feb/2013:10:37:53 +0700] "GET /data/images/thumb//images656664_y.jpg HTTP/1.1" 304 0 "-" "Mozilla/4.0 (compatible;)"
199.36.240.17 - - [11/Feb/2013:10:48:01 +0700] "GET /data/images/imageForArticle/images648317_image001.gif HTTP/1.1" 200 25653 "-" "Mozilla/5.0 (compatible; YandexImages/3.0; +http://yandex.com/bots)"
199.36.240.17 - - [11/Feb/2013:11:14:32 +0700] "GET /data/images/imageForArticle/images650056_image008.jpg HTTP/1.1" 304 0 "-" "Mozilla/5.0 (compatible; YandexImages/3.0; +http://yandex.com/bots)"
180.76.5.54 - - [11/Feb/2013:11:18:38 +0700] "GET /?portal=mc_web&page=articleDetail&id=246 HTTP/1.1" 200 22373 "-" "Mozilla/5.0 (compatible; Baiduspider/2.0; +http://www.baidu.com/search/spider.html)"
37.140.141.10 - - [11/Feb/2013:11:19:12 +0700] "GET /data/images/imageForArticle/images648212_3.jpg HTTP/1.1" 200 14911 "-" "Mozilla/5.0 (compatible; YandexImages/3.0; +http://yandex.com/bots)"
37.140.141.10 - - [11/Feb/2013:11:22:06 +0700] "GET /data/images/imageForArticle/images648216_9.jpg HTTP/1.1" 200 43805 "-" "Mozilla/5.0 (compatible; YandexImages/3.0; +http://yandex.com/bots)"
199.36.240.17 - - [11/Feb/2013:11:46:08 +0700] "GET /data/images/imageForArticle/images650697_91edatduocmuctieudoimoigiaoducDH.jpg HTTP/1.1" 200 22957 "-" "Mozilla/5.0 (compatible; YandexImages/3.0; +http://yandex.com/bots)"
37.140.141.10 - - [11/Feb/2013:11:49:27 +0700] "GET /?portal=mc_web&page=listTeacher HTTP/1.1" 200 16751 "-" "Mozilla/5.0 (compatible; YandexBot/3.0; +http://yandex.com/bots)"
37.140.141.10 - - [11/Feb/2013:11:55:10 +0700] "GET /data/images/imageForArticle/images650105_IMG_4500.jpg HTTP/1.1" 304 0 "-" "Mozilla/5.0 (compatible; YandexImages/3.0; +http://yandex.com/bots)"
37.140.141.10 - - [11/Feb/2013:12:02:05 +0700] "GET /?portal=mc_web&page=intro HTTP/1.1" 200 19502 "-" "Mozilla/5.0 (compatible; YandexBot/3.0; +http://yandex.com/bots)"
208.115.111.73 - - [11/Feb/2013:12:02:19 +0700] "GET /robots.txt HTTP/1.1" 404 278 "-" "Mozilla/5.0 (compatible; Ezooms/1.0; ezooms.bot@gmail.com)"
180.76.5.177 - - [11/Feb/2013:12:15:11 +0700] "GET /?portal=mc_web&page=articleDetail&id=207 HTTP/1.1" 200 29102 "-" "Mozilla/5.0 (compatible; Baiduspider/2.0; +http://www.baidu.com/search/spider.html)"
199.36.240.17 - - [11/Feb/2013:12:17:09 +0700] "GET /data/images/imageForArticle/images648077_1.jpg HTTP/1.1" 200 20252 "-" "Mozilla/5.0 (compatible; YandexImages/3.0; +http://yandex.com/bots)"
199.36.240.17 - - [11/Feb/2013:12:20:06 +0700] "GET /webskins/plugins/TinySlideshow/thumbnails/5.jpg HTTP/1.1" 200 8452 "-" "Mozilla/5.0 (compatible; YandexImages/3.0; +http://yandex.com/bots)"
199.36.240.17 - - [11/Feb/2013:12:47:13 +0700] "GET /data/images/imageForArticle/images654132_image003.jpg HTTP/1.1" 200 24793 "-" "Mozilla/5.0 (compatible; YandexImages/3.0; +http://yandex.com/bots)"
199.30.20.22 - - [11/Feb/2013:12:48:53 +0700] "GET /robots.txt HTTP/1.1" 404 274 "-" "msnbot-media/1.1 (+http://search.msn.com/msnbot.htm)"
199.30.20.22 - - [11/Feb/2013:12:48:54 +0700] "GET /data/images/thumb/images655210_1.jpg HTTP/1.1" 200 3166 "-" "msnbot-media/1.1 (+http://search.msn.com/msnbot.htm)"
1.202.218.110 - - [11/Feb/2013:12:56:58 +0700] "GET /robots.txt HTTP/1.1" 404 274 "-" "Mozilla/5.0 ()"
180.76.5.53 - - [11/Feb/2013:12:58:06 +0700] "GET /?portal=mc_web&page=DocOfClass&classID=15&cateID=4 HTTP/1.1" 200 17224 "-" "Mozilla/5.0 (compatible; Baiduspider/2.0; +http://www.baidu.com/search/spider.html)"
37.140.141.10 - - [11/Feb/2013:13:10:18 +0700] "GET /?portal=mc_web&page=index HTTP/1.1" 200 19486 "-" "Mozilla/5.0 (compatible; YandexBot/3.0; +http://yandex.com/bots)"
199.36.240.17 - - [11/Feb/2013:13:21:11 +0700] "GET /data/images/imageForArticle/images650708_1.jpg HTTP/1.1" 304 0 "-" "Mozilla/5.0 (compatible; YandexImages/3.0; +http://yandex.com/bots)"
37.140.141.10 - - [11/Feb/2013:13:42:17 +0700] "GET /data/images/imageForArticle/images650697_91edatduocmuctieudoimoigiaoducDH.jpg HTTP/1.1" 200 22957 "-" "Mozilla/5.0 (compatible; YandexImages/3.0; +http://yandex.com/bots)"
37.140.141.10 - - [11/Feb/2013:13:42:18 +0700] "GET /?portal=mc_web&page=resetPassword HTTP/1.1" 200 16221 "-" "Mozilla/5.0 (compatible; YandexBot/3.0; +http://yandex.com/bots)"
37.140.141.10 - - [11/Feb/2013:13:50:50 +0700] "GET /data/images/imageForArticle/images654132_image003.jpg HTTP/1.1" 200 24793 "-" "Mozilla/5.0 (compatible; YandexImages/3.0; +http://yandex.com/bots)"
199.36.240.17 - - [11/Feb/2013:13:53:00 +0700] "GET /data/images/imageForArticle/images649707_LekhaigiangnamhocmoioCanCauSiMaCai.jpg HTTP/1.1" 304 0 "-" "Mozilla/5.0 (compatible; YandexImages/3.0; +http://yandex.com/bots)"
37.140.141.10 - - [11/Feb/2013:14:04:11 +0700] "GET / HTTP/1.1" 200 19486 "-" "Mozilla/5.0 (compatible; YandexBot/3.0; +http://yandex.com/bots)"
208.115.113.89 - - [11/Feb/2013:14:11:29 +0700] "GET /robots.txt HTTP/1.1" 404 278 "-" "Mozilla/5.0 (compatible; Ezooms/1.0; ezooms.bot@gmail.com)"
199.36.240.17 - - [11/Feb/2013:14:24:17 +0700] "GET /data/images/imageForArticle/images649828_IMG_2850.jpg HTTP/1.1" 304 0 "-" "Mozilla/5.0 (compatible; YandexImages/3.0; +http://yandex.com/bots)"
spider-37-140-141-10.yandex.com - - [11/Feb/2013:14:46:40 +0700] "GET /robots.txt HTTP/1.1" 404 274 "-" "Mozilla/5.0 (compatible; YandexBot/3.0; +http://yandex.com/bots)"
37.140.141.10 - - [11/Feb/2013:14:46:43 +0700] "GET /data/images/imageForArticle/images651177_nss_1290064554.jpg HTTP/1.1" 200 25069 "-" "Mozilla/5.0 (compatible; YandexImages/3.0; +http://yandex.com/bots)"
65.55.215.41 - - [11/Feb/2013:14:55:49 +0700] "GET /robots.txt HTTP/1.1" 404 274 "-" "msnbot-media/1.1 (+http://search.msn.com/msnbot.htm)"
65.55.215.41 - - [11/Feb/2013:14:55:52 +0700] "GET /data/images/thumb/a41d3d7c-f173-4889-b34b-df39659a38e7_220px-Pi_pie2.jpg HTTP/1.1" 200 3320 "-" "msnbot-media/1.1 (+http://search.msn.com/msnbot.htm)"
118.70.248.17 - - [11/Feb/2013:14:56:53 +0700] "GET /data/images/thumb//images650301_1.jpg HTTP/1.1" 304 0 "-" "Mozilla/4.0 (compatible;)"
199.36.240.17 - - [11/Feb/2013:15:00:26 +0700] "GET /data/images/imageForArticle/images648138_IMG_2244.jpg HTTP/1.1" 304 0 "-" "Mozilla/5.0 (compatible; YandexImages/3.0; +http://yandex.com/bots)"
199.36.240.17 - - [11/Feb/2013:15:34:48 +0700] "GET /data/images/imageForArticle/images648203_1.jpg HTTP/1.1" 200 21523 "-" "Mozilla/5.0 (compatible; YandexImages/3.0; +http://yandex.com/bots)"
37.140.141.10 - - [11/Feb/2013:15:43:51 +0700] "GET /data/images/thumb/images654450_1.jpg HTTP/1.1" 200 3354 "-" "Mozilla/5.0 (compatible; YandexImages/3.0; +http://yandex.com/bots)"
37.140.141.10 - - [11/Feb/2013:15:56:26 +0700] "GET /?portal=mc_web&page=index HTTP/1.1" 200 19278 "-" "Mozilla/5.0 (compatible; YandexBot/3.0; +http://yandex.com/bots)"
199.36.240.17 - - [11/Feb/2013:16:08:24 +0700] "GET /data/images/imageForArticle/images651867_image001_resize.jpg HTTP/1.1" 304 0 "-" "Mozilla/5.0 (compatible; YandexImages/3.0; +http://yandex.com/bots)"
208.115.113.89 - - [11/Feb/2013:16:14:47 +0700] "GET /?portal=mc_web&page=articleDetail&id=601 HTTP/1.1" 200 33965 "-" "Mozilla/5.0 (compatible; Ezooms/1.0; ezooms.bot@gmail.com)"
199.36.240.17 - - [11/Feb/2013:16:24:29 +0700] "GET /data/avatar/new.gif HTTP/1.1" 200 2954 "-" "Mozilla/5.0 (compatible; YandexImages/3.0; +http://yandex.com/bots)"
199.36.240.17 - - [11/Feb/2013:16:44:36 +0700] "GET /data/avatar/thumb/arrow_right.gif HTTP/1.1" 200 824 "-" "Mozilla/5.0 (compatible; YandexImages/3.0; +http://yandex.com/bots)"
37.140.141.10 - - [11/Feb/2013:17:04:08 +0700] "GET /?portal=mc_web&page=listTeacherb HTTP/1.1" 200 16546 "-" "Mozilla/5.0 (compatible; YandexBot/3.0; +http://yandex.com/bots)"
199.36.240.17 - - [11/Feb/2013:17:16:27 +0700] "GET /data/images/imageForArticle/images650242_ThutruongBoGD-DTTranQuangQuytraoHuanchuongDoclaphangNhatchohieutruongtruongDHBachKhoaTP.HCM.jpg HTTP/1.1" 304 0 "-" "Mozilla/5.0 (compatible; YandexImages/3.0; +http://yandex.com/bots)"
37.140.141.10 - - [11/Feb/2013:17:22:23 +0700] "GET /data/images/imageForArticle/images648486_IMG_1557.jpg HTTP/1.1" 200 22930 "-" "Mozilla/5.0 (compatible; YandexImages/3.0; +http://yandex.com/bots)"
37.140.141.10 - - [11/Feb/2013:17:26:07 +0700] "GET /data/images/thumb/a41d3d7c-f173-4889-b34b-df39659a38e7_220px-Pi_pie2.jpg HTTP/1.1" 200 3320 "-" "Mozilla/5.0 (compatible; YandexImages/3.0; +http://yandex.com/bots)"
199.36.240.17 - - [11/Feb/2013:17:49:13 +0700] "GET /data/images/imageForArticle/images648275_IMG_2242.jpg HTTP/1.1" 304 0 "-" "Mozilla/5.0 (compatible; YandexImages/3.0; +http://yandex.com/bots)"
37.140.141.10 - - [11/Feb/2013:17:49:47 +0700] "GET /data/images/imageForArticle/images648214_1.jpg HTTP/1.1" 304 0 "-" "Mozilla/5.0 (compatible; YandexImages/3.0; +http://yandex.com/bots)"
208.115.111.73 - - [11/Feb/2013:18:00:44 +0700] "GET /?portal=mc_web&page=DocOfClass&classID=13&cateID=4 HTTP/1.1" 200 17612 "-" "Mozilla/5.0 (compatible; Ezooms/1.0; ezooms.bot@gmail.com)"
208.115.111.73 - - [11/Feb/2013:18:00:52 +0700] "GET /?portal=mc_web&page=DocOfClass&classID=5&cateID=1 HTTP/1.1" 200 17612 "-" "Mozilla/5.0 (compatible; Ezooms/1.0; ezooms.bot@gmail.com)"
208.115.113.89 - - [11/Feb/2013:18:06:59 +0700] "GET /robots.txt HTTP/1.1" 404 278 "-" "Mozilla/5.0 (compatible; Ezooms/1.0; ezooms.bot@gmail.com)"
199.36.240.17 - - [11/Feb/2013:18:23:14 +0700] "GET /data/images/imageForArticle/images649515_anh_3-_Hieu_truong_Hoang_Ngoc_Quy_trao_giay_khen,_phan_thuong_cho_giang_vien_va_sinh_vien_doat_giai-Copy.jpg HTTP/1.1" 304 0 "-" "Mozilla/5.0 (compatible; YandexImages/3.0; +http://yandex.com/bots)"
37.140.141.10 - - [11/Feb/2013:18:52:42 +0700] "GET /?portal=mc_web&page=articleDetail&id=643 HTTP/1.1" 200 21935 "-" "Mozilla/5.0 (compatible; YandexBot/3.0; +http://yandex.com/bots)"
178.255.215.66 - - [11/Feb/2013:18:53:09 +0700] "GET /?portal=mc_web&page=articleDetail&id=456 HTTP/1.1" 200 21981 "-" "Mozilla/5.0 (compatible; Exabot/3.0; +http://www.exabot.com/go/robot)"
199.36.240.17 - - [11/Feb/2013:18:56:40 +0700] "GET /data/images/imageForArticle/images648877_images447437_sinh-vien.jpg HTTP/1.1" 200 28989 "-" "Mozilla/5.0 (compatible; YandexImages/3.0; +http://yandex.com/bots)"
199.36.240.17 - - [11/Feb/2013:19:27:56 +0700] "GET /data/images/imageForArticle/images648136_IMG_2249.jpg HTTP/1.1" 304 0 "-" "Mozilla/5.0 (compatible; YandexImages/3.0; +http://yandex.com/bots)"
178.255.215.66 - - [11/Feb/2013:19:40:52 +0700] "GET /?portal=mc_web&page=articleDetail&id=458 HTTP/1.1" 200 23874 "-" "Mozilla/5.0 (compatible; Exabot/3.0; +http://www.exabot.com/go/robot)"
180.76.5.88 - - [11/Feb/2013:19:42:06 +0700] "GET /?portal=mc_web&page=articleDetail&id=352 HTTP/1.1" 200 26020 "-" "Mozilla/5.0 (compatible; Baiduspider/2.0; +http://www.baidu.com/search/spider.html)"
37.140.141.10 - - [11/Feb/2013:19:55:44 +0700] "GET /?portal=mc_web&page=articleDetail&id=645 HTTP/1.1" 200 21500 "-" "Mozilla/5.0 (compatible; YandexBot/3.0; +http://yandex.com/bots)"
199.36.240.17 - - [11/Feb/2013:20:01:14 +0700] "GET /data/images/imageForArticle/images648081_1260182.jpg HTTP/1.1" 304 0 "-" "Mozilla/5.0 (compatible; YandexImages/3.0; +http://yandex.com/bots)"
199.36.240.17 - - [11/Feb/2013:20:33:48 +0700] "GET /data/images/imageForArticle/images652085_Loathanh.jpg HTTP/1.1" 304 0 "-" "Mozilla/5.0 (compatible; YandexImages/3.0; +http://yandex.com/bots)"
199.36.240.17 - - [11/Feb/2013:20:43:16 +0700] "GET /webskins/plugins/TinySlideshow/thumbnails/2.jpg HTTP/1.1" 200 8056 "-" "Mozilla/5.0 (compatible; YandexImages/3.0; +http://yandex.com/bots)"
37.140.141.10 - - [11/Feb/2013:21:00:23 +0700] "GET /?portal=mc_web&page=articleDetail&id=610 HTTP/1.1" 200 27395 "-" "Mozilla/5.0 (compatible; YandexBot/3.0; +http://yandex.com/bots)"
199.36.240.17 - - [11/Feb/2013:21:08:47 +0700] "GET /data/images/imageForArticle/images651195_8.jpg HTTP/1.1" 200 26357 "-" "Mozilla/5.0 (compatible; YandexImages/3.0; +http://yandex.com/bots)"
199.36.240.17 - - [11/Feb/2013:21:57:24 +0700] "GET /data/images/imageForArticle/images649891_H_1.jpga.jpg HTTP/1.1" 304 0 "-" "Mozilla/5.0 (compatible; YandexImages/3.0; +http://yandex.com/bots)"
37.140.141.10 - - [11/Feb/2013:22:04:17 +0700] "GET /?portal=mc_web&page=articleDetail&id=644 HTTP/1.1" 200 31407 "-" "Mozilla/5.0 (compatible; YandexBot/3.0; +http://yandex.com/bots)"
37.140.141.10 - - [11/Feb/2013:22:17:23 +0700] "GET /robots.txt HTTP/1.1" 404 278 "-" "Mozilla/5.0 (compatible; YandexBot/3.0; +http://yandex.com/bots)"
199.36.240.17 - - [11/Feb/2013:22:38:18 +0700] "GET /data/images/thumb/images654776_image003.jpg HTTP/1.1" 200 3136 "-" "Mozilla/5.0 (compatible; YandexImages/3.0; +http://yandex.com/bots)"
37.140.141.10 - - [11/Feb/2013:23:13:14 +0700] "GET /?portal=mc_web&page=articleDetail&id=612 HTTP/1.1" 200 31846 "-" "Mozilla/5.0 (compatible; YandexBot/3.0; +http://yandex.com/bots)"
199.36.240.17 - - [11/Feb/2013:23:25:07 +0700] "GET /robots.txt HTTP/1.1" 404 274 "-" "Mozilla/5.0 (compatible; YandexImages/3.0; +http://yandex.com/bots)"
180.76.5.100 - - [11/Feb/2013:23:31:53 +0700] "GET /?portal=mc_web&page=NewDoc&page_no=3 HTTP/1.1" 200 22628 "-" "Mozilla/5.0 (compatible; Baiduspider/2.0; +http://www.baidu.com/search/spider.html)"
37.140.141.10 - - [11/Feb/2013:23:34:27 +0700] "GET /?portal=mc_web&page=articleDetail&id=618 HTTP/1.1" 200 27139 "-" "Mozilla/5.0 (compatible; YandexBot/3.0; +http://yandex.com/bots)"
