199.36.240.17 - - [12/Feb/2013:00:11:46 +0700] "GET /data/images/thumb/images654656_IMG_5467_resize.jpg HTTP/1.1" 200 2467 "-" "Mozilla/5.0 (compatible; YandexImages/3.0; +http://yandex.com/bots)"
37.140.141.10 - - [12/Feb/2013:00:49:55 +0700] "GET /?portal=mc_web&page=articleDetail&id=313 HTTP/1.1" 200 51631 "-" "Mozilla/5.0 (compatible; YandexBot/3.0; +http://yandex.com/bots)"
199.36.240.17 - - [12/Feb/2013:00:56:49 +0700] "GET /data/images/imageForArticle/images648273_IMG_2235.jpg HTTP/1.1" 200 27022 "-" "Mozilla/5.0 (compatible; YandexImages/3.0; +http://yandex.com/bots)"
199.36.240.17 - - [12/Feb/2013:01:45:57 +0700] "GET /data/images/thumb/images654819_Anh_1.jpg HTTP/1.1" 200 2545 "-" "Mozilla/5.0 (compatible; YandexImages/3.0; +http://yandex.com/bots)"
101.226.167.196 - - [12/Feb/2013:01:53:28 +0700] "GET /?name=20120922/admin_1348309599.pdf&page=Download&portal=mc_web HTTP/1.1" 200 123235 "http://trungtamtoan.com/?name=20120922/admin_1348309599.pdf&page=Download&portal=mc_web" "Mozilla/4.0 (compatible; MSIE 8.0; Windows NT 6.1; Trident/4.0; SLCC2; .NET CLR 2.0.50727; .NET CLR 3.5.30729; .NET CLR 3.0.30729; Media Center PC 6.0; MDDR; .NET4.0C; .NET4.0E; .NET CLR 1.1.4322; Tablet PC 2.0); 360Spider"
101.226.167.196 - - [12/Feb/2013:01:53:29 +0700] "GET /?id=80&page=DocDetail&portal=mc_web HTTP/1.1" 200 21338 "http://trungtamtoan.com/?id=80&page=DocDetail&portal=mc_web" "Mozilla/4.0 (compatible; MSIE 8.0; Windows NT 6.1; Trident/4.0; SLCC2; .NET CLR 2.0.50727; .NET CLR 3.5.30729; .NET CLR 3.0.30729; Media Center PC 6.0; MDDR; .NET4.0C; .NET4.0E; .NET CLR 1.1.4322; Tablet PC 2.0); 360Spider"
101.226.167.196 - - [12/Feb/2013:01:53:35 +0700] "GET /?id=94&page=DocDetail&portal=mc_web HTTP/1.1" 200 21834 "http://trungtamtoan.com/?id=94&page=DocDetail&portal=mc_web" "Mozilla/4.0 (compatible; MSIE 8.0; Windows NT 6.1; Trident/4.0; SLCC2; .NET CLR 2.0.50727; .NET CLR 3.5.30729; .NET CLR 3.0.30729; Media Center PC 6.0; MDDR; .NET4.0C; .NET4.0E; .NET CLR 1.1.4322; Tablet PC 2.0); 360Spider"
101.226.167.196 - - [12/Feb/2013:01:53:51 +0700] "GET /?name=20120922/admin_1348309876.pdf&page=Download&portal=mc_web HTTP/1.1" 200 223804 "http://trungtamtoan.com/?name=20120922/admin_1348309876.pdf&page=Download&portal=mc_web" "Mozilla/4.0 (compatible; MSIE 8.0; Windows NT 6.1; Trident/4.0; SLCC2; .NET CLR 2.0.50727; .NET CLR 3.5.30729; .NET CLR 3.0.30729; Media Center PC 6.0; MDDR; .NET4.0C; .NET4.0E; .NET CLR 1.1.4322; Tablet PC 2.0); 360Spider"
101.226.169.207 - - [12/Feb/2013:01:58:06 +0700] "GET /?id=120&page=DocDetail&portal=mc_web HTTP/1.1" 200 22755 "http://trungtamtoan.com/?id=120&page=DocDetail&portal=mc_web" "Mozilla/4.0 (compatible; MSIE 8.0; Windows NT 6.1; Trident/4.0; SLCC2; .NET CLR 2.0.50727; .NET CLR 3.5.30729; .NET CLR 3.0.30729; Media Center PC 6.0; MDDR; .NET4.0C; .NET4.0E; .NET CLR 1.1.4322; Tablet PC 2.0); 360Spider"
101.226.169.213 - - [12/Feb/2013:01:58:06 +0700] "GET /?id=121&page=DocDetail&portal=mc_web HTTP/1.1" 200 22745 "http://trungtamtoan.com/?id=121&page=DocDetail&portal=mc_web" "Mozilla/4.0 (compatible; MSIE 8.0; Windows NT 6.1; Trident/4.0; SLCC2; .NET CLR 2.0.50727; .NET CLR 3.5.30729; .NET CLR 3.0.30729; Media Center PC 6.0; MDDR; .NET4.0C; .NET4.0E; .NET CLR 1.1.4322; Tablet PC 2.0); 360Spider"
101.226.169.208 - - [12/Feb/2013:01:58:16 +0700] "GET /?id=123&page=DocDetail&portal=mc_web HTTP/1.1" 200 22745 "http://trungtamtoan.com/?id=123&page=DocDetail&portal=mc_web" "Mozilla/4.0 (compatible; MSIE 8.0; Windows NT 6.1; Trident/4.0; SLCC2; .NET CLR 2.0.50727; .NET CLR 3.5.30729; .NET CLR 3.0.30729; Media Center PC 6.0; MDDR; .NET4.0C; .NET4.0E; .NET CLR 1.1.4322; Tablet PC 2.0); 360Spider"
101.226.169.207 - - [12/Feb/2013:01:58:16 +0700] "GET /?id=122&page=DocDetail&portal=mc_web HTTP/1.1" 200 22755 "http://trungtamtoan.com/?id=122&page=DocDetail&portal=mc_web" "Mozilla/4.0 (compatible; MSIE 8.0; Windows NT 6.1; Trident/4.0; SLCC2; .NET CLR 2.0.50727; .NET CLR 3.5.30729; .NET CLR 3.0.30729; Media Center PC 6.0; MDDR; .NET4.0C; .NET4.0E; .NET CLR 1.1.4322; Tablet PC 2.0); 360Spider"
101.226.169.209 - - [12/Feb/2013:01:58:16 +0700] "GET /?id=124&page=DocDetail&portal=mc_web HTTP/1.1" 200 22755 "http://trungtamtoan.com/?id=124&page=DocDetail&portal=mc_web" "Mozilla/4.0 (compatible; MSIE 8.0; Windows NT 6.1; Trident/4.0; SLCC2; .NET CLR 2.0.50727; .NET CLR 3.5.30729; .NET CLR 3.0.30729; Media Center PC 6.0; MDDR; .NET4.0C; .NET4.0E; .NET CLR 1.1.4322; Tablet PC 2.0); 360Spider"
101.226.169.208 - - [12/Feb/2013:01:58:26 +0700] "GET /?name=20120922/admin_1348309904.pdf&page=Download&portal=mc_web HTTP/1.1" 200 263949 "http://trungtamtoan.com/?name=20120922/admin_1348309904.pdf&page=Download&portal=mc_web" "Mozilla/4.0 (compatible; MSIE 8.0; Windows NT 6.1; Trident/4.0; SLCC2; .NET CLR 2.0.50727; .NET CLR 3.5.30729; .NET CLR 3.0.30729; Media Center PC 6.0; MDDR; .NET4.0C; .NET4.0E; .NET CLR 1.1.4322; Tablet PC 2.0); 360Spider"
101.226.169.207 - - [12/Feb/2013:01:58:26 +0700] "GET /?id=125&page=DocDetail&portal=mc_web HTTP/1.1" 200 22745 "http://trungtamtoan.com/?id=125&page=DocDetail&portal=mc_web" "Mozilla/4.0 (compatible; MSIE 8.0; Windows NT 6.1; Trident/4.0; SLCC2; .NET CLR 2.0.50727; .NET CLR 3.5.30729; .NET CLR 3.0.30729; Media Center PC 6.0; MDDR; .NET4.0C; .NET4.0E; .NET CLR 1.1.4322; Tablet PC 2.0); 360Spider"
101.226.169.213 - - [12/Feb/2013:01:58:36 +0700] "GET /?id=126&page=DocDetail&portal=mc_web HTTP/1.1" 200 22755 "http://trungtamtoan.com/?id=126&page=DocDetail&portal=mc_web" "Mozilla/4.0 (compatible; MSIE 8.0; Windows NT 6.1; Trident/4.0; SLCC2; .NET CLR 2.0.50727; .NET CLR 3.5.30729; .NET CLR 3.0.30729; Media Center PC 6.0; MDDR; .NET4.0C; .NET4.0E; .NET CLR 1.1.4322; Tablet PC 2.0); 360Spider"
101.226.169.208 - - [12/Feb/2013:01:58:36 +0700] "GET /?name=20120922/admin_1348310132.pdf&page=Download&portal=mc_web HTTP/1.1" 200 215614 "http://trungtamtoan.com/?name=20120922/admin_1348310132.pdf&page=Download&portal=mc_web" "Mozilla/4.0 (compatible; MSIE 8.0; Windows NT 6.1; Trident/4.0; SLCC2; .NET CLR 2.0.50727; .NET CLR 3.5.30729; .NET CLR 3.0.30729; Media Center PC 6.0; MDDR; .NET4.0C; .NET4.0E; .NET CLR 1.1.4322; Tablet PC 2.0); 360Spider"
101.226.166.240 - - [12/Feb/2013:02:07:23 +0700] "GET /?id=118&page=DocDetail&portal=mc_web HTTP/1.1" 200 22755 "http://trungtamtoan.com/?id=118&page=DocDetail&portal=mc_web" "Mozilla/4.0 (compatible; MSIE 8.0; Windows NT 6.1; Trident/4.0; SLCC2; .NET CLR 2.0.50727; .NET CLR 3.5.30729; .NET CLR 3.0.30729; Media Center PC 6.0; MDDR; .NET4.0C; .NET4.0E; .NET CLR 1.1.4322; Tablet PC 2.0); 360Spider"
101.226.167.252 - - [12/Feb/2013:02:09:11 +0700] "GET /?id=79&page=DocDetail&portal=mc_web HTTP/1.1" 200 21458 "http://trungtamtoan.com/?id=79&page=DocDetail&portal=mc_web" "Mozilla/4.0 (compatible; MSIE 8.0; Windows NT 6.1; Trident/4.0; SLCC2; .NET CLR 2.0.50727; .NET CLR 3.5.30729; .NET CLR 3.0.30729; Media Center PC 6.0; MDDR; .NET4.0C; .NET4.0E; .NET CLR 1.1.4322; Tablet PC 2.0); 360Spider"
37.140.141.10 - - [12/Feb/2013:02:21:50 +0700] "GET / HTTP/1.1" 200 19486 "-" "Mozilla/5.0 (compatible; YandexBot/3.0; MirrorDetector; +http://yandex.com/bots)"
37.140.141.10 - - [12/Feb/2013:02:21:50 +0700] "GET / HTTP/1.1" 200 19278 "-" "Mozilla/5.0 (compatible; YandexBot/3.0; MirrorDetector; +http://yandex.com/bots)"
37.140.141.10 - - [12/Feb/2013:02:21:56 +0700] "GET / HTTP/1.1" 200 19486 "-" "Mozilla/5.0 (compatible; YandexBot/3.0; MirrorDetector; +http://yandex.com/bots)"
37.140.141.10 - - [12/Feb/2013:02:21:55 +0700] "GET / HTTP/1.1" 200 19278 "-" "Mozilla/5.0 (compatible; YandexBot/3.0; MirrorDetector; +http://yandex.com/bots)"
182.118.20.232 - - [12/Feb/2013:02:24:25 +0700] "GET /?id=317&page=articleDetail&portal=mc_web HTTP/1.1" 200 20793 "http://trungtamtoan.com/?id=317&page=articleDetail&portal=mc_web" "Mozilla/5.0 (Windows; U; Windows NT 5.1; zh-CN; rv:1.8.0.11) Gecko/20070312 Firefox/1.5.0.11; 360Spider"
199.36.240.17 - - [12/Feb/2013:02:30:55 +0700] "GET /data/images/imageForArticle/images648210_5.jpg HTTP/1.1" 304 0 "-" "Mozilla/5.0 (compatible; YandexImages/3.0; +http://yandex.com/bots)"
180.76.5.25 - - [12/Feb/2013:02:38:34 +0700] "GET / HTTP/1.1" 200 19278 "-" "Mozilla/5.0 (compatible; Baiduspider/2.0; +http://www.baidu.com/search/spider.html)"
199.36.240.17 - - [12/Feb/2013:02:55:37 +0700] "GET /robots.txt HTTP/1.1" 404 278 "-" "Mozilla/5.0 (compatible; YandexImages/3.0; +http://yandex.com/bots)"
37.140.141.10 - - [12/Feb/2013:02:56:38 +0700] "GET /robots.txt HTTP/1.1" 404 274 "-" "Mozilla/5.0 (compatible; YandexBot/3.0; +http://yandex.com/bots)"
199.36.240.17 - - [12/Feb/2013:03:20:08 +0700] "GET /data/images/imageForArticle/images653798_1.jpg HTTP/1.1" 200 26355 "-" "Mozilla/5.0 (compatible; YandexImages/3.0; +http://yandex.com/bots)"
199.36.240.17 - - [12/Feb/2013:04:03:10 +0700] "GET /data/images/imageForArticle/images648823_tailieulienthong.jpg HTTP/1.1" 304 0 "-" "Mozilla/5.0 (compatible; YandexImages/3.0; +http://yandex.com/bots)"
74.220.215.112 - - [12/Feb/2013:04:15:43 +0700] "GET / HTTP/1.0" 200 19278 "-" "-"
74.220.215.112 - - [12/Feb/2013:04:15:51 +0700] "HEAD / HTTP/1.1" 200 0 "-" "-"
37.140.141.10 - - [12/Feb/2013:04:21:12 +0700] "GET /?portal=mc_web&page=articleDetail&id=634 HTTP/1.1" 200 27980 "-" "Mozilla/5.0 (compatible; YandexBot/3.0; +http://yandex.com/bots)"
208.115.111.73 - - [12/Feb/2013:04:29:14 +0700] "GET /robots.txt HTTP/1.1" 404 278 "-" "Mozilla/5.0 (compatible; Ezooms/1.0; ezooms.bot@gmail.com)"
180.76.5.191 - - [12/Feb/2013:04:31:35 +0700] "GET /?portal=mc_web&page=DocOfClass&classID=9&cateID=1 HTTP/1.1" 200 17612 "-" "Mozilla/5.0 (compatible; Baiduspider/2.0; +http://www.baidu.com/search/spider.html)"
37.140.141.10 - - [12/Feb/2013:04:34:20 +0700] "GET /?portal=mc_web&page=articleDetail&id=637 HTTP/1.1" 200 28574 "-" "Mozilla/5.0 (compatible; YandexBot/3.0; +http://yandex.com/bots)"
199.36.240.17 - - [12/Feb/2013:04:51:31 +0700] "GET /data/images/imageForArticle/images648067_H_ctroM__khiengn__cv_n_uc_mchi_u.jpg HTTP/1.1" 200 19640 "-" "Mozilla/5.0 (compatible; YandexImages/3.0; +http://yandex.com/bots)"
37.140.141.10 - - [12/Feb/2013:05:37:44 +0700] "GET /?portal=mc_web&page=articleDetail&id=637 HTTP/1.1" 200 28810 "-" "Mozilla/5.0 (compatible; YandexBot/3.0; +http://yandex.com/bots)"
199.36.240.17 - - [12/Feb/2013:05:38:42 +0700] "GET /data/images/imageForArticle/images649507_anh1,truongDhQuangNamdon2000tanHSSV.jpg HTTP/1.1" 200 20078 "-" "Mozilla/5.0 (compatible; YandexImages/3.0; +http://yandex.com/bots)"
101.226.169.204 - - [12/Feb/2013:06:08:50 +0700] "GET /?id=120&page=DocDetail&portal=mc_web HTTP/1.1" 200 22755 "http://trungtamtoan.com/?id=120&page=DocDetail&portal=mc_web" "Mozilla/4.0 (compatible; MSIE 8.0; Windows NT 6.1; Trident/4.0; SLCC2; .NET CLR 2.0.50727; .NET CLR 3.5.30729; .NET CLR 3.0.30729; Media Center PC 6.0; MDDR; .NET4.0C; .NET4.0E; .NET CLR 1.1.4322; Tablet PC 2.0); 360Spider"
101.226.169.201 - - [12/Feb/2013:06:08:50 +0700] "GET /?id=119&page=DocDetail&portal=mc_web HTTP/1.1" 200 22745 "http://trungtamtoan.com/?id=119&page=DocDetail&portal=mc_web" "Mozilla/4.0 (compatible; MSIE 8.0; Windows NT 6.1; Trident/4.0; SLCC2; .NET CLR 2.0.50727; .NET CLR 3.5.30729; .NET CLR 3.0.30729; Media Center PC 6.0; MDDR; .NET4.0C; .NET4.0E; .NET CLR 1.1.4322; Tablet PC 2.0); 360Spider"
101.226.169.202 - - [12/Feb/2013:06:09:02 +0700] "GET /?id=118&page=DocDetail&portal=mc_web HTTP/1.1" 200 22755 "http://trungtamtoan.com/?id=118&page=DocDetail&portal=mc_web" "Mozilla/4.0 (compatible; MSIE 8.0; Windows NT 6.1; Trident/4.0; SLCC2; .NET CLR 2.0.50727; .NET CLR 3.5.30729; .NET CLR 3.0.30729; Media Center PC 6.0; MDDR; .NET4.0C; .NET4.0E; .NET CLR 1.1.4322; Tablet PC 2.0); 360Spider"
101.226.169.202 - - [12/Feb/2013:06:09:02 +0700] "GET /?id=117&page=DocDetail&portal=mc_web HTTP/1.1" 200 22746 "http://trungtamtoan.com/?id=117&page=DocDetail&portal=mc_web" "Mozilla/4.0 (compatible; MSIE 8.0; Windows NT 6.1; Trident/4.0; SLCC2; .NET CLR 2.0.50727; .NET CLR 3.5.30729; .NET CLR 3.0.30729; Media Center PC 6.0; MDDR; .NET4.0C; .NET4.0E; .NET CLR 1.1.4322; Tablet PC 2.0); 360Spider"
101.226.166.213 - - [12/Feb/2013:06:09:10 +0700] "GET /?id=128&page=DocDetail&portal=mc_web HTTP/1.1" 200 22755 "http://trungtamtoan.com/?id=128&page=DocDetail&portal=mc_web" "Mozilla/4.0 (compatible; MSIE 8.0; Windows NT 6.1; Trident/4.0; SLCC2; .NET CLR 2.0.50727; .NET CLR 3.5.30729; .NET CLR 3.0.30729; Media Center PC 6.0; MDDR; .NET4.0C; .NET4.0E; .NET CLR 1.1.4322; Tablet PC 2.0); 360Spider"
101.226.169.204 - - [12/Feb/2013:06:09:12 +0700] "GET /?id=114&page=DocDetail&portal=mc_web HTTP/1.1" 200 22756 "http://trungtamtoan.com/?id=114&page=DocDetail&portal=mc_web" "Mozilla/4.0 (compatible; MSIE 8.0; Windows NT 6.1; Trident/4.0; SLCC2; .NET CLR 2.0.50727; .NET CLR 3.5.30729; .NET CLR 3.0.30729; Media Center PC 6.0; MDDR; .NET4.0C; .NET4.0E; .NET CLR 1.1.4322; Tablet PC 2.0); 360Spider"
101.226.169.201 - - [12/Feb/2013:06:09:12 +0700] "GET /?id=115&page=DocDetail&portal=mc_web HTTP/1.1" 200 22746 "http://trungtamtoan.com/?id=115&page=DocDetail&portal=mc_web" "Mozilla/4.0 (compatible; MSIE 8.0; Windows NT 6.1; Trident/4.0; SLCC2; .NET CLR 2.0.50727; .NET CLR 3.5.30729; .NET CLR 3.0.30729; Media Center PC 6.0; MDDR; .NET4.0C; .NET4.0E; .NET CLR 1.1.4322; Tablet PC 2.0); 360Spider"
101.226.169.199 - - [12/Feb/2013:06:09:18 +0700] "GET /?id=112&page=DocDetail&portal=mc_web HTTP/1.1" 200 22756 "http://trungtamtoan.com/?id=112&page=DocDetail&portal=mc_web" "Mozilla/4.0 (compatible; MSIE 8.0; Windows NT 6.1; Trident/4.0; SLCC2; .NET CLR 2.0.50727; .NET CLR 3.5.30729; .NET CLR 3.0.30729; Media Center PC 6.0; MDDR; .NET4.0C; .NET4.0E; .NET CLR 1.1.4322; Tablet PC 2.0); 360Spider"
101.226.169.201 - - [12/Feb/2013:06:09:18 +0700] "GET /?id=113&page=DocDetail&portal=mc_web HTTP/1.1" 200 22746 "http://trungtamtoan.com/?id=113&page=DocDetail&portal=mc_web" "Mozilla/4.0 (compatible; MSIE 8.0; Windows NT 6.1; Trident/4.0; SLCC2; .NET CLR 2.0.50727; .NET CLR 3.5.30729; .NET CLR 3.0.30729; Media Center PC 6.0; MDDR; .NET4.0C; .NET4.0E; .NET CLR 1.1.4322; Tablet PC 2.0); 360Spider"
101.226.166.216 - - [12/Feb/2013:06:09:28 +0700] "GET /?id=123&page=DocDetail&portal=mc_web HTTP/1.1" 200 22745 "http://trungtamtoan.com/?id=123&page=DocDetail&portal=mc_web" "Mozilla/4.0 (compatible; MSIE 8.0; Windows NT 6.1; Trident/4.0; SLCC2; .NET CLR 2.0.50727; .NET CLR 3.5.30729; .NET CLR 3.0.30729; Media Center PC 6.0; MDDR; .NET4.0C; .NET4.0E; .NET CLR 1.1.4322; Tablet PC 2.0); 360Spider"
37.140.141.10 - - [12/Feb/2013:06:09:46 +0700] "GET /?portal=mc_web&page=articleDetail&id=639 HTTP/1.1" 200 28662 "-" "Mozilla/5.0 (compatible; YandexBot/3.0; +http://yandex.com/bots)"
101.226.168.222 - - [12/Feb/2013:06:10:20 +0700] "GET /?id=110&page=DocDetail&portal=mc_web HTTP/1.1" 200 22755 "http://trungtamtoan.com/?id=110&page=DocDetail&portal=mc_web" "Mozilla/4.0 (compatible; MSIE 8.0; Windows NT 6.1; Trident/4.0; SLCC2; .NET CLR 2.0.50727; .NET CLR 3.5.30729; .NET CLR 3.0.30729; Media Center PC 6.0; MDDR; .NET4.0C; .NET4.0E; .NET CLR 1.1.4322; Tablet PC 2.0); 360Spider"
101.226.168.222 - - [12/Feb/2013:06:10:20 +0700] "GET /?id=108&page=DocDetail&portal=mc_web HTTP/1.1" 200 22755 "http://trungtamtoan.com/?id=108&page=DocDetail&portal=mc_web" "Mozilla/4.0 (compatible; MSIE 8.0; Windows NT 6.1; Trident/4.0; SLCC2; .NET CLR 2.0.50727; .NET CLR 3.5.30729; .NET CLR 3.0.30729; Media Center PC 6.0; MDDR; .NET4.0C; .NET4.0E; .NET CLR 1.1.4322; Tablet PC 2.0); 360Spider"
101.226.168.221 - - [12/Feb/2013:06:10:21 +0700] "GET /?id=109&page=DocDetail&portal=mc_web HTTP/1.1" 200 22745 "http://trungtamtoan.com/?id=109&page=DocDetail&portal=mc_web" "Mozilla/4.0 (compatible; MSIE 8.0; Windows NT 6.1; Trident/4.0; SLCC2; .NET CLR 2.0.50727; .NET CLR 3.5.30729; .NET CLR 3.0.30729; Media Center PC 6.0; MDDR; .NET4.0C; .NET4.0E; .NET CLR 1.1.4322; Tablet PC 2.0); 360Spider"
101.226.168.226 - - [12/Feb/2013:06:10:26 +0700] "GET /?id=107&page=DocDetail&portal=mc_web HTTP/1.1" 200 22745 "http://trungtamtoan.com/?id=107&page=DocDetail&portal=mc_web" "Mozilla/4.0 (compatible; MSIE 8.0; Windows NT 6.1; Trident/4.0; SLCC2; .NET CLR 2.0.50727; .NET CLR 3.5.30729; .NET CLR 3.0.30729; Media Center PC 6.0; MDDR; .NET4.0C; .NET4.0E; .NET CLR 1.1.4322; Tablet PC 2.0); 360Spider"
101.226.168.221 - - [12/Feb/2013:06:10:26 +0700] "GET /?id=104&page=DocDetail&portal=mc_web HTTP/1.1" 200 22768 "http://trungtamtoan.com/?id=104&page=DocDetail&portal=mc_web" "Mozilla/4.0 (compatible; MSIE 8.0; Windows NT 6.1; Trident/4.0; SLCC2; .NET CLR 2.0.50727; .NET CLR 3.5.30729; .NET CLR 3.0.30729; Media Center PC 6.0; MDDR; .NET4.0C; .NET4.0E; .NET CLR 1.1.4322; Tablet PC 2.0); 360Spider"
101.226.168.221 - - [12/Feb/2013:06:10:26 +0700] "GET /?id=106&page=DocDetail&portal=mc_web HTTP/1.1" 200 22755 "http://trungtamtoan.com/?id=106&page=DocDetail&portal=mc_web" "Mozilla/4.0 (compatible; MSIE 8.0; Windows NT 6.1; Trident/4.0; SLCC2; .NET CLR 2.0.50727; .NET CLR 3.5.30729; .NET CLR 3.0.30729; Media Center PC 6.0; MDDR; .NET4.0C; .NET4.0E; .NET CLR 1.1.4322; Tablet PC 2.0); 360Spider"
101.226.168.226 - - [12/Feb/2013:06:10:32 +0700] "GET /?id=102&page=DocDetail&portal=mc_web HTTP/1.1" 200 22780 "http://trungtamtoan.com/?id=102&page=DocDetail&portal=mc_web" "Mozilla/4.0 (compatible; MSIE 8.0; Windows NT 6.1; Trident/4.0; SLCC2; .NET CLR 2.0.50727; .NET CLR 3.5.30729; .NET CLR 3.0.30729; Media Center PC 6.0; MDDR; .NET4.0C; .NET4.0E; .NET CLR 1.1.4322; Tablet PC 2.0); 360Spider"
101.226.168.220 - - [12/Feb/2013:06:10:32 +0700] "GET /?id=103&page=DocDetail&portal=mc_web HTTP/1.1" 200 22763 "http://trungtamtoan.com/?id=103&page=DocDetail&portal=mc_web" "Mozilla/4.0 (compatible; MSIE 8.0; Windows NT 6.1; Trident/4.0; SLCC2; .NET CLR 2.0.50727; .NET CLR 3.5.30729; .NET CLR 3.0.30729; Media Center PC 6.0; MDDR; .NET4.0C; .NET4.0E; .NET CLR 1.1.4322; Tablet PC 2.0); 360Spider"
101.226.168.221 - - [12/Feb/2013:06:10:38 +0700] "GET /?id=100&page=DocDetail&portal=mc_web HTTP/1.1" 200 22792 "http://trungtamtoan.com/?id=100&page=DocDetail&portal=mc_web" "Mozilla/4.0 (compatible; MSIE 8.0; Windows NT 6.1; Trident/4.0; SLCC2; .NET CLR 2.0.50727; .NET CLR 3.5.30729; .NET CLR 3.0.30729; Media Center PC 6.0; MDDR; .NET4.0C; .NET4.0E; .NET CLR 1.1.4322; Tablet PC 2.0); 360Spider"
101.226.168.222 - - [12/Feb/2013:06:10:38 +0700] "GET /?id=101&page=DocDetail&portal=mc_web HTTP/1.1" 200 22776 "http://trungtamtoan.com/?id=101&page=DocDetail&portal=mc_web" "Mozilla/4.0 (compatible; MSIE 8.0; Windows NT 6.1; Trident/4.0; SLCC2; .NET CLR 2.0.50727; .NET CLR 3.5.30729; .NET CLR 3.0.30729; Media Center PC 6.0; MDDR; .NET4.0C; .NET4.0E; .NET CLR 1.1.4322; Tablet PC 2.0); 360Spider"
101.226.166.242 - - [12/Feb/2013:06:16:08 +0700] "GET /?cateID=4&classID=17&page=DocOfClass&page_no=2&portal=mc_web HTTP/1.1" 200 22364 "http://trungtamtoan.com/?cateID=4&classID=17&page=DocOfClass&page_no=2&portal=mc_web" "Mozilla/4.0 (compatible; MSIE 8.0; Windows NT 6.1; Trident/4.0; SLCC2; .NET CLR 2.0.50727; .NET CLR 3.5.30729; .NET CLR 3.0.30729; Media Center PC 6.0; MDDR; .NET4.0C; .NET4.0E; .NET CLR 1.1.4322; Tablet PC 2.0); 360Spider"
101.226.166.240 - - [12/Feb/2013:06:16:18 +0700] "GET /?name=20120922/admin_1348309559.pdf&page=Download&portal=mc_web HTTP/1.1" 200 201455 "http://trungtamtoan.com/?name=20120922/admin_1348309559.pdf&page=Download&portal=mc_web" "Mozilla/4.0 (compatible; MSIE 8.0; Windows NT 6.1; Trident/4.0; SLCC2; .NET CLR 2.0.50727; .NET CLR 3.5.30729; .NET CLR 3.0.30729; Media Center PC 6.0; MDDR; .NET4.0C; .NET4.0E; .NET CLR 1.1.4322; Tablet PC 2.0); 360Spider"
199.36.240.17 - - [12/Feb/2013:06:19:24 +0700] "GET /data/images/imageForArticle/images649748_HSTrThTheY(1).jpg HTTP/1.1" 304 0 "-" "Mozilla/5.0 (compatible; YandexImages/3.0; +http://yandex.com/bots)"
101.226.167.205 - - [12/Feb/2013:06:20:28 +0700] "GET /?name=20120922/admin_1348310191.pdf&page=Download&portal=mc_web HTTP/1.1" 200 209772 "http://trungtamtoan.com/?name=20120922/admin_1348310191.pdf&page=Download&portal=mc_web" "Mozilla/4.0 (compatible; MSIE 8.0; Windows NT 6.1; Trident/4.0; SLCC2; .NET CLR 2.0.50727; .NET CLR 3.5.30729; .NET CLR 3.0.30729; Media Center PC 6.0; MDDR; .NET4.0C; .NET4.0E; .NET CLR 1.1.4322; Tablet PC 2.0); 360Spider"
101.226.167.205 - - [12/Feb/2013:06:20:35 +0700] "GET /?name=20120922/admin_1348310289.pdf&page=Download&portal=mc_web HTTP/1.1" 200 292292 "http://trungtamtoan.com/?name=20120922/admin_1348310289.pdf&page=Download&portal=mc_web" "Mozilla/4.0 (compatible; MSIE 8.0; Windows NT 6.1; Trident/4.0; SLCC2; .NET CLR 2.0.50727; .NET CLR 3.5.30729; .NET CLR 3.0.30729; Media Center PC 6.0; MDDR; .NET4.0C; .NET4.0E; .NET CLR 1.1.4322; Tablet PC 2.0); 360Spider"
101.226.167.205 - - [12/Feb/2013:06:20:35 +0700] "GET /?page=newdoc&page_no=1&portal=mc_web HTTP/1.1" 200 22007 "http://trungtamtoan.com/?page=newdoc&page_no=1&portal=mc_web" "Mozilla/4.0 (compatible; MSIE 8.0; Windows NT 6.1; Trident/4.0; SLCC2; .NET CLR 2.0.50727; .NET CLR 3.5.30729; .NET CLR 3.0.30729; Media Center PC 6.0; MDDR; .NET4.0C; .NET4.0E; .NET CLR 1.1.4322; Tablet PC 2.0); 360Spider"
101.226.167.200 - - [12/Feb/2013:06:20:41 +0700] "GET /?name=20120922/admin_1348309469.pdf&page=Download&portal=mc_web HTTP/1.1" 200 191959 "http://trungtamtoan.com/?name=20120922/admin_1348309469.pdf&page=Download&portal=mc_web" "Mozilla/4.0 (compatible; MSIE 8.0; Windows NT 6.1; Trident/4.0; SLCC2; .NET CLR 2.0.50727; .NET CLR 3.5.30729; .NET CLR 3.0.30729; Media Center PC 6.0; MDDR; .NET4.0C; .NET4.0E; .NET CLR 1.1.4322; Tablet PC 2.0); 360Spider"
101.226.167.199 - - [12/Feb/2013:06:20:41 +0700] "GET /?name=20120922/admin_1348309436.pdf&page=Download&portal=mc_web HTTP/1.1" 200 135393 "http://trungtamtoan.com/?name=20120922/admin_1348309436.pdf&page=Download&portal=mc_web" "Mozilla/4.0 (compatible; MSIE 8.0; Windows NT 6.1; Trident/4.0; SLCC2; .NET CLR 2.0.50727; .NET CLR 3.5.30729; .NET CLR 3.0.30729; Media Center PC 6.0; MDDR; .NET4.0C; .NET4.0E; .NET CLR 1.1.4322; Tablet PC 2.0); 360Spider"
101.226.166.235 - - [12/Feb/2013:06:21:46 +0700] "GET /?id=95&page=DocDetail&portal=mc_web HTTP/1.1" 200 22065 "http://trungtamtoan.com/?id=95&page=DocDetail&portal=mc_web" "Mozilla/4.0 (compatible; MSIE 8.0; Windows NT 6.1; Trident/4.0; SLCC2; .NET CLR 2.0.50727; .NET CLR 3.5.30729; .NET CLR 3.0.30729; Media Center PC 6.0; MDDR; .NET4.0C; .NET4.0E; .NET CLR 1.1.4322; Tablet PC 2.0); 360Spider"
101.226.166.239 - - [12/Feb/2013:06:22:13 +0700] "GET /?id=80&page=DocDetail&portal=mc_web HTTP/1.1" 200 21338 "http://trungtamtoan.com/?id=80&page=DocDetail&portal=mc_web" "Mozilla/4.0 (compatible; MSIE 8.0; Windows NT 6.1; Trident/4.0; SLCC2; .NET CLR 2.0.50727; .NET CLR 3.5.30729; .NET CLR 3.0.30729; Media Center PC 6.0; MDDR; .NET4.0C; .NET4.0E; .NET CLR 1.1.4322; Tablet PC 2.0); 360Spider"
101.226.166.240 - - [12/Feb/2013:06:22:17 +0700] "GET /?id=64&page=DocDetail&portal=mc_web HTTP/1.1" 200 21380 "http://trungtamtoan.com/?id=64&page=DocDetail&portal=mc_web" "Mozilla/4.0 (compatible; MSIE 8.0; Windows NT 6.1; Trident/4.0; SLCC2; .NET CLR 2.0.50727; .NET CLR 3.5.30729; .NET CLR 3.0.30729; Media Center PC 6.0; MDDR; .NET4.0C; .NET4.0E; .NET CLR 1.1.4322; Tablet PC 2.0); 360Spider"
101.226.166.235 - - [12/Feb/2013:06:22:17 +0700] "GET /?id=78&page=DocDetail&portal=mc_web HTTP/1.1" 200 21385 "http://trungtamtoan.com/?id=78&page=DocDetail&portal=mc_web" "Mozilla/4.0 (compatible; MSIE 8.0; Windows NT 6.1; Trident/4.0; SLCC2; .NET CLR 2.0.50727; .NET CLR 3.5.30729; .NET CLR 3.0.30729; Media Center PC 6.0; MDDR; .NET4.0C; .NET4.0E; .NET CLR 1.1.4322; Tablet PC 2.0); 360Spider"
101.226.167.195 - - [12/Feb/2013:06:27:42 +0700] "GET /?id=314&page=articleDetail&portal=mc_web HTTP/1.1" 200 19988 "http://trungtamtoan.com/?id=314&page=articleDetail&portal=mc_web" "Mozilla/4.0 (compatible; MSIE 8.0; Windows NT 6.1; Trident/4.0; SLCC2; .NET CLR 2.0.50727; .NET CLR 3.5.30729; .NET CLR 3.0.30729; Media Center PC 6.0; MDDR; .NET4.0C; .NET4.0E; .NET CLR 1.1.4322; Tablet PC 2.0); 360Spider"
101.226.167.195 - - [12/Feb/2013:06:28:08 +0700] "GET /?id=133&page=DocDetail&portal=mc_web HTTP/1.1" 200 22745 "http://trungtamtoan.com/?id=133&page=DocDetail&portal=mc_web" "Mozilla/4.0 (compatible; MSIE 8.0; Windows NT 6.1; Trident/4.0; SLCC2; .NET CLR 2.0.50727; .NET CLR 3.5.30729; .NET CLR 3.0.30729; Media Center PC 6.0; MDDR; .NET4.0C; .NET4.0E; .NET CLR 1.1.4322; Tablet PC 2.0); 360Spider"
37.140.141.10 - - [12/Feb/2013:06:30:56 +0700] "GET /?portal=mc_web&page=articleDetail&id=612 HTTP/1.1" 200 32082 "-" "Mozilla/5.0 (compatible; YandexBot/3.0; +http://yandex.com/bots)"
182.118.22.217 - - [12/Feb/2013:06:39:17 +0700] "GET /?id=594&page=articleDetail&portal=mc_web HTTP/1.1" 200 29920 "http://trungtamtoan.com/?id=594&page=articleDetail&portal=mc_web" "Mozilla/5.0 (Windows; U; Windows NT 5.1; zh-CN; rv:1.8.0.11) Gecko/20070312 Firefox/1.5.0.11; 360Spider"
199.36.240.17 - - [12/Feb/2013:07:01:57 +0700] "GET /data/images/imageForArticle/images651316_3.jpg HTTP/1.1" 200 30172 "-" "Mozilla/5.0 (compatible; YandexImages/3.0; +http://yandex.com/bots)"
173.199.116.211 - - [12/Feb/2013:07:11:05 +0700] "GET /?portal=mc_web&page=articleDetail&id=637 HTTP/1.1" 200 28574 "-" "Mozilla/5.0 (compatible; AhrefsBot/4.0; +http://ahrefs.com/robot/)"
37.140.141.10 - - [12/Feb/2013:07:34:06 +0700] "GET /?portal=mc_web&page=articleDetail&id=610 HTTP/1.1" 200 27631 "-" "Mozilla/5.0 (compatible; YandexBot/3.0; +http://yandex.com/bots)"
180.76.6.224 - - [12/Feb/2013:07:38:38 +0700] "GET /?portal=mc_web&page=articleDetail&id=318 HTTP/1.1" 200 20171 "-" "Mozilla/5.0 (compatible; Baiduspider/2.0; +http://www.baidu.com/search/spider.html)"
37.140.141.10 - - [12/Feb/2013:07:43:31 +0700] "GET /?portal=mc_web&page=articleDetail&id=630 HTTP/1.1" 200 36750 "-" "Mozilla/5.0 (compatible; YandexBot/3.0; +http://yandex.com/bots)"
199.36.240.17 - - [12/Feb/2013:07:49:30 +0700] "GET /data/images/imageForArticle/images648839_TTQuy.jpg HTTP/1.1" 304 0 "-" "Mozilla/5.0 (compatible; YandexImages/3.0; +http://yandex.com/bots)"
173.199.116.211 - - [12/Feb/2013:07:58:59 +0700] "GET /?portal=mc_web&page=DocDetail&id=144 HTTP/1.1" 200 22755 "-" "Mozilla/5.0 (compatible; AhrefsBot/4.0; +http://ahrefs.com/robot/)"
123.30.175.79 - - [12/Feb/2013:08:09:32 +0700] "GET /robots.txt HTTP/1.0" 404 274 "-" "coccoc/1.0 (http://help.coccoc.com/)"
123.30.175.79 - - [12/Feb/2013:08:10:59 +0700] "GET / HTTP/1.0" 200 19278 "-" "coccoc/1.0 (http://help.coccoc.com/)"
123.30.175.79 - - [12/Feb/2013:08:11:05 +0700] "GET /?portal=mc_web&page=ClassDetail&id=49 HTTP/1.0" 200 18443 "-" "coccoc/1.0 (http://help.coccoc.com/)"
208.115.113.89 - - [12/Feb/2013:08:12:36 +0700] "GET /?portal=mc_web&page=listClass HTTP/1.1" 200 16757 "-" "Mozilla/5.0 (compatible; Ezooms/1.0; ezooms.bot@gmail.com)"
199.36.240.17 - - [12/Feb/2013:08:17:35 +0700] "GET /data/images/thumb/images654335_3hontre.jpg HTTP/1.1" 200 2342 "-" "Mozilla/5.0 (compatible; YandexImages/3.0; +http://yandex.com/bots)"
173.199.116.211 - - [12/Feb/2013:08:21:22 +0700] "GET /?portal=mc_web&page=articleDetail&id=643 HTTP/1.1" 200 21935 "-" "Mozilla/5.0 (compatible; AhrefsBot/4.0; +http://ahrefs.com/robot/)"
123.30.175.81 - - [12/Feb/2013:08:27:11 +0700] "GET /?portal=mc_web&page=DocOfClass&classID=3&cateID=1 HTTP/1.0" 200 17612 "-" "coccoc/1.0 (http://help.coccoc.com/)"
123.30.175.81 - - [12/Feb/2013:08:27:18 +0700] "GET /?portal=mc_web&page=DocOfClass&classID=3&cateID=2 HTTP/1.0" 200 17612 "-" "coccoc/1.0 (http://help.coccoc.com/)"
123.30.175.81 - - [12/Feb/2013:08:27:25 +0700] "GET /?portal=mc_web&page=DocOfClass&classID=3&cateID=3 HTTP/1.0" 200 17612 "-" "coccoc/1.0 (http://help.coccoc.com/)"
123.30.175.81 - - [12/Feb/2013:08:27:33 +0700] "GET /?portal=mc_web&page=DocOfClass&classID=3&cateID=4 HTTP/1.0" 200 17612 "-" "coccoc/1.0 (http://help.coccoc.com/)"
123.30.175.81 - - [12/Feb/2013:08:27:39 +0700] "GET /?portal=mc_web&page=DocOfClass&classID=4&cateID=1 HTTP/1.0" 200 17612 "-" "coccoc/1.0 (http://help.coccoc.com/)"
123.30.175.81 - - [12/Feb/2013:08:27:47 +0700] "GET /?portal=mc_web&page=DocOfClass&classID=4&cateID=2 HTTP/1.0" 200 17612 "-" "coccoc/1.0 (http://help.coccoc.com/)"
123.30.175.81 - - [12/Feb/2013:08:27:54 +0700] "GET /?portal=mc_web&page=DocOfClass&classID=4&cateID=3 HTTP/1.0" 200 17612 "-" "coccoc/1.0 (http://help.coccoc.com/)"
123.30.175.81 - - [12/Feb/2013:08:28:02 +0700] "GET /?portal=mc_web&page=DocOfClass&classID=4&cateID=4 HTTP/1.0" 200 17612 "-" "coccoc/1.0 (http://help.coccoc.com/)"
123.30.175.81 - - [12/Feb/2013:08:28:08 +0700] "GET /?portal=mc_web&page=DocOfClass&classID=5&cateID=1 HTTP/1.0" 200 17612 "-" "coccoc/1.0 (http://help.coccoc.com/)"
123.30.175.81 - - [12/Feb/2013:08:28:14 +0700] "GET /?portal=mc_web&page=DocOfClass&classID=5&cateID=2 HTTP/1.0" 200 17612 "-" "coccoc/1.0 (http://help.coccoc.com/)"
123.30.175.81 - - [12/Feb/2013:08:29:33 +0700] "GET /?portal=mc_web&page=DocOfClass&classID=5&cateID=3 HTTP/1.0" 200 17612 "-" "coccoc/1.0 (http://help.coccoc.com/)"
123.30.175.81 - - [12/Feb/2013:08:29:39 +0700] "GET /?portal=mc_web&page=DocOfClass&classID=5&cateID=4 HTTP/1.0" 200 17612 "-" "coccoc/1.0 (http://help.coccoc.com/)"
123.30.175.81 - - [12/Feb/2013:08:29:47 +0700] "GET /?portal=mc_web&page=DocOfClass&classID=6&cateID=1 HTTP/1.0" 200 17612 "-" "coccoc/1.0 (http://help.coccoc.com/)"
123.30.175.81 - - [12/Feb/2013:08:29:53 +0700] "GET /?portal=mc_web&page=DocOfClass&classID=6&cateID=2 HTTP/1.0" 200 17612 "-" "coccoc/1.0 (http://help.coccoc.com/)"
123.30.175.81 - - [12/Feb/2013:08:30:01 +0700] "GET /?portal=mc_web&page=DocOfClass&classID=6&cateID=3 HTTP/1.0" 200 17612 "-" "coccoc/1.0 (http://help.coccoc.com/)"
123.30.175.81 - - [12/Feb/2013:08:30:07 +0700] "GET /?portal=mc_web&page=DocOfClass&classID=6&cateID=4 HTTP/1.0" 200 17612 "-" "coccoc/1.0 (http://help.coccoc.com/)"
123.30.175.81 - - [12/Feb/2013:08:30:15 +0700] "GET /?portal=mc_web&page=DocOfClass&classID=7&cateID=1 HTTP/1.0" 200 17612 "-" "coccoc/1.0 (http://help.coccoc.com/)"
123.30.175.81 - - [12/Feb/2013:08:30:21 +0700] "GET /?portal=mc_web&page=DocOfClass&classID=7&cateID=2 HTTP/1.0" 200 17612 "-" "coccoc/1.0 (http://help.coccoc.com/)"
123.30.175.81 - - [12/Feb/2013:08:30:28 +0700] "GET /?portal=mc_web&page=DocOfClass&classID=7&cateID=3 HTTP/1.0" 200 17612 "-" "coccoc/1.0 (http://help.coccoc.com/)"
123.30.175.81 - - [12/Feb/2013:08:30:35 +0700] "GET /?portal=mc_web&page=DocOfClass&classID=7&cateID=4 HTTP/1.0" 200 17612 "-" "coccoc/1.0 (http://help.coccoc.com/)"
123.30.175.81 - - [12/Feb/2013:08:32:06 +0700] "GET /?portal=mc_web&page=DocOfClass&classID=8&cateID=1 HTTP/1.0" 200 17612 "-" "coccoc/1.0 (http://help.coccoc.com/)"
123.30.175.81 - - [12/Feb/2013:08:32:12 +0700] "GET /?portal=mc_web&page=DocOfClass&classID=8&cateID=3 HTTP/1.0" 200 18811 "-" "coccoc/1.0 (http://help.coccoc.com/)"
123.30.175.81 - - [12/Feb/2013:08:32:18 +0700] "GET /?portal=mc_web&page=DocOfClass&classID=8&cateID=4 HTTP/1.0" 200 17612 "-" "coccoc/1.0 (http://help.coccoc.com/)"
123.30.175.81 - - [12/Feb/2013:08:32:24 +0700] "GET /?portal=mc_web&page=DocOfClass&classID=9&cateID=1 HTTP/1.0" 200 17612 "-" "coccoc/1.0 (http://help.coccoc.com/)"
123.30.175.81 - - [12/Feb/2013:08:32:31 +0700] "GET /?portal=mc_web&page=DocOfClass&classID=9&cateID=2 HTTP/1.0" 200 17612 "-" "coccoc/1.0 (http://help.coccoc.com/)"
123.30.175.81 - - [12/Feb/2013:08:32:37 +0700] "GET /?portal=mc_web&page=DocOfClass&classID=9&cateID=3 HTTP/1.0" 200 17612 "-" "coccoc/1.0 (http://help.coccoc.com/)"
123.30.175.81 - - [12/Feb/2013:08:32:50 +0700] "GET /?portal=mc_web&page=DocOfClass&classID=9&cateID=4 HTTP/1.0" 200 17612 "-" "coccoc/1.0 (http://help.coccoc.com/)"
199.36.240.17 - - [12/Feb/2013:08:34:02 +0700] "GET /data/images/imageForArticle/images651314_2.jpg HTTP/1.1" 200 23379 "-" "Mozilla/5.0 (compatible; YandexImages/3.0; +http://yandex.com/bots)"
37.140.141.10 - - [12/Feb/2013:08:48:26 +0700] "GET /?portal=mc_web&page=articleDetail&id=639 HTTP/1.1" 200 28898 "-" "Mozilla/5.0 (compatible; YandexBot/3.0; +http://yandex.com/bots)"
173.199.116.211 - - [12/Feb/2013:09:11:13 +0700] "GET /?portal=mc_web&page=intro HTTP/1.1" 200 19318 "-" "Mozilla/5.0 (compatible; AhrefsBot/4.0; +http://ahrefs.com/robot/)"
37.140.141.10 - - [12/Feb/2013:09:20:56 +0700] "GET /?portal=mc_web&page=intro HTTP/1.1" 200 19318 "-" "Mozilla/5.0 (compatible; YandexBot/3.0; +http://yandex.com/bots)"
37.140.141.10 - - [12/Feb/2013:09:22:12 +0700] "GET /?portal=mc_web&page=articleDetail&id=635 HTTP/1.1" 200 28431 "-" "Mozilla/5.0 (compatible; YandexBot/3.0; +http://yandex.com/bots)"
180.76.6.20 - - [12/Feb/2013:09:33:23 +0700] "GET /?portal=mc_web&page=articleDetail&id=644 HTTP/1.1" 200 31627 "-" "Mozilla/5.0 (compatible; Baiduspider/2.0; +http://www.baidu.com/search/spider.html)"
199.36.240.17 - - [12/Feb/2013:09:43:56 +0700] "GET /data/images/imageForArticle/images650105_IMG_4500.jpg HTTP/1.1" 304 0 "-" "Mozilla/5.0 (compatible; YandexImages/3.0; +http://yandex.com/bots)"
37.140.141.10 - - [12/Feb/2013:10:03:51 +0700] "GET /?portal=mc_web&page=articleDetail&id=609 HTTP/1.1" 200 26412 "-" "Mozilla/5.0 (compatible; YandexBot/3.0; +http://yandex.com/bots)"
66.249.77.12 - - [12/Feb/2013:10:29:10 +0700] "GET /webskins/skins/platform/jquery.alerts/jquery.alerts.css HTTP/1.1" 200 1329 "-" "Mozilla/5.0 (compatible; Googlebot/2.1; +http://www.google.com/bot.html)"
66.249.77.12 - - [12/Feb/2013:10:30:39 +0700] "GET /webskins/skins/default/main/styles/common-ext.css HTTP/1.1" 200 1758 "-" "Mozilla/5.0 (compatible; Googlebot/2.1; +http://www.google.com/bot.html)"
173.199.116.211 - - [12/Feb/2013:10:32:49 +0700] "GET /?portal=mc_web&page=articleDetail&id=308 HTTP/1.1" 200 19996 "-" "Mozilla/5.0 (compatible; AhrefsBot/4.0; +http://ahrefs.com/robot/)"
66.249.77.12 - - [12/Feb/2013:10:32:50 +0700] "GET /webskins/skins/default/main/styles/common.css HTTP/1.1" 200 45652 "-" "Mozilla/5.0 (compatible; Googlebot/2.1; +http://www.google.com/bot.html)"
37.140.141.10 - - [12/Feb/2013:10:34:31 +0700] "GET /?portal=mc_web&page=articleDetail&id=611 HTTP/1.1" 200 23921 "-" "Mozilla/5.0 (compatible; YandexBot/3.0; +http://yandex.com/bots)"
66.249.77.12 - - [12/Feb/2013:10:35:00 +0700] "GET /data/images/thumb//images656679_TT-Bo-GDDT.jpg HTTP/1.1" 200 2180 "http://trungtamtoan.com/" "Mozilla/5.0 (compatible; Googlebot/2.1; +http://www.google.com/bot.html)"
123.30.175.81 - - [12/Feb/2013:10:39:07 +0700] "GET /?portal=mc_web&page=articleDetail&id=509 HTTP/1.0" 200 24448 "-" "coccoc/1.0 (http://help.coccoc.com/)"
123.30.175.81 - - [12/Feb/2013:10:39:13 +0700] "GET /?portal=mc_web&page=articleDetail&id=497 HTTP/1.0" 200 30757 "-" "coccoc/1.0 (http://help.coccoc.com/)"
123.30.175.81 - - [12/Feb/2013:10:39:21 +0700] "GET /?portal=mc_web&page=articleDetail&id=498 HTTP/1.0" 200 23105 "-" "coccoc/1.0 (http://help.coccoc.com/)"
123.30.175.81 - - [12/Feb/2013:10:39:28 +0700] "GET /?portal=mc_web&page=articleDetail&id=499 HTTP/1.0" 200 24078 "-" "coccoc/1.0 (http://help.coccoc.com/)"
123.30.175.81 - - [12/Feb/2013:10:39:43 +0700] "GET /?portal=mc_web&page=articleDetail&id=220 HTTP/1.0" 200 39962 "-" "coccoc/1.0 (http://help.coccoc.com/)"
123.30.175.81 - - [12/Feb/2013:10:39:49 +0700] "GET /?portal=mc_web&page=articleDetail&id=221 HTTP/1.0" 200 43746 "-" "coccoc/1.0 (http://help.coccoc.com/)"
123.30.175.81 - - [12/Feb/2013:10:39:55 +0700] "GET /?portal=mc_web&page=articleDetail&id=222 HTTP/1.0" 200 45013 "-" "coccoc/1.0 (http://help.coccoc.com/)"
123.30.175.81 - - [12/Feb/2013:10:40:04 +0700] "GET /?portal=mc_web&page=articleDetail&id=223 HTTP/1.0" 200 37219 "-" "coccoc/1.0 (http://help.coccoc.com/)"
123.30.175.81 - - [12/Feb/2013:10:40:12 +0700] "GET /?portal=mc_web&page=articleDetail&id=224 HTTP/1.0" 200 21487 "-" "coccoc/1.0 (http://help.coccoc.com/)"
123.30.175.81 - - [12/Feb/2013:10:40:18 +0700] "GET /?portal=mc_web&page=articleDetail&id=362 HTTP/1.0" 200 29373 "-" "coccoc/1.0 (http://help.coccoc.com/)"
66.249.77.12 - - [12/Feb/2013:10:41:08 +0700] "GET /data/images/thumb//images656664_y.jpg HTTP/1.1" 200 3093 "http://trungtamtoan.com/" "Mozilla/5.0 (compatible; Googlebot/2.1; +http://www.google.com/bot.html)"
123.30.175.81 - - [12/Feb/2013:10:41:19 +0700] "GET /?portal=mc_web&page=articleDetail&id=363 HTTP/1.0" 200 28593 "-" "coccoc/1.0 (http://help.coccoc.com/)"
123.30.175.81 - - [12/Feb/2013:10:41:25 +0700] "GET /?portal=mc_web&page=articleDetail&id=364 HTTP/1.0" 200 22713 "-" "coccoc/1.0 (http://help.coccoc.com/)"
123.30.175.81 - - [12/Feb/2013:10:41:31 +0700] "GET /?portal=mc_web&page=articleDetail&id=365 HTTP/1.0" 200 35693 "-" "coccoc/1.0 (http://help.coccoc.com/)"
123.30.175.81 - - [12/Feb/2013:10:41:38 +0700] "GET /?portal=mc_web&page=articleDetail&id=366 HTTP/1.0" 200 23315 "-" "coccoc/1.0 (http://help.coccoc.com/)"
123.30.175.81 - - [12/Feb/2013:10:41:46 +0700] "GET /?portal=mc_web&page=articleDetail&id=513 HTTP/1.0" 200 26996 "-" "coccoc/1.0 (http://help.coccoc.com/)"
123.30.175.81 - - [12/Feb/2013:10:41:54 +0700] "GET /?portal=mc_web&page=articleDetail&id=514 HTTP/1.0" 200 32959 "-" "coccoc/1.0 (http://help.coccoc.com/)"
123.30.175.81 - - [12/Feb/2013:10:42:00 +0700] "GET /?portal=mc_web&page=articleDetail&id=515 HTTP/1.0" 200 23528 "-" "coccoc/1.0 (http://help.coccoc.com/)"
123.30.175.81 - - [12/Feb/2013:10:42:07 +0700] "GET /?portal=mc_web&page=articleDetail&id=511 HTTP/1.0" 200 29908 "-" "coccoc/1.0 (http://help.coccoc.com/)"
123.30.175.81 - - [12/Feb/2013:10:42:14 +0700] "GET /?portal=mc_web&page=articleDetail&id=512 HTTP/1.0" 200 31265 "-" "coccoc/1.0 (http://help.coccoc.com/)"
123.30.175.81 - - [12/Feb/2013:10:42:23 +0700] "GET /?portal=mc_web&page=articleDetail&id=215 HTTP/1.0" 200 26133 "-" "coccoc/1.0 (http://help.coccoc.com/)"
37.140.141.10 - - [12/Feb/2013:10:42:44 +0700] "GET /robots.txt HTTP/1.1" 404 278 "-" "Mozilla/5.0 (compatible; YandexBot/3.0; +http://yandex.com/bots)"
123.30.175.81 - - [12/Feb/2013:10:43:19 +0700] "GET /?portal=mc_web&page=articleDetail&id=216 HTTP/1.0" 200 39547 "-" "coccoc/1.0 (http://help.coccoc.com/)"
123.30.175.81 - - [12/Feb/2013:10:43:25 +0700] "GET /?portal=mc_web&page=articleDetail&id=217 HTTP/1.0" 200 31736 "-" "coccoc/1.0 (http://help.coccoc.com/)"
123.30.175.81 - - [12/Feb/2013:10:43:32 +0700] "GET /?portal=mc_web&page=articleDetail&id=218 HTTP/1.0" 200 23083 "-" "coccoc/1.0 (http://help.coccoc.com/)"
123.30.175.81 - - [12/Feb/2013:10:43:41 +0700] "GET /?portal=mc_web&page=articleDetail&id=219 HTTP/1.0" 200 31485 "-" "coccoc/1.0 (http://help.coccoc.com/)"
123.30.175.81 - - [12/Feb/2013:10:43:48 +0700] "GET /?portal=mc_web&page=articleDetail&id=510 HTTP/1.0" 200 62167 "-" "coccoc/1.0 (http://help.coccoc.com/)"
123.30.175.81 - - [12/Feb/2013:10:43:54 +0700] "GET /?portal=mc_web&page=articleDetail&id=516 HTTP/1.0" 200 21796 "-" "coccoc/1.0 (http://help.coccoc.com/)"
123.30.175.81 - - [12/Feb/2013:10:44:00 +0700] "GET /?portal=mc_web&page=articleDetail&id=517 HTTP/1.0" 200 24430 "-" "coccoc/1.0 (http://help.coccoc.com/)"
173.199.116.211 - - [12/Feb/2013:10:44:05 +0700] "GET /?portal=mc_web&page=articleDetail&id=318 HTTP/1.1" 200 19939 "-" "Mozilla/5.0 (compatible; AhrefsBot/4.0; +http://ahrefs.com/robot/)"
123.30.175.81 - - [12/Feb/2013:10:44:06 +0700] "GET /?portal=mc_web&page=articleDetail&id=518 HTTP/1.0" 200 25792 "-" "coccoc/1.0 (http://help.coccoc.com/)"
123.30.175.81 - - [12/Feb/2013:10:44:13 +0700] "GET /?portal=mc_web&page=articleDetail&id=210 HTTP/1.0" 200 23334 "-" "coccoc/1.0 (http://help.coccoc.com/)"
123.30.175.81 - - [12/Feb/2013:10:44:19 +0700] "GET /?portal=mc_web&page=articleDetail&id=211 HTTP/1.0" 200 23036 "-" "coccoc/1.0 (http://help.coccoc.com/)"
173.199.116.211 - - [12/Feb/2013:10:44:59 +0700] "GET /?portal=mc_web&page=ClassDetail&id=50 HTTP/1.1" 200 18732 "-" "Mozilla/5.0 (compatible; AhrefsBot/4.0; +http://ahrefs.com/robot/)"
123.30.175.81 - - [12/Feb/2013:10:45:09 +0700] "GET /?portal=mc_web&page=articleDetail&id=212 HTTP/1.0" 200 35459 "-" "coccoc/1.0 (http://help.coccoc.com/)"
123.30.175.81 - - [12/Feb/2013:10:45:16 +0700] "GET /?portal=mc_web&page=articleDetail&id=213 HTTP/1.0" 200 25572 "-" "coccoc/1.0 (http://help.coccoc.com/)"
123.30.175.81 - - [12/Feb/2013:10:45:23 +0700] "GET /?portal=mc_web&page=articleDetail&id=214 HTTP/1.0" 200 34234 "-" "coccoc/1.0 (http://help.coccoc.com/)"
123.30.175.81 - - [12/Feb/2013:10:45:30 +0700] "GET /?portal=mc_web&page=articleDetail&id=519 HTTP/1.0" 200 24239 "-" "coccoc/1.0 (http://help.coccoc.com/)"
123.30.175.81 - - [12/Feb/2013:10:45:36 +0700] "GET /?portal=mc_web&page=articleDetail&id=520 HTTP/1.0" 200 21317 "-" "coccoc/1.0 (http://help.coccoc.com/)"
123.30.175.81 - - [12/Feb/2013:10:45:42 +0700] "GET /?portal=mc_web&page=articleDetail&id=521 HTTP/1.0" 200 21509 "-" "coccoc/1.0 (http://help.coccoc.com/)"
123.30.175.81 - - [12/Feb/2013:10:45:48 +0700] "GET /?portal=mc_web&page=articleDetail&id=205 HTTP/1.0" 200 22199 "-" "coccoc/1.0 (http://help.coccoc.com/)"
123.30.175.81 - - [12/Feb/2013:10:45:55 +0700] "GET /?portal=mc_web&page=articleDetail&id=206 HTTP/1.0" 200 23644 "-" "coccoc/1.0 (http://help.coccoc.com/)"
123.30.175.81 - - [12/Feb/2013:10:46:01 +0700] "GET /?portal=mc_web&page=articleDetail&id=207 HTTP/1.0" 200 29102 "-" "coccoc/1.0 (http://help.coccoc.com/)"
123.30.175.81 - - [12/Feb/2013:10:46:08 +0700] "GET /?portal=mc_web&page=articleDetail&id=208 HTTP/1.0" 200 26005 "-" "coccoc/1.0 (http://help.coccoc.com/)"
123.30.175.81 - - [12/Feb/2013:10:46:56 +0700] "GET /?portal=mc_web&page=articleDetail&id=209 HTTP/1.0" 200 31652 "-" "coccoc/1.0 (http://help.coccoc.com/)"
123.30.175.81 - - [12/Feb/2013:10:47:09 +0700] "GET /?portal=mc_web&page=articleDetail&id=525 HTTP/1.0" 200 22627 "-" "coccoc/1.0 (http://help.coccoc.com/)"
123.30.175.81 - - [12/Feb/2013:10:47:15 +0700] "GET /?portal=mc_web&page=articleDetail&id=526 HTTP/1.0" 200 27046 "-" "coccoc/1.0 (http://help.coccoc.com/)"
123.30.175.81 - - [12/Feb/2013:10:47:21 +0700] "GET /?portal=mc_web&page=articleDetail&id=527 HTTP/1.0" 200 33730 "-" "coccoc/1.0 (http://help.coccoc.com/)"
123.30.175.81 - - [12/Feb/2013:10:47:28 +0700] "GET /?portal=mc_web&page=articleDetail&id=523 HTTP/1.0" 200 26270 "-" "coccoc/1.0 (http://help.coccoc.com/)"
123.30.175.81 - - [12/Feb/2013:10:47:35 +0700] "GET /?portal=mc_web&page=articleDetail&id=524 HTTP/1.0" 200 31871 "-" "coccoc/1.0 (http://help.coccoc.com/)"
123.30.175.81 - - [12/Feb/2013:10:47:51 +0700] "GET /?portal=mc_web&page=articleDetail&id=557 HTTP/1.0" 200 21862 "-" "coccoc/1.0 (http://help.coccoc.com/)"
123.30.175.81 - - [12/Feb/2013:10:47:58 +0700] "GET /?portal=mc_web&page=articleDetail&id=564 HTTP/1.0" 200 23146 "-" "coccoc/1.0 (http://help.coccoc.com/)"
123.30.175.81 - - [12/Feb/2013:10:48:07 +0700] "GET /?portal=mc_web&page=articleDetail&id=565 HTTP/1.0" 200 30467 "-" "coccoc/1.0 (http://help.coccoc.com/)"
123.30.175.81 - - [12/Feb/2013:10:48:13 +0700] "GET /?portal=mc_web&page=articleDetail&id=563 HTTP/1.0" 200 24379 "-" "coccoc/1.0 (http://help.coccoc.com/)"
123.30.175.81 - - [12/Feb/2013:10:49:03 +0700] "GET /?portal=mc_web&page=articleDetail&id=569 HTTP/1.0" 200 21127 "-" "coccoc/1.0 (http://help.coccoc.com/)"
123.30.175.81 - - [12/Feb/2013:10:49:09 +0700] "GET /?portal=mc_web&page=articleDetail&id=570 HTTP/1.0" 200 24046 "-" "coccoc/1.0 (http://help.coccoc.com/)"
123.30.175.81 - - [12/Feb/2013:10:49:17 +0700] "GET /?portal=mc_web&page=articleDetail&id=571 HTTP/1.0" 200 23345 "-" "coccoc/1.0 (http://help.coccoc.com/)"
123.30.175.81 - - [12/Feb/2013:10:49:23 +0700] "GET /?portal=mc_web&page=articleDetail&id=574 HTTP/1.0" 200 31796 "-" "coccoc/1.0 (http://help.coccoc.com/)"
123.30.175.81 - - [12/Feb/2013:10:49:31 +0700] "GET /?portal=mc_web&page=articleDetail&id=575 HTTP/1.0" 200 24580 "-" "coccoc/1.0 (http://help.coccoc.com/)"
123.30.175.81 - - [12/Feb/2013:10:49:38 +0700] "GET /?portal=mc_web&page=articleDetail&id=576 HTTP/1.0" 200 29915 "-" "coccoc/1.0 (http://help.coccoc.com/)"
123.30.175.81 - - [12/Feb/2013:10:49:44 +0700] "GET /?portal=mc_web&page=articleDetail&id=572 HTTP/1.0" 200 27438 "-" "coccoc/1.0 (http://help.coccoc.com/)"
123.30.175.81 - - [12/Feb/2013:10:49:51 +0700] "GET /?portal=mc_web&page=articleDetail&id=573 HTTP/1.0" 200 22599 "-" "coccoc/1.0 (http://help.coccoc.com/)"
123.30.175.81 - - [12/Feb/2013:10:49:57 +0700] "GET /?portal=mc_web&page=articleDetail&id=580 HTTP/1.0" 200 22953 "-" "coccoc/1.0 (http://help.coccoc.com/)"
123.30.175.81 - - [12/Feb/2013:10:50:05 +0700] "GET /?portal=mc_web&page=articleDetail&id=581 HTTP/1.0" 200 22265 "-" "coccoc/1.0 (http://help.coccoc.com/)"
199.36.240.17 - - [12/Feb/2013:10:51:34 +0700] "GET /data/images/imageForArticle/images648208_3.jpg HTTP/1.1" 304 0 "-" "Mozilla/5.0 (compatible; YandexImages/3.0; +http://yandex.com/bots)"
113.23.41.247 - - [12/Feb/2013:10:55:38 +0700] "GET /?portal=mc_web&page=intro HTTP/1.1" 200 19502 "http://www.facebook.com/l.php?u=http%3A%2F%2Fwww.trungtamtoan.com%2F%3Fportal%3Dmc_web%26page%3Dintro&h=1AQFfoSXHAQFTjweb3nA1PrVQdm3pZ8S7txPm6uhc15ID5g&enc=AZNdjT5TOVyaayUVFLY184BVjDN1c0fO21m06J0Uqww4ZjcC2IwLnREOIY0NwlHgZqChPBQdK6bEP_0_NdS6doj-&s=1" "Mozilla/5.0 (Windows NT 5.1; rv:18.0) Gecko/20100101 Firefox/18.0"
113.23.41.247 - - [12/Feb/2013:10:55:38 +0700] "GET /webskins/skins/default/main/styles/common.css HTTP/1.1" 200 45652 "http://www.trungtamtoan.com/?portal=mc_web&page=intro" "Mozilla/5.0 (Windows NT 5.1; rv:18.0) Gecko/20100101 Firefox/18.0"
113.23.41.247 - - [12/Feb/2013:10:55:38 +0700] "GET /webskins/skins/default/main/styles/common-ext.css HTTP/1.1" 200 1758 "http://www.trungtamtoan.com/?portal=mc_web&page=intro" "Mozilla/5.0 (Windows NT 5.1; rv:18.0) Gecko/20100101 Firefox/18.0"
113.23.41.247 - - [12/Feb/2013:10:55:38 +0700] "GET /webskins/skins/platform/jquery.alerts/jquery.alerts.css HTTP/1.1" 200 1329 "http://www.trungtamtoan.com/?portal=mc_web&page=intro" "Mozilla/5.0 (Windows NT 5.1; rv:18.0) Gecko/20100101 Firefox/18.0"
113.23.41.247 - - [12/Feb/2013:10:55:38 +0700] "GET /modules/default/frontend/DefaultHeader.js HTTP/1.1" 200 581 "http://www.trungtamtoan.com/?portal=mc_web&page=intro" "Mozilla/5.0 (Windows NT 5.1; rv:18.0) Gecko/20100101 Firefox/18.0"
113.23.41.247 - - [12/Feb/2013:10:55:38 +0700] "GET /modules/mcweb/MCwebNavigation.js HTTP/1.1" 200 75 "http://www.trungtamtoan.com/?portal=mc_web&page=intro" "Mozilla/5.0 (Windows NT 5.1; rv:18.0) Gecko/20100101 Firefox/18.0"
173.252.110.116 - - [12/Feb/2013:10:55:38 +0700] "GET /?portal=mc_web&page=intro HTTP/1.1" 200 19502 "-" "facebookexternalhit/1.1 (+http://www.facebook.com/externalhit_uatext.php)"
113.23.41.247 - - [12/Feb/2013:10:55:38 +0700] "GET /data/avatar/defaultimage.jpg HTTP/1.1" 200 30691 "http://www.trungtamtoan.com/?portal=mc_web&page=intro" "Mozilla/5.0 (Windows NT 5.1; rv:18.0) Gecko/20100101 Firefox/18.0"
113.23.41.247 - - [12/Feb/2013:10:55:38 +0700] "GET /webskins/plugins/formValidator.2.2/css/validationEngine.jquery.css HTTP/1.1" 200 2320 "http://www.trungtamtoan.com/?portal=mc_web&page=intro" "Mozilla/5.0 (Windows NT 5.1; rv:18.0) Gecko/20100101 Firefox/18.0"
113.23.41.247 - - [12/Feb/2013:10:55:38 +0700] "GET /modules/mcweb/MClog.js HTTP/1.1" 200 248 "http://www.trungtamtoan.com/?portal=mc_web&page=intro" "Mozilla/5.0 (Windows NT 5.1; rv:18.0) Gecko/20100101 Firefox/18.0"
113.23.41.247 - - [12/Feb/2013:10:55:38 +0700] "GET /webskins/js/jquery.alerts.js HTTP/1.1" 200 6875 "http://www.trungtamtoan.com/?portal=mc_web&page=intro" "Mozilla/5.0 (Windows NT 5.1; rv:18.0) Gecko/20100101 Firefox/18.0"
113.23.41.247 - - [12/Feb/2013:10:55:38 +0700] "GET /webskins/plugins/formValidator.2.2/js/languages/jquery.validationEngine-vi2.js HTTP/1.1" 200 8408 "http://www.trungtamtoan.com/?portal=mc_web&page=intro" "Mozilla/5.0 (Windows NT 5.1; rv:18.0) Gecko/20100101 Firefox/18.0"
113.23.41.247 - - [12/Feb/2013:10:55:38 +0700] "GET /webskins/plugins/formValidator.2.2/js/jquery.validationEngine.js HTTP/1.1" 200 48957 "http://www.trungtamtoan.com/?portal=mc_web&page=intro" "Mozilla/5.0 (Windows NT 5.1; rv:18.0) Gecko/20100101 Firefox/18.0"
113.23.41.247 - - [12/Feb/2013:10:55:38 +0700] "GET /webskins/plugins/formValidator.2.2/js/contrib/other-validations.js HTTP/1.1" 200 968 "http://www.trungtamtoan.com/?portal=mc_web&page=intro" "Mozilla/5.0 (Windows NT 5.1; rv:18.0) Gecko/20100101 Firefox/18.0"
113.23.41.247 - - [12/Feb/2013:10:55:38 +0700] "GET /data/images/thumb//images656664_y.jpg HTTP/1.1" 200 3093 "http://www.trungtamtoan.com/?portal=mc_web&page=intro" "Mozilla/5.0 (Windows NT 5.1; rv:18.0) Gecko/20100101 Firefox/18.0"
113.23.41.247 - - [12/Feb/2013:10:55:38 +0700] "GET /data/images/promotion/ads1.png HTTP/1.1" 200 58888 "http://www.trungtamtoan.com/?portal=mc_web&page=intro" "Mozilla/5.0 (Windows NT 5.1; rv:18.0) Gecko/20100101 Firefox/18.0"
113.23.41.247 - - [12/Feb/2013:10:55:38 +0700] "GET /data/images/thumb//a41d3d7c-f173-4889-b34b-df39659a38e7_220px-Pi_pie2.jpg HTTP/1.1" 200 3320 "http://www.trungtamtoan.com/?portal=mc_web&page=intro" "Mozilla/5.0 (Windows NT 5.1; rv:18.0) Gecko/20100101 Firefox/18.0"
113.23.41.247 - - [12/Feb/2013:10:55:39 +0700] "GET /data/images/thumb//admin_1344779656.jpg HTTP/1.1" 200 4316 "http://www.trungtamtoan.com/?portal=mc_web&page=intro" "Mozilla/5.0 (Windows NT 5.1; rv:18.0) Gecko/20100101 Firefox/18.0"
113.23.41.247 - - [12/Feb/2013:10:55:39 +0700] "GET /data/images/thumb//admin_1344779425.gif HTTP/1.1" 200 2595 "http://www.trungtamtoan.com/?portal=mc_web&page=intro" "Mozilla/5.0 (Windows NT 5.1; rv:18.0) Gecko/20100101 Firefox/18.0"
113.23.41.247 - - [12/Feb/2013:10:55:39 +0700] "GET /data/images/thumb//admin_1346932141.jpg HTTP/1.1" 200 4793 "http://www.trungtamtoan.com/?portal=mc_web&page=intro" "Mozilla/5.0 (Windows NT 5.1; rv:18.0) Gecko/20100101 Firefox/18.0"
113.23.41.247 - - [12/Feb/2013:10:55:39 +0700] "GET /data/images/thumb//admin_1344779539.jpg HTTP/1.1" 200 3272 "http://www.trungtamtoan.com/?portal=mc_web&page=intro" "Mozilla/5.0 (Windows NT 5.1; rv:18.0) Gecko/20100101 Firefox/18.0"
