113.23.41.247 - - [12/Feb/2013:10:55:39 +0700] "GET /data/images/thumb//images656679_TT-Bo-GDDT.jpg HTTP/1.1" 200 2180 "http://www.trungtamtoan.com/?portal=mc_web&page=intro" "Mozilla/5.0 (Windows NT 5.1; rv:18.0) Gecko/20100101 Firefox/18.0"
113.23.41.247 - - [12/Feb/2013:10:55:39 +0700] "GET /data/images/promotion/khamphabian.png HTTP/1.1" 200 12131 "http://www.trungtamtoan.com/?portal=mc_web&page=intro" "Mozilla/5.0 (Windows NT 5.1; rv:18.0) Gecko/20100101 Firefox/18.0"
113.23.41.247 - - [12/Feb/2013:10:55:39 +0700] "GET /data/avatar/new.gif HTTP/1.1" 200 2954 "http://www.trungtamtoan.com/?portal=mc_web&page=intro" "Mozilla/5.0 (Windows NT 5.1; rv:18.0) Gecko/20100101 Firefox/18.0"
113.23.41.247 - - [12/Feb/2013:10:55:39 +0700] "GET /data/avatar/mathlogo.gif HTTP/1.1" 200 7928 "http://www.trungtamtoan.com/?portal=mc_web&page=intro" "Mozilla/5.0 (Windows NT 5.1; rv:18.0) Gecko/20100101 Firefox/18.0"
113.23.41.247 - - [12/Feb/2013:10:55:38 +0700] "GET /webskins/js/jquery-1.7.2.js HTTP/1.1" 200 252881 "http://www.trungtamtoan.com/?portal=mc_web&page=intro" "Mozilla/5.0 (Windows NT 5.1; rv:18.0) Gecko/20100101 Firefox/18.0"
113.23.41.247 - - [12/Feb/2013:10:55:39 +0700] "GET /data/images/thumb//admin_1344704443.png HTTP/1.1" 200 2394 "http://www.trungtamtoan.com/?portal=mc_web&page=intro" "Mozilla/5.0 (Windows NT 5.1; rv:18.0) Gecko/20100101 Firefox/18.0"
113.23.41.247 - - [12/Feb/2013:10:55:39 +0700] "GET /data/images/thumb//admin_1344704125.jpg HTTP/1.1" 200 3737 "http://www.trungtamtoan.com/?portal=mc_web&page=intro" "Mozilla/5.0 (Windows NT 5.1; rv:18.0) Gecko/20100101 Firefox/18.0"
113.23.41.247 - - [12/Feb/2013:10:55:39 +0700] "GET /data/images/thumb//images656682_IMG_02.jpg HTTP/1.1" 200 3139 "http://www.trungtamtoan.com/?portal=mc_web&page=intro" "Mozilla/5.0 (Windows NT 5.1; rv:18.0) Gecko/20100101 Firefox/18.0"
113.23.41.247 - - [12/Feb/2013:10:55:39 +0700] "GET /webskins/skins/default/main/images/box-btm.png HTTP/1.1" 200 941 "http://www.trungtamtoan.com/webskins/skins/default/main/styles/common.css" "Mozilla/5.0 (Windows NT 5.1; rv:18.0) Gecko/20100101 Firefox/18.0"
113.23.41.247 - - [12/Feb/2013:10:55:39 +0700] "GET /webskins/skins/default/main/images/sidebar.png HTTP/1.1" 200 989 "http://www.trungtamtoan.com/webskins/skins/default/main/styles/common.css" "Mozilla/5.0 (Windows NT 5.1; rv:18.0) Gecko/20100101 Firefox/18.0"
113.23.41.247 - - [12/Feb/2013:10:55:39 +0700] "GET /webskins/skins/default/main/images/arrow_right.gif HTTP/1.1" 200 824 "http://www.trungtamtoan.com/webskins/skins/default/main/styles/common.css" "Mozilla/5.0 (Windows NT 5.1; rv:18.0) Gecko/20100101 Firefox/18.0"
113.23.41.247 - - [12/Feb/2013:10:55:39 +0700] "GET /webskins/skins/default/main/images/bg-footer.jpg HTTP/1.1" 200 8781 "http://www.trungtamtoan.com/webskins/skins/default/main/styles/common.css" "Mozilla/5.0 (Windows NT 5.1; rv:18.0) Gecko/20100101 Firefox/18.0"
113.23.41.247 - - [12/Feb/2013:10:55:39 +0700] "GET /webskins/skins/system/images/favicon.ico HTTP/1.1" 200 3971 "-" "Mozilla/5.0 (Windows NT 5.1; rv:18.0) Gecko/20100101 Firefox/18.0"
173.252.110.116 - - [12/Feb/2013:10:55:41 +0700] "HEAD /data/images/thumb//images656664_y.jpg HTTP/1.1" 206 0 "-" "facebookexternalhit/1.1 (+http://www.facebook.com/externalhit_uatext.php)"
173.252.103.0 - - [12/Feb/2013:10:55:45 +0700] "GET /data/images/thumb//images656682_IMG_02.jpg HTTP/1.1" 206 3139 "-" "facebookexternalhit/1.1 (+http://www.facebook.com/externalhit_uatext.php)"
113.23.41.247 - - [12/Feb/2013:10:56:14 +0700] "GET /?portal=mc_web&page=NewDoc HTTP/1.1" 200 22498 "http://www.trungtamtoan.com/?portal=mc_web&page=intro" "Mozilla/5.0 (Windows NT 5.1; rv:18.0) Gecko/20100101 Firefox/18.0"
113.23.41.247 - - [12/Feb/2013:10:56:27 +0700] "GET /?portal=mc_web&page=NewDoc&page_no=2 HTTP/1.1" 200 22614 "http://www.trungtamtoan.com/?portal=mc_web&page=NewDoc" "Mozilla/5.0 (Windows NT 5.1; rv:18.0) Gecko/20100101 Firefox/18.0"
113.23.41.247 - - [12/Feb/2013:10:56:42 +0700] "GET /?portal=mc_web&page=NewDoc&page_no=4 HTTP/1.1" 200 20065 "http://www.trungtamtoan.com/?portal=mc_web&page=NewDoc&page_no=2" "Mozilla/5.0 (Windows NT 5.1; rv:18.0) Gecko/20100101 Firefox/18.0"
173.199.116.211 - - [12/Feb/2013:11:01:01 +0700] "GET /?portal=mc_web&page=DocOfClass&classID=1&cateID=2 HTTP/1.1" 200 17224 "-" "Mozilla/5.0 (compatible; AhrefsBot/4.0; +http://ahrefs.com/robot/)"
157.55.32.142 - - [12/Feb/2013:11:08:53 +0700] "GET /robots.txt HTTP/1.1" 404 274 "-" "Mozilla/5.0 (compatible; bingbot/2.0; +http://www.bing.com/bingbot.htm)"
157.55.32.142 - - [12/Feb/2013:11:10:48 +0700] "GET /?portal=mc_web&page=articleDetail&id=313 HTTP/1.1" 200 51415 "-" "Mozilla/5.0 (compatible; bingbot/2.0; +http://www.bing.com/bingbot.htm)"
123.30.175.81 - - [12/Feb/2013:11:16:19 +0700] "GET /?portal=mc_web&page=articleDetail&id=195 HTTP/1.0" 200 27575 "-" "coccoc/1.0 (http://help.coccoc.com/)"
123.30.175.81 - - [12/Feb/2013:11:16:25 +0700] "GET /?portal=mc_web&page=articleDetail&id=196 HTTP/1.0" 200 22089 "-" "coccoc/1.0 (http://help.coccoc.com/)"
123.30.175.81 - - [12/Feb/2013:11:16:31 +0700] "GET /?portal=mc_web&page=articleDetail&id=197 HTTP/1.0" 200 23819 "-" "coccoc/1.0 (http://help.coccoc.com/)"
123.30.175.81 - - [12/Feb/2013:11:16:37 +0700] "GET /?portal=mc_web&page=articleDetail&id=569 HTTP/1.0" 200 21363 "-" "coccoc/1.0 (http://help.coccoc.com/)"
123.30.175.81 - - [12/Feb/2013:11:16:45 +0700] "GET /?portal=mc_web&page=articleDetail&id=570 HTTP/1.0" 200 24282 "-" "coccoc/1.0 (http://help.coccoc.com/)"
123.30.175.81 - - [12/Feb/2013:11:16:54 +0700] "GET /?portal=mc_web&page=articleDetail&id=571 HTTP/1.0" 200 23581 "-" "coccoc/1.0 (http://help.coccoc.com/)"
123.30.175.81 - - [12/Feb/2013:11:17:02 +0700] "GET /?portal=mc_web&page=articleDetail&id=188 HTTP/1.0" 200 24556 "-" "coccoc/1.0 (http://help.coccoc.com/)"
123.30.175.81 - - [12/Feb/2013:11:17:09 +0700] "GET /?portal=mc_web&page=articleDetail&id=189 HTTP/1.0" 200 25954 "-" "coccoc/1.0 (http://help.coccoc.com/)"
123.30.175.81 - - [12/Feb/2013:11:17:17 +0700] "GET /?portal=mc_web&page=articleDetail&id=190 HTTP/1.0" 200 27208 "-" "coccoc/1.0 (http://help.coccoc.com/)"
123.30.175.81 - - [12/Feb/2013:11:17:25 +0700] "GET /?portal=mc_web&page=articleDetail&id=191 HTTP/1.0" 200 25771 "-" "coccoc/1.0 (http://help.coccoc.com/)"
123.30.175.81 - - [12/Feb/2013:11:20:01 +0700] "GET /?portal=mc_web&page=articleDetail&id=187 HTTP/1.0" 200 25552 "-" "coccoc/1.0 (http://help.coccoc.com/)"
123.30.175.81 - - [12/Feb/2013:11:20:08 +0700] "GET /?portal=mc_web&page=articleDetail&id=580 HTTP/1.0" 200 23189 "-" "coccoc/1.0 (http://help.coccoc.com/)"
123.30.175.81 - - [12/Feb/2013:11:20:15 +0700] "GET /?portal=mc_web&page=articleDetail&id=581 HTTP/1.0" 200 22501 "-" "coccoc/1.0 (http://help.coccoc.com/)"
123.30.175.81 - - [12/Feb/2013:11:20:23 +0700] "GET /?portal=mc_web&page=articleDetail&id=582 HTTP/1.0" 200 23498 "-" "coccoc/1.0 (http://help.coccoc.com/)"
123.30.175.81 - - [12/Feb/2013:11:20:31 +0700] "GET /?portal=mc_web&page=articleDetail&id=578 HTTP/1.0" 200 22003 "-" "coccoc/1.0 (http://help.coccoc.com/)"
123.30.175.81 - - [12/Feb/2013:11:20:37 +0700] "GET /?portal=mc_web&page=articleDetail&id=579 HTTP/1.0" 200 27135 "-" "coccoc/1.0 (http://help.coccoc.com/)"
123.30.175.81 - - [12/Feb/2013:11:20:45 +0700] "GET /?portal=mc_web&page=articleDetail&id=180 HTTP/1.0" 200 26899 "-" "coccoc/1.0 (http://help.coccoc.com/)"
123.30.175.81 - - [12/Feb/2013:11:20:52 +0700] "GET /?portal=mc_web&page=articleDetail&id=181 HTTP/1.0" 200 28860 "-" "coccoc/1.0 (http://help.coccoc.com/)"
123.30.175.81 - - [12/Feb/2013:11:20:58 +0700] "GET /?portal=mc_web&page=articleDetail&id=182 HTTP/1.0" 200 25560 "-" "coccoc/1.0 (http://help.coccoc.com/)"
123.30.175.81 - - [12/Feb/2013:11:21:06 +0700] "GET /?portal=mc_web&page=articleDetail&id=583 HTTP/1.0" 200 30985 "-" "coccoc/1.0 (http://help.coccoc.com/)"
37.140.141.10 - - [12/Feb/2013:11:21:41 +0700] "GET /?portal=mc_web&page=articleDetail&id=555 HTTP/1.1" 200 29845 "-" "Mozilla/5.0 (compatible; YandexBot/3.0; +http://yandex.com/bots)"
173.199.116.211 - - [12/Feb/2013:11:31:36 +0700] "GET /?portal=mc_web&page=articleDetail&id=597 HTTP/1.1" 200 24510 "-" "Mozilla/5.0 (compatible; AhrefsBot/4.0; +http://ahrefs.com/robot/)"
37.140.141.10 - - [12/Feb/2013:11:43:12 +0700] "GET /?portal=mc_web&page=articleDetail&id=601 HTTP/1.1" 200 33729 "-" "Mozilla/5.0 (compatible; YandexBot/3.0; +http://yandex.com/bots)"
66.249.77.12 - - [12/Feb/2013:11:57:46 +0700] "GET /webskins/plugins/TinySlideshow/style.css HTTP/1.1" 200 1622 "-" "Mozilla/5.0 (compatible; Googlebot/2.1; +http://www.google.com/bot.html)"
37.140.141.10 - - [12/Feb/2013:12:01:04 +0700] "GET /?portal=mc_web&page=articleDetail&id=433 HTTP/1.1" 200 25168 "-" "Mozilla/5.0 (compatible; YandexBot/3.0; +http://yandex.com/bots)"
118.70.248.17 - - [12/Feb/2013:12:13:00 +0700] "GET /modules/mcweb/MClistTeacher.js HTTP/1.1" 304 0 "-" "Mozilla/4.0 (compatible;)"
173.199.116.211 - - [12/Feb/2013:12:19:40 +0700] "GET /?portal=mc_web&page=articleDetail&id=601 HTTP/1.1" 200 33965 "-" "Mozilla/5.0 (compatible; AhrefsBot/4.0; +http://ahrefs.com/robot/)"
37.140.141.10 - - [12/Feb/2013:12:36:40 +0700] "GET /?portal=mc_web&page=articleDetail&id=615 HTTP/1.1" 200 23441 "-" "Mozilla/5.0 (compatible; YandexBot/3.0; +http://yandex.com/bots)"
37.140.141.10 - - [12/Feb/2013:12:37:05 +0700] "GET /?portal=mc_web&page=articleDetail&id=598 HTTP/1.1" 200 23886 "-" "Mozilla/5.0 (compatible; YandexBot/3.0; +http://yandex.com/bots)"
66.249.76.107 - - [12/Feb/2013:12:40:31 +0700] "GET /modules/default/frontend/DefaultHeader.js HTTP/1.1" 200 581 "-" "Mozilla/5.0 (compatible; Googlebot/2.1; +http://www.google.com/bot.html)"
37.140.141.10 - - [12/Feb/2013:12:46:50 +0700] "GET /?portal=mc_web&page=articleDetail&id=617 HTTP/1.1" 200 23262 "-" "Mozilla/5.0 (compatible; YandexBot/3.0; +http://yandex.com/bots)"
37.140.141.10 - - [12/Feb/2013:13:17:37 +0700] "GET /?portal=mc_web&page=articleDetail&id=608 HTTP/1.1" 200 22271 "-" "Mozilla/5.0 (compatible; YandexBot/3.0; +http://yandex.com/bots)"
173.199.116.211 - - [12/Feb/2013:13:25:22 +0700] "GET /?portal=mc_web&page=articleDetail&id=563 HTTP/1.1" 200 24379 "-" "Mozilla/5.0 (compatible; AhrefsBot/4.0; +http://ahrefs.com/robot/)"
65.55.213.63 - - [12/Feb/2013:13:41:20 +0700] "GET / HTTP/1.1" 200 19278 "-" "Mozilla/4.0 (compatible; MSIE 7.0; Windows NT 5.2;  SLCC1;  .NET CLR 1.1.4322;  .NET CLR 2.0.50727;  .NET CLR 3.0.04506.648)"
65.55.213.63 - - [12/Feb/2013:13:41:25 +0700] "GET /webskins/skins/default/main/styles/common-ext.css HTTP/1.1" 200 1758 "http://trungtamtoan.com/" "Mozilla/4.0 (compatible; MSIE 7.0; Windows NT 5.2;  SLCC1;  .NET CLR 1.1.4322;  .NET CLR 2.0.50727;  .NET CLR 3.0.04506.648)"
65.55.213.63 - - [12/Feb/2013:13:41:26 +0700] "GET /webskins/skins/default/main/styles/common.css HTTP/1.1" 200 45652 "http://trungtamtoan.com/" "Mozilla/4.0 (compatible; MSIE 7.0; Windows NT 5.2;  SLCC1;  .NET CLR 1.1.4322;  .NET CLR 2.0.50727;  .NET CLR 3.0.04506.648)"
65.55.213.63 - - [12/Feb/2013:13:41:26 +0700] "GET /webskins/js/jquery-1.7.2.js HTTP/1.1" 200 252881 "http://trungtamtoan.com/" "Mozilla/4.0 (compatible; MSIE 7.0; Windows NT 5.2;  SLCC1;  .NET CLR 1.1.4322;  .NET CLR 2.0.50727;  .NET CLR 3.0.04506.648)"
65.55.213.63 - - [12/Feb/2013:13:41:49 +0700] "GET /modules/default/frontend/DefaultHeader.js HTTP/1.1" 200 581 "http://trungtamtoan.com/" "Mozilla/4.0 (compatible; MSIE 7.0; Windows NT 5.2;  SLCC1;  .NET CLR 1.1.4322;  .NET CLR 2.0.50727;  .NET CLR 3.0.04506.648)"
65.55.213.63 - - [12/Feb/2013:13:41:49 +0700] "GET /webskins/skins/platform/jquery.alerts/jquery.alerts.css HTTP/1.1" 200 1329 "http://trungtamtoan.com/" "Mozilla/4.0 (compatible; MSIE 7.0; Windows NT 5.2;  SLCC1;  .NET CLR 1.1.4322;  .NET CLR 2.0.50727;  .NET CLR 3.0.04506.648)"
65.55.213.63 - - [12/Feb/2013:13:41:49 +0700] "GET /modules/mcweb/MCwebNavigation.js HTTP/1.1" 200 75 "http://trungtamtoan.com/" "Mozilla/4.0 (compatible; MSIE 7.0; Windows NT 5.2;  SLCC1;  .NET CLR 1.1.4322;  .NET CLR 2.0.50727;  .NET CLR 3.0.04506.648)"
65.55.213.63 - - [12/Feb/2013:13:41:50 +0700] "GET /modules/mcweb/MClog.js HTTP/1.1" 200 248 "http://trungtamtoan.com/" "Mozilla/4.0 (compatible; MSIE 7.0; Windows NT 5.2;  SLCC1;  .NET CLR 1.1.4322;  .NET CLR 2.0.50727;  .NET CLR 3.0.04506.648)"
65.55.213.63 - - [12/Feb/2013:13:41:50 +0700] "GET /webskins/plugins/formValidator.2.2/css/validationEngine.jquery.css HTTP/1.1" 200 2320 "http://trungtamtoan.com/" "Mozilla/4.0 (compatible; MSIE 7.0; Windows NT 5.2;  SLCC1;  .NET CLR 1.1.4322;  .NET CLR 2.0.50727;  .NET CLR 3.0.04506.648)"
65.55.213.63 - - [12/Feb/2013:13:41:51 +0700] "GET /modules/mcweb/MCboard.js HTTP/1.1" 200 74 "http://trungtamtoan.com/" "Mozilla/4.0 (compatible; MSIE 7.0; Windows NT 5.2;  SLCC1;  .NET CLR 1.1.4322;  .NET CLR 2.0.50727;  .NET CLR 3.0.04506.648)"
65.55.213.63 - - [12/Feb/2013:13:41:51 +0700] "GET /webskins/plugins/TinySlideshow/compressed.js HTTP/1.1" 200 4970 "http://trungtamtoan.com/" "Mozilla/4.0 (compatible; MSIE 7.0; Windows NT 5.2;  SLCC1;  .NET CLR 1.1.4322;  .NET CLR 2.0.50727;  .NET CLR 3.0.04506.648)"
180.76.5.62 - - [12/Feb/2013:13:41:54 +0700] "GET /?portal=mc_web&page=DocOfClass&classID=13&cateID=1 HTTP/1.1" 200 17612 "-" "Mozilla/5.0 (compatible; Baiduspider/2.0; +http://www.baidu.com/search/spider.html)"
65.55.213.63 - - [12/Feb/2013:13:41:59 +0700] "GET /webskins/plugins/TinySlideshow/script.js HTTP/1.1" 200 5547 "http://trungtamtoan.com/" "Mozilla/4.0 (compatible; MSIE 7.0; Windows NT 5.2;  SLCC1;  .NET CLR 1.1.4322;  .NET CLR 2.0.50727;  .NET CLR 3.0.04506.648)"
65.55.213.63 - - [12/Feb/2013:13:42:00 +0700] "GET /webskins/plugins/TinySlideshow/style.css HTTP/1.1" 200 1622 "http://trungtamtoan.com/" "Mozilla/4.0 (compatible; MSIE 7.0; Windows NT 5.2;  SLCC1;  .NET CLR 1.1.4322;  .NET CLR 2.0.50727;  .NET CLR 3.0.04506.648)"
65.55.213.63 - - [12/Feb/2013:13:42:01 +0700] "GET /webskins/js/jquery.alerts.js HTTP/1.1" 200 6875 "http://trungtamtoan.com/" "Mozilla/4.0 (compatible; MSIE 7.0; Windows NT 5.2;  SLCC1;  .NET CLR 1.1.4322;  .NET CLR 2.0.50727;  .NET CLR 3.0.04506.648)"
65.55.213.63 - - [12/Feb/2013:13:42:02 +0700] "GET /webskins/plugins/formValidator.2.2/js/languages/jquery.validationEngine-vi2.js HTTP/1.1" 200 8408 "http://trungtamtoan.com/" "Mozilla/4.0 (compatible; MSIE 7.0; Windows NT 5.2;  SLCC1;  .NET CLR 1.1.4322;  .NET CLR 2.0.50727;  .NET CLR 3.0.04506.648)"
65.55.213.63 - - [12/Feb/2013:13:42:03 +0700] "GET /webskins/plugins/formValidator.2.2/js/jquery.validationEngine.js HTTP/1.1" 200 48957 "http://trungtamtoan.com/" "Mozilla/4.0 (compatible; MSIE 7.0; Windows NT 5.2;  SLCC1;  .NET CLR 1.1.4322;  .NET CLR 2.0.50727;  .NET CLR 3.0.04506.648)"
208.115.111.73 - - [12/Feb/2013:13:59:49 +0700] "GET /?portal=mc_web&page=articleDetail&id=330 HTTP/1.1" 200 19874 "-" "Mozilla/5.0 (compatible; Ezooms/1.0; ezooms.bot@gmail.com)"
37.140.141.10 - - [12/Feb/2013:13:59:59 +0700] "GET /?portal=mc_web&page=articleDetail&id=524 HTTP/1.1" 200 32107 "-" "Mozilla/5.0 (compatible; YandexBot/3.0; +http://yandex.com/bots)"
173.199.116.211 - - [12/Feb/2013:14:05:55 +0700] "GET /?portal=mc_web&page=articleDetail&id=605 HTTP/1.1" 200 25124 "-" "Mozilla/5.0 (compatible; AhrefsBot/4.0; +http://ahrefs.com/robot/)"
37.140.141.10 - - [12/Feb/2013:14:37:17 +0700] "GET /?portal=mc_web&page=articleDetail&id=460 HTTP/1.1" 200 32764 "-" "Mozilla/5.0 (compatible; YandexBot/3.0; +http://yandex.com/bots)"
37.140.141.10 - - [12/Feb/2013:15:14:52 +0700] "GET /?portal=mc_web&page=intro HTTP/1.1" 200 19502 "-" "Mozilla/5.0 (compatible; YandexBot/3.0; +http://yandex.com/bots)"
173.199.116.211 - - [12/Feb/2013:15:25:04 +0700] "GET /?portal=mc_web&page=articleDetail&id=328 HTTP/1.1" 200 22580 "-" "Mozilla/5.0 (compatible; AhrefsBot/4.0; +http://ahrefs.com/robot/)"
180.76.5.162 - - [12/Feb/2013:15:33:43 +0700] "GET /?portal=mc_web&page=articleDetail&id=567 HTTP/1.1" 200 31536 "-" "Mozilla/5.0 (compatible; Baiduspider/2.0; +http://www.baidu.com/search/spider.html)"
37.140.141.10 - - [12/Feb/2013:15:50:29 +0700] "GET /?portal=mc_web&page=articleDetail&id=496 HTTP/1.1" 200 31942 "-" "Mozilla/5.0 (compatible; YandexBot/3.0; +http://yandex.com/bots)"
37.140.141.10 - - [12/Feb/2013:16:08:46 +0700] "GET /robots.txt HTTP/1.1" 404 274 "-" "Mozilla/5.0 (compatible; YandexBot/3.0; +http://yandex.com/bots)"
37.140.141.10 - - [12/Feb/2013:16:08:51 +0700] "GET / HTTP/1.1" 200 19278 "-" "Mozilla/5.0 (compatible; YandexBot/3.0; MirrorDetector; +http://yandex.com/bots)"
37.140.141.10 - - [12/Feb/2013:16:09:07 +0700] "GET / HTTP/1.1" 200 19278 "-" "Mozilla/5.0 (compatible; YandexBot/3.0; MirrorDetector; +http://yandex.com/bots)"
37.140.141.10 - - [12/Feb/2013:16:22:21 +0700] "GET /?portal=mc_web&page=articleDetail&id=606 HTTP/1.1" 200 25061 "-" "Mozilla/5.0 (compatible; YandexBot/3.0; +http://yandex.com/bots)"
180.76.5.197 - - [12/Feb/2013:16:31:04 +0700] "GET /?portal=mc_web&page=DocOfClass&classID=17&cateID=3 HTTP/1.1" 200 17612 "-" "Mozilla/5.0 (compatible; Baiduspider/2.0; +http://www.baidu.com/search/spider.html)"
123.21.254.224 - - [12/Feb/2013:16:34:27 +0700] "GET /?portal=mc_web&page=articleDetail&id=635 HTTP/1.1" 200 28195 "http://www.google.com/url?sa=t&rct=j&q=chuy%C3%AAn%20%C4%91%E1%BB%81%20bdtx%20m%C3%B4n%20c%C3%B4ng%20ngh%E1%BB%87%208&source=web&cd=40&ved=0CGkQFjAJOB4&url=http%3A%2F%2Ftrungtamtoan.com%2F%3Fportal%3Dmc_web%26page%3DarticleDetail%26id%3D635&ei=XQwaUeubJciXiQfJh4H4Dg&usg=AFQjCNHpUJhBW9Hij1NiDKtrhVg1v6JDQA" "Mozilla/5.0 (Windows NT 5.1; rv:18.0) Gecko/20100101 Firefox/18.0"
123.21.254.224 - - [12/Feb/2013:16:34:28 +0700] "GET /webskins/skins/default/main/styles/common.css HTTP/1.1" 200 45652 "http://trungtamtoan.com/?portal=mc_web&page=articleDetail&id=635" "Mozilla/5.0 (Windows NT 5.1; rv:18.0) Gecko/20100101 Firefox/18.0"
123.21.254.224 - - [12/Feb/2013:16:34:28 +0700] "GET /webskins/skins/default/main/styles/common-ext.css HTTP/1.1" 200 1758 "http://trungtamtoan.com/?portal=mc_web&page=articleDetail&id=635" "Mozilla/5.0 (Windows NT 5.1; rv:18.0) Gecko/20100101 Firefox/18.0"
123.21.254.224 - - [12/Feb/2013:16:34:28 +0700] "GET /webskins/skins/platform/jquery.alerts/jquery.alerts.css HTTP/1.1" 200 1329 "http://trungtamtoan.com/?portal=mc_web&page=articleDetail&id=635" "Mozilla/5.0 (Windows NT 5.1; rv:18.0) Gecko/20100101 Firefox/18.0"
123.21.254.224 - - [12/Feb/2013:16:34:28 +0700] "GET /modules/mcweb/MCwebNavigation.js HTTP/1.1" 200 75 "http://trungtamtoan.com/?portal=mc_web&page=articleDetail&id=635" "Mozilla/5.0 (Windows NT 5.1; rv:18.0) Gecko/20100101 Firefox/18.0"
123.21.254.224 - - [12/Feb/2013:16:34:28 +0700] "GET /modules/default/frontend/DefaultHeader.js HTTP/1.1" 200 581 "http://trungtamtoan.com/?portal=mc_web&page=articleDetail&id=635" "Mozilla/5.0 (Windows NT 5.1; rv:18.0) Gecko/20100101 Firefox/18.0"
123.21.254.224 - - [12/Feb/2013:16:34:29 +0700] "GET /webskins/plugins/formValidator.2.2/css/validationEngine.jquery.css HTTP/1.1" 200 2320 "http://trungtamtoan.com/?portal=mc_web&page=articleDetail&id=635" "Mozilla/5.0 (Windows NT 5.1; rv:18.0) Gecko/20100101 Firefox/18.0"
123.21.254.224 - - [12/Feb/2013:16:34:29 +0700] "GET /modules/mcweb/MClog.js HTTP/1.1" 200 248 "http://trungtamtoan.com/?portal=mc_web&page=articleDetail&id=635" "Mozilla/5.0 (Windows NT 5.1; rv:18.0) Gecko/20100101 Firefox/18.0"
123.21.254.224 - - [12/Feb/2013:16:34:29 +0700] "GET /modules/mcweb/MCcomment.js HTTP/1.1" 200 3210 "http://trungtamtoan.com/?portal=mc_web&page=articleDetail&id=635" "Mozilla/5.0 (Windows NT 5.1; rv:18.0) Gecko/20100101 Firefox/18.0"
123.21.254.224 - - [12/Feb/2013:16:34:29 +0700] "GET /webskins/js/jquery.alerts.js HTTP/1.1" 200 6875 "http://trungtamtoan.com/?portal=mc_web&page=articleDetail&id=635" "Mozilla/5.0 (Windows NT 5.1; rv:18.0) Gecko/20100101 Firefox/18.0"
123.21.254.224 - - [12/Feb/2013:16:34:29 +0700] "GET /webskins/plugins/formValidator.2.2/js/languages/jquery.validationEngine-vi2.js HTTP/1.1" 200 8408 "http://trungtamtoan.com/?portal=mc_web&page=articleDetail&id=635" "Mozilla/5.0 (Windows NT 5.1; rv:18.0) Gecko/20100101 Firefox/18.0"
123.21.254.224 - - [12/Feb/2013:16:34:28 +0700] "GET /webskins/js/jquery-1.7.2.js HTTP/1.1" 200 252881 "http://trungtamtoan.com/?portal=mc_web&page=articleDetail&id=635" "Mozilla/5.0 (Windows NT 5.1; rv:18.0) Gecko/20100101 Firefox/18.0"
123.21.254.224 - - [12/Feb/2013:16:34:29 +0700] "GET /webskins/plugins/formValidator.2.2/js/contrib/other-validations.js HTTP/1.1" 200 968 "http://trungtamtoan.com/?portal=mc_web&page=articleDetail&id=635" "Mozilla/5.0 (Windows NT 5.1; rv:18.0) Gecko/20100101 Firefox/18.0"
123.21.254.224 - - [12/Feb/2013:16:34:29 +0700] "GET /webskins/plugins/formValidator.2.2/js/jquery.validationEngine.js HTTP/1.1" 200 48957 "http://trungtamtoan.com/?portal=mc_web&page=articleDetail&id=635" "Mozilla/5.0 (Windows NT 5.1; rv:18.0) Gecko/20100101 Firefox/18.0"
123.21.254.224 - - [12/Feb/2013:16:34:29 +0700] "GET /data/avatar/new.gif HTTP/1.1" 200 2954 "http://trungtamtoan.com/?portal=mc_web&page=articleDetail&id=635" "Mozilla/5.0 (Windows NT 5.1; rv:18.0) Gecko/20100101 Firefox/18.0"
123.21.254.224 - - [12/Feb/2013:16:34:29 +0700] "GET /data/avatar/mathlogo.gif HTTP/1.1" 200 7928 "http://trungtamtoan.com/?portal=mc_web&page=articleDetail&id=635" "Mozilla/5.0 (Windows NT 5.1; rv:18.0) Gecko/20100101 Firefox/18.0"
123.21.254.224 - - [12/Feb/2013:16:34:29 +0700] "GET /data/images/imageForArticle/images655059_images649565_2.jpg HTTP/1.1" 200 16994 "http://trungtamtoan.com/?portal=mc_web&page=articleDetail&id=635" "Mozilla/5.0 (Windows NT 5.1; rv:18.0) Gecko/20100101 Firefox/18.0"
123.21.254.224 - - [12/Feb/2013:16:34:29 +0700] "GET /data/images/promotion/ads1.png HTTP/1.1" 200 58888 "http://trungtamtoan.com/?portal=mc_web&page=articleDetail&id=635" "Mozilla/5.0 (Windows NT 5.1; rv:18.0) Gecko/20100101 Firefox/18.0"
123.21.254.224 - - [12/Feb/2013:16:34:29 +0700] "GET /data/images/thumb//admin_1346932141.jpg HTTP/1.1" 200 4793 "http://trungtamtoan.com/?portal=mc_web&page=articleDetail&id=635" "Mozilla/5.0 (Windows NT 5.1; rv:18.0) Gecko/20100101 Firefox/18.0"
123.21.254.224 - - [12/Feb/2013:16:34:29 +0700] "GET /data/images/thumb//images656682_IMG_02.jpg HTTP/1.1" 200 3139 "http://trungtamtoan.com/?portal=mc_web&page=articleDetail&id=635" "Mozilla/5.0 (Windows NT 5.1; rv:18.0) Gecko/20100101 Firefox/18.0"
123.21.254.224 - - [12/Feb/2013:16:34:30 +0700] "GET /data/images/thumb//images656679_TT-Bo-GDDT.jpg HTTP/1.1" 200 2180 "http://trungtamtoan.com/?portal=mc_web&page=articleDetail&id=635" "Mozilla/5.0 (Windows NT 5.1; rv:18.0) Gecko/20100101 Firefox/18.0"
123.21.254.224 - - [12/Feb/2013:16:34:30 +0700] "GET /data/images/thumb//images656664_y.jpg HTTP/1.1" 200 3093 "http://trungtamtoan.com/?portal=mc_web&page=articleDetail&id=635" "Mozilla/5.0 (Windows NT 5.1; rv:18.0) Gecko/20100101 Firefox/18.0"
123.21.254.224 - - [12/Feb/2013:16:34:30 +0700] "GET /data/images/thumb//admin_1344704443.png HTTP/1.1" 200 2394 "http://trungtamtoan.com/?portal=mc_web&page=articleDetail&id=635" "Mozilla/5.0 (Windows NT 5.1; rv:18.0) Gecko/20100101 Firefox/18.0"
123.21.254.224 - - [12/Feb/2013:16:34:30 +0700] "GET /data/images/thumb//admin_1344704125.jpg HTTP/1.1" 200 3737 "http://trungtamtoan.com/?portal=mc_web&page=articleDetail&id=635" "Mozilla/5.0 (Windows NT 5.1; rv:18.0) Gecko/20100101 Firefox/18.0"
123.21.254.224 - - [12/Feb/2013:16:34:30 +0700] "GET /data/images/thumb//a41d3d7c-f173-4889-b34b-df39659a38e7_220px-Pi_pie2.jpg HTTP/1.1" 200 3320 "http://trungtamtoan.com/?portal=mc_web&page=articleDetail&id=635" "Mozilla/5.0 (Windows NT 5.1; rv:18.0) Gecko/20100101 Firefox/18.0"
123.21.254.224 - - [12/Feb/2013:16:34:30 +0700] "GET /data/images/promotion/khamphabian.png HTTP/1.1" 200 12131 "http://trungtamtoan.com/?portal=mc_web&page=articleDetail&id=635" "Mozilla/5.0 (Windows NT 5.1; rv:18.0) Gecko/20100101 Firefox/18.0"
123.21.254.224 - - [12/Feb/2013:16:34:30 +0700] "GET /data/images/thumb//admin_1344779656.jpg HTTP/1.1" 200 4316 "http://trungtamtoan.com/?portal=mc_web&page=articleDetail&id=635" "Mozilla/5.0 (Windows NT 5.1; rv:18.0) Gecko/20100101 Firefox/18.0"
123.21.254.224 - - [12/Feb/2013:16:34:30 +0700] "GET /data/images/thumb//admin_1344779539.jpg HTTP/1.1" 200 3272 "http://trungtamtoan.com/?portal=mc_web&page=articleDetail&id=635" "Mozilla/5.0 (Windows NT 5.1; rv:18.0) Gecko/20100101 Firefox/18.0"
123.21.254.224 - - [12/Feb/2013:16:34:30 +0700] "GET /data/images/thumb//admin_1344779425.gif HTTP/1.1" 200 2595 "http://trungtamtoan.com/?portal=mc_web&page=articleDetail&id=635" "Mozilla/5.0 (Windows NT 5.1; rv:18.0) Gecko/20100101 Firefox/18.0"
123.21.254.224 - - [12/Feb/2013:16:34:31 +0700] "GET /webskins/skins/default/main/images/menu_itemline.gif HTTP/1.1" 200 151 "http://trungtamtoan.com/webskins/skins/default/main/styles/common.css" "Mozilla/5.0 (Windows NT 5.1; rv:18.0) Gecko/20100101 Firefox/18.0"
123.21.254.224 - - [12/Feb/2013:16:34:31 +0700] "GET /webskins/skins/default/main/images/arrow_right.gif HTTP/1.1" 200 824 "http://trungtamtoan.com/webskins/skins/default/main/styles/common.css" "Mozilla/5.0 (Windows NT 5.1; rv:18.0) Gecko/20100101 Firefox/18.0"
123.21.254.224 - - [12/Feb/2013:16:34:31 +0700] "GET /webskins/skins/default/main/images/sidebar.png HTTP/1.1" 200 989 "http://trungtamtoan.com/webskins/skins/default/main/styles/common.css" "Mozilla/5.0 (Windows NT 5.1; rv:18.0) Gecko/20100101 Firefox/18.0"
123.21.254.224 - - [12/Feb/2013:16:34:31 +0700] "GET /webskins/skins/default/main/images/box-btm.png HTTP/1.1" 200 941 "http://trungtamtoan.com/webskins/skins/default/main/styles/common.css" "Mozilla/5.0 (Windows NT 5.1; rv:18.0) Gecko/20100101 Firefox/18.0"
123.21.254.224 - - [12/Feb/2013:16:34:31 +0700] "GET /webskins/skins/system/images/favicon.ico HTTP/1.1" 200 3971 "-" "Mozilla/5.0 (Windows NT 5.1; rv:18.0) Gecko/20100101 Firefox/18.0"
123.21.254.224 - - [12/Feb/2013:16:34:31 +0700] "GET /webskins/skins/default/main/images/bg-footer.jpg HTTP/1.1" 200 8781 "http://trungtamtoan.com/webskins/skins/default/main/styles/common.css" "Mozilla/5.0 (Windows NT 5.1; rv:18.0) Gecko/20100101 Firefox/18.0"
123.21.254.224 - - [12/Feb/2013:16:34:31 +0700] "POST /ajax.php?path=mcweb&fnc=mcweb.comment.process HTTP/1.1" 200 33 "http://trungtamtoan.com/?portal=mc_web&page=articleDetail&id=635" "Mozilla/5.0 (Windows NT 5.1; rv:18.0) Gecko/20100101 Firefox/18.0"
69.171.228.114 - - [12/Feb/2013:16:34:37 +0700] "HEAD /data/images/thumb//images656682_IMG_02.jpg HTTP/1.1" 206 0 "-" "facebookexternalhit/1.1 (+http://www.facebook.com/externalhit_uatext.php)"
69.171.228.117 - - [12/Feb/2013:16:34:37 +0700] "HEAD /data/images/thumb//images656664_y.jpg HTTP/1.1" 206 0 "-" "facebookexternalhit/1.1 (+http://www.facebook.com/externalhit_uatext.php)"
69.171.233.3 - - [12/Feb/2013:16:34:42 +0700] "GET /data/images/thumb//images656682_IMG_02.jpg HTTP/1.1" 206 3139 "-" "facebookexternalhit/1.1 (+http://www.facebook.com/externalhit_uatext.php)"
173.199.116.211 - - [12/Feb/2013:16:55:47 +0700] "GET /?portal=mc_web&page=DocOfClass&classID=8&cateID=4 HTTP/1.1" 200 17224 "-" "Mozilla/5.0 (compatible; AhrefsBot/4.0; +http://ahrefs.com/robot/)"
173.199.116.211 - - [12/Feb/2013:18:04:50 +0700] "GET /?portal=mc_web&page=articleDetail&id=636 HTTP/1.1" 200 26012 "-" "Mozilla/5.0 (compatible; AhrefsBot/4.0; +http://ahrefs.com/robot/)"
180.76.5.158 - - [12/Feb/2013:20:27:41 +0700] "GET /?portal=mc_web&page=articleDetail&id=645 HTTP/1.1" 200 21500 "-" "Mozilla/5.0 (compatible; Baiduspider/2.0; +http://www.baidu.com/search/spider.html)"
173.199.116.211 - - [12/Feb/2013:21:13:23 +0700] "GET /?portal=mc_web&page=DocOfClass&classID=14&cateID=2 HTTP/1.1" 200 17224 "-" "Mozilla/5.0 (compatible; AhrefsBot/4.0; +http://ahrefs.com/robot/)"
123.125.71.74 - - [12/Feb/2013:22:44:41 +0700] "GET /robots.txt HTTP/1.1" 404 274 "-" "Mozilla/5.0 (Windows NT 5.1; rv:6.0.2) Gecko/20100101 Firefox/6.0.2"
180.76.5.26 - - [12/Feb/2013:22:50:32 +0700] "GET /?portal=mc_web&page=articleDetail&id=644 HTTP/1.1" 200 31407 "-" "Mozilla/5.0 (compatible; Baiduspider/2.0; +http://www.baidu.com/search/spider.html)"
173.199.116.211 - - [12/Feb/2013:23:20:02 +0700] "GET /?portal=mc_web&page=articleDetail&id=331 HTTP/1.1" 200 18926 "-" "Mozilla/5.0 (compatible; AhrefsBot/4.0; +http://ahrefs.com/robot/)"
95.108.248.30 - - [12/Feb/2013:23:40:42 +0700] "GET /?portal=mc_web&page=articleDetail&id=571 HTTP/1.1" 200 23581 "-" "Mozilla/5.0 (compatible; YandexBot/3.0; +http://yandex.com/bots)"
220.181.108.91 - - [12/Feb/2013:23:53:51 +0700] "GET /?portal=mc_web&page=index HTTP/1.1" 200 19278 "-" "Mozilla/5.0 (compatible; Baiduspider/2.0; +http://www.baidu.com/search/spider.html)"
