74.125.186.111 - - [25/Feb/2013:00:19:01 +0700] "GET /favicon.ico HTTP/1.1" 404 275 "-" "-"
180.76.5.25 - - [25/Feb/2013:01:02:02 +0700] "GET /?portal=mc_web&page=articleDetail&id=227 HTTP/1.1" 200 28086 "-" "Mozilla/5.0 (compatible; Baiduspider/2.0; +http://www.baidu.com/search/spider.html)"
180.76.5.110 - - [25/Feb/2013:01:43:56 +0700] "GET /?portal=mc_web&page=articleDetail&id=329 HTTP/1.1" 200 19156 "-" "Mozilla/5.0 (compatible; Baiduspider/2.0; +http://www.baidu.com/search/spider.html)"
208.115.111.73 - - [25/Feb/2013:01:52:06 +0700] "GET /?portal=mc_web&page=DocOfClass&classID=17&cateID=1 HTTP/1.1" 200 17612 "-" "Mozilla/5.0 (compatible; Ezooms/1.0; ezooms.bot@gmail.com)"
208.115.111.73 - - [25/Feb/2013:01:52:10 +0700] "GET /?portal=mc_web&page=NewDoc HTTP/1.1" 200 22014 "-" "Mozilla/5.0 (compatible; Ezooms/1.0; ezooms.bot@gmail.com)"
1.202.218.110 - - [25/Feb/2013:02:03:58 +0700] "GET /robots.txt HTTP/1.1" 404 274 "-" "Mozilla/5.0 ()"
1.202.218.110 - - [25/Feb/2013:02:03:59 +0700] "HEAD /?portal=mc_web&page=DocOfClass&classID=7&cateID=1 HTTP/1.1" 200 0 "-" "Mozilla/5.0 (compatible; JikeSpider; +http://shoulu.jike.com/spider.html)"
1.202.218.110 - - [25/Feb/2013:02:04:04 +0700] "GET /?portal=mc_web&page=DocOfClass&classID=7&cateID=1 HTTP/1.1" 200 17224 "-" "Mozilla/5.0 (compatible; JikeSpider; +http://shoulu.jike.com/spider.html)"
123.30.175.82 - - [25/Feb/2013:03:07:27 +0700] "GET / HTTP/1.0" 200 19199 "-" "coccoc/1.0 (http://help.coccoc.com/)"
123.30.175.82 - - [25/Feb/2013:03:07:36 +0700] "GET /data/images/imageForArticle/images653173_IMG_4081.jpg HTTP/1.0" 200 22219 "-" "coccoc/1.0 (http://help.coccoc.com/)"
123.30.175.82 - - [25/Feb/2013:03:07:42 +0700] "GET /data/images/imageForArticle/images653170_1.jpg HTTP/1.0" 200 23986 "-" "coccoc/1.0 (http://help.coccoc.com/)"
123.30.175.82 - - [25/Feb/2013:03:07:48 +0700] "GET /data/images/imageForArticle/images653174_image001.jpg HTTP/1.0" 200 19474 "-" "coccoc/1.0 (http://help.coccoc.com/)"
123.30.175.81 - - [25/Feb/2013:03:07:56 +0700] "GET / HTTP/1.0" 200 19407 "-" "coccoc/1.0 (http://help.coccoc.com/)"
123.30.175.81 - - [25/Feb/2013:03:08:02 +0700] "GET /data/images/imageForArticle/images653173_IMG_4081.jpg HTTP/1.0" 200 22219 "-" "coccoc/1.0 (http://help.coccoc.com/)"
123.30.175.81 - - [25/Feb/2013:03:08:08 +0700] "GET /data/images/imageForArticle/images653170_1.jpg HTTP/1.0" 200 23986 "-" "coccoc/1.0 (http://help.coccoc.com/)"
123.30.175.81 - - [25/Feb/2013:03:08:14 +0700] "GET /data/images/imageForArticle/images653174_image001.jpg HTTP/1.0" 200 19474 "-" "coccoc/1.0 (http://help.coccoc.com/)"
173.199.120.67 - - [25/Feb/2013:03:14:10 +0700] "GET /?portal=mc_web&page=articleDetail&id=312 HTTP/1.1" 200 38650 "-" "Mozilla/5.0 (compatible; AhrefsBot/4.0; +http://ahrefs.com/robot/)"
173.199.120.67 - - [25/Feb/2013:03:14:52 +0700] "GET /?portal=mc_web&page=DocDetail&id=140 HTTP/1.1" 200 23199 "-" "Mozilla/5.0 (compatible; AhrefsBot/4.0; +http://ahrefs.com/robot/)"
173.199.120.67 - - [25/Feb/2013:03:21:04 +0700] "GET /?portal=mc_web&page=articleDetail&id=553 HTTP/1.1" 200 22038 "-" "Mozilla/5.0 (compatible; AhrefsBot/4.0; +http://ahrefs.com/robot/)"
173.199.120.67 - - [25/Feb/2013:03:25:02 +0700] "GET /?portal=mc_web&page=DocOfClass&classID=12&cateID=3 HTTP/1.1" 200 17612 "-" "Mozilla/5.0 (compatible; AhrefsBot/4.0; +http://ahrefs.com/robot/)"
173.199.120.67 - - [25/Feb/2013:03:28:25 +0700] "GET /?portal=mc_web&page=articleDetail&id=559 HTTP/1.1" 200 26308 "-" "Mozilla/5.0 (compatible; AhrefsBot/4.0; +http://ahrefs.com/robot/)"
173.199.120.67 - - [25/Feb/2013:03:33:04 +0700] "GET /?portal=mc_web&page=DocDetail&id=155 HTTP/1.1" 200 22715 "-" "Mozilla/5.0 (compatible; AhrefsBot/4.0; +http://ahrefs.com/robot/)"
173.199.120.67 - - [25/Feb/2013:03:33:17 +0700] "GET /?portal=mc_web&page=DocDetail&id=117 HTTP/1.1" 200 23190 "-" "Mozilla/5.0 (compatible; AhrefsBot/4.0; +http://ahrefs.com/robot/)"
173.199.120.67 - - [25/Feb/2013:03:39:34 +0700] "GET /?portal=mc_web&page=DocDetail&id=96 HTTP/1.1" 200 22273 "-" "Mozilla/5.0 (compatible; AhrefsBot/4.0; +http://ahrefs.com/robot/)"
173.199.120.67 - - [25/Feb/2013:03:54:31 +0700] "GET /?portal=mc_web&page=DocDetail&id=135 HTTP/1.1" 200 23189 "-" "Mozilla/5.0 (compatible; AhrefsBot/4.0; +http://ahrefs.com/robot/)"
208.115.111.73 - - [25/Feb/2013:04:04:44 +0700] "GET /robots.txt HTTP/1.1" 404 278 "-" "Mozilla/5.0 (compatible; Ezooms/1.0; ezooms.bot@gmail.com)"
180.76.5.15 - - [25/Feb/2013:04:10:29 +0700] "GET /?portal=mc_web&page=articleDetail&id=471 HTTP/1.1" 200 29761 "-" "Mozilla/5.0 (compatible; Baiduspider/2.0; +http://www.baidu.com/search/spider.html)"
173.199.120.67 - - [25/Feb/2013:04:15:14 +0700] "GET /?portal=mc_web&page=DocDetail&id=148 HTTP/1.1" 200 23199 "-" "Mozilla/5.0 (compatible; AhrefsBot/4.0; +http://ahrefs.com/robot/)"
173.199.120.67 - - [25/Feb/2013:04:18:59 +0700] "GET /?portal=mc_web&page=articleDetail&id=554 HTTP/1.1" 200 22244 "-" "Mozilla/5.0 (compatible; AhrefsBot/4.0; +http://ahrefs.com/robot/)"
173.199.120.67 - - [25/Feb/2013:04:21:19 +0700] "GET /?portal=mc_web&page=listTeacherb HTTP/1.1" 200 16467 "-" "Mozilla/5.0 (compatible; AhrefsBot/4.0; +http://ahrefs.com/robot/)"
180.76.5.178 - - [25/Feb/2013:04:54:32 +0700] "GET /?portal=mc_web&page=articleDetail&id=491 HTTP/1.1" 200 29990 "-" "Mozilla/5.0 (compatible; Baiduspider/2.0; +http://www.baidu.com/search/spider.html)"
208.115.111.73 - - [25/Feb/2013:05:55:30 +0700] "GET /?portal=mc_web&page=DocOfClass&classID=5&cateID=3 HTTP/1.1" 200 17612 "-" "Mozilla/5.0 (compatible; Ezooms/1.0; ezooms.bot@gmail.com)"
178.255.215.66 - - [25/Feb/2013:06:08:04 +0700] "GET /robots.txt HTTP/1.1" 404 278 "-" "Mozilla/5.0 (compatible; Exabot/3.0; +http://www.exabot.com/go/robot)"
178.255.215.66 - - [25/Feb/2013:06:08:04 +0700] "GET /?portal=mc_web&page=help HTTP/1.1" 200 15213 "-" "Mozilla/5.0 (compatible; Exabot/3.0; +http://www.exabot.com/go/robot)"
180.76.5.165 - - [25/Feb/2013:06:35:07 +0700] "GET /?portal=mc_web&page=articleDetail&id=505 HTTP/1.1" 200 22204 "-" "Mozilla/5.0 (compatible; Baiduspider/2.0; +http://www.baidu.com/search/spider.html)"
180.76.6.37 - - [25/Feb/2013:07:15:00 +0700] "GET /?portal=mc_web&page=articleDetail&id=558 HTTP/1.1" 200 23435 "-" "Mozilla/5.0 (compatible; Baiduspider/2.0; +http://www.baidu.com/search/spider.html)"
173.199.120.67 - - [25/Feb/2013:07:31:42 +0700] "GET /?portal=mc_web&page=DocOfClass&classID=9&cateID=1 HTTP/1.1" 200 17612 "-" "Mozilla/5.0 (compatible; AhrefsBot/4.0; +http://ahrefs.com/robot/)"
180.76.5.144 - - [25/Feb/2013:07:32:04 +0700] "GET /robots.txt HTTP/1.1" 404 274 "-" "Mozilla/5.0 (Windows NT 5.1; rv:6.0.2) Gecko/20100101 Firefox/6.0.2"
173.199.120.67 - - [25/Feb/2013:07:46:55 +0700] "GET /?portal=mc_web&page=DocDetail&id=131 HTTP/1.1" 200 22745 "-" "Mozilla/5.0 (compatible; AhrefsBot/4.0; +http://ahrefs.com/robot/)"
173.199.120.67 - - [25/Feb/2013:07:52:10 +0700] "GET /?portal=mc_web&page=articleDetail&id=640 HTTP/1.1" 200 35387 "-" "Mozilla/5.0 (compatible; AhrefsBot/4.0; +http://ahrefs.com/robot/)"
173.199.120.67 - - [25/Feb/2013:07:52:29 +0700] "GET /?portal=mc_web&page=DocDetail&id=156 HTTP/1.1" 200 22051 "-" "Mozilla/5.0 (compatible; AhrefsBot/4.0; +http://ahrefs.com/robot/)"
173.199.120.67 - - [25/Feb/2013:07:55:13 +0700] "GET /?portal=mc_web&page=articleDetail&id=635 HTTP/1.1" 200 28237 "-" "Mozilla/5.0 (compatible; AhrefsBot/4.0; +http://ahrefs.com/robot/)"
173.199.120.67 - - [25/Feb/2013:07:56:34 +0700] "GET /?portal=mc_web&page=DocOfClass&classID=14&cateID=3 HTTP/1.1" 200 17612 "-" "Mozilla/5.0 (compatible; AhrefsBot/4.0; +http://ahrefs.com/robot/)"
173.199.120.67 - - [25/Feb/2013:07:58:06 +0700] "GET /?portal=mc_web&page=regLearn HTTP/1.1" 200 26170 "-" "Mozilla/5.0 (compatible; AhrefsBot/4.0; +http://ahrefs.com/robot/)"
173.199.120.67 - - [25/Feb/2013:08:05:16 +0700] "GET /?portal=mc_web&page=DocDetail&id=104 HTTP/1.1" 200 22768 "-" "Mozilla/5.0 (compatible; AhrefsBot/4.0; +http://ahrefs.com/robot/)"
208.115.113.89 - - [25/Feb/2013:08:11:30 +0700] "GET /?portal=mc_web&page=DocOfClass&classID=7&cateID=3 HTTP/1.1" 200 17612 "-" "Mozilla/5.0 (compatible; Ezooms/1.0; ezooms.bot@gmail.com)"
208.115.113.89 - - [25/Feb/2013:08:12:11 +0700] "GET /?portal=mc_web&page=intro HTTP/1.1" 200 19423 "-" "Mozilla/5.0 (compatible; Ezooms/1.0; ezooms.bot@gmail.com)"
180.76.5.56 - - [25/Feb/2013:08:42:18 +0700] "GET /?portal=mc_web&page=articleDetail&id=614 HTTP/1.1" 200 29984 "-" "Mozilla/5.0 (compatible; Baiduspider/2.0; +http://www.baidu.com/search/spider.html)"
117.28.255.51 - - [25/Feb/2013:10:17:52 +0700] "GET / HTTP/1.1" 200 19407 "-" "Mozilla/5.0 (compatible; MSIE 8.0; Windows NT 6.1; Trident/5.0)"
173.252.100.119 - - [25/Feb/2013:11:11:01 +0700] "GET /data/avatar/new.gif HTTP/1.1" 206 2954 "-" "facebookexternalhit/1.1 (+http://www.facebook.com/externalhit_uatext.php)"
180.76.5.55 - - [25/Feb/2013:11:52:30 +0700] "GET /?portal=mc_web&page=articleDetail&id=316 HTTP/1.1" 200 21243 "-" "Mozilla/5.0 (compatible; Baiduspider/2.0; +http://www.baidu.com/search/spider.html)"
180.76.5.91 - - [25/Feb/2013:12:06:05 +0700] "GET /?portal=mc_web&page=articleDetail&id=413 HTTP/1.1" 200 25505 "-" "Mozilla/5.0 (compatible; Baiduspider/2.0; +http://www.baidu.com/search/spider.html)"
208.115.113.89 - - [25/Feb/2013:12:09:11 +0700] "GET /?portal=mc_web&page=articleDetail&id=331 HTTP/1.1" 200 18847 "-" "Mozilla/5.0 (compatible; Ezooms/1.0; ezooms.bot@gmail.com)"
208.115.113.89 - - [25/Feb/2013:12:09:41 +0700] "GET /?portal=mc_web&page=listClass HTTP/1.1" 200 16482 "-" "Mozilla/5.0 (compatible; Ezooms/1.0; ezooms.bot@gmail.com)"
208.115.111.73 - - [25/Feb/2013:12:11:46 +0700] "GET /robots.txt HTTP/1.1" 404 278 "-" "Mozilla/5.0 (compatible; Ezooms/1.0; ezooms.bot@gmail.com)"
208.115.111.73 - - [25/Feb/2013:12:11:50 +0700] "GET /robots.txt HTTP/1.1" 404 274 "-" "Mozilla/5.0 (compatible; Ezooms/1.0; ezooms.bot@gmail.com)"
173.199.120.67 - - [25/Feb/2013:12:30:28 +0700] "GET /?portal=mc_web&page=articleDetail&id=607 HTTP/1.1" 200 23389 "-" "Mozilla/5.0 (compatible; AhrefsBot/4.0; +http://ahrefs.com/robot/)"
173.199.120.67 - - [25/Feb/2013:12:33:00 +0700] "GET /?portal=mc_web&page=DocOfClass&classID=11&cateID=1 HTTP/1.1" 200 17612 "-" "Mozilla/5.0 (compatible; AhrefsBot/4.0; +http://ahrefs.com/robot/)"
173.199.120.67 - - [25/Feb/2013:12:36:53 +0700] "GET /?portal=mc_web&page=listTeacher HTTP/1.1" 200 16476 "-" "Mozilla/5.0 (compatible; AhrefsBot/4.0; +http://ahrefs.com/robot/)"
173.199.120.67 - - [25/Feb/2013:12:37:58 +0700] "GET /?portal=mc_web&page=DocDetail&id=80 HTTP/1.1" 200 21758 "-" "Mozilla/5.0 (compatible; AhrefsBot/4.0; +http://ahrefs.com/robot/)"
180.76.5.98 - - [25/Feb/2013:12:39:48 +0700] "GET /?portal=mc_web&page=DocDetail&id=78 HTTP/1.1" 200 21385 "-" "Mozilla/5.0 (compatible; Baiduspider/2.0; +http://www.baidu.com/search/spider.html)"
173.199.120.67 - - [25/Feb/2013:12:54:43 +0700] "GET /?portal=mc_web&page=DocOfClass&classID=20&cateID=2 HTTP/1.1" 200 17224 "-" "Mozilla/5.0 (compatible; AhrefsBot/4.0; +http://ahrefs.com/robot/)"
173.199.120.67 - - [25/Feb/2013:12:58:17 +0700] "GET /?portal=mc_web&page=articleDetail&id=558 HTTP/1.1" 200 23435 "-" "Mozilla/5.0 (compatible; AhrefsBot/4.0; +http://ahrefs.com/robot/)"
173.199.120.67 - - [25/Feb/2013:12:59:36 +0700] "GET /?portal=mc_web&page=DocOfClass&classID=8&cateID=2 HTTP/1.1" 200 17612 "-" "Mozilla/5.0 (compatible; AhrefsBot/4.0; +http://ahrefs.com/robot/)"
173.199.120.67 - - [25/Feb/2013:13:01:10 +0700] "GET /?portal=mc_web&page=articleDetail&id=622 HTTP/1.1" 200 23180 "-" "Mozilla/5.0 (compatible; AhrefsBot/4.0; +http://ahrefs.com/robot/)"
173.199.120.67 - - [25/Feb/2013:13:07:45 +0700] "GET /?portal=mc_web&page=DocOfClass&classID=1&cateID=4 HTTP/1.1" 200 17612 "-" "Mozilla/5.0 (compatible; AhrefsBot/4.0; +http://ahrefs.com/robot/)"
173.199.120.67 - - [25/Feb/2013:13:14:50 +0700] "GET /?portal=mc_web&page=articleDetail&id=590 HTTP/1.1" 200 21783 "-" "Mozilla/5.0 (compatible; AhrefsBot/4.0; +http://ahrefs.com/robot/)"
173.199.120.67 - - [25/Feb/2013:13:15:40 +0700] "GET /?portal=mc_web&page=articleDetail&id=609 HTTP/1.1" 200 25982 "-" "Mozilla/5.0 (compatible; AhrefsBot/4.0; +http://ahrefs.com/robot/)"
173.199.120.67 - - [25/Feb/2013:13:28:17 +0700] "GET /?portal=mc_web&page=DocDetail&id=114 HTTP/1.1" 200 23200 "-" "Mozilla/5.0 (compatible; AhrefsBot/4.0; +http://ahrefs.com/robot/)"
173.199.120.67 - - [25/Feb/2013:13:30:30 +0700] "GET /?portal=mc_web&page=articleDetail&id=567 HTTP/1.1" 200 31342 "-" "Mozilla/5.0 (compatible; AhrefsBot/4.0; +http://ahrefs.com/robot/)"
173.199.120.67 - - [25/Feb/2013:13:32:20 +0700] "GET /?portal=mc_web&page=DocDetail&id=103 HTTP/1.1" 200 22763 "-" "Mozilla/5.0 (compatible; AhrefsBot/4.0; +http://ahrefs.com/robot/)"
173.199.120.67 - - [25/Feb/2013:13:33:09 +0700] "GET /?portal=mc_web&page=DocOfClass&classID=6&cateID=4 HTTP/1.1" 200 17612 "-" "Mozilla/5.0 (compatible; AhrefsBot/4.0; +http://ahrefs.com/robot/)"
173.199.120.67 - - [25/Feb/2013:13:42:04 +0700] "GET /?portal=mc_web&page=articleDetail&id=624 HTTP/1.1" 504 319 "-" "Mozilla/5.0 (compatible; AhrefsBot/4.0; +http://ahrefs.com/robot/)"
173.199.120.67 - - [25/Feb/2013:13:55:03 +0700] "GET /?portal=mc_web&page=DocDetail&id=136 HTTP/1.1" 200 22755 "-" "Mozilla/5.0 (compatible; AhrefsBot/4.0; +http://ahrefs.com/robot/)"
173.199.120.67 - - [25/Feb/2013:13:55:23 +0700] "GET /?portal=mc_web&page=DocOfClass&classID=7&cateID=3 HTTP/1.1" 200 17612 "-" "Mozilla/5.0 (compatible; AhrefsBot/4.0; +http://ahrefs.com/robot/)"
173.199.120.67 - - [25/Feb/2013:13:58:05 +0700] "GET /?portal=mc_web&page=DocDetail&id=127 HTTP/1.1" 200 23189 "-" "Mozilla/5.0 (compatible; AhrefsBot/4.0; +http://ahrefs.com/robot/)"
173.199.120.67 - - [25/Feb/2013:14:00:20 +0700] "GET /?portal=mc_web&page=articleDetail&id=603 HTTP/1.1" 200 23482 "-" "Mozilla/5.0 (compatible; AhrefsBot/4.0; +http://ahrefs.com/robot/)"
180.76.5.23 - - [25/Feb/2013:14:22:22 +0700] "GET /?portal=mc_web&page=articleDetail&id=433 HTTP/1.1" 200 24974 "-" "Mozilla/5.0 (compatible; Baiduspider/2.0; +http://www.baidu.com/search/spider.html)"
173.199.120.67 - - [25/Feb/2013:14:22:42 +0700] "GET /?portal=mc_web&page=articleDetail&id=302 HTTP/1.1" 200 45247 "-" "Mozilla/5.0 (compatible; AhrefsBot/4.0; +http://ahrefs.com/robot/)"
173.199.120.67 - - [25/Feb/2013:14:30:15 +0700] "GET /?portal=mc_web&page=articleDetail&id=636 HTTP/1.1" 200 26054 "-" "Mozilla/5.0 (compatible; AhrefsBot/4.0; +http://ahrefs.com/robot/)"
180.76.5.49 - - [25/Feb/2013:14:37:56 +0700] "GET /?portal=mc_web&page=articleDetail&id=642 HTTP/1.1" 200 22259 "-" "Mozilla/5.0 (compatible; Baiduspider/2.0; +http://www.baidu.com/search/spider.html)"
173.199.120.67 - - [25/Feb/2013:14:45:30 +0700] "GET /?portal=mc_web&page=DocDetail&id=145 HTTP/1.1" 200 23189 "-" "Mozilla/5.0 (compatible; AhrefsBot/4.0; +http://ahrefs.com/robot/)"
173.199.120.67 - - [25/Feb/2013:14:50:20 +0700] "GET /?portal=mc_web&page=DocDetail&id=146 HTTP/1.1" 200 23199 "-" "Mozilla/5.0 (compatible; AhrefsBot/4.0; +http://ahrefs.com/robot/)"
173.199.120.67 - - [25/Feb/2013:15:04:29 +0700] "GET /?portal=mc_web&page=DocDetail&id=112 HTTP/1.1" 200 23200 "-" "Mozilla/5.0 (compatible; AhrefsBot/4.0; +http://ahrefs.com/robot/)"
173.199.120.67 - - [25/Feb/2013:15:08:58 +0700] "GET /?portal=mc_web&page=articleDetail&id=639 HTTP/1.1" 200 28704 "-" "Mozilla/5.0 (compatible; AhrefsBot/4.0; +http://ahrefs.com/robot/)"
182.118.22.239 - - [25/Feb/2013:15:15:34 +0700] "GET /?id=585&page=articleDetail&portal=mc_web HTTP/1.1" 200 27520 "http://trungtamtoan.com/?id=585&page=articleDetail&portal=mc_web" "Mozilla/5.0 (Windows; U; Windows NT 5.1; zh-CN; rv:1.8.0.11) Gecko/20070312 Firefox/1.5.0.11; 360Spider"
182.118.22.235 - - [25/Feb/2013:15:15:34 +0700] "GET /?id=584&page=articleDetail&portal=mc_web HTTP/1.1" 200 23866 "http://trungtamtoan.com/?id=584&page=articleDetail&portal=mc_web" "Mozilla/5.0 (Windows; U; Windows NT 5.1; zh-CN; rv:1.8.0.11) Gecko/20070312 Firefox/1.5.0.11; 360Spider"
182.118.22.235 - - [25/Feb/2013:15:15:34 +0700] "GET /?id=588&page=articleDetail&portal=mc_web HTTP/1.1" 200 30376 "http://trungtamtoan.com/?id=588&page=articleDetail&portal=mc_web" "Mozilla/5.0 (Windows; U; Windows NT 5.1; zh-CN; rv:1.8.0.11) Gecko/20070312 Firefox/1.5.0.11; 360Spider"
182.118.22.238 - - [25/Feb/2013:15:15:35 +0700] "GET /?id=587&page=articleDetail&portal=mc_web HTTP/1.1" 200 24506 "http://trungtamtoan.com/?id=587&page=articleDetail&portal=mc_web" "Mozilla/5.0 (Windows; U; Windows NT 5.1; zh-CN; rv:1.8.0.11) Gecko/20070312 Firefox/1.5.0.11; 360Spider"
182.118.22.239 - - [25/Feb/2013:15:15:42 +0700] "GET /?id=586&page=articleDetail&portal=mc_web HTTP/1.1" 200 26546 "http://trungtamtoan.com/?id=586&page=articleDetail&portal=mc_web" "Mozilla/5.0 (Windows; U; Windows NT 5.1; zh-CN; rv:1.8.0.11) Gecko/20070312 Firefox/1.5.0.11; 360Spider"
182.118.22.235 - - [25/Feb/2013:15:16:05 +0700] "GET /?id=331&page=articledetail&portal=mc_web HTTP/1.1" 200 18847 "http://trungtamtoan.com/?id=331&page=articledetail&portal=mc_web" "Mozilla/5.0 (Windows; U; Windows NT 5.1; zh-CN; rv:1.8.0.11) Gecko/20070312 Firefox/1.5.0.11; 360Spider"
180.76.5.143 - - [25/Feb/2013:15:41:17 +0700] "GET /?portal=mc_web&page=DocOfClass&classID=3&cateID=1 HTTP/1.1" 200 17612 "-" "Mozilla/5.0 (compatible; Baiduspider/2.0; +http://www.baidu.com/search/spider.html)"
202.46.62.19 - - [25/Feb/2013:15:53:30 +0700] "GET / HTTP/1.1" 200 19199 "-" "Mozilla/5.0 (compatible; Baiduspider/2.0; +http://www.baidu.com/search/spider.html)"
74.220.215.112 - - [25/Feb/2013:16:05:45 +0700] "GET / HTTP/1.0" 200 19199 "-" "-"
74.220.215.112 - - [25/Feb/2013:16:06:01 +0700] "HEAD / HTTP/1.1" 200 0 "-" "-"
180.76.5.7 - - [25/Feb/2013:17:31:50 +0700] "GET /?portal=mc_web&page=DocDetail&id=98 HTTP/1.1" 200 20619 "-" "Mozilla/5.0 (compatible; Baiduspider/2.0; +http://www.baidu.com/search/spider.html)"
173.199.120.67 - - [25/Feb/2013:18:01:38 +0700] "GET /?portal=mc_web&page=DocDetail&id=107 HTTP/1.1" 200 22745 "-" "Mozilla/5.0 (compatible; AhrefsBot/4.0; +http://ahrefs.com/robot/)"
173.199.120.67 - - [25/Feb/2013:18:02:58 +0700] "GET /?portal=mc_web&page=articleDetail&id=623 HTTP/1.1" 200 26059 "-" "Mozilla/5.0 (compatible; AhrefsBot/4.0; +http://ahrefs.com/robot/)"
199.36.240.17 - - [25/Feb/2013:18:08:17 +0700] "GET /data/images/imageForArticle/images651948_3.jpg HTTP/1.1" 304 0 "-" "Mozilla/5.0 (compatible; YandexImages/3.0; +http://yandex.com/bots)"
173.199.120.67 - - [25/Feb/2013:18:10:16 +0700] "GET /?portal=mc_web&page=DocOfClass&classID=17&cateID=4&page_no=2 HTTP/1.1" 200 22852 "-" "Mozilla/5.0 (compatible; AhrefsBot/4.0; +http://ahrefs.com/robot/)"
173.199.120.67 - - [25/Feb/2013:18:10:39 +0700] "GET /?portal=mc_web&page=DocOfClass&classID=6&cateID=4 HTTP/1.1" 200 17224 "-" "Mozilla/5.0 (compatible; AhrefsBot/4.0; +http://ahrefs.com/robot/)"
173.199.120.67 - - [25/Feb/2013:18:12:24 +0700] "GET /?portal=mc_web&page=DocDetail&id=113 HTTP/1.1" 200 23190 "-" "Mozilla/5.0 (compatible; AhrefsBot/4.0; +http://ahrefs.com/robot/)"
95.108.248.30 - - [25/Feb/2013:18:14:05 +0700] "GET /data/images/imageForArticle/images648264_01.jpg HTTP/1.1" 304 0 "-" "Mozilla/5.0 (compatible; YandexImages/3.0; +http://yandex.com/bots)"
173.199.120.67 - - [25/Feb/2013:18:22:16 +0700] "GET /?portal=mc_web&page=DocOfClass&classID=2&cateID=2 HTTP/1.1" 200 17224 "-" "Mozilla/5.0 (compatible; AhrefsBot/4.0; +http://ahrefs.com/robot/)"
95.108.248.30 - - [25/Feb/2013:18:24:10 +0700] "GET /data/images/imageForArticle/images651948_3.jpg HTTP/1.1" 304 0 "-" "Mozilla/5.0 (compatible; YandexImages/3.0; +http://yandex.com/bots)"
182.118.20.174 - - [25/Feb/2013:18:29:37 +0700] "GET /?id=647&page=articleDetail&portal=mc_web HTTP/1.1" 200 30543 "http://trungtamtoan.com/?id=647&page=articleDetail&portal=mc_web" "Mozilla/5.0 (Windows; U; Windows NT 5.1; zh-CN; rv:1.8.0.11) Gecko/20070312 Firefox/1.5.0.11; 360Spider"
182.118.20.173 - - [25/Feb/2013:18:29:43 +0700] "GET /?id=315&page=articleDetail&portal=mc_web HTTP/1.1" 200 20307 "http://trungtamtoan.com/?id=315&page=articleDetail&portal=mc_web" "Mozilla/5.0 (Windows; U; Windows NT 5.1; zh-CN; rv:1.8.0.11) Gecko/20070312 Firefox/1.5.0.11; 360Spider"
173.199.120.67 - - [25/Feb/2013:18:33:40 +0700] "GET /?portal=mc_web&page=DocDetail&id=126 HTTP/1.1" 200 22755 "-" "Mozilla/5.0 (compatible; AhrefsBot/4.0; +http://ahrefs.com/robot/)"
173.199.120.67 - - [25/Feb/2013:18:37:27 +0700] "GET /?portal=mc_web&page=NewDoc&page_no=3 HTTP/1.1" 200 22140 "-" "Mozilla/5.0 (compatible; AhrefsBot/4.0; +http://ahrefs.com/robot/)"
173.199.120.67 - - [25/Feb/2013:18:42:40 +0700] "GET /?portal=mc_web&page=DocDetail&id=150 HTTP/1.1" 200 23199 "-" "Mozilla/5.0 (compatible; AhrefsBot/4.0; +http://ahrefs.com/robot/)"
173.199.120.67 - - [25/Feb/2013:18:45:12 +0700] "GET /?portal=mc_web&page=DocDetail&id=106 HTTP/1.1" 200 23199 "-" "Mozilla/5.0 (compatible; AhrefsBot/4.0; +http://ahrefs.com/robot/)"
173.199.120.67 - - [25/Feb/2013:18:46:14 +0700] "GET /?portal=mc_web&page=articleDetail&id=315 HTTP/1.1" 200 20523 "-" "Mozilla/5.0 (compatible; AhrefsBot/4.0; +http://ahrefs.com/robot/)"
173.199.120.67 - - [25/Feb/2013:18:46:33 +0700] "GET /?portal=mc_web&page=DocOfClass&classID=20&cateID=4 HTTP/1.1" 200 17612 "-" "Mozilla/5.0 (compatible; AhrefsBot/4.0; +http://ahrefs.com/robot/)"
173.199.120.67 - - [25/Feb/2013:18:47:34 +0700] "GET /?portal=mc_web&page=articleDetail&id=399 HTTP/1.1" 200 17652 "-" "Mozilla/5.0 (compatible; AhrefsBot/4.0; +http://ahrefs.com/robot/)"
95.108.248.30 - - [25/Feb/2013:18:49:43 +0700] "GET /data/images/imageForArticle/images651456_1.jpg HTTP/1.1" 304 0 "-" "Mozilla/5.0 (compatible; YandexImages/3.0; +http://yandex.com/bots)"
173.199.120.67 - - [25/Feb/2013:18:51:12 +0700] "GET /?portal=mc_web&page=Download&name=20120922/admin_1348309559.pdf HTTP/1.1" 200 201455 "-" "Mozilla/5.0 (compatible; AhrefsBot/4.0; +http://ahrefs.com/robot/)"
173.199.120.67 - - [25/Feb/2013:18:53:40 +0700] "GET /?portal=mc_web&page=articleDetail&id=571 HTTP/1.1" 200 23387 "-" "Mozilla/5.0 (compatible; AhrefsBot/4.0; +http://ahrefs.com/robot/)"
173.199.120.67 - - [25/Feb/2013:18:55:01 +0700] "GET /?portal=mc_web&page=Download&name=20120922/admin_1348309559.pdf HTTP/1.1" 200 201455 "-" "Mozilla/5.0 (compatible; AhrefsBot/4.0; +http://ahrefs.com/robot/)"
173.199.120.67 - - [25/Feb/2013:18:57:22 +0700] "GET /?portal=mc_web&page=DocDetail&id=127 HTTP/1.1" 200 22745 "-" "Mozilla/5.0 (compatible; AhrefsBot/4.0; +http://ahrefs.com/robot/)"
173.199.120.67 - - [25/Feb/2013:19:04:46 +0700] "GET /?portal=mc_web&page=DocDetail&id=118 HTTP/1.1" 200 23199 "-" "Mozilla/5.0 (compatible; AhrefsBot/4.0; +http://ahrefs.com/robot/)"
95.108.248.30 - - [25/Feb/2013:19:06:13 +0700] "GET /data/images/thumb/admin_1344779656.jpg HTTP/1.1" 304 0 "-" "Mozilla/5.0 (compatible; YandexImages/3.0; +http://yandex.com/bots)"
173.199.120.67 - - [25/Feb/2013:19:06:59 +0700] "GET /?portal=mc_web&page=Download&name=20120922/admin_1348309381.pdf HTTP/1.1" 200 295155 "-" "Mozilla/5.0 (compatible; AhrefsBot/4.0; +http://ahrefs.com/robot/)"
173.199.120.67 - - [25/Feb/2013:19:12:46 +0700] "GET /?portal=mc_web&page=DocDetail&id=149 HTTP/1.1" 200 23189 "-" "Mozilla/5.0 (compatible; AhrefsBot/4.0; +http://ahrefs.com/robot/)"
173.199.120.67 - - [25/Feb/2013:19:13:12 +0700] "GET /?portal=mc_web&page=DocOfClass&classID=3&cateID=4 HTTP/1.1" 200 17612 "-" "Mozilla/5.0 (compatible; AhrefsBot/4.0; +http://ahrefs.com/robot/)"
95.108.248.30 - - [25/Feb/2013:19:13:34 +0700] "GET /?portal=mc_web&page=index HTTP/1.1" 200 19407 "-" "Mozilla/5.0 (compatible; YandexBot/3.0; +http://yandex.com/bots)"
173.199.120.67 - - [25/Feb/2013:19:21:40 +0700] "GET /?portal=mc_web&page=DocOfClass&classID=8&cateID=1 HTTP/1.1" 200 17612 "-" "Mozilla/5.0 (compatible; AhrefsBot/4.0; +http://ahrefs.com/robot/)"
173.199.120.67 - - [25/Feb/2013:19:36:29 +0700] "GET /?portal=mc_web&page=articleDetail&id=619 HTTP/1.1" 200 32136 "-" "Mozilla/5.0 (compatible; AhrefsBot/4.0; +http://ahrefs.com/robot/)"
173.199.120.67 - - [25/Feb/2013:19:44:02 +0700] "GET /?portal=mc_web&page=DocOfClass&classID=9&cateID=3 HTTP/1.1" 200 17612 "-" "Mozilla/5.0 (compatible; AhrefsBot/4.0; +http://ahrefs.com/robot/)"
173.199.120.67 - - [25/Feb/2013:19:49:00 +0700] "GET /?portal=mc_web&page=DocOfClass&classID=3&cateID=2 HTTP/1.1" 200 17612 "-" "Mozilla/5.0 (compatible; AhrefsBot/4.0; +http://ahrefs.com/robot/)"
173.199.120.67 - - [25/Feb/2013:19:49:27 +0700] "GET /?portal=mc_web&page=articleDetail&id=557 HTTP/1.1" 200 21904 "-" "Mozilla/5.0 (compatible; AhrefsBot/4.0; +http://ahrefs.com/robot/)"
173.199.120.67 - - [25/Feb/2013:19:57:30 +0700] "GET /?portal=mc_web&page=DocOfClass&classID=2&cateID=1 HTTP/1.1" 200 17612 "-" "Mozilla/5.0 (compatible; AhrefsBot/4.0; +http://ahrefs.com/robot/)"
173.199.120.67 - - [25/Feb/2013:20:03:31 +0700] "GET /?portal=mc_web&page=DocOfClass&classID=7&cateID=1 HTTP/1.1" 200 17612 "-" "Mozilla/5.0 (compatible; AhrefsBot/4.0; +http://ahrefs.com/robot/)"
173.199.120.67 - - [25/Feb/2013:20:05:21 +0700] "GET /?portal=mc_web&page=articleDetail&id=569 HTTP/1.1" 200 21169 "-" "Mozilla/5.0 (compatible; AhrefsBot/4.0; +http://ahrefs.com/robot/)"
173.199.120.67 - - [25/Feb/2013:20:15:02 +0700] "GET /?portal=mc_web&page=DocOfClass&classID=20&cateID=1 HTTP/1.1" 200 17612 "-" "Mozilla/5.0 (compatible; AhrefsBot/4.0; +http://ahrefs.com/robot/)"
173.199.120.67 - - [25/Feb/2013:20:16:12 +0700] "GET /?portal=mc_web&page=DocOfClass&classID=2&cateID=4 HTTP/1.1" 200 17612 "-" "Mozilla/5.0 (compatible; AhrefsBot/4.0; +http://ahrefs.com/robot/)"
173.199.120.67 - - [25/Feb/2013:20:19:33 +0700] "GET /?portal=mc_web&page=NewDoc&page_no=4 HTTP/1.1" 200 20065 "-" "Mozilla/5.0 (compatible; AhrefsBot/4.0; +http://ahrefs.com/robot/)"
173.199.120.67 - - [25/Feb/2013:20:27:32 +0700] "GET /?portal=mc_web&page=listTeacherb HTTP/1.1" 200 16663 "-" "Mozilla/5.0 (compatible; AhrefsBot/4.0; +http://ahrefs.com/robot/)"
173.199.120.67 - - [25/Feb/2013:20:30:49 +0700] "GET /?portal=mc_web&page=DocOfClass&classID=15&cateID=4 HTTP/1.1" 200 17224 "-" "Mozilla/5.0 (compatible; AhrefsBot/4.0; +http://ahrefs.com/robot/)"
173.199.120.67 - - [25/Feb/2013:20:31:08 +0700] "GET /?portal=mc_web&page=articleDetail&id=602 HTTP/1.1" 200 22962 "-" "Mozilla/5.0 (compatible; AhrefsBot/4.0; +http://ahrefs.com/robot/)"
173.199.120.67 - - [25/Feb/2013:20:33:06 +0700] "GET /?portal=mc_web&page=articleDetail&id=600 HTTP/1.1" 200 23189 "-" "Mozilla/5.0 (compatible; AhrefsBot/4.0; +http://ahrefs.com/robot/)"
173.199.120.67 - - [25/Feb/2013:20:34:15 +0700] "GET /?portal=mc_web&page=listTeacher HTTP/1.1" 200 16672 "-" "Mozilla/5.0 (compatible; AhrefsBot/4.0; +http://ahrefs.com/robot/)"
173.199.120.67 - - [25/Feb/2013:20:36:15 +0700] "GET /?portal=mc_web&page=DocDetail&id=129 HTTP/1.1" 200 23189 "-" "Mozilla/5.0 (compatible; AhrefsBot/4.0; +http://ahrefs.com/robot/)"
173.199.120.67 - - [25/Feb/2013:20:36:35 +0700] "GET /?portal=mc_web&page=DocDetail&id=100 HTTP/1.1" 200 23236 "-" "Mozilla/5.0 (compatible; AhrefsBot/4.0; +http://ahrefs.com/robot/)"
173.199.120.67 - - [25/Feb/2013:20:36:38 +0700] "GET /?portal=mc_web&page=DocOfClass&classID=5&cateID=4 HTTP/1.1" 200 17612 "-" "Mozilla/5.0 (compatible; AhrefsBot/4.0; +http://ahrefs.com/robot/)"
199.36.240.17 - - [25/Feb/2013:20:45:23 +0700] "GET /data/images/thumb/images653793_image005.jpg HTTP/1.1" 304 0 "-" "Mozilla/5.0 (compatible; YandexImages/3.0; +http://yandex.com/bots)"
1.202.218.116 - - [25/Feb/2013:21:09:10 +0700] "GET /robots.txt HTTP/1.1" 404 274 "-" "Mozilla/5.0 ()"
1.202.218.117 - - [25/Feb/2013:21:09:14 +0700] "HEAD /?portal=mc_web&page=DocOfClass&classID=2&cateID=3 HTTP/1.1" 200 0 "-" "Mozilla/5.0 (compatible; JikeSpider; +http://shoulu.jike.com/spider.html)"
1.202.218.111 - - [25/Feb/2013:21:09:15 +0700] "GET /?portal=mc_web&page=DocOfClass&classID=2&cateID=3 HTTP/1.1" 200 17224 "-" "Mozilla/5.0 (compatible; JikeSpider; +http://shoulu.jike.com/spider.html)"
1.202.218.116 - - [25/Feb/2013:21:09:20 +0700] "GET /?portal=mc_web&page=DocOfClass&classID=13&cateID=3 HTTP/1.1" 200 17224 "-" "Mozilla/5.0 (compatible; JikeSpider; +http://shoulu.jike.com/spider.html)"
1.202.218.116 - - [25/Feb/2013:21:09:25 +0700] "GET /?portal=mc_web&page=DocDetail&id=139 HTTP/1.1" 200 22745 "-" "Mozilla/5.0 (compatible; JikeSpider; +http://shoulu.jike.com/spider.html)"
1.202.218.115 - - [25/Feb/2013:21:09:30 +0700] "GET /?portal=mc_web&page=articleDetail&id=606 HTTP/1.1" 200 24631 "-" "Mozilla/5.0 (compatible; JikeSpider; +http://shoulu.jike.com/spider.html)"
199.30.16.17 - - [25/Feb/2013:22:05:46 +0700] "GET /robots.txt HTTP/1.1" 404 274 "-" "msnbot-media/1.1 (+http://search.msn.com/msnbot.htm)"
199.30.16.17 - - [25/Feb/2013:22:05:46 +0700] "GET /webskins/plugins/TinySlideshow/thumbnails/5.jpg HTTP/1.1" 200 8452 "-" "msnbot-media/1.1 (+http://search.msn.com/msnbot.htm)"
95.108.248.30 - - [25/Feb/2013:22:30:21 +0700] "GET /robots.txt HTTP/1.1" 404 274 "-" "Mozilla/5.0 (compatible; YandexBot/3.0; +http://yandex.com/bots)"
95.108.248.30 - - [25/Feb/2013:22:30:25 +0700] "GET /data/images/imageForArticle/images650393_images347117_dao.jpg HTTP/1.1" 304 0 "-" "Mozilla/5.0 (compatible; YandexImages/3.0; +http://yandex.com/bots)"
173.199.120.67 - - [25/Feb/2013:22:36:46 +0700] "GET /?portal=mc_web&page=DocDetail&id=93 HTTP/1.1" 200 21578 "-" "Mozilla/5.0 (compatible; AhrefsBot/4.0; +http://ahrefs.com/robot/)"
118.70.248.17 - - [25/Feb/2013:22:38:08 +0700] "GET /modules/mcweb/MCboard.js HTTP/1.1" 304 0 "-" "Mozilla/4.0 (compatible;)"
157.55.33.98 - - [25/Feb/2013:22:51:03 +0700] "GET /robots.txt HTTP/1.1" 404 274 "-" "Mozilla/5.0 (compatible; bingbot/2.0; +http://www.bing.com/bingbot.htm)"
173.199.120.67 - - [25/Feb/2013:22:51:28 +0700] "GET /?portal=mc_web&page=articleDetail&id=558 HTTP/1.1" 200 23671 "-" "Mozilla/5.0 (compatible; AhrefsBot/4.0; +http://ahrefs.com/robot/)"
173.199.120.67 - - [25/Feb/2013:22:52:55 +0700] "GET /?portal=mc_web&page=DocOfClass&classID=5&cateID=2 HTTP/1.1" 200 17224 "-" "Mozilla/5.0 (compatible; AhrefsBot/4.0; +http://ahrefs.com/robot/)"
157.55.33.98 - - [25/Feb/2013:22:52:56 +0700] "GET / HTTP/1.1" 200 19199 "-" "Mozilla/5.0 (compatible; bingbot/2.0; +http://www.bing.com/bingbot.htm)"
173.199.120.67 - - [25/Feb/2013:22:59:28 +0700] "GET /?portal=mc_web&page=Download&name=20120922/admin_1348310289.pdf HTTP/1.1" 200 292292 "-" "Mozilla/5.0 (compatible; AhrefsBot/4.0; +http://ahrefs.com/robot/)"
173.199.120.67 - - [25/Feb/2013:23:04:41 +0700] "GET /?portal=mc_web&page=Download&name=20120922/admin_1348309819.pdf HTTP/1.1" 200 226155 "-" "Mozilla/5.0 (compatible; AhrefsBot/4.0; +http://ahrefs.com/robot/)"
199.36.240.17 - - [25/Feb/2013:23:11:52 +0700] "GET /data/images/imageForArticle/images650745_4.jpg HTTP/1.1" 304 0 "-" "Mozilla/5.0 (compatible; YandexImages/3.0; +http://yandex.com/bots)"
173.199.120.67 - - [25/Feb/2013:23:16:53 +0700] "GET /?portal=mc_web&page=DocDetail&id=120 HTTP/1.1" 200 23199 "-" "Mozilla/5.0 (compatible; AhrefsBot/4.0; +http://ahrefs.com/robot/)"
173.199.120.67 - - [25/Feb/2013:23:19:00 +0700] "GET /?portal=mc_web&page=articleDetail&id=554 HTTP/1.1" 200 22480 "-" "Mozilla/5.0 (compatible; AhrefsBot/4.0; +http://ahrefs.com/robot/)"
173.199.120.67 - - [25/Feb/2013:23:23:01 +0700] "GET /?portal=mc_web&page=DocOfClass&classID=17&cateID=4&page_no=3%20 HTTP/1.1" 200 22866 "-" "Mozilla/5.0 (compatible; AhrefsBot/4.0; +http://ahrefs.com/robot/)"
173.199.120.67 - - [25/Feb/2013:23:34:07 +0700] "GET /?portal=mc_web&page=articleDetail&id=592 HTTP/1.1" 200 32367 "-" "Mozilla/5.0 (compatible; AhrefsBot/4.0; +http://ahrefs.com/robot/)"
173.199.120.67 - - [25/Feb/2013:23:34:12 +0700] "GET /?portal=mc_web&page=Download&name=20120922/admin_1348309469.pdf HTTP/1.1" 200 191959 "-" "Mozilla/5.0 (compatible; AhrefsBot/4.0; +http://ahrefs.com/robot/)"
173.199.120.67 - - [25/Feb/2013:23:41:58 +0700] "GET /?portal=mc_web&page=Download&name=20120922/admin_1348309904.pdf HTTP/1.1" 200 263949 "-" "Mozilla/5.0 (compatible; AhrefsBot/4.0; +http://ahrefs.com/robot/)"
173.199.120.67 - - [25/Feb/2013:23:42:05 +0700] "GET /?portal=mc_web&page=DocOfClass&classID=4&cateID=1 HTTP/1.1" 200 17612 "-" "Mozilla/5.0 (compatible; AhrefsBot/4.0; +http://ahrefs.com/robot/)"
173.199.120.67 - - [25/Feb/2013:23:45:56 +0700] "GET /?portal=mc_web&page=DocDetail&id=110 HTTP/1.1" 200 22755 "-" "Mozilla/5.0 (compatible; AhrefsBot/4.0; +http://ahrefs.com/robot/)"
173.199.120.67 - - [25/Feb/2013:23:53:49 +0700] "GET /?portal=mc_web&page=articleDetail&id=617 HTTP/1.1" 200 23304 "-" "Mozilla/5.0 (compatible; AhrefsBot/4.0; +http://ahrefs.com/robot/)"
173.199.120.67 - - [25/Feb/2013:23:57:48 +0700] "GET /?portal=mc_web&page=DocDetail&id=144 HTTP/1.1" 200 23199 "-" "Mozilla/5.0 (compatible; AhrefsBot/4.0; +http://ahrefs.com/robot/)"
