208.115.111.73 - - [08/Feb/2013:00:07:08 +0700] "GET /robots.txt HTTP/1.1" 404 278 "-" "Mozilla/5.0 (compatible; Ezooms/1.0; ezooms.bot@gmail.com)"
208.115.113.89 - - [08/Feb/2013:00:17:45 +0700] "GET /?portal=mc_web&page=DocDetail&id=142 HTTP/1.1" 200 22755 "-" "Mozilla/5.0 (compatible; Ezooms/1.0; ezooms.bot@gmail.com)"
173.199.120.171 - - [08/Feb/2013:00:18:41 +0700] "GET /?portal=mc_web&page=articleDetail&id=626 HTTP/1.1" 200 23119 "-" "Mozilla/5.0 (compatible; AhrefsBot/4.0; +http://ahrefs.com/robot/)"
173.199.120.171 - - [08/Feb/2013:00:29:11 +0700] "GET /?portal=mc_web&page=DocDetail&id=152 HTTP/1.1" 200 22755 "-" "Mozilla/5.0 (compatible; AhrefsBot/4.0; +http://ahrefs.com/robot/)"
37.140.141.10 - - [08/Feb/2013:00:33:00 +0700] "GET /?portal=mc_web&page=articleDetail&id=635 HTTP/1.1" 200 28195 "-" "Mozilla/5.0 (compatible; YandexBot/3.0; +http://yandex.com/bots)"
37.140.141.10 - - [08/Feb/2013:00:33:08 +0700] "GET /data/avatar/thumb/arrow_right.gif HTTP/1.1" 304 0 "-" "Mozilla/5.0 (compatible; YandexImages/3.0; +http://yandex.com/bots)"
150.70.172.205 - - [08/Feb/2013:00:36:10 +0700] "GET / HTTP/1.0" 200 19278 "-" "Mozilla/4.0 (compatible; MSIE 6.0; Windows NT 5.1)"
173.199.120.171 - - [08/Feb/2013:00:36:19 +0700] "GET /?portal=mc_web&page=articleDetail&id=596 HTTP/1.1" 200 23817 "-" "Mozilla/5.0 (compatible; AhrefsBot/4.0; +http://ahrefs.com/robot/)"
208.115.111.73 - - [08/Feb/2013:02:02:51 +0700] "GET /?portal=mc_web&page=DocDetail&id=95 HTTP/1.1" 200 22497 "-" "Mozilla/5.0 (compatible; Ezooms/1.0; ezooms.bot@gmail.com)"
208.115.111.73 - - [08/Feb/2013:02:02:59 +0700] "GET /?portal=mc_web&page=DocOfClass&classID=12&cateID=4 HTTP/1.1" 200 17612 "-" "Mozilla/5.0 (compatible; Ezooms/1.0; ezooms.bot@gmail.com)"
208.115.111.73 - - [08/Feb/2013:02:03:10 +0700] "GET /?portal=mc_web&page=articleDetail&id=579 HTTP/1.1" 200 27135 "-" "Mozilla/5.0 (compatible; Ezooms/1.0; ezooms.bot@gmail.com)"
208.115.111.73 - - [08/Feb/2013:02:03:20 +0700] "GET /?portal=mc_web&page=articleDetail&id=598 HTTP/1.1" 200 23886 "-" "Mozilla/5.0 (compatible; Ezooms/1.0; ezooms.bot@gmail.com)"
173.199.120.171 - - [08/Feb/2013:02:06:06 +0700] "GET /?portal=mc_web&page=DocDetail&id=142 HTTP/1.1" 200 22755 "-" "Mozilla/5.0 (compatible; AhrefsBot/4.0; +http://ahrefs.com/robot/)"
118.70.248.17 - - [08/Feb/2013:02:39:13 +0700] "GET /data/images/thumb//images656664_y.jpg HTTP/1.1" 304 0 "-" "Mozilla/4.0 (compatible;)"
37.140.141.10 - - [08/Feb/2013:03:34:42 +0700] "GET /data/images/thumb/images654449_1.jpg HTTP/1.1" 304 0 "-" "Mozilla/5.0 (compatible; YandexImages/3.0; +http://yandex.com/bots)"
180.76.5.140 - - [08/Feb/2013:03:37:28 +0700] "GET /?portal=mc_web&page=articleDetail&id=248 HTTP/1.1" 200 31367 "-" "Mozilla/5.0 (compatible; Baiduspider/2.0; +http://www.baidu.com/search/spider.html)"
173.199.120.171 - - [08/Feb/2013:04:05:53 +0700] "GET /?portal=mc_web&page=DocOfClass&classID=13&cateID=3 HTTP/1.1" 200 17224 "-" "Mozilla/5.0 (compatible; AhrefsBot/4.0; +http://ahrefs.com/robot/)"
173.199.120.171 - - [08/Feb/2013:04:12:10 +0700] "GET /?portal=mc_web&page=DocOfClass&classID=12&cateID=1 HTTP/1.1" 200 17224 "-" "Mozilla/5.0 (compatible; AhrefsBot/4.0; +http://ahrefs.com/robot/)"
208.115.113.89 - - [08/Feb/2013:04:13:49 +0700] "GET /?portal=mc_web&page=ClassDetail&id=49 HTTP/1.1" 200 18443 "-" "Mozilla/5.0 (compatible; Ezooms/1.0; ezooms.bot@gmail.com)"
208.115.113.89 - - [08/Feb/2013:04:14:10 +0700] "GET /?portal=mc_web&page=DocDetail&id=140 HTTP/1.1" 200 22755 "-" "Mozilla/5.0 (compatible; Ezooms/1.0; ezooms.bot@gmail.com)"
208.115.113.89 - - [08/Feb/2013:04:14:13 +0700] "GET /?portal=mc_web&page=DocOfClass&classID=1&cateID=4 HTTP/1.1" 200 17224 "-" "Mozilla/5.0 (compatible; Ezooms/1.0; ezooms.bot@gmail.com)"
180.76.5.177 - - [08/Feb/2013:04:21:34 +0700] "GET /?portal=mc_web&page=articleDetail&id=330 HTTP/1.1" 200 19874 "-" "Mozilla/5.0 (compatible; Baiduspider/2.0; +http://www.baidu.com/search/spider.html)"
118.70.248.17 - - [08/Feb/2013:04:33:14 +0700] "GET /data/images/thumb//images656679_TT-Bo-GDDT.jpg HTTP/1.1" 304 0 "-" "Mozilla/4.0 (compatible;)"
118.70.248.17 - - [08/Feb/2013:05:12:05 +0700] "GET /data/images/thumb//images656682_IMG_02.jpg HTTP/1.1" 304 0 "-" "Mozilla/4.0 (compatible;)"
66.249.77.12 - - [08/Feb/2013:05:13:28 +0700] "GET /robots.txt HTTP/1.1" 404 274 "-" "Mozilla/5.0 (compatible; Googlebot/2.1; +http://www.google.com/bot.html)"
66.249.77.12 - - [08/Feb/2013:05:13:28 +0700] "GET /data/images/imageForArticle/images654650_1.jpg HTTP/1.1" 200 13975 "-" "Googlebot-Image/1.0"
180.76.5.18 - - [08/Feb/2013:05:57:05 +0700] "GET /?portal=mc_web&page=articleDetail&id=344 HTTP/1.1" 200 205706 "-" "Mozilla/5.0 (compatible; Baiduspider/2.0; +http://www.baidu.com/search/spider.html)"
173.199.120.171 - - [08/Feb/2013:05:58:05 +0700] "GET /?portal=mc_web&page=DocDetail&id=157 HTTP/1.1" 200 21813 "-" "Mozilla/5.0 (compatible; AhrefsBot/4.0; +http://ahrefs.com/robot/)"
37.140.141.10 - - [08/Feb/2013:05:58:31 +0700] "GET /data/images/imageForArticle/images648132_10_dieu_du_hoc.jpg HTTP/1.1" 304 0 "-" "Mozilla/5.0 (compatible; YandexImages/3.0; +http://yandex.com/bots)"
173.199.120.171 - - [08/Feb/2013:06:05:21 +0700] "GET /?portal=mc_web&page=articleDetail&id=613 HTTP/1.1" 200 43267 "-" "Mozilla/5.0 (compatible; AhrefsBot/4.0; +http://ahrefs.com/robot/)"
173.199.120.171 - - [08/Feb/2013:06:11:55 +0700] "GET /?portal=mc_web&page=articleDetail&id=615 HTTP/1.1" 200 23441 "-" "Mozilla/5.0 (compatible; AhrefsBot/4.0; +http://ahrefs.com/robot/)"
37.140.141.10 - - [08/Feb/2013:06:41:25 +0700] "GET /data/images/imageForArticle/images648904_theducTH.jpg HTTP/1.1" 404 317 "-" "Mozilla/5.0 (compatible; YandexImages/3.0; +http://yandex.com/bots)"
173.199.120.171 - - [08/Feb/2013:06:53:44 +0700] "GET /?portal=mc_web&page=articleDetail&id=275 HTTP/1.1" 200 32585 "-" "Mozilla/5.0 (compatible; AhrefsBot/4.0; +http://ahrefs.com/robot/)"
208.115.113.89 - - [08/Feb/2013:08:16:55 +0700] "GET /?portal=mc_web&page=DocOfClass&classID=1&cateID=1 HTTP/1.1" 200 17224 "-" "Mozilla/5.0 (compatible; Ezooms/1.0; ezooms.bot@gmail.com)"
208.115.113.89 - - [08/Feb/2013:08:17:17 +0700] "GET /?portal=mc_web&page=articleDetail&id=611 HTTP/1.1" 200 23921 "-" "Mozilla/5.0 (compatible; Ezooms/1.0; ezooms.bot@gmail.com)"
208.115.113.89 - - [08/Feb/2013:08:17:53 +0700] "GET /?portal=mc_web&page=DocOfClass&classID=4&cateID=2 HTTP/1.1" 200 17612 "-" "Mozilla/5.0 (compatible; Ezooms/1.0; ezooms.bot@gmail.com)"
208.115.113.89 - - [08/Feb/2013:08:18:43 +0700] "GET /?portal=mc_web&page=articleDetail&id=610 HTTP/1.1" 200 27631 "-" "Mozilla/5.0 (compatible; Ezooms/1.0; ezooms.bot@gmail.com)"
180.76.5.151 - - [08/Feb/2013:09:07:48 +0700] "GET /?portal=mc_web&page=articleDetail&id=573 HTTP/1.1" 200 22599 "-" "Mozilla/5.0 (compatible; Baiduspider/2.0; +http://www.baidu.com/search/spider.html)"
210.83.81.230 - - [08/Feb/2013:09:52:12 +0700] "GET / HTTP/1.1" 200 19486 "-" "Mozilla/5.0 (compatible; MSIE 8.0; Windows NT 6.1; Trident/5.0)"
208.115.113.89 - - [08/Feb/2013:10:11:05 +0700] "GET /robots.txt HTTP/1.1" 404 274 "-" "Mozilla/5.0 (compatible; Ezooms/1.0; ezooms.bot@gmail.com)"
208.115.113.89 - - [08/Feb/2013:10:11:06 +0700] "GET /robots.txt HTTP/1.1" 404 278 "-" "Mozilla/5.0 (compatible; Ezooms/1.0; ezooms.bot@gmail.com)"
199.36.240.17 - - [08/Feb/2013:10:43:16 +0700] "GET /data/images/imageForArticle/images649035_NhungduatreoBenThan.jpg HTTP/1.1" 304 0 "-" "Mozilla/5.0 (compatible; YandexImages/3.0; +http://yandex.com/bots)"
199.36.240.17 - - [08/Feb/2013:11:09:21 +0700] "GET /data/images/thumb/images654776_image003.jpg HTTP/1.1" 304 0 "-" "Mozilla/5.0 (compatible; YandexImages/3.0; +http://yandex.com/bots)"
199.36.240.17 - - [08/Feb/2013:11:10:46 +0700] "GET /data/images/thumb/a41d3d7c-f173-4889-b34b-df39659a38e7_220px-Pi_pie2.jpg HTTP/1.1" 304 0 "-" "Mozilla/5.0 (compatible; YandexImages/3.0; +http://yandex.com/bots)"
180.76.5.11 - - [08/Feb/2013:11:16:07 +0700] "GET /?portal=mc_web&page=DocOfClass&classID=14&cateID=2 HTTP/1.1" 200 17612 "-" "Mozilla/5.0 (compatible; Baiduspider/2.0; +http://www.baidu.com/search/spider.html)"
199.36.240.17 - - [08/Feb/2013:11:32:36 +0700] "GET /data/images/thumb/images654819_Anh_1.jpg HTTP/1.1" 304 0 "-" "Mozilla/5.0 (compatible; YandexImages/3.0; +http://yandex.com/bots)"
199.36.240.17 - - [08/Feb/2013:11:59:34 +0700] "GET /data/images/imageForArticle/images653793_image005.jpg HTTP/1.1" 304 0 "-" "Mozilla/5.0 (compatible; YandexImages/3.0; +http://yandex.com/bots)"
208.115.111.73 - - [08/Feb/2013:12:08:39 +0700] "GET /robots.txt HTTP/1.1" 404 274 "-" "Mozilla/5.0 (compatible; Ezooms/1.0; ezooms.bot@gmail.com)"
208.115.111.73 - - [08/Feb/2013:12:08:40 +0700] "GET /robots.txt HTTP/1.1" 404 278 "-" "Mozilla/5.0 (compatible; Ezooms/1.0; ezooms.bot@gmail.com)"
208.115.113.89 - - [08/Feb/2013:12:11:22 +0700] "GET /?portal=mc_web&page=articleDetail&id=613 HTTP/1.1" 200 43267 "-" "Mozilla/5.0 (compatible; Ezooms/1.0; ezooms.bot@gmail.com)"
208.115.113.89 - - [08/Feb/2013:12:11:36 +0700] "GET /?portal=mc_web&page=listTeacherb HTTP/1.1" 200 16546 "-" "Mozilla/5.0 (compatible; Ezooms/1.0; ezooms.bot@gmail.com)"
208.115.113.89 - - [08/Feb/2013:12:13:56 +0700] "GET /?portal=mc_web&page=articleDetail&id=612 HTTP/1.1" 200 32082 "-" "Mozilla/5.0 (compatible; Ezooms/1.0; ezooms.bot@gmail.com)"
208.115.113.89 - - [08/Feb/2013:12:14:12 +0700] "GET /?portal=mc_web&page=DocOfClass&classID=1&cateID=4 HTTP/1.1" 200 17612 "-" "Mozilla/5.0 (compatible; Ezooms/1.0; ezooms.bot@gmail.com)"
199.36.240.17 - - [08/Feb/2013:12:24:40 +0700] "GET /data/images/imageForArticle/images648423_images648274_IMG_2247.jpg HTTP/1.1" 304 0 "-" "Mozilla/5.0 (compatible; YandexImages/3.0; +http://yandex.com/bots)"
199.36.240.17 - - [08/Feb/2013:12:49:08 +0700] "GET /data/images/imageForArticle/images650104_IMG_4472.jpg HTTP/1.1" 304 0 "-" "Mozilla/5.0 (compatible; YandexImages/3.0; +http://yandex.com/bots)"
199.36.240.17 - - [08/Feb/2013:12:54:03 +0700] "GET /data/images/thumb/images654449_1.jpg HTTP/1.1" 304 0 "-" "Mozilla/5.0 (compatible; YandexImages/3.0; +http://yandex.com/bots)"
199.36.240.17 - - [08/Feb/2013:13:18:08 +0700] "GET /data/images/imageForArticle/images649263_2.jpg HTTP/1.1" 304 0 "-" "Mozilla/5.0 (compatible; YandexImages/3.0; +http://yandex.com/bots)"
37.140.141.10 - - [08/Feb/2013:13:29:01 +0700] "GET /robots.txt HTTP/1.1" 404 274 "-" "Mozilla/5.0 (compatible; YandexBot/3.0; +http://yandex.com/bots)"
37.140.141.10 - - [08/Feb/2013:13:29:03 +0700] "GET /data/images/imageForArticle/images648203_1.jpg HTTP/1.1" 304 0 "-" "Mozilla/5.0 (compatible; YandexImages/3.0; +http://yandex.com/bots)"
199.36.240.17 - - [08/Feb/2013:13:42:20 +0700] "GET /data/images/imageForArticle/images651195_8.jpg HTTP/1.1" 304 0 "-" "Mozilla/5.0 (compatible; YandexImages/3.0; +http://yandex.com/bots)"
37.140.141.10 - - [08/Feb/2013:13:45:28 +0700] "GET /data/images/imageForArticle/images653170_1.jpg HTTP/1.1" 304 0 "-" "Mozilla/5.0 (compatible; YandexImages/3.0; +http://yandex.com/bots)"
37.140.141.10 - - [08/Feb/2013:13:45:32 +0700] "GET /robots.txt HTTP/1.1" 404 278 "-" "Mozilla/5.0 (compatible; YandexBot/3.0; +http://yandex.com/bots)"
37.140.141.10 - - [08/Feb/2013:13:45:34 +0700] "GET /data/avatar/new.gif HTTP/1.1" 304 0 "-" "Mozilla/5.0 (compatible; YandexImages/3.0; +http://yandex.com/bots)"
208.115.111.73 - - [08/Feb/2013:14:01:33 +0700] "GET /?portal=mc_web&page=DocOfClass&classID=7&cateID=2 HTTP/1.1" 200 17224 "-" "Mozilla/5.0 (compatible; Ezooms/1.0; ezooms.bot@gmail.com)"
208.115.111.73 - - [08/Feb/2013:14:02:04 +0700] "GET /?portal=mc_web&page=DocDetail&id=117 HTTP/1.1" 200 23190 "-" "Mozilla/5.0 (compatible; Ezooms/1.0; ezooms.bot@gmail.com)"
208.115.111.73 - - [08/Feb/2013:14:02:06 +0700] "GET /?portal=mc_web&page=articleDetail&id=590 HTTP/1.1" 200 22213 "-" "Mozilla/5.0 (compatible; Ezooms/1.0; ezooms.bot@gmail.com)"
199.36.240.17 - - [08/Feb/2013:14:08:34 +0700] "GET /data/images/imageForArticle/images650050_Huychuong.jpg HTTP/1.1" 304 0 "-" "Mozilla/5.0 (compatible; YandexImages/3.0; +http://yandex.com/bots)"
208.115.113.89 - - [08/Feb/2013:14:11:28 +0700] "GET /robots.txt HTTP/1.1" 404 278 "-" "Mozilla/5.0 (compatible; Ezooms/1.0; ezooms.bot@gmail.com)"
208.115.113.89 - - [08/Feb/2013:14:11:30 +0700] "GET /robots.txt HTTP/1.1" 404 274 "-" "Mozilla/5.0 (compatible; Ezooms/1.0; ezooms.bot@gmail.com)"
37.140.141.10 - - [08/Feb/2013:14:16:02 +0700] "GET /?portal=mc_web&page=regLearn HTTP/1.1" 200 26249 "-" "Mozilla/5.0 (compatible; YandexBot/3.0; +http://yandex.com/bots)"
180.76.5.192 - - [08/Feb/2013:14:31:44 +0700] "GET /?portal=mc_web&page=DocOfClass&classID=7&cateID=1 HTTP/1.1" 200 17612 "-" "Mozilla/5.0 (compatible; Baiduspider/2.0; +http://www.baidu.com/search/spider.html)"
199.36.240.17 - - [08/Feb/2013:14:33:33 +0700] "GET /data/images/imageForArticle/images649121_IMG_5132.jpg HTTP/1.1" 304 0 "-" "Mozilla/5.0 (compatible; YandexImages/3.0; +http://yandex.com/bots)"
199.36.240.17 - - [08/Feb/2013:14:37:38 +0700] "GET /data/images/thumb/admin_1344779539.jpg HTTP/1.1" 304 0 "-" "Mozilla/5.0 (compatible; YandexImages/3.0; +http://yandex.com/bots)"
199.36.240.17 - - [08/Feb/2013:15:00:55 +0700] "GET /data/images/imageForArticle/images650235_image005.jpg HTTP/1.1" 304 0 "-" "Mozilla/5.0 (compatible; YandexImages/3.0; +http://yandex.com/bots)"
199.36.240.17 - - [08/Feb/2013:15:28:00 +0700] "GET /data/avatar/thumb/arrow_right.gif HTTP/1.1" 304 0 "-" "Mozilla/5.0 (compatible; YandexImages/3.0; +http://yandex.com/bots)"
173.199.120.171 - - [08/Feb/2013:15:34:35 +0700] "GET /?portal=mc_web&page=articleDetail&id=603 HTTP/1.1" 200 23440 "-" "Mozilla/5.0 (compatible; AhrefsBot/4.0; +http://ahrefs.com/robot/)"
37.140.141.10 - - [08/Feb/2013:15:39:41 +0700] "GET /data/images/thumb/images652938_2(1).png HTTP/1.1" 404 303 "-" "Mozilla/5.0 (compatible; YandexImages/3.0; +http://yandex.com/bots)"
199.36.240.17 - - [08/Feb/2013:15:57:58 +0700] "GET /data/images/imageForArticle/images648974_1.jpg HTTP/1.1" 304 0 "-" "Mozilla/5.0 (compatible; YandexImages/3.0; +http://yandex.com/bots)"
118.70.248.17 - - [08/Feb/2013:15:58:59 +0700] "GET /data/images/thumb//images656664_y.jpg HTTP/1.1" 304 0 "-" "Mozilla/4.0 (compatible;)"
208.115.111.73 - - [08/Feb/2013:16:05:00 +0700] "GET /robots.txt HTTP/1.1" 404 278 "-" "Mozilla/5.0 (compatible; Ezooms/1.0; ezooms.bot@gmail.com)"
208.115.111.73 - - [08/Feb/2013:16:05:01 +0700] "GET /robots.txt HTTP/1.1" 404 274 "-" "Mozilla/5.0 (compatible; Ezooms/1.0; ezooms.bot@gmail.com)"
208.115.113.89 - - [08/Feb/2013:16:15:59 +0700] "GET /?portal=mc_web&page=articleDetail&id=615 HTTP/1.1" 200 23441 "-" "Mozilla/5.0 (compatible; Ezooms/1.0; ezooms.bot@gmail.com)"
208.115.113.89 - - [08/Feb/2013:16:16:34 +0700] "GET /?portal=mc_web&page=DocOfClass&classID=11&cateID=3 HTTP/1.1" 200 17224 "-" "Mozilla/5.0 (compatible; Ezooms/1.0; ezooms.bot@gmail.com)"
208.115.113.89 - - [08/Feb/2013:16:16:36 +0700] "GET /?portal=mc_web&page=DocOfClass&classID=1&cateID=2 HTTP/1.1" 200 17612 "-" "Mozilla/5.0 (compatible; Ezooms/1.0; ezooms.bot@gmail.com)"
208.115.113.89 - - [08/Feb/2013:16:16:36 +0700] "GET /?portal=mc_web&page=articleDetail&id=536 HTTP/1.1" 200 24403 "-" "Mozilla/5.0 (compatible; Ezooms/1.0; ezooms.bot@gmail.com)"
208.115.113.89 - - [08/Feb/2013:16:16:39 +0700] "GET /?portal=mc_web&page=articleDetail&id=614 HTTP/1.1" 200 30414 "-" "Mozilla/5.0 (compatible; Ezooms/1.0; ezooms.bot@gmail.com)"
208.115.111.73 - - [08/Feb/2013:16:36:22 +0700] "GET / HTTP/1.1" 200 19278 "-" "Mozilla/5.0 (compatible; Ezooms/1.0; ezooms.bot@gmail.com)"
180.76.5.137 - - [08/Feb/2013:17:27:50 +0700] "GET /?portal=mc_web&page=articleDetail&id=309 HTTP/1.1" 200 28395 "-" "Mozilla/5.0 (compatible; Baiduspider/2.0; +http://www.baidu.com/search/spider.html)"
118.70.248.17 - - [08/Feb/2013:17:53:01 +0700] "GET /data/images/thumb//images656679_TT-Bo-GDDT.jpg HTTP/1.1" 304 0 "-" "Mozilla/4.0 (compatible;)"
208.115.111.73 - - [08/Feb/2013:18:07:32 +0700] "GET /?portal=mc_web&page=DocOfClass&classID=17&cateID=2 HTTP/1.1" 200 17224 "-" "Mozilla/5.0 (compatible; Ezooms/1.0; ezooms.bot@gmail.com)"
208.115.111.73 - - [08/Feb/2013:18:07:40 +0700] "GET /?portal=mc_web&page=articleDetail&id=594 HTTP/1.1" 200 30156 "-" "Mozilla/5.0 (compatible; Ezooms/1.0; ezooms.bot@gmail.com)"
173.199.120.171 - - [08/Feb/2013:18:31:19 +0700] "GET /?portal=mc_web&page=DocOfClass&classID=11&cateID=1 HTTP/1.1" 200 17224 "-" "Mozilla/5.0 (compatible; AhrefsBot/4.0; +http://ahrefs.com/robot/)"
173.199.120.171 - - [08/Feb/2013:18:37:48 +0700] "GET /?portal=mc_web&page=DocOfClass&classID=12&cateID=2 HTTP/1.1" 200 17224 "-" "Mozilla/5.0 (compatible; AhrefsBot/4.0; +http://ahrefs.com/robot/)"
173.199.120.171 - - [08/Feb/2013:18:45:45 +0700] "GET /?portal=mc_web&page=DocOfClass&classID=10&cateID=1 HTTP/1.1" 200 17224 "-" "Mozilla/5.0 (compatible; AhrefsBot/4.0; +http://ahrefs.com/robot/)"
173.199.120.171 - - [08/Feb/2013:18:59:07 +0700] "GET /?portal=mc_web&page=articleDetail&id=611 HTTP/1.1" 200 23921 "-" "Mozilla/5.0 (compatible; AhrefsBot/4.0; +http://ahrefs.com/robot/)"
66.249.77.12 - - [08/Feb/2013:19:48:49 +0700] "GET /robots.txt HTTP/1.1" 404 274 "-" "Mozilla/5.0 (compatible; Googlebot/2.1; +http://www.google.com/bot.html)"
66.249.77.12 - - [08/Feb/2013:19:48:50 +0700] "GET /data/images/thumb//images654650_1.jpg HTTP/1.1" 200 2335 "-" "Googlebot-Image/1.0"
208.115.111.73 - - [08/Feb/2013:20:07:34 +0700] "GET /robots.txt HTTP/1.1" 404 274 "-" "Mozilla/5.0 (compatible; Ezooms/1.0; ezooms.bot@gmail.com)"
208.115.111.73 - - [08/Feb/2013:20:07:35 +0700] "GET /robots.txt HTTP/1.1" 404 278 "-" "Mozilla/5.0 (compatible; Ezooms/1.0; ezooms.bot@gmail.com)"
208.115.113.89 - - [08/Feb/2013:20:13:10 +0700] "GET /?portal=mc_web&page=DocOfClass&classID=11&cateID=1 HTTP/1.1" 200 17224 "-" "Mozilla/5.0 (compatible; Ezooms/1.0; ezooms.bot@gmail.com)"
208.115.113.89 - - [08/Feb/2013:20:13:11 +0700] "GET /?portal=mc_web&page=articleDetail&id=617 HTTP/1.1" 200 23262 "-" "Mozilla/5.0 (compatible; Ezooms/1.0; ezooms.bot@gmail.com)"
208.115.113.89 - - [08/Feb/2013:20:13:10 +0700] "GET /?portal=mc_web&page=DocDetail&id=149 HTTP/1.1" 200 22745 "-" "Mozilla/5.0 (compatible; Ezooms/1.0; ezooms.bot@gmail.com)"
208.115.113.89 - - [08/Feb/2013:20:13:37 +0700] "GET /?portal=mc_web&page=DocOfClass&classID=4&cateID=4 HTTP/1.1" 200 17612 "-" "Mozilla/5.0 (compatible; Ezooms/1.0; ezooms.bot@gmail.com)"
208.115.113.89 - - [08/Feb/2013:20:14:05 +0700] "GET /?portal=mc_web&page=articleDetail&id=538 HTTP/1.1" 200 22605 "-" "Mozilla/5.0 (compatible; Ezooms/1.0; ezooms.bot@gmail.com)"
208.115.113.89 - - [08/Feb/2013:20:14:28 +0700] "GET /?portal=mc_web&page=articleDetail&id=616 HTTP/1.1" 200 21930 "-" "Mozilla/5.0 (compatible; Ezooms/1.0; ezooms.bot@gmail.com)"
173.199.120.171 - - [08/Feb/2013:20:19:40 +0700] "GET /?portal=mc_web&page=articleDetail&id=601 HTTP/1.1" 200 33729 "-" "Mozilla/5.0 (compatible; AhrefsBot/4.0; +http://ahrefs.com/robot/)"
173.199.120.171 - - [08/Feb/2013:20:28:10 +0700] "GET /?portal=mc_web&page=DocDetail&id=150 HTTP/1.1" 200 22755 "-" "Mozilla/5.0 (compatible; AhrefsBot/4.0; +http://ahrefs.com/robot/)"
180.76.5.55 - - [08/Feb/2013:20:37:48 +0700] "GET /?portal=mc_web&page=DocOfClass&classID=17&cateID=4&page_no=4 HTTP/1.1" 200 18698 "-" "Mozilla/5.0 (compatible; Baiduspider/2.0; +http://www.baidu.com/search/spider.html)"
173.199.120.171 - - [08/Feb/2013:20:51:08 +0700] "GET /?portal=mc_web&page=DocOfClass&classID=10&cateID=2 HTTP/1.1" 200 17224 "-" "Mozilla/5.0 (compatible; AhrefsBot/4.0; +http://ahrefs.com/robot/)"
173.199.120.171 - - [08/Feb/2013:21:35:12 +0700] "GET /?portal=mc_web&page=NewDoc&page_no=4%20 HTTP/1.1" 200 19625 "-" "Mozilla/5.0 (compatible; AhrefsBot/4.0; +http://ahrefs.com/robot/)"
173.199.120.171 - - [08/Feb/2013:22:28:52 +0700] "GET /?portal=mc_web&page=DocDetail&id=154 HTTP/1.1" 200 22517 "-" "Mozilla/5.0 (compatible; AhrefsBot/4.0; +http://ahrefs.com/robot/)"
123.30.175.81 - - [08/Feb/2013:23:55:22 +0700] "GET /robots.txt HTTP/1.0" 404 278 "-" "coccoc/1.0 (http://help.coccoc.com/)"
123.30.175.80 - - [08/Feb/2013:23:55:37 +0700] "GET / HTTP/1.0" 200 19486 "-" "coccoc/1.0 (http://help.coccoc.com/)"
123.30.175.80 - - [08/Feb/2013:23:55:43 +0700] "GET /data/avatar/mathlogo.gif HTTP/1.0" 200 7928 "-" "coccoc/1.0 (http://help.coccoc.com/)"
123.30.175.80 - - [08/Feb/2013:23:55:50 +0700] "GET /data/avatar/new.gif HTTP/1.0" 200 2954 "-" "coccoc/1.0 (http://help.coccoc.com/)"
123.30.175.80 - - [08/Feb/2013:23:55:55 +0700] "GET /robots.txt HTTP/1.0" 404 274 "-" "coccoc/1.0 (http://help.coccoc.com/)"
123.30.175.80 - - [08/Feb/2013:23:56:05 +0700] "GET / HTTP/1.0" 200 19278 "-" "coccoc/1.0 (http://help.coccoc.com/)"
123.30.175.80 - - [08/Feb/2013:23:56:11 +0700] "GET /data/avatar/mathlogo.gif HTTP/1.0" 200 7928 "-" "coccoc/1.0 (http://help.coccoc.com/)"
123.30.175.80 - - [08/Feb/2013:23:56:17 +0700] "GET /data/avatar/new.gif HTTP/1.0" 200 2954 "-" "coccoc/1.0 (http://help.coccoc.com/)"
