123.30.175.81 - - [09/Feb/2013:00:05:47 +0700] "GET /data/images/promotion/ads1.png HTTP/1.0" 200 58888 "-" "coccoc/1.0 (http://help.coccoc.com/)"
123.30.175.81 - - [09/Feb/2013:00:05:53 +0700] "GET /data/images/promotion/khamphabian.png HTTP/1.0" 200 12131 "-" "coccoc/1.0 (http://help.coccoc.com/)"
208.115.111.73 - - [09/Feb/2013:00:11:08 +0700] "GET /robots.txt HTTP/1.1" 404 278 "-" "Mozilla/5.0 (compatible; Ezooms/1.0; ezooms.bot@gmail.com)"
208.115.111.73 - - [09/Feb/2013:00:11:08 +0700] "GET /robots.txt HTTP/1.1" 404 274 "-" "Mozilla/5.0 (compatible; Ezooms/1.0; ezooms.bot@gmail.com)"
208.115.113.89 - - [09/Feb/2013:00:13:42 +0700] "GET /?portal=mc_web&page=articleDetail&id=618 HTTP/1.1" 200 27375 "-" "Mozilla/5.0 (compatible; Ezooms/1.0; ezooms.bot@gmail.com)"
123.30.175.81 - - [09/Feb/2013:00:30:17 +0700] "GET /data/images/imageForArticle/images655139_2.jpg HTTP/1.0" 200 21266 "-" "coccoc/1.0 (http://help.coccoc.com/)"
123.30.175.81 - - [09/Feb/2013:00:30:24 +0700] "GET /data/images/imageForArticle/images655140_1.jpg HTTP/1.0" 200 23613 "-" "coccoc/1.0 (http://help.coccoc.com/)"
123.30.175.81 - - [09/Feb/2013:00:30:30 +0700] "GET /data/images/thumb/a41d3d7c-f173-4889-b34b-df39659a38e7_220px-Pi_pie2.jpg HTTP/1.0" 200 3320 "-" "coccoc/1.0 (http://help.coccoc.com/)"
123.30.175.81 - - [09/Feb/2013:00:30:36 +0700] "GET /data/images/thumb/admin_1344704125.jpg HTTP/1.0" 200 3737 "-" "coccoc/1.0 (http://help.coccoc.com/)"
123.30.175.81 - - [09/Feb/2013:00:30:42 +0700] "GET /data/images/thumb/admin_1344704443.png HTTP/1.0" 200 2394 "-" "coccoc/1.0 (http://help.coccoc.com/)"
123.30.175.81 - - [09/Feb/2013:00:30:48 +0700] "GET /data/images/thumb/admin_1344779425.gif HTTP/1.0" 200 2595 "-" "coccoc/1.0 (http://help.coccoc.com/)"
123.30.175.81 - - [09/Feb/2013:00:30:56 +0700] "GET /data/images/thumb/admin_1344779539.jpg HTTP/1.0" 200 3272 "-" "coccoc/1.0 (http://help.coccoc.com/)"
123.30.175.81 - - [09/Feb/2013:00:31:02 +0700] "GET /data/images/thumb/admin_1344779656.jpg HTTP/1.0" 200 4316 "-" "coccoc/1.0 (http://help.coccoc.com/)"
123.30.175.81 - - [09/Feb/2013:00:31:08 +0700] "GET /data/images/thumb/admin_1346932141.jpg HTTP/1.0" 200 4793 "-" "coccoc/1.0 (http://help.coccoc.com/)"
123.30.175.81 - - [09/Feb/2013:00:31:14 +0700] "GET /data/images/thumb/images655152_chaycongchuc.jpg HTTP/1.0" 200 2527 "-" "coccoc/1.0 (http://help.coccoc.com/)"
123.30.175.82 - - [09/Feb/2013:00:31:21 +0700] "GET /data/images/thumb/images655206_IMG_2296.jpg HTTP/1.0" 200 2996 "-" "coccoc/1.0 (http://help.coccoc.com/)"
123.30.175.82 - - [09/Feb/2013:00:31:28 +0700] "GET /data/images/thumb/images655210_1.jpg HTTP/1.0" 200 3166 "-" "coccoc/1.0 (http://help.coccoc.com/)"
123.30.175.82 - - [09/Feb/2013:00:31:34 +0700] "GET /data/images/imageForArticle/images655137_sammun.jpg HTTP/1.0" 200 18215 "-" "coccoc/1.0 (http://help.coccoc.com/)"
123.30.175.82 - - [09/Feb/2013:00:31:40 +0700] "GET /data/images/imageForArticle/images655138_sinman.jpg HTTP/1.0" 200 26804 "-" "coccoc/1.0 (http://help.coccoc.com/)"
123.30.175.82 - - [09/Feb/2013:00:31:46 +0700] "GET /data/images/imageForArticle/images655130_giaoban.jpg HTTP/1.0" 200 19669 "-" "coccoc/1.0 (http://help.coccoc.com/)"
123.30.175.80 - - [09/Feb/2013:00:31:53 +0700] "GET /data/images/imageForArticle/images655139_2.jpg HTTP/1.0" 200 21266 "-" "coccoc/1.0 (http://help.coccoc.com/)"
123.30.175.80 - - [09/Feb/2013:00:31:59 +0700] "GET /data/images/imageForArticle/images655140_1.jpg HTTP/1.0" 200 23613 "-" "coccoc/1.0 (http://help.coccoc.com/)"
123.30.175.80 - - [09/Feb/2013:00:32:05 +0700] "GET /data/images/thumb/a41d3d7c-f173-4889-b34b-df39659a38e7_220px-Pi_pie2.jpg HTTP/1.0" 200 3320 "-" "coccoc/1.0 (http://help.coccoc.com/)"
123.30.175.80 - - [09/Feb/2013:00:32:11 +0700] "GET /data/images/thumb/admin_1344704125.jpg HTTP/1.0" 200 3737 "-" "coccoc/1.0 (http://help.coccoc.com/)"
123.30.175.80 - - [09/Feb/2013:00:32:17 +0700] "GET /data/images/thumb/admin_1344704443.png HTTP/1.0" 200 2394 "-" "coccoc/1.0 (http://help.coccoc.com/)"
123.30.175.80 - - [09/Feb/2013:00:32:23 +0700] "GET /data/images/thumb/admin_1344779425.gif HTTP/1.0" 200 2595 "-" "coccoc/1.0 (http://help.coccoc.com/)"
123.30.175.80 - - [09/Feb/2013:00:32:29 +0700] "GET /data/images/thumb/admin_1344779539.jpg HTTP/1.0" 200 3272 "-" "coccoc/1.0 (http://help.coccoc.com/)"
123.30.175.80 - - [09/Feb/2013:00:32:35 +0700] "GET /data/images/thumb/admin_1344779656.jpg HTTP/1.0" 200 4316 "-" "coccoc/1.0 (http://help.coccoc.com/)"
123.30.175.80 - - [09/Feb/2013:00:32:41 +0700] "GET /data/images/thumb/admin_1346932141.jpg HTTP/1.0" 200 4793 "-" "coccoc/1.0 (http://help.coccoc.com/)"
123.30.175.80 - - [09/Feb/2013:00:32:47 +0700] "GET /data/images/thumb/images655152_chaycongchuc.jpg HTTP/1.0" 200 2527 "-" "coccoc/1.0 (http://help.coccoc.com/)"
123.30.175.82 - - [09/Feb/2013:00:32:54 +0700] "GET /data/images/thumb/images655206_IMG_2296.jpg HTTP/1.0" 200 2996 "-" "coccoc/1.0 (http://help.coccoc.com/)"
123.30.175.82 - - [09/Feb/2013:00:33:00 +0700] "GET /data/images/thumb/images655210_1.jpg HTTP/1.0" 200 3166 "-" "coccoc/1.0 (http://help.coccoc.com/)"
123.30.175.82 - - [09/Feb/2013:00:33:06 +0700] "GET /data/images/imageForArticle/images655137_sammun.jpg HTTP/1.0" 200 18215 "-" "coccoc/1.0 (http://help.coccoc.com/)"
123.30.175.82 - - [09/Feb/2013:00:33:13 +0700] "GET /data/images/imageForArticle/images655138_sinman.jpg HTTP/1.0" 200 26804 "-" "coccoc/1.0 (http://help.coccoc.com/)"
123.30.175.82 - - [09/Feb/2013:00:33:19 +0700] "GET /data/images/imageForArticle/images655130_giaoban.jpg HTTP/1.0" 200 19669 "-" "coccoc/1.0 (http://help.coccoc.com/)"
173.199.120.171 - - [09/Feb/2013:01:15:03 +0700] "GET /?portal=mc_web&page=DocOfClass&classID=8&cateID=2 HTTP/1.1" 200 17224 "-" "Mozilla/5.0 (compatible; AhrefsBot/4.0; +http://ahrefs.com/robot/)"
208.115.111.73 - - [09/Feb/2013:02:02:02 +0700] "GET /?portal=mc_web&page=DocDetail&id=95 HTTP/1.1" 200 22065 "-" "Mozilla/5.0 (compatible; Ezooms/1.0; ezooms.bot@gmail.com)"
208.115.111.73 - - [09/Feb/2013:02:02:04 +0700] "GET /?portal=mc_web&page=articleDetail&id=623 HTTP/1.1" 200 26017 "-" "Mozilla/5.0 (compatible; Ezooms/1.0; ezooms.bot@gmail.com)"
208.115.111.73 - - [09/Feb/2013:02:02:07 +0700] "GET /?portal=mc_web&page=articleDetail&id=502 HTTP/1.1" 200 27188 "-" "Mozilla/5.0 (compatible; Ezooms/1.0; ezooms.bot@gmail.com)"
180.76.6.211 - - [09/Feb/2013:02:09:36 +0700] "GET /?portal=mc_web&page=DocDetail&id=141 HTTP/1.1" 200 23189 "-" "Mozilla/5.0 (compatible; Baiduspider/2.0; +http://www.baidu.com/search/spider.html)"
208.115.113.89 - - [09/Feb/2013:02:10:37 +0700] "GET /robots.txt HTTP/1.1" 404 278 "-" "Mozilla/5.0 (compatible; Ezooms/1.0; ezooms.bot@gmail.com)"
208.115.113.89 - - [09/Feb/2013:02:10:37 +0700] "GET /robots.txt HTTP/1.1" 404 274 "-" "Mozilla/5.0 (compatible; Ezooms/1.0; ezooms.bot@gmail.com)"
180.76.5.168 - - [09/Feb/2013:03:36:28 +0700] "GET /?portal=mc_web&page=Download&name=20120812/admin_1344760064.exe HTTP/1.1" 200 989114 "-" "Mozilla/5.0 (compatible; Baiduspider/2.0; +http://www.baidu.com/search/spider.html)"
66.249.76.107 - - [09/Feb/2013:03:41:11 +0700] "GET /robots.txt HTTP/1.1" 404 274 "-" "Mozilla/5.0 (compatible; Googlebot/2.1; +http://www.google.com/bot.html)"
66.249.76.107 - - [09/Feb/2013:03:41:15 +0700] "GET / HTTP/1.1" 200 19278 "-" "DoCoMo/2.0 N905i(c100;TB;W24H16) (compatible; Googlebot-Mobile/2.1; +http://www.google.com/bot.html)"
208.115.111.73 - - [09/Feb/2013:04:04:51 +0700] "GET /robots.txt HTTP/1.1" 404 274 "-" "Mozilla/5.0 (compatible; Ezooms/1.0; ezooms.bot@gmail.com)"
208.115.111.73 - - [09/Feb/2013:04:04:51 +0700] "GET /robots.txt HTTP/1.1" 404 278 "-" "Mozilla/5.0 (compatible; Ezooms/1.0; ezooms.bot@gmail.com)"
208.115.113.89 - - [09/Feb/2013:04:15:23 +0700] "GET /?portal=mc_web&page=articleDetail&id=557 HTTP/1.1" 200 22098 "-" "Mozilla/5.0 (compatible; Ezooms/1.0; ezooms.bot@gmail.com)"
208.115.113.89 - - [09/Feb/2013:04:16:15 +0700] "GET /?portal=mc_web&page=intro HTTP/1.1" 200 19318 "-" "Mozilla/5.0 (compatible; Ezooms/1.0; ezooms.bot@gmail.com)"
65.55.215.44 - - [09/Feb/2013:04:19:09 +0700] "GET /robots.txt HTTP/1.1" 404 274 "-" "msnbot-media/1.1 (+http://search.msn.com/msnbot.htm)"
65.55.215.44 - - [09/Feb/2013:04:19:10 +0700] "GET /webskins/plugins/TinySlideshow/thumbnails/1.jpg HTTP/1.1" 200 7531 "-" "msnbot-media/1.1 (+http://search.msn.com/msnbot.htm)"
199.30.16.51 - - [09/Feb/2013:04:33:27 +0700] "GET /robots.txt HTTP/1.1" 404 274 "-" "msnbot-media/1.1 (+http://search.msn.com/msnbot.htm)"
199.30.16.51 - - [09/Feb/2013:04:33:27 +0700] "GET /webskins/plugins/TinySlideshow/thumbnails/3.jpg HTTP/1.1" 200 28442 "-" "msnbot-media/1.1 (+http://search.msn.com/msnbot.htm)"
208.115.111.73 - - [09/Feb/2013:05:58:36 +0700] "GET /?portal=mc_web&page=DocDetail&id=111 HTTP/1.1" 200 23189 "-" "Mozilla/5.0 (compatible; Ezooms/1.0; ezooms.bot@gmail.com)"
208.115.111.73 - - [09/Feb/2013:05:58:56 +0700] "GET /?portal=mc_web&page=DocOfClass&classID=12&cateID=2 HTTP/1.1" 200 17612 "-" "Mozilla/5.0 (compatible; Ezooms/1.0; ezooms.bot@gmail.com)"
208.115.111.73 - - [09/Feb/2013:05:59:02 +0700] "GET /?portal=mc_web&page=DocOfClass&classID=6&cateID=3 HTTP/1.1" 200 17224 "-" "Mozilla/5.0 (compatible; Ezooms/1.0; ezooms.bot@gmail.com)"
208.115.111.73 - - [09/Feb/2013:05:58:58 +0700] "GET /?portal=mc_web&page=articleDetail&id=592 HTTP/1.1" 200 32797 "-" "Mozilla/5.0 (compatible; Ezooms/1.0; ezooms.bot@gmail.com)"
208.115.111.73 - - [09/Feb/2013:05:59:00 +0700] "GET /?portal=mc_web&page=DocDetail&id=78 HTTP/1.1" 200 21385 "-" "Mozilla/5.0 (compatible; Ezooms/1.0; ezooms.bot@gmail.com)"
208.115.113.89 - - [09/Feb/2013:06:09:35 +0700] "GET /robots.txt HTTP/1.1" 404 278 "-" "Mozilla/5.0 (compatible; Ezooms/1.0; ezooms.bot@gmail.com)"
118.70.248.17 - - [09/Feb/2013:07:12:48 +0700] "GET /data/images/thumb//images656679_TT-Bo-GDDT.jpg HTTP/1.1" 304 0 "-" "Mozilla/4.0 (compatible;)"
180.76.5.181 - - [09/Feb/2013:07:34:22 +0700] "GET /?portal=mc_web&page=DocOfClass&classID=1&cateID=2 HTTP/1.1" 200 17612 "-" "Mozilla/5.0 (compatible; Baiduspider/2.0; +http://www.baidu.com/search/spider.html)"
208.115.113.89 - - [09/Feb/2013:08:04:15 +0700] "GET /?portal=mc_web&page=articleDetail&id=555 HTTP/1.1" 200 29845 "-" "Mozilla/5.0 (compatible; Ezooms/1.0; ezooms.bot@gmail.com)"
180.76.5.17 - - [09/Feb/2013:08:26:35 +0700] "GET /?portal=mc_web&page=articleDetail&id=349 HTTP/1.1" 200 28388 "-" "Mozilla/5.0 (compatible; Baiduspider/2.0; +http://www.baidu.com/search/spider.html)"
157.55.32.62 - - [09/Feb/2013:08:42:44 +0700] "GET /robots.txt HTTP/1.1" 404 274 "-" "Mozilla/5.0 (compatible; bingbot/2.0; +http://www.bing.com/bingbot.htm)"
157.55.32.62 - - [09/Feb/2013:08:44:17 +0700] "GET / HTTP/1.1" 200 19278 "-" "Mozilla/5.0 (compatible; bingbot/2.0; +http://www.bing.com/bingbot.htm)"
180.76.6.227 - - [09/Feb/2013:11:53:31 +0700] "GET /?portal=mc_web&page=DocOfClass&classID=15&cateID=2 HTTP/1.1" 200 17612 "-" "Mozilla/5.0 (compatible; Baiduspider/2.0; +http://www.baidu.com/search/spider.html)"
208.115.111.73 - - [09/Feb/2013:12:07:00 +0700] "GET /robots.txt HTTP/1.1" 404 278 "-" "Mozilla/5.0 (compatible; Ezooms/1.0; ezooms.bot@gmail.com)"
208.115.111.73 - - [09/Feb/2013:12:07:00 +0700] "GET /robots.txt HTTP/1.1" 404 274 "-" "Mozilla/5.0 (compatible; Ezooms/1.0; ezooms.bot@gmail.com)"
118.70.248.17 - - [09/Feb/2013:13:52:41 +0700] "GET /data/images/thumb//images656679_TT-Bo-GDDT.jpg HTTP/1.1" 304 0 "-" "Mozilla/4.0 (compatible;)"
180.76.5.184 - - [09/Feb/2013:14:44:28 +0700] "GET /?portal=mc_web&page=DocDetail&id=95 HTTP/1.1" 200 22065 "-" "Mozilla/5.0 (compatible; Baiduspider/2.0; +http://www.baidu.com/search/spider.html)"
180.76.5.154 - - [09/Feb/2013:15:06:36 +0700] "GET /?portal=mc_web&page=DocOfClass&classID=20&cateID=1 HTTP/1.1" 200 17224 "-" "Mozilla/5.0 (compatible; Baiduspider/2.0; +http://www.baidu.com/search/spider.html)"
210.211.107.150 - - [09/Feb/2013:15:43:15 +0700] "GET /robots.txt HTTP/1.1" 404 274 "-" "Wada.vn Vietnamese Search"
180.76.5.164 - - [09/Feb/2013:15:50:11 +0700] "GET /?portal=mc_web&page=articleDetail&id=621 HTTP/1.1" 200 26437 "-" "Mozilla/5.0 (compatible; Baiduspider/2.0; +http://www.baidu.com/search/spider.html)"
208.115.111.73 - - [09/Feb/2013:16:03:14 +0700] "GET /robots.txt HTTP/1.1" 404 274 "-" "Mozilla/5.0 (compatible; Ezooms/1.0; ezooms.bot@gmail.com)"
208.115.111.73 - - [09/Feb/2013:16:03:14 +0700] "GET /robots.txt HTTP/1.1" 404 278 "-" "Mozilla/5.0 (compatible; Ezooms/1.0; ezooms.bot@gmail.com)"
180.76.6.224 - - [09/Feb/2013:16:37:02 +0700] "GET /?portal=mc_web&page=DocOfClass&classID=12&cateID=3 HTTP/1.1" 200 17612 "-" "Mozilla/5.0 (compatible; Baiduspider/2.0; +http://www.baidu.com/search/spider.html)"
208.115.113.89 - - [09/Feb/2013:17:06:46 +0700] "GET /robots.txt HTTP/1.1" 404 278 "-" "Mozilla/5.0 (compatible; Ezooms/1.0; ezooms.bot@gmail.com)"
208.115.111.73 - - [09/Feb/2013:20:04:36 +0700] "GET /robots.txt HTTP/1.1" 404 274 "-" "Mozilla/5.0 (compatible; Ezooms/1.0; ezooms.bot@gmail.com)"
208.115.111.73 - - [09/Feb/2013:20:04:36 +0700] "GET /robots.txt HTTP/1.1" 404 278 "-" "Mozilla/5.0 (compatible; Ezooms/1.0; ezooms.bot@gmail.com)"
208.115.113.89 - - [09/Feb/2013:20:09:06 +0700] "GET /?portal=mc_web&page=DocOfClass&classID=7&cateID=1 HTTP/1.1" 200 17612 "-" "Mozilla/5.0 (compatible; Ezooms/1.0; ezooms.bot@gmail.com)"
208.115.113.89 - - [09/Feb/2013:20:09:45 +0700] "GET /?portal=mc_web&page=articleDetail&id=553 HTTP/1.1" 200 22232 "-" "Mozilla/5.0 (compatible; Ezooms/1.0; ezooms.bot@gmail.com)"
208.115.113.89 - - [09/Feb/2013:22:11:18 +0700] "GET /robots.txt HTTP/1.1" 404 278 "-" "Mozilla/5.0 (compatible; Ezooms/1.0; ezooms.bot@gmail.com)"
37.140.141.10 - - [09/Feb/2013:22:31:46 +0700] "GET /data/images/thumb/images654450_1.jpg HTTP/1.1" 304 0 "-" "Mozilla/5.0 (compatible; YandexImages/3.0; +http://yandex.com/bots)"
199.36.240.17 - - [09/Feb/2013:22:40:19 +0700] "GET /data/images/thumb/images654335_3hontre.jpg HTTP/1.1" 200 2342 "-" "Mozilla/5.0 (compatible; YandexImages/3.0; +http://yandex.com/bots)"
180.76.5.27 - - [09/Feb/2013:22:48:50 +0700] "GET / HTTP/1.1" 200 19278 "-" "Mozilla/5.0 (compatible; Baiduspider/2.0; +http://www.baidu.com/search/spider.html)"
180.76.5.95 - - [09/Feb/2013:22:55:26 +0700] "GET /?portal=mc_web&page=DocOfClass&classID=17&cateID=4&page_no=2 HTTP/1.1" 200 22364 "-" "Mozilla/5.0 (compatible; Baiduspider/2.0; +http://www.baidu.com/search/spider.html)"
199.36.240.17 - - [09/Feb/2013:23:07:42 +0700] "GET /data/images/imageForArticle/images649968_anh2,lemittinhvaraquan.jpg HTTP/1.1" 304 0 "-" "Mozilla/5.0 (compatible; YandexImages/3.0; +http://yandex.com/bots)"
37.140.141.10 - - [09/Feb/2013:23:28:47 +0700] "GET /data/images/imageForArticle/images648231_02.jpg HTTP/1.1" 304 0 "-" "Mozilla/5.0 (compatible; YandexImages/3.0; +http://yandex.com/bots)"
199.36.240.17 - - [09/Feb/2013:23:36:22 +0700] "GET /data/images/imageForArticle/images653174_image001.jpg HTTP/1.1" 200 19474 "-" "Mozilla/5.0 (compatible; YandexImages/3.0; +http://yandex.com/bots)"
199.36.240.17 - - [09/Feb/2013:23:48:11 +0700] "GET /data/images/thumb/images654656_IMG_5467_resize.jpg HTTP/1.1" 200 2467 "-" "Mozilla/5.0 (compatible; YandexImages/3.0; +http://yandex.com/bots)"
37.140.141.10 - - [09/Feb/2013:23:56:05 +0700] "GET /data/images/imageForArticle/images653174_image001.jpg HTTP/1.1" 304 0 "-" "Mozilla/5.0 (compatible; YandexImages/3.0; +http://yandex.com/bots)"
